
****** xsim v2026.1 (64-bit)
  **** SW Build 6511674 on Tue Jun 16 11:02:23 MDT 2026
  **** IP Build 6504888 on Tue Jun 09 09:05:25 MDT 2026
  **** SharedData Build 6501428 on Mon Jun 08 17:34:18 MDT 2026
  **** Start of session at: Wed Sep  2 02:58:38 2026
    ** Copyright 1986-2022 Xilinx, Inc. All Rights Reserved.
    ** Copyright 2022-2026 Advanced Micro Devices, Inc. All Rights Reserved.

source xsim.dir/cofit_afast/xsim_script.tcl
# xsim {cofit_afast} -autoloadwcfg -runall
Time resolution is 1 ps
run -all
ARM=NEW PACK=3b392b291b190b09 CTX_N=8
WMEM_INIT rb0=-6
EMB_POS t=8028405000 dim=0 wrd=-3 awd=-3
EMB_POS t=8028435000 dim=1 wrd=3 awd=3
EMB_TOK t=8032245000 dim=0 wrd=-6 ard=-3 awd=-9
EMB_TOK t=8032275000 dim=1 wrd=3 ard=3 awd=6
LNV t=8045555000 acc=2859 var=44 mu=-1
LNO t=8046825000 ly=0 ten=0 ard=-9 mu=-1 sc=4 q=-32
MV0 t=8116715000 ly=0 ten_o=2 acc=0 dest=32768
MV0 t=8773355000 ly=0 ten_o=3 acc=0 dest=49152
MV0 t=9429995000 ly=0 ten_o=4 acc=0 dest=65536
ATTQK t=10086625000 ard=148 ardb=-912 qa=32768 ka=49152
ATTO t=10089755000 h=0 q=404 z=16 acc=6464 dest=81920
ATTQK t=10107455000 ard=88 ardb=-132 qa=32800 ka=49184
ATTO t=10110585000 h=1 q=-892 z=16 acc=-14272 dest=81952
ATTQK t=10128285000 ard=-420 ardb=28 qa=32832 ka=49216
ATTO t=10131415000 h=2 q=-88 z=16 acc=-1408 dest=81984
ATTQK t=10149115000 ard=256 ardb=-528 qa=32864 ka=49248
ATTO t=10152245000 h=3 q=908 z=16 acc=14528 dest=82016
MV0 t=10169955000 ly=0 ten_o=5 acc=0 dest=81920
ADD t=10826585000 ly=0 ten=0 ard=-9 ardb=-23724
LNV t=10839895000 acc=82101621937 var=1282837842 mu=3747
LNO t=10841165000 ly=0 ten=6 ard=-23733 mu=3747 sc=25326 q=-18
MV0 t=10911055000 ly=0 ten_o=0 acc=0 dest=0
MV0 t=12224335000 ly=0 ten_o=6 acc=0 dest=98304
ADD t=13536325000 ly=0 ten=1 ard=-23733 ardb=23844
LNV t=13549635000 acc=76648865095 var=1197638517 mu=3078
LNO t=13550905000 ly=1 ten=0 ard=111 mu=3078 sc=24470 q=-2
MV0 t=13620795000 ly=1 ten_o=2 acc=0 dest=32768
MV0 t=14277435000 ly=1 ten_o=3 acc=0 dest=49152
MV0 t=14934075000 ly=1 ten_o=4 acc=0 dest=65536
ATTQK t=15590705000 ard=-122 ardb=281 qa=32768 ka=49152
ATTO t=15593835000 h=0 q=3 z=16 acc=48 dest=81920
ATTQK t=15611535000 ard=744 ardb=40 qa=32800 ka=49184
ATTO t=15614665000 h=1 q=-863 z=16 acc=-13808 dest=81952
ATTQK t=15632365000 ard=265 ardb=-310 qa=32832 ka=49216
ATTO t=15635495000 h=2 q=-731 z=16 acc=-11696 dest=81984
ATTQK t=15653195000 ard=-223 ardb=404 qa=32864 ka=49248
ATTO t=15656325000 h=3 q=285 z=16 acc=4560 dest=82016
MV0 t=15674035000 ly=1 ten_o=5 acc=0 dest=81920
ADD t=16330665000 ly=1 ten=0 ard=111 ardb=8581
LNV t=16343975000 acc=82491613214 var=1288931456 mu=1528
LNO t=16345245000 ly=1 ten=6 ard=8692 mu=1528 sc=25386 q=4
MV0 t=16415135000 ly=1 ten_o=0 acc=0 dest=0
MV0 t=17728415000 ly=1 ten_o=6 acc=0 dest=98304
ADD t=19040405000 ly=1 ten=1 ard=8692 ardb=-13255
LNV t=19053715000 acc=80564506575 var=1258820415 mu=3013
LNO t=19054985000 ly=2 ten=0 ard=-4563 mu=3013 sc=25088 q=-5
MV0 t=19124875000 ly=2 ten_o=2 acc=0 dest=32768
MV0 t=19781515000 ly=2 ten_o=3 acc=0 dest=49152
MV0 t=20438155000 ly=2 ten_o=4 acc=0 dest=65536
ATTQK t=21094785000 ard=-1272 ardb=1713 qa=32768 ka=49152
ATTO t=21097915000 h=0 q=-145 z=16 acc=-2320 dest=81920
ATTQK t=21115615000 ard=116 ardb=620 qa=32800 ka=49184
ATTO t=21118745000 h=1 q=-649 z=16 acc=-10384 dest=81952
ATTQK t=21136445000 ard=504 ardb=445 qa=32832 ka=49216
ATTO t=21139575000 h=2 q=28 z=16 acc=448 dest=81984
ATTQK t=21157275000 ard=-36 ardb=-247 qa=32864 ka=49248
ATTO t=21160405000 h=3 q=-795 z=16 acc=-12720 dest=82016
MV0 t=21178115000 ly=2 ten_o=5 acc=0 dest=81920
ADD t=21834745000 ly=2 ten=0 ard=-4563 ardb=32767
LNV t=21848055000 acc=73499486734 var=1148429480 mu=1695
LNO t=21849325000 ly=2 ten=6 ard=28204 mu=1695 sc=23962 q=17
MV0 t=21919215000 ly=2 ten_o=0 acc=0 dest=0
MV0 t=23232495000 ly=2 ten_o=6 acc=0 dest=98304
ADD t=24544485000 ly=2 ten=1 ard=28204 ardb=-27443
LNV t=24557795000 acc=74142501677 var=1158476588 mu=2935
LNO t=24559065000 ly=3 ten=0 ard=761 mu=2935 sc=24067 q=-2
MV0 t=24628955000 ly=3 ten_o=2 acc=0 dest=32768
MV0 t=25285595000 ly=3 ten_o=3 acc=0 dest=49152
MV0 t=25942235000 ly=3 ten_o=4 acc=0 dest=65536
ATTQK t=26598865000 ard=-1241 ardb=-218 qa=32768 ka=49152
ATTO t=26601995000 h=0 q=893 z=16 acc=14288 dest=81920
ATTQK t=26619695000 ard=423 ardb=637 qa=32800 ka=49184
ATTO t=26622825000 h=1 q=640 z=16 acc=10240 dest=81952
ATTQK t=26640525000 ard=-250 ardb=-1418 qa=32832 ka=49216
ATTO t=26643655000 h=2 q=570 z=16 acc=9120 dest=81984
ATTQK t=26661355000 ard=-16 ardb=-24 qa=32864 ka=49248
ATTO t=26664485000 h=3 q=-25 z=16 acc=-400 dest=82016
MV0 t=26682195000 ly=3 ten_o=5 acc=0 dest=81920
ADD t=27338825000 ly=3 ten=0 ard=761 ardb=32767
LNV t=27352135000 acc=74580660774 var=1165322824 mu=2482
LNO t=27353405000 ly=3 ten=6 ard=32767 mu=2482 sc=24138 q=20
MV0 t=27423295000 ly=3 ten_o=0 acc=0 dest=0
MV0 t=28736575000 ly=3 ten_o=6 acc=0 dest=98304
ADD t=30048565000 ly=3 ten=1 ard=32767 ardb=1434
HEAD t=30052405000 col=0 wrd=6 ard=32767 waddr=671744 aaddr=0 acc=0
MV0 t=30052415000 ly=3 ten_o=7 acc=0 dest=114688
HEAD t=30052445000 col=1 wrd=6 ard=-22540 waddr=671745 aaddr=1 acc=196602
SMX t=35305505000 logit0=-1090663
CONTROL pred=744 logit0=-1090663
CONTROL_PASS pred=744
EMB_POS t=35336405000 dim=0 wrd=-3 awd=-3
EMB_POS t=35336435000 dim=1 wrd=3 awd=3
EMB_TOK t=35367125000 dim=0 wrd=0 ard=-3 awd=-3
EMB_TOK t=35367155000 dim=1 wrd=0 ard=3 awd=3
LNV t=35407315000 acc=2873 var=44 mu=-1
LNO t=35408585000 ly=0 ten=0 ard=-3 mu=-1 sc=4 q=-8
LNV t=35487935000 acc=2255 var=35 mu=0
LNO t=35489205000 ly=0 ten=0 ard=2 mu=0 sc=4 q=8
LNV t=35568555000 acc=2331 var=36 mu=0
LNO t=35569825000 ly=0 ten=0 ard=-3 mu=0 sc=4 q=-12
LNV t=35649175000 acc=2498 var=39 mu=0
LNO t=35650445000 ly=0 ten=0 ard=0 mu=0 sc=4 q=0
LNV t=35729795000 acc=2367 var=36 mu=0
LNO t=35731065000 ly=0 ten=0 ard=-2 mu=0 sc=4 q=-8
LNV t=35810415000 acc=2402 var=37 mu=-1
LNO t=35811685000 ly=0 ten=0 ard=5 mu=-1 sc=4 q=24
LNV t=35891035000 acc=2495 var=38 mu=0
LNO t=35892305000 ly=0 ten=0 ard=1 mu=0 sc=4 q=4
LNV t=35971655000 acc=2162 var=33 mu=0
LNO t=35972925000 ly=0 ten=0 ard=-6 mu=0 sc=4 q=-24
MV0 t=36042815000 ly=0 ten_o=2 acc=0 dest=32768
MV0 t=36699455000 ly=0 ten_o=2 acc=0 dest=32896
MV0 t=37356095000 ly=0 ten_o=2 acc=0 dest=33024
MV0 t=38012735000 ly=0 ten_o=2 acc=0 dest=33152
MV0 t=38669375000 ly=0 ten_o=2 acc=0 dest=33280
MV0 t=39326015000 ly=0 ten_o=2 acc=0 dest=33408
MV0 t=39982655000 ly=0 ten_o=2 acc=0 dest=33536
MV0 t=40639295000 ly=0 ten_o=2 acc=0 dest=33664
MV0 t=41295935000 ly=0 ten_o=3 acc=0 dest=49152
MV0 t=41952575000 ly=0 ten_o=3 acc=0 dest=49280
MV0 t=42609215000 ly=0 ten_o=3 acc=0 dest=49408
MV0 t=43265855000 ly=0 ten_o=3 acc=0 dest=49536
MV0 t=43922495000 ly=0 ten_o=3 acc=0 dest=49664
MV0 t=44579135000 ly=0 ten_o=3 acc=0 dest=49792
MV0 t=45235775000 ly=0 ten_o=3 acc=0 dest=49920
MV0 t=45892415000 ly=0 ten_o=3 acc=0 dest=50048
MV0 t=46549055000 ly=0 ten_o=4 acc=0 dest=65536
MV0 t=47205695000 ly=0 ten_o=4 acc=0 dest=65664
MV0 t=47862335000 ly=0 ten_o=4 acc=0 dest=65792
MV0 t=48518975000 ly=0 ten_o=4 acc=0 dest=65920
MV0 t=49175615000 ly=0 ten_o=4 acc=0 dest=66048
MV0 t=49832255000 ly=0 ten_o=4 acc=0 dest=66176
MV0 t=50488895000 ly=0 ten_o=4 acc=0 dest=66304
MV0 t=51145535000 ly=0 ten_o=4 acc=0 dest=66432
ATTQK t=51802165000 ard=-300 ardb=-16 qa=32768 ka=49152
ATTO t=51805295000 h=0 q=372 z=16 acc=5952 dest=81920
ATTQK t=51822995000 ard=-484 ardb=-732 qa=32800 ka=49184
ATTO t=51826125000 h=1 q=-600 z=16 acc=-9600 dest=81952
ATTQK t=51843825000 ard=-484 ardb=716 qa=32832 ka=49216
ATTO t=51846955000 h=2 q=-296 z=16 acc=-4736 dest=81984
ATTQK t=51864655000 ard=180 ardb=-216 qa=32864 ka=49248
ATTO t=51867785000 h=3 q=-4 z=16 acc=-64 dest=82016
ATTQK t=51885485000 ard=448 ardb=-16 qa=32896 ka=49152
ATTO t=51889965000 h=0 q=604 z=16 acc=9664 dest=82048
ATTQK t=51908905000 ard=-1244 ardb=-732 qa=32928 ka=49184
ATTO t=51913385000 h=1 q=-600 z=16 acc=-9600 dest=82080
ATTQK t=51932325000 ard=-744 ardb=716 qa=32960 ka=49216
ATTO t=51936805000 h=2 q=-296 z=16 acc=-4736 dest=82112
ATTQK t=51955745000 ard=-752 ardb=-216 qa=32992 ka=49248
ATTO t=51960225000 h=3 q=68 z=16 acc=1088 dest=82144
ATTQK t=51979165000 ard=1088 ardb=-16 qa=33024 ka=49152
ATTO t=51984995000 h=0 q=372 z=16 acc=5952 dest=82176
ATTQK t=52005175000 ard=244 ardb=-732 qa=33056 ka=49184
ATTO t=52011005000 h=1 q=632 z=16 acc=10112 dest=82208
ATTQK t=52031185000 ard=-20 ardb=716 qa=33088 ka=49216
ATTO t=52037015000 h=2 q=704 z=16 acc=11264 dest=82240
ATTQK t=52057195000 ard=280 ardb=-216 qa=33120 ka=49248
ATTO t=52063025000 h=3 q=-4 z=16 acc=-64 dest=82272
ATTQK t=52083205000 ard=-1024 ardb=-16 qa=33152 ka=49152
ATTO t=52090385000 h=0 q=-516 z=16 acc=-8256 dest=82304
ATTQK t=52111805000 ard=-472 ardb=-732 qa=33184 ka=49184
ATTO t=52118985000 h=1 q=-452 z=16 acc=-7232 dest=82336
ATTQK t=52140405000 ard=-744 ardb=716 qa=33216 ka=49216
ATTO t=52147585000 h=2 q=704 z=16 acc=11264 dest=82368
ATTQK t=52169005000 ard=-1144 ardb=-216 qa=33248 ka=49248
ATTO t=52176185000 h=3 q=-4 z=16 acc=-64 dest=82400
ATTQK t=52197605000 ard=-428 ardb=-16 qa=33280 ka=49152
ATTO t=52206135000 h=0 q=372 z=16 acc=5952 dest=82432
ATTQK t=52228795000 ard=144 ardb=-732 qa=33312 ka=49184
ATTO t=52237325000 h=1 q=632 z=16 acc=10112 dest=82464
ATTQK t=52259985000 ard=1780 ardb=716 qa=33344 ka=49216
ATTO t=52268515000 h=2 q=-568 z=16 acc=-9088 dest=82496
ATTQK t=52291175000 ard=-856 ardb=-216 qa=33376 ka=49248
ATTO t=52299705000 h=3 q=-236 z=16 acc=-3776 dest=82528
ATTQK t=52322365000 ard=-296 ardb=-16 qa=33408 ka=49152
ATTO t=52332245000 h=0 q=372 z=16 acc=5952 dest=82560
ATTQK t=52356145000 ard=-28 ardb=-732 qa=33440 ka=49184
ATTO t=52366025000 h=1 q=268 z=16 acc=4288 dest=82592
ATTQK t=52389925000 ard=960 ardb=716 qa=33472 ka=49216
ATTO t=52399805000 h=2 q=28 z=16 acc=448 dest=82624
ATTQK t=52423705000 ard=288 ardb=-216 qa=33504 ka=49248
ATTO t=52433585000 h=3 q=-284 z=16 acc=-4544 dest=82656
ATTQK t=52457485000 ard=140 ardb=-16 qa=33536 ka=49152
ATTO t=52468715000 h=0 q=372 z=16 acc=5952 dest=82688
ATTQK t=52493855000 ard=1012 ardb=-732 qa=33568 ka=49184
ATTO t=52505085000 h=1 q=268 z=16 acc=4288 dest=82720
ATTQK t=52530225000 ard=-176 ardb=716 qa=33600 ka=49216
ATTO t=52541455000 h=2 q=-296 z=16 acc=-4736 dest=82752
ATTQK t=52566595000 ard=580 ardb=-216 qa=33632 ka=49248
ATTO t=52577825000 h=3 q=516 z=16 acc=8256 dest=82784
ATTQK t=52602965000 ard=-1296 ardb=-16 qa=33664 ka=49152
ATTO t=52615545000 h=0 q=224 z=16 acc=3584 dest=82816
ATTQK t=52641925000 ard=276 ardb=-732 qa=33696 ka=49184
ATTO t=52654505000 h=1 q=336 z=16 acc=5376 dest=82848
ATTQK t=52680885000 ard=320 ardb=716 qa=33728 ka=49216
ATTO t=52693465000 h=2 q=-296 z=16 acc=-4736 dest=82880
ATTQK t=52719845000 ard=-4 ardb=-216 qa=33760 ka=49248
ATTO t=52732425000 h=3 q=516 z=16 acc=8256 dest=82912
MV0 t=52758815000 ly=0 ten_o=5 acc=0 dest=81920
MV0 t=53415455000 ly=0 ten_o=5 acc=0 dest=82048
MV0 t=54072095000 ly=0 ten_o=5 acc=0 dest=82176
MV0 t=54728735000 ly=0 ten_o=5 acc=0 dest=82304
MV0 t=55385375000 ly=0 ten_o=5 acc=0 dest=82432
MV0 t=56042015000 ly=0 ten_o=5 acc=0 dest=82560
MV0 t=56698655000 ly=0 ten_o=5 acc=0 dest=82688
MV0 t=57355295000 ly=0 ten_o=5 acc=0 dest=82816
ADD t=58011925000 ly=0 ten=0 ard=-3 ardb=25968
ADD t=58015765000 ly=0 ten=0 ard=2 ardb=32767
ADD t=58019605000 ly=0 ten=0 ard=-3 ardb=-28860
ADD t=58023445000 ly=0 ten=0 ard=0 ardb=732
ADD t=58027285000 ly=0 ten=0 ard=-2 ardb=7536
ADD t=58031125000 ly=0 ten=0 ard=5 ardb=32767
ADD t=58034965000 ly=0 ten=0 ard=1 ardb=32767
ADD t=58038805000 ly=0 ten=0 ard=-6 ardb=26868
LNV t=58052115000 acc=70987883773 var=1109185683 mu=1346
LNO t=58053385000 ly=0 ten=6 ard=25965 mu=1346 sc=23549 q=16
LNV t=58132735000 acc=63354182972 var=989909108 mu=2279
LNO t=58134005000 ly=0 ten=6 ard=32767 mu=2279 sc=22247 q=21
LNV t=58213355000 acc=64758605566 var=1011853211 mu=487
LNO t=58214625000 ly=0 ten=6 ard=-28863 mu=487 sc=22492 q=-21
LNV t=58293975000 acc=63560659572 var=993135305 mu=580
LNO t=58295245000 ly=0 ten=6 ard=732 mu=580 sc=22283 q=0
LNV t=58374595000 acc=61381782313 var=959090348 mu=-1157
LNO t=58375865000 ly=0 ten=6 ard=7534 mu=-1157 sc=21898 q=6
LNV t=58455215000 acc=62591101525 var=977985961 mu=-1997
LNO t=58456485000 ly=0 ten=6 ard=32767 mu=-1997 sc=22113 q=25
LNV t=58535835000 acc=85634486713 var=1338038854 mu=-1639
LNO t=58537105000 ly=0 ten=6 ard=32767 mu=-1639 sc=25865 q=21
LNV t=58616455000 acc=64741173051 var=1011580828 mu=920
LNO t=58617725000 ly=0 ten=6 ard=26862 mu=920 sc=22489 q=18
MV0 t=58687615000 ly=0 ten_o=0 acc=0 dest=0
MV0 t=60000895000 ly=0 ten_o=0 acc=0 dest=128
MV0 t=61314175000 ly=0 ten_o=0 acc=0 dest=256
MV0 t=62627455000 ly=0 ten_o=0 acc=0 dest=384
MV0 t=63940735000 ly=0 ten_o=0 acc=0 dest=512
MV0 t=65254015000 ly=0 ten_o=0 acc=0 dest=640
MV0 t=66567295000 ly=0 ten_o=0 acc=0 dest=768
MV0 t=67880575000 ly=0 ten_o=0 acc=0 dest=896
MV0 t=69193855000 ly=0 ten_o=6 acc=0 dest=98304
MV0 t=70505855000 ly=0 ten_o=6 acc=0 dest=98432
MV0 t=71817855000 ly=0 ten_o=6 acc=0 dest=98560
MV0 t=73129855000 ly=0 ten_o=6 acc=0 dest=98688
MV0 t=74441855000 ly=0 ten_o=6 acc=0 dest=98816
MV0 t=75753855000 ly=0 ten_o=6 acc=0 dest=98944
MV0 t=77065855000 ly=0 ten_o=6 acc=0 dest=99072
MV0 t=78377855000 ly=0 ten_o=6 acc=0 dest=99200
ADD t=79689845000 ly=0 ten=1 ard=25965 ardb=19708
ADD t=79693685000 ly=0 ten=1 ard=32767 ardb=13531
ADD t=79697525000 ly=0 ten=1 ard=-28863 ardb=26902
ADD t=79701365000 ly=0 ten=1 ard=732 ardb=21664
ADD t=79705205000 ly=0 ten=1 ard=7534 ardb=26369
ADD t=79709045000 ly=0 ten=1 ard=32767 ardb=-3823
ADD t=79712885000 ly=0 ten=1 ard=32767 ardb=-15267
ADD t=79716725000 ly=0 ten=1 ard=26862 ardb=-3648
LNV t=79730035000 acc=74414839647 var=1162731869 mu=1025
LNO t=79731305000 ly=1 ten=0 ard=32767 mu=1025 sc=24111 q=21
LNV t=79810655000 acc=72413997562 var=1131468711 mu=3280
LNO t=79811925000 ly=1 ten=0 ard=32767 mu=3280 sc=23785 q=19
LNV t=79891275000 acc=69767761575 var=1090121274 mu=-146
LNO t=79892545000 ly=1 ten=0 ard=-1961 mu=-146 sc=23346 q=-2
LNV t=79971895000 acc=79228882796 var=1237951293 mu=239
LNO t=79973165000 ly=1 ten=0 ard=22396 mu=239 sc=24879 q=14
LNV t=80052515000 acc=65335100667 var=1020860947 mu=-208
LNO t=80053785000 ly=1 ten=0 ard=32767 mu=-208 sc=22592 q=23
LNV t=80133135000 acc=61866371398 var=966662053 mu=-1225
LNO t=80134405000 ly=1 ten=0 ard=28944 mu=-1225 sc=21984 q=21
LNV t=80213755000 acc=75944155465 var=1186627429 mu=-1614
LNO t=80215025000 ly=1 ten=0 ard=17500 mu=-1614 sc=24358 q=12
LNV t=80294375000 acc=75614562709 var=1181477542 mu=2205
LNO t=80295645000 ly=1 ten=0 ard=23214 mu=2205 sc=24305 q=13
MV0 t=80365535000 ly=1 ten_o=2 acc=0 dest=32768
MV0 t=81022175000 ly=1 ten_o=2 acc=0 dest=32896
MV0 t=81678815000 ly=1 ten_o=2 acc=0 dest=33024
MV0 t=82335455000 ly=1 ten_o=2 acc=0 dest=33152
MV0 t=82992095000 ly=1 ten_o=2 acc=0 dest=33280
MV0 t=83648735000 ly=1 ten_o=2 acc=0 dest=33408
MV0 t=84305375000 ly=1 ten_o=2 acc=0 dest=33536
MV0 t=84962015000 ly=1 ten_o=2 acc=0 dest=33664
MV0 t=85618655000 ly=1 ten_o=3 acc=0 dest=49152
MV0 t=86275295000 ly=1 ten_o=3 acc=0 dest=49280
MV0 t=86931935000 ly=1 ten_o=3 acc=0 dest=49408
MV0 t=87588575000 ly=1 ten_o=3 acc=0 dest=49536
MV0 t=88245215000 ly=1 ten_o=3 acc=0 dest=49664
MV0 t=88901855000 ly=1 ten_o=3 acc=0 dest=49792
MV0 t=89558495000 ly=1 ten_o=3 acc=0 dest=49920
MV0 t=90215135000 ly=1 ten_o=3 acc=0 dest=50048
MV0 t=90871775000 ly=1 ten_o=4 acc=0 dest=65536
MV0 t=91528415000 ly=1 ten_o=4 acc=0 dest=65664
MV0 t=92185055000 ly=1 ten_o=4 acc=0 dest=65792
MV0 t=92841695000 ly=1 ten_o=4 acc=0 dest=65920
MV0 t=93498335000 ly=1 ten_o=4 acc=0 dest=66048
MV0 t=94154975000 ly=1 ten_o=4 acc=0 dest=66176
MV0 t=94811615000 ly=1 ten_o=4 acc=0 dest=66304
MV0 t=95468255000 ly=1 ten_o=4 acc=0 dest=66432
ATTQK t=96124885000 ard=362 ardb=837 qa=32768 ka=49152
ATTO t=96128015000 h=0 q=69 z=16 acc=1104 dest=81920
ATTQK t=96145715000 ard=548 ardb=914 qa=32800 ka=49184
ATTO t=96148845000 h=1 q=-231 z=16 acc=-3696 dest=81952
ATTQK t=96166545000 ard=133 ardb=119 qa=32832 ka=49216
ATTO t=96169675000 h=2 q=-1181 z=16 acc=-18896 dest=81984
ATTQK t=96187375000 ard=374 ardb=-734 qa=32864 ka=49248
ATTO t=96190505000 h=3 q=227 z=16 acc=3632 dest=82016
ATTQK t=96208205000 ard=-553 ardb=837 qa=32896 ka=49152
ATTO t=96212685000 h=0 q=-593 z=16 acc=-9488 dest=82048
ATTQK t=96231625000 ard=766 ardb=914 qa=32928 ka=49184
ATTO t=96236105000 h=1 q=-715 z=16 acc=-11440 dest=82080
ATTQK t=96255045000 ard=779 ardb=119 qa=32960 ka=49216
ATTO t=96259525000 h=2 q=-169 z=16 acc=-2704 dest=82112
ATTQK t=96278465000 ard=1378 ardb=-734 qa=32992 ka=49248
ATTO t=96282945000 h=3 q=227 z=16 acc=3632 dest=82144
ATTQK t=96301885000 ard=-67 ardb=837 qa=33024 ka=49152
ATTO t=96307715000 h=0 q=-593 z=16 acc=-9488 dest=82176
ATTQK t=96327895000 ard=760 ardb=914 qa=33056 ka=49184
ATTO t=96333725000 h=1 q=-715 z=16 acc=-11440 dest=82208
ATTQK t=96353905000 ard=218 ardb=119 qa=33088 ka=49216
ATTO t=96359735000 h=2 q=-169 z=16 acc=-2704 dest=82240
ATTQK t=96379915000 ard=-324 ardb=-734 qa=33120 ka=49248
ATTO t=96385745000 h=3 q=1059 z=16 acc=16944 dest=82272
ATTQK t=96405925000 ard=-490 ardb=837 qa=33152 ka=49152
ATTO t=96413105000 h=0 q=-815 z=16 acc=-13040 dest=82304
ATTQK t=96434525000 ard=1020 ardb=914 qa=33184 ka=49184
ATTO t=96441705000 h=1 q=-81 z=16 acc=-1296 dest=82336
ATTQK t=96463125000 ard=301 ardb=119 qa=33216 ka=49216
ATTO t=96470305000 h=2 q=-725 z=16 acc=-11600 dest=82368
ATTQK t=96491725000 ard=-301 ardb=-734 qa=33248 ka=49248
ATTO t=96498905000 h=3 q=-229 z=16 acc=-3664 dest=82400
ATTQK t=96520325000 ard=152 ardb=837 qa=33280 ka=49152
ATTO t=96528855000 h=0 q=69 z=16 acc=1104 dest=82432
ATTQK t=96551515000 ard=959 ardb=914 qa=33312 ka=49184
ATTO t=96560045000 h=1 q=-715 z=16 acc=-11440 dest=82464
ATTQK t=96582705000 ard=-582 ardb=119 qa=33344 ka=49216
ATTO t=96591235000 h=2 q=-1785 z=16 acc=-28560 dest=82496
ATTQK t=96613895000 ard=1165 ardb=-734 qa=33376 ka=49248
ATTO t=96622425000 h=3 q=1059 z=16 acc=16944 dest=82528
ATTQK t=96645085000 ard=-351 ardb=837 qa=33408 ka=49152
ATTO t=96654965000 h=0 q=-593 z=16 acc=-9488 dest=82560
ATTQK t=96678865000 ard=210 ardb=914 qa=33440 ka=49184
ATTO t=96688745000 h=1 q=-715 z=16 acc=-11440 dest=82592
ATTQK t=96712645000 ard=430 ardb=119 qa=33472 ka=49216
ATTO t=96722525000 h=2 q=-169 z=16 acc=-2704 dest=82624
ATTQK t=96746425000 ard=-425 ardb=-734 qa=33504 ka=49248
ATTO t=96756305000 h=3 q=1059 z=16 acc=16944 dest=82656
ATTQK t=96780205000 ard=-144 ardb=837 qa=33536 ka=49152
ATTO t=96791435000 h=0 q=-815 z=16 acc=-13040 dest=82688
ATTQK t=96816575000 ard=-751 ardb=914 qa=33568 ka=49184
ATTO t=96827805000 h=1 q=307 z=16 acc=4912 dest=82720
ATTQK t=96852945000 ard=-183 ardb=119 qa=33600 ka=49216
ATTO t=96864175000 h=2 q=564 z=16 acc=9024 dest=82752
ATTQK t=96889315000 ard=739 ardb=-734 qa=33632 ka=49248
ATTO t=96900545000 h=3 q=-229 z=16 acc=-3664 dest=82784
ATTQK t=96925685000 ard=-786 ardb=837 qa=33664 ka=49152
ATTO t=96938265000 h=0 q=-1041 z=16 acc=-16656 dest=82816
ATTQK t=96964645000 ard=-977 ardb=914 qa=33696 ka=49184
ATTO t=96977225000 h=1 q=771 z=16 acc=12336 dest=82848
ATTQK t=97003605000 ard=462 ardb=119 qa=33728 ka=49216
ATTO t=97016185000 h=2 q=110 z=16 acc=1760 dest=82880
ATTQK t=97042565000 ard=-25 ardb=-734 qa=33760 ka=49248
ATTO t=97055145000 h=3 q=-229 z=16 acc=-3664 dest=82912
MV0 t=97081535000 ly=1 ten_o=5 acc=0 dest=81920
MV0 t=97738175000 ly=1 ten_o=5 acc=0 dest=82048
MV0 t=98394815000 ly=1 ten_o=5 acc=0 dest=82176
MV0 t=99051455000 ly=1 ten_o=5 acc=0 dest=82304
MV0 t=99708095000 ly=1 ten_o=5 acc=0 dest=82432
MV0 t=100364735000 ly=1 ten_o=5 acc=0 dest=82560
MV0 t=101021375000 ly=1 ten_o=5 acc=0 dest=82688
MV0 t=101678015000 ly=1 ten_o=5 acc=0 dest=82816
ADD t=102334645000 ly=1 ten=0 ard=32767 ardb=11150
ADD t=102338485000 ly=1 ten=0 ard=32767 ardb=3547
ADD t=102342325000 ly=1 ten=0 ard=-1961 ardb=-2242
ADD t=102346165000 ly=1 ten=0 ard=22396 ardb=-24088
ADD t=102350005000 ly=1 ten=0 ard=32767 ardb=25060
ADD t=102353845000 ly=1 ten=0 ard=28944 ardb=-2242
ADD t=102357685000 ly=1 ten=0 ard=17500 ardb=5499
ADD t=102361525000 ly=1 ten=0 ard=23214 ardb=4344
LNV t=102374835000 acc=81365794934 var=1271340545 mu=909
LNO t=102376105000 ly=1 ten=6 ard=32767 mu=909 sc=25212 q=20
LNV t=102455455000 acc=82592930175 var=1290514533 mu=1558
LNO t=102456725000 ly=1 ten=6 ard=32767 mu=1558 sc=25401 q=19
LNV t=102536075000 acc=73450161386 var=1147658771 mu=-546
LNO t=102537345000 ly=1 ten=6 ard=-4203 mu=-546 sc=23954 q=-3
LNV t=102616695000 acc=75735577843 var=1183368403 mu=-401
LNO t=102617965000 ly=1 ten=6 ard=-1692 mu=-401 sc=24324 q=-1
LNV t=102697315000 acc=70628420454 var=1103569069 mu=-1118
LNO t=102698585000 ly=1 ten=6 ard=32767 mu=-1118 sc=23490 q=23
LNV t=102777935000 acc=68136336747 var=1064630261 mu=-2177
LNO t=102779205000 ly=1 ten=6 ard=26702 mu=-2177 sc=23071 q=20
LNV t=102858555000 acc=75401510545 var=1178148602 mu=-1080
LNO t=102859825000 ly=1 ten=6 ard=22999 mu=-1080 sc=24270 q=15
LNV t=102939175000 acc=78953428373 var=1233647318 mu=651
LNO t=102940445000 ly=1 ten=6 ard=27558 mu=651 sc=24835 q=17
MV0 t=103010335000 ly=1 ten_o=0 acc=0 dest=0
MV0 t=104323615000 ly=1 ten_o=0 acc=0 dest=128
MV0 t=105636895000 ly=1 ten_o=0 acc=0 dest=256
MV0 t=106950175000 ly=1 ten_o=0 acc=0 dest=384
MV0 t=108263455000 ly=1 ten_o=0 acc=0 dest=512
MV0 t=109576735000 ly=1 ten_o=0 acc=0 dest=640
MV0 t=110890015000 ly=1 ten_o=0 acc=0 dest=768
MV0 t=112203295000 ly=1 ten_o=0 acc=0 dest=896
MV0 t=113516575000 ly=1 ten_o=6 acc=0 dest=98304
MV0 t=114828575000 ly=1 ten_o=6 acc=0 dest=98432
MV0 t=116140575000 ly=1 ten_o=6 acc=0 dest=98560
MV0 t=117452575000 ly=1 ten_o=6 acc=0 dest=98688
MV0 t=118764575000 ly=1 ten_o=6 acc=0 dest=98816
MV0 t=120076575000 ly=1 ten_o=6 acc=0 dest=98944
MV0 t=121388575000 ly=1 ten_o=6 acc=0 dest=99072
MV0 t=122700575000 ly=1 ten_o=6 acc=0 dest=99200
ADD t=124012565000 ly=1 ten=1 ard=32767 ardb=-3615
ADD t=124016405000 ly=1 ten=1 ard=32767 ardb=-32768
ADD t=124020245000 ly=1 ten=1 ard=-4203 ardb=-32768
ADD t=124024085000 ly=1 ten=1 ard=-1692 ardb=-5682
ADD t=124027925000 ly=1 ten=1 ard=32767 ardb=-32768
ADD t=124031765000 ly=1 ten=1 ard=26702 ardb=-18656
ADD t=124035605000 ly=1 ten=1 ard=22999 ardb=-28948
ADD t=124039445000 ly=1 ten=1 ard=27558 ardb=-27418
LNV t=124052755000 acc=78113705308 var=1220526645 mu=3617
LNO t=124054025000 ly=2 ten=0 ard=29152 mu=3617 sc=24703 q=16
LNV t=124133375000 acc=83241491524 var=1300648305 mu=5240
LNO t=124134645000 ly=2 ten=0 ard=-1 mu=5240 sc=25501 q=-4
LNV t=124213995000 acc=64493809432 var=1007715772 mu=538
LNO t=124215265000 ly=2 ten=0 ard=-32768 mu=538 sc=22446 q=-24
LNV t=124294615000 acc=71875731171 var=1123058299 mu=715
LNO t=124295885000 ly=2 ten=0 ard=-7374 mu=715 sc=23696 q=-6
LNV t=124375235000 acc=68938133988 var=1077158343 mu=-574
LNO t=124376505000 ly=2 ten=0 ard=-1 mu=-574 sc=23207 q=0
LNV t=124455855000 acc=71547243287 var=1117925676 mu=381
LNO t=124457125000 ly=2 ten=0 ard=8046 mu=381 sc=23642 q=5
LNV t=124536475000 acc=71455729552 var=1116495774 mu=-380
LNO t=124537745000 ly=2 ten=0 ard=-5949 mu=-380 sc=23627 q=-4
LNV t=124617095000 acc=74961579200 var=1171274675 mu=-719
LNO t=124618365000 ly=2 ten=0 ard=140 mu=-719 sc=24199 q=0
MV0 t=124688255000 ly=2 ten_o=2 acc=0 dest=32768
MV0 t=125344895000 ly=2 ten_o=2 acc=0 dest=32896
MV0 t=126001535000 ly=2 ten_o=2 acc=0 dest=33024
MV0 t=126658175000 ly=2 ten_o=2 acc=0 dest=33152
MV0 t=127314815000 ly=2 ten_o=2 acc=0 dest=33280
MV0 t=127971455000 ly=2 ten_o=2 acc=0 dest=33408
MV0 t=128628095000 ly=2 ten_o=2 acc=0 dest=33536
MV0 t=129284735000 ly=2 ten_o=2 acc=0 dest=33664
MV0 t=129941375000 ly=2 ten_o=3 acc=0 dest=49152
MV0 t=130598015000 ly=2 ten_o=3 acc=0 dest=49280
MV0 t=131254655000 ly=2 ten_o=3 acc=0 dest=49408
MV0 t=131911295000 ly=2 ten_o=3 acc=0 dest=49536
MV0 t=132567935000 ly=2 ten_o=3 acc=0 dest=49664
MV0 t=133224575000 ly=2 ten_o=3 acc=0 dest=49792
MV0 t=133881215000 ly=2 ten_o=3 acc=0 dest=49920
MV0 t=134537855000 ly=2 ten_o=3 acc=0 dest=50048
MV0 t=135194495000 ly=2 ten_o=4 acc=0 dest=65536
MV0 t=135851135000 ly=2 ten_o=4 acc=0 dest=65664
MV0 t=136507775000 ly=2 ten_o=4 acc=0 dest=65792
MV0 t=137164415000 ly=2 ten_o=4 acc=0 dest=65920
MV0 t=137821055000 ly=2 ten_o=4 acc=0 dest=66048
MV0 t=138477695000 ly=2 ten_o=4 acc=0 dest=66176
MV0 t=139134335000 ly=2 ten_o=4 acc=0 dest=66304
MV0 t=139790975000 ly=2 ten_o=4 acc=0 dest=66432
ATTQK t=140447605000 ard=-1635 ardb=-659 qa=32768 ka=49152
ATTO t=140450735000 h=0 q=-113 z=16 acc=-1808 dest=81920
ATTQK t=140468435000 ard=-195 ardb=532 qa=32800 ka=49184
ATTO t=140471565000 h=1 q=-1252 z=16 acc=-20032 dest=81952
ATTQK t=140489265000 ard=279 ardb=-593 qa=32832 ka=49216
ATTO t=140492395000 h=2 q=519 z=16 acc=8304 dest=81984
ATTQK t=140510095000 ard=822 ardb=-160 qa=32864 ka=49248
ATTO t=140513225000 h=3 q=292 z=16 acc=4672 dest=82016
ATTQK t=140530925000 ard=-1660 ardb=-659 qa=32896 ka=49152
ATTO t=140535405000 h=0 q=-113 z=16 acc=-1808 dest=82048
ATTQK t=140554345000 ard=-304 ardb=532 qa=32928 ka=49184
ATTO t=140558825000 h=1 q=-1252 z=16 acc=-20032 dest=82080
ATTQK t=140577765000 ard=1874 ardb=-593 qa=32960 ka=49216
ATTO t=140582245000 h=2 q=413 z=16 acc=6608 dest=82112
ATTQK t=140601185000 ard=754 ardb=-160 qa=32992 ka=49248
ATTO t=140605665000 h=3 q=292 z=16 acc=4672 dest=82144
ATTQK t=140624605000 ard=-368 ardb=-659 qa=33024 ka=49152
ATTO t=140630435000 h=0 q=-12 z=16 acc=-192 dest=82176
ATTQK t=140650615000 ard=196 ardb=532 qa=33056 ka=49184
ATTO t=140656445000 h=1 q=-395 z=16 acc=-6320 dest=82208
ATTQK t=140676625000 ard=866 ardb=-593 qa=33088 ka=49216
ATTO t=140682455000 h=2 q=413 z=16 acc=6608 dest=82240
ATTQK t=140702635000 ard=-64 ardb=-160 qa=33120 ka=49248
ATTO t=140708465000 h=3 q=69 z=16 acc=1104 dest=82272
ATTQK t=140728645000 ard=-1125 ardb=-659 qa=33152 ka=49152
ATTO t=140735825000 h=0 q=-301 z=16 acc=-4816 dest=82304
ATTQK t=140757245000 ard=-391 ardb=532 qa=33184 ka=49184
ATTO t=140764425000 h=1 q=-395 z=16 acc=-6320 dest=82336
ATTQK t=140785845000 ard=1898 ardb=-593 qa=33216 ka=49216
ATTO t=140793025000 h=2 q=423 z=16 acc=6768 dest=82368
ATTQK t=140814445000 ard=173 ardb=-160 qa=33248 ka=49248
ATTO t=140821625000 h=3 q=-38 z=16 acc=-608 dest=82400
ATTQK t=140843045000 ard=-1529 ardb=-659 qa=33280 ka=49152
ATTO t=140851575000 h=0 q=-301 z=16 acc=-4816 dest=82432
ATTQK t=140874235000 ard=-53 ardb=532 qa=33312 ka=49184
ATTO t=140882765000 h=1 q=-956 z=16 acc=-15296 dest=82464
ATTQK t=140905425000 ard=166 ardb=-593 qa=33344 ka=49216
ATTO t=140913955000 h=2 q=325 z=16 acc=5200 dest=82496
ATTQK t=140936615000 ard=-357 ardb=-160 qa=33376 ka=49248
ATTO t=140945145000 h=3 q=-38 z=16 acc=-608 dest=82528
ATTQK t=140967805000 ard=987 ardb=-659 qa=33408 ka=49152
ATTO t=140977685000 h=0 q=138 z=16 acc=2208 dest=82560
ATTQK t=141001585000 ard=971 ardb=532 qa=33440 ka=49184
ATTO t=141011465000 h=1 q=-1252 z=16 acc=-20032 dest=82592
ATTQK t=141035365000 ard=370 ardb=-593 qa=33472 ka=49216
ATTO t=141045245000 h=2 q=-339 z=16 acc=-5424 dest=82624
ATTQK t=141069145000 ard=-23 ardb=-160 qa=33504 ka=49248
ATTO t=141079025000 h=3 q=4 z=16 acc=64 dest=82656
ATTQK t=141102925000 ard=-1906 ardb=-659 qa=33536 ka=49152
ATTO t=141114155000 h=0 q=373 z=16 acc=5968 dest=82688
ATTQK t=141139295000 ard=81 ardb=532 qa=33568 ka=49184
ATTO t=141150525000 h=1 q=-314 z=16 acc=-5024 dest=82720
ATTQK t=141175665000 ard=1544 ardb=-593 qa=33600 ka=49216
ATTO t=141186895000 h=2 q=325 z=16 acc=5200 dest=82752
ATTQK t=141212035000 ard=-416 ardb=-160 qa=33632 ka=49248
ATTO t=141223265000 h=3 q=4 z=16 acc=64 dest=82784
ATTQK t=141248405000 ard=-157 ardb=-659 qa=33664 ka=49152
ATTO t=141260985000 h=0 q=138 z=16 acc=2208 dest=82816
ATTQK t=141287365000 ard=83 ardb=532 qa=33696 ka=49184
ATTO t=141299945000 h=1 q=-956 z=16 acc=-15296 dest=82848
ATTQK t=141326325000 ard=211 ardb=-593 qa=33728 ka=49216
ATTO t=141338905000 h=2 q=-80 z=16 acc=-1280 dest=82880
ATTQK t=141365285000 ard=-1007 ardb=-160 qa=33760 ka=49248
ATTO t=141377865000 h=3 q=4 z=16 acc=64 dest=82912
MV0 t=141404255000 ly=2 ten_o=5 acc=0 dest=81920
MV0 t=142060895000 ly=2 ten_o=5 acc=0 dest=82048
MV0 t=142717535000 ly=2 ten_o=5 acc=0 dest=82176
MV0 t=143374175000 ly=2 ten_o=5 acc=0 dest=82304
MV0 t=144030815000 ly=2 ten_o=5 acc=0 dest=82432
MV0 t=144687455000 ly=2 ten_o=5 acc=0 dest=82560
MV0 t=145344095000 ly=2 ten_o=5 acc=0 dest=82688
MV0 t=146000735000 ly=2 ten_o=5 acc=0 dest=82816
ADD t=146657365000 ly=2 ten=0 ard=29152 ardb=21562
ADD t=146661205000 ly=2 ten=0 ard=-1 ardb=19704
ADD t=146665045000 ly=2 ten=0 ard=-32768 ardb=26564
ADD t=146668885000 ly=2 ten=0 ard=-7374 ardb=20759
ADD t=146672725000 ly=2 ten=0 ard=-1 ardb=32767
ADD t=146676565000 ly=2 ten=0 ard=8046 ardb=-19968
ADD t=146680405000 ly=2 ten=0 ard=-5949 ardb=17045
ADD t=146684245000 ly=2 ten=0 ard=140 ardb=-5461
LNV t=146697555000 acc=88370634183 var=1380791159 mu=1348
LNO t=146698825000 ly=2 ten=6 ard=32767 mu=1348 sc=26275 q=19
LNV t=146778175000 acc=79934452881 var=1248975826 mu=2999
LNO t=146779445000 ly=2 ten=6 ard=19703 mu=2999 sc=24989 q=10
LNV t=146858795000 acc=70833307159 var=1106770424 mu=999
LNO t=146860065000 ly=2 ten=6 ard=-6204 mu=999 sc=23524 q=-5
LNV t=146939415000 acc=70725145621 var=1105080400 mu=1524
LNO t=146940685000 ly=2 ten=6 ard=13385 mu=1524 sc=23506 q=8
LNV t=147020035000 acc=82186371275 var=1284162051 mu=-1406
LNO t=147021305000 ly=2 ten=6 ard=32766 mu=-1406 sc=25339 q=21
LNV t=147100655000 acc=79574332364 var=1243348943 mu=115
LNO t=147101925000 ly=2 ten=6 ard=-11922 mu=115 sc=24933 q=-8
LNV t=147181275000 acc=71161531082 var=1111898923 mu=-3366
LNO t=147182545000 ly=2 ten=6 ard=11096 mu=-3366 sc=23578 q=9
LNV t=147261895000 acc=76838194327 var=1200596786 mu=-1988
LNO t=147263165000 ly=2 ten=6 ard=-5321 mu=-1988 sc=24500 q=-3
MV0 t=147333055000 ly=2 ten_o=0 acc=0 dest=0
MV0 t=148646335000 ly=2 ten_o=0 acc=0 dest=128
MV0 t=149959615000 ly=2 ten_o=0 acc=0 dest=256
MV0 t=151272895000 ly=2 ten_o=0 acc=0 dest=384
MV0 t=152586175000 ly=2 ten_o=0 acc=0 dest=512
MV0 t=153899455000 ly=2 ten_o=0 acc=0 dest=640
MV0 t=155212735000 ly=2 ten_o=0 acc=0 dest=768
MV0 t=156526015000 ly=2 ten_o=0 acc=0 dest=896
MV0 t=157839295000 ly=2 ten_o=6 acc=0 dest=98304
MV0 t=159151295000 ly=2 ten_o=6 acc=0 dest=98432
MV0 t=160463295000 ly=2 ten_o=6 acc=0 dest=98560
MV0 t=161775295000 ly=2 ten_o=6 acc=0 dest=98688
MV0 t=163087295000 ly=2 ten_o=6 acc=0 dest=98816
MV0 t=164399295000 ly=2 ten_o=6 acc=0 dest=98944
MV0 t=165711295000 ly=2 ten_o=6 acc=0 dest=99072
MV0 t=167023295000 ly=2 ten_o=6 acc=0 dest=99200
ADD t=168335285000 ly=2 ten=1 ard=32767 ardb=-4996
ADD t=168339125000 ly=2 ten=1 ard=19703 ardb=-23865
ADD t=168342965000 ly=2 ten=1 ard=-6204 ardb=1016
ADD t=168346805000 ly=2 ten=1 ard=13385 ardb=-32768
ADD t=168350645000 ly=2 ten=1 ard=32766 ardb=-31928
ADD t=168354485000 ly=2 ten=1 ard=-11922 ardb=-3797
ADD t=168358325000 ly=2 ten=1 ard=11096 ardb=-21368
ADD t=168362165000 ly=2 ten=1 ard=-5321 ardb=20091
LNV t=168375475000 acc=73822295743 var=1153473370 mu=-547
LNO t=168376745000 ly=3 ten=0 ard=27771 mu=-547 sc=24015 q=18
LNV t=168456095000 acc=76733804283 var=1198965691 mu=448
LNO t=168457365000 ly=3 ten=0 ard=-4162 mu=448 sc=24484 q=-4
LNV t=168536715000 acc=69452818414 var=1085200287 mu=344
LNO t=168537985000 ly=3 ten=0 ard=-5188 mu=344 sc=23293 q=-4
LNV t=168617335000 acc=71456398026 var=1116506219 mu=-940
LNO t=168618605000 ly=3 ten=0 ard=-19383 mu=-940 sc=23627 q=-13
LNV t=168697955000 acc=78139675352 var=1220932427 mu=-2206
LNO t=168699225000 ly=3 ten=0 ard=838 mu=-2206 sc=24707 q=1
LNV t=168778575000 acc=78657231160 var=1229019236 mu=-1257
LNO t=168779845000 ly=3 ten=0 ard=-15719 mu=-1257 sc=24789 q=-10
LNV t=168859195000 acc=61768318463 var=965129975 mu=-2622
LNO t=168860465000 ly=3 ten=0 ard=-10272 mu=-2622 sc=21967 q=-6
LNV t=168939815000 acc=66867275765 var=1044801183 mu=-3242
LNO t=168941085000 ly=3 ten=0 ard=14770 mu=-3242 sc=22856 q=12
MV0 t=169010975000 ly=3 ten_o=2 acc=0 dest=32768
MV0 t=169667615000 ly=3 ten_o=2 acc=0 dest=32896
MV0 t=170324255000 ly=3 ten_o=2 acc=0 dest=33024
MV0 t=170980895000 ly=3 ten_o=2 acc=0 dest=33152
MV0 t=171637535000 ly=3 ten_o=2 acc=0 dest=33280
MV0 t=172294175000 ly=3 ten_o=2 acc=0 dest=33408
MV0 t=172950815000 ly=3 ten_o=2 acc=0 dest=33536
MV0 t=173607455000 ly=3 ten_o=2 acc=0 dest=33664
MV0 t=174264095000 ly=3 ten_o=3 acc=0 dest=49152
MV0 t=174920735000 ly=3 ten_o=3 acc=0 dest=49280
MV0 t=175577375000 ly=3 ten_o=3 acc=0 dest=49408
MV0 t=176234015000 ly=3 ten_o=3 acc=0 dest=49536
MV0 t=176890655000 ly=3 ten_o=3 acc=0 dest=49664
MV0 t=177547295000 ly=3 ten_o=3 acc=0 dest=49792
MV0 t=178203935000 ly=3 ten_o=3 acc=0 dest=49920
MV0 t=178860575000 ly=3 ten_o=3 acc=0 dest=50048
MV0 t=179517215000 ly=3 ten_o=4 acc=0 dest=65536
MV0 t=180173855000 ly=3 ten_o=4 acc=0 dest=65664
MV0 t=180830495000 ly=3 ten_o=4 acc=0 dest=65792
MV0 t=181487135000 ly=3 ten_o=4 acc=0 dest=65920
MV0 t=182143775000 ly=3 ten_o=4 acc=0 dest=66048
MV0 t=182800415000 ly=3 ten_o=4 acc=0 dest=66176
MV0 t=183457055000 ly=3 ten_o=4 acc=0 dest=66304
MV0 t=184113695000 ly=3 ten_o=4 acc=0 dest=66432
ATTQK t=184770325000 ard=142 ardb=-302 qa=32768 ka=49152
ATTO t=184773455000 h=0 q=651 z=16 acc=10416 dest=81920
ATTQK t=184791155000 ard=672 ardb=-804 qa=32800 ka=49184
ATTO t=184794285000 h=1 q=-200 z=16 acc=-3200 dest=81952
ATTQK t=184811985000 ard=185 ardb=502 qa=32832 ka=49216
ATTO t=184815115000 h=2 q=404 z=16 acc=6464 dest=81984
ATTQK t=184832815000 ard=-1570 ardb=829 qa=32864 ka=49248
ATTO t=184835945000 h=3 q=309 z=16 acc=4944 dest=82016
ATTQK t=184853645000 ard=-557 ardb=-302 qa=32896 ka=49152
ATTO t=184858125000 h=0 q=651 z=16 acc=10416 dest=82048
ATTQK t=184877065000 ard=1108 ardb=-804 qa=32928 ka=49184
ATTO t=184881545000 h=1 q=-737 z=16 acc=-11792 dest=82080
ATTQK t=184900485000 ard=239 ardb=502 qa=32960 ka=49216
ATTO t=184904965000 h=2 q=404 z=16 acc=6464 dest=82112
ATTQK t=184923905000 ard=-835 ardb=829 qa=32992 ka=49248
ATTO t=184928385000 h=3 q=951 z=16 acc=15216 dest=82144
ATTQK t=184947325000 ard=-81 ardb=-302 qa=33024 ka=49152
ATTO t=184953155000 h=0 q=370 z=16 acc=5920 dest=82176
ATTQK t=184973335000 ard=1641 ardb=-804 qa=33056 ka=49184
ATTO t=184979165000 h=1 q=1004 z=16 acc=16064 dest=82208
ATTQK t=184999345000 ard=232 ardb=502 qa=33088 ka=49216
ATTO t=185005175000 h=2 q=-108 z=16 acc=-1728 dest=82240
ATTQK t=185025355000 ard=165 ardb=829 qa=33120 ka=49248
ATTO t=185031185000 h=3 q=951 z=16 acc=15216 dest=82272
ATTQK t=185051365000 ard=-710 ardb=-302 qa=33152 ka=49152
ATTO t=185058545000 h=0 q=370 z=16 acc=5920 dest=82304
ATTQK t=185079965000 ard=768 ardb=-804 qa=33184 ka=49184
ATTO t=185087145000 h=1 q=1004 z=16 acc=16064 dest=82336
ATTQK t=185108565000 ard=436 ardb=502 qa=33216 ka=49216
ATTO t=185115745000 h=2 q=404 z=16 acc=6464 dest=82368
ATTQK t=185137165000 ard=1262 ardb=829 qa=33248 ka=49248
ATTO t=185144345000 h=3 q=309 z=16 acc=4944 dest=82400
ATTQK t=185165765000 ard=-1061 ardb=-302 qa=33280 ka=49152
ATTO t=185174295000 h=0 q=977 z=16 acc=15632 dest=82432
ATTQK t=185196955000 ard=746 ardb=-804 qa=33312 ka=49184
ATTO t=185205485000 h=1 q=-200 z=16 acc=-3200 dest=82464
ATTQK t=185228145000 ard=1021 ardb=502 qa=33344 ka=49216
ATTO t=185236675000 h=2 q=139 z=16 acc=2224 dest=82496
ATTQK t=185259335000 ard=-269 ardb=829 qa=33376 ka=49248
ATTO t=185267865000 h=3 q=951 z=16 acc=15216 dest=82528
ATTQK t=185290525000 ard=-597 ardb=-302 qa=33408 ka=49152
ATTO t=185300405000 h=0 q=651 z=16 acc=10416 dest=82560
ATTQK t=185324305000 ard=143 ardb=-804 qa=33440 ka=49184
ATTO t=185334185000 h=1 q=1004 z=16 acc=16064 dest=82592
ATTQK t=185358085000 ard=580 ardb=502 qa=33472 ka=49216
ATTO t=185367965000 h=2 q=139 z=16 acc=2224 dest=82624
ATTQK t=185391865000 ard=-34 ardb=829 qa=33504 ka=49248
ATTO t=185401745000 h=3 q=-888 z=16 acc=-14208 dest=82656
ATTQK t=185425645000 ard=739 ardb=-302 qa=33536 ka=49152
ATTO t=185436875000 h=0 q=749 z=16 acc=11984 dest=82688
ATTQK t=185462015000 ard=714 ardb=-804 qa=33568 ka=49184
ATTO t=185473245000 h=1 q=228 z=16 acc=3648 dest=82720
ATTQK t=185498385000 ard=863 ardb=502 qa=33600 ka=49216
ATTO t=185509615000 h=2 q=37 z=16 acc=592 dest=82752
ATTQK t=185534755000 ard=-861 ardb=829 qa=33632 ka=49248
ATTO t=185545985000 h=3 q=1036 z=16 acc=16576 dest=82784
ATTQK t=185571125000 ard=196 ardb=-302 qa=33664 ka=49152
ATTO t=185583705000 h=0 q=370 z=16 acc=5920 dest=82816
ATTQK t=185610085000 ard=354 ardb=-804 qa=33696 ka=49184
ATTO t=185622665000 h=1 q=1162 z=16 acc=18592 dest=82848
ATTQK t=185649045000 ard=673 ardb=502 qa=33728 ka=49216
ATTO t=185661625000 h=2 q=-220 z=16 acc=-3520 dest=82880
ATTQK t=185688005000 ard=37 ardb=829 qa=33760 ka=49248
ATTO t=185700585000 h=3 q=97 z=16 acc=1552 dest=82912
MV0 t=185726975000 ly=3 ten_o=5 acc=0 dest=81920
MV0 t=186383615000 ly=3 ten_o=5 acc=0 dest=82048
MV0 t=187040255000 ly=3 ten_o=5 acc=0 dest=82176
MV0 t=187696895000 ly=3 ten_o=5 acc=0 dest=82304
MV0 t=188353535000 ly=3 ten_o=5 acc=0 dest=82432
MV0 t=189010175000 ly=3 ten_o=5 acc=0 dest=82560
MV0 t=189666815000 ly=3 ten_o=5 acc=0 dest=82688
MV0 t=190323455000 ly=3 ten_o=5 acc=0 dest=82816
ADD t=190980085000 ly=3 ten=0 ard=27771 ardb=8013
ADD t=190983925000 ly=3 ten=0 ard=-4162 ardb=-6613
ADD t=190987765000 ly=3 ten=0 ard=-5188 ardb=-19195
ADD t=190991605000 ly=3 ten=0 ard=-19383 ardb=1994
ADD t=190995445000 ly=3 ten=0 ard=838 ardb=-1420
ADD t=190999285000 ly=3 ten=0 ard=-15719 ardb=23723
ADD t=191003125000 ly=3 ten=0 ard=-10272 ardb=-22898
ADD t=191006965000 ly=3 ten=0 ard=14770 ardb=-5990
LNV t=191020275000 acc=75438933350 var=1178733333 mu=-3390
LNO t=191021545000 ly=3 ten=6 ard=32767 mu=-3390 sc=24276 q=23
LNV t=191100895000 acc=72862313119 var=1138473642 mu=-964
LNO t=191102165000 ly=3 ten=6 ard=-10775 mu=-964 sc=23858 q=-7
LNV t=191181515000 acc=76035129420 var=1188048897 mu=246
LNO t=191182785000 ly=3 ten=6 ard=-24383 mu=246 sc=24372 q=-17
LNV t=191262135000 acc=75273407481 var=1176146991 mu=-2993
LNO t=191263405000 ly=3 ten=6 ard=-17389 mu=-2993 sc=24250 q=-10
LNV t=191342755000 acc=80353099785 var=1255517184 mu=-2290
LNO t=191344025000 ly=3 ten=6 ard=-582 mu=-2290 sc=25055 q=1
LNV t=191423375000 acc=75621453201 var=1181585206 mu=-246
LNO t=191424645000 ly=3 ten=6 ard=8004 mu=-246 sc=24306 q=5
LNV t=191503995000 acc=74689052552 var=1167016446 mu=-2560
LNO t=191505265000 ly=3 ten=6 ard=-32768 mu=-2560 sc=24155 q=-21
LNV t=191584615000 acc=81981853863 var=1280966466 mu=-1295
LNO t=191585885000 ly=3 ten=6 ard=8780 mu=-1295 sc=25307 q=6
MV0 t=191655775000 ly=3 ten_o=0 acc=0 dest=0
MV0 t=192969055000 ly=3 ten_o=0 acc=0 dest=128
MV0 t=194282335000 ly=3 ten_o=0 acc=0 dest=256
MV0 t=195595615000 ly=3 ten_o=0 acc=0 dest=384
MV0 t=196908895000 ly=3 ten_o=0 acc=0 dest=512
MV0 t=198222175000 ly=3 ten_o=0 acc=0 dest=640
MV0 t=199535455000 ly=3 ten_o=0 acc=0 dest=768
MV0 t=200848735000 ly=3 ten_o=0 acc=0 dest=896
MV0 t=202162015000 ly=3 ten_o=6 acc=0 dest=98304
MV0 t=203474015000 ly=3 ten_o=6 acc=0 dest=98432
MV0 t=204786015000 ly=3 ten_o=6 acc=0 dest=98560
MV0 t=206098015000 ly=3 ten_o=6 acc=0 dest=98688
MV0 t=207410015000 ly=3 ten_o=6 acc=0 dest=98816
MV0 t=208722015000 ly=3 ten_o=6 acc=0 dest=98944
MV0 t=210034015000 ly=3 ten_o=6 acc=0 dest=99072
MV0 t=211346015000 ly=3 ten_o=6 acc=0 dest=99200
ADD t=212658005000 ly=3 ten=1 ard=32767 ardb=-20926
ADD t=212661845000 ly=3 ten=1 ard=-10775 ardb=-22999
ADD t=212665685000 ly=3 ten=1 ard=-24383 ardb=618
ADD t=212669525000 ly=3 ten=1 ard=-17389 ardb=-22878
ADD t=212673365000 ly=3 ten=1 ard=-582 ardb=-32768
ADD t=212677205000 ly=3 ten=1 ard=8004 ardb=7287
ADD t=212681045000 ly=3 ten=1 ard=-32768 ardb=-15331
ADD t=212684885000 ly=3 ten=1 ard=8780 ardb=-8753
HEAD t=212688725000 col=0 wrd=6 ard=27 waddr=671744 aaddr=896 acc=0
MV0 t=212688735000 ly=3 ten_o=7 acc=0 dest=115584
HEAD t=212688765000 col=1 wrd=6 ard=19957 waddr=671745 aaddr=897 acc=162
SMX t=217941825000 logit0=1623245
AFAST_ARM=NEW pred=249 logit0=1623245 python_pred=249 python_logit0=1623245 historical_664=664
SEMANTIC_CHANGE_EXACT pred=249 python=249 historical_664_old_sha=29D230FC
LN_FIX_AFAST_REGRESSION_PASS arm=NEW fails=0 pred=249
$finish called at time : 217972565 ns : File "D:/Jetking_sem4/SEM_4/arty-a7-online-lm-grok-orch-00/tests/xsim/tb_a7lm06_afast_lnfix_regression.sv" Line 141
run: Time (s): cpu = 00:00:00 ; elapsed = 00:00:39 . Memory (MB): peak = 227.531 ; gain = 0.000
exit
INFO: xsimkernel Simulation Memory Usage: 21728 KB (Peak: 21728 KB), Simulation CPU Usage: 38327 ms
INFO: [Common 17-206] Exiting xsim at Wed Sep  2 02:59:19 2026...
