Copyright 1986-2022 Xilinx, Inc. All Rights Reserved. Copyright 2022-2026 Advanced Micro Devices, Inc. All Rights Reserved.
-------------------------------------------------------------------------------------------------------------------------------------------------------------------------------------------------------
| Tool Version : Vivado v.2026.1 (win64) Build 6511674 Tue Jun 16 11:02:23 MDT 2026
| Date         : Tue Sep  1 19:54:30 2026
| Host         : laptop-Quan running 64-bit major release  (build 9200)
| Command      : report_control_sets -verbose -file D:/Jetking_sem4/SEM_4/arty-a7-online-lm-grok-orch-00/results/A7-NATIVE-GRAPH/GROK-ORCH-00/P2-CAUSAL-LEARN-FAST-SERIAL-TOPK-01/ooc_control_sets.rpt
| Design       : a7ng_causal_learn_fast
| Device       : xc7a100t
-------------------------------------------------------------------------------------------------------------------------------------------------------------------------------------------------------

Control Set Information

Table of Contents
-----------------
1. Summary
2. Histogram
3. Flip-Flop Distribution
4. Detailed Control Set Information

1. Summary
----------

+----------------------------------------------------------+-------+
|                          Status                          | Count |
+----------------------------------------------------------+-------+
| Total control sets                                       |    27 |
|    Minimum number of control sets                        |    27 |
|    Addition due to synthesis replication                 |     0 |
|    Addition due to physical synthesis replication        |     0 |
| Unused register locations in slices containing registers |    46 |
+----------------------------------------------------------+-------+
* Control sets can be merged at opt_design using control_set_merge or merge_equivalent_drivers
** Run report_qor_suggestions for automated merging and remapping suggestions


2. Histogram
------------

+--------------------+-------+
|       Fanout       | Count |
+--------------------+-------+
| Total control sets |    27 |
| >= 0 to < 4        |     0 |
| >= 4 to < 6        |     4 |
| >= 6 to < 8        |     1 |
| >= 8 to < 10       |     3 |
| >= 10 to < 12      |     1 |
| >= 12 to < 14      |     1 |
| >= 14 to < 16      |     0 |
| >= 16              |    17 |
+--------------------+-------+
* Control sets can be remapped at either synth_design or opt_design


3. Flip-Flop Distribution
-------------------------

+--------------+-----------------------+------------------------+-----------------+--------------+
| Clock Enable | Synchronous Set/Reset | Asynchronous Set/Reset | Total Registers | Total Slices |
+--------------+-----------------------+------------------------+-----------------+--------------+
| No           | No                    | No                     |               0 |            0 |
| No           | No                    | Yes                    |              43 |           20 |
| No           | Yes                   | No                     |               0 |            0 |
| Yes          | No                    | No                     |               0 |            0 |
| Yes          | No                    | Yes                    |             591 |          249 |
| Yes          | Yes                   | No                     |               0 |            0 |
+--------------+-----------------------+------------------------+-----------------+--------------+


4. Detailed Control Set Information
-----------------------------------

+--------------+--------------------------------+--------------------------+------------------+----------------+--------------+
| Clock Signal |          Enable Signal         |     Set/Reset Signal     | Slice Load Count | Bel Load Count | Bels / Slice |
+--------------+--------------------------------+--------------------------+------------------+----------------+--------------+
|  clk         | ins_j[3]_i_1_n_0               | u_g1/rst_n_0             |                1 |              4 |         4.00 |
|  clk         | feed_i[3]_i_1_n_0              | u_g1/rst_n_0             |                3 |              4 |         1.33 |
|  clk         | sh_k[0]                        | u_g1/rst_n_0             |                1 |              4 |         4.00 |
|  clk         | u_g1/query_valid_i_0[0]        | u_g1/rst_n_0             |                1 |              4 |         4.00 |
|  clk         | u_g1/E[0]                      | u_g1/rst_n_0             |                4 |              6 |         1.50 |
|  clk         | u_g1/gen[7]_i_1_n_0            | u_g1/rst_n_0             |                2 |              8 |         4.00 |
|  clk         | sc_v_i                         | u_scorer/valid_o_i_1_n_0 |                2 |              8 |         4.00 |
|  clk         | u_g1/consume_valid_o_reg_1[0]  | u_g1/rst_n_0             |                3 |              9 |         3.00 |
|  clk         | train_q                        | u_g1/rst_n_0             |                4 |             10 |         2.50 |
|  clk         |                                | u_g1/rst_n_0             |                9 |             13 |         1.44 |
|  clk         | FSM_onehot_st_reg_n_0_[4]      | u_g1/rst_n_0             |                5 |             16 |         3.20 |
|  clk         | u_g1/last_txn[15]_i_1_n_0      | u_g1/rst_n_0             |                6 |             16 |         2.67 |
|  clk         | u_g2/out_subj_reg[4]_1[0]      | u_g1/rst_n_0             |                6 |             16 |         2.67 |
|  clk         | u_g2/out_valid_reg_2[0]        | u_g1/rst_n_0             |                2 |             16 |         8.00 |
|  clk         | u_scorer/valid_d1              | u_scorer/valid_o_i_1_n_0 |                3 |             16 |         5.33 |
|  clk         | u_g1/FSM_onehot_st_reg[2][0]   | u_g1/rst_n_0             |                7 |             22 |         3.14 |
|  clk         | u_g1/consume_txn_o[15]_i_1_n_0 | u_g1/rst_n_0             |                8 |             22 |         2.75 |
|  clk         | u_g1/pending                   | u_g1/rst_n_0             |                7 |             26 |         3.71 |
|  clk         |                                | u_scorer/valid_o_i_1_n_0 |               11 |             30 |         2.73 |
|  clk         | topk_id_o[1][31]_i_1_n_0       | u_g1/rst_n_0             |               25 |             48 |         1.92 |
|  clk         | topk_id_o[2][31]_i_1_n_0       | u_g1/rst_n_0             |               24 |             48 |         2.00 |
|  clk         | topk_id_o[3][31]_i_1_n_0       | u_g1/rst_n_0             |               25 |             48 |         1.92 |
|  clk         | topk_id_o[5][31]_i_1_n_0       | u_g1/rst_n_0             |               22 |             48 |         2.18 |
|  clk         | topk_id_o[6][31]_i_1_n_0       | u_g1/rst_n_0             |               22 |             48 |         2.18 |
|  clk         | topk_id_o[4][31]_i_1_n_0       | u_g1/rst_n_0             |               19 |             48 |         2.53 |
|  clk         | topk_id_o[7][31]_i_1_n_0       | u_g1/rst_n_0             |               22 |             48 |         2.18 |
|  clk         | topk_id_o[0]                   | u_g1/rst_n_0             |               25 |             48 |         1.92 |
+--------------+--------------------------------+--------------------------+------------------+----------------+--------------+


