Copyright 1986-2022 Xilinx, Inc. All Rights Reserved. Copyright 2022-2026 Advanced Micro Devices, Inc. All Rights Reserved.
--------------------------------------------------------------------------------------------------------------------------------------------------------------------------------------------------------------
| Tool Version : Vivado v.2026.1 (win64) Build 6511674 Tue Jun 16 11:02:23 MDT 2026
| Date         : Tue Sep  1 19:54:30 2026
| Host         : laptop-Quan running 64-bit major release  (build 9200)
| Command      : report_utilization -hierarchical -file D:/Jetking_sem4/SEM_4/arty-a7-online-lm-grok-orch-00/results/A7-NATIVE-GRAPH/GROK-ORCH-00/P2-CAUSAL-LEARN-FAST-SERIAL-TOPK-01/ooc_util_route_hier.rpt
| Design       : a7ng_causal_learn_fast
| Device       : xc7a100tcsg324-1
| Speed File   : -1
| Design State : Routed
--------------------------------------------------------------------------------------------------------------------------------------------------------------------------------------------------------------

Utilization Design Information

Table of Contents
-----------------
1. Utilization by Hierarchy

1. Utilization by Hierarchy
---------------------------

+----------------------------+------------------------+------------+------------+---------+------+-----+--------+--------+------------+
|          Instance          |         Module         | Total LUTs | Logic LUTs | LUTRAMs | SRLs | FFs | RAMB36 | RAMB18 | DSP Blocks |
+----------------------------+------------------------+------------+------------+---------+------+-----+--------+--------+------------+
| a7ng_causal_learn_fast     |                  (top) |        559 |        559 |       0 |    0 | 634 |      0 |      0 |          0 |
|   (a7ng_causal_learn_fast) |                  (top) |        370 |        370 |       0 |    0 | 491 |      0 |      0 |          0 |
|   u_g1                     | a7ng_feedback_resolver |         70 |         70 |       0 |    0 |  79 |      0 |      0 |          0 |
|   u_g2                     |     a7ng_context_delta |         76 |         76 |       0 |    0 |  10 |      0 |      0 |          0 |
|   u_scorer                 |       a7ng_scorer_lane |         46 |         46 |       0 |    0 |  54 |      0 |      0 |          0 |
+----------------------------+------------------------+------------+------------+---------+------+-----+--------+--------+------------+
* Note: The sum of lower-level cells may be larger than their parent cells total, due to cross-hierarchy LUT combining


