Copyright 1986-2022 Xilinx, Inc. All Rights Reserved. Copyright 2022-2026 Advanced Micro Devices, Inc. All Rights Reserved.
------------------------------------------------------------------------------------------------------------------------------------------------------------------------------------------------
| Tool Version : Vivado v.2026.1 (win64) Build 6511674 Tue Jun 16 11:02:23 MDT 2026
| Date         : Tue Sep  1 19:54:30 2026
| Host         : laptop-Quan running 64-bit major release  (build 9200)
| Command      : report_timing_summary -file D:/Jetking_sem4/SEM_4/arty-a7-online-lm-grok-orch-00/results/A7-NATIVE-GRAPH/GROK-ORCH-00/P2-CAUSAL-LEARN-FAST-SERIAL-TOPK-01/ooc_timing_route.rpt
| Design       : a7ng_causal_learn_fast
| Device       : 7a100t-csg324
| Speed File   : -1  PRODUCTION 1.23 2018-06-13
| Design State : Routed
------------------------------------------------------------------------------------------------------------------------------------------------------------------------------------------------

Timing Summary Report

------------------------------------------------------------------------------------------------
| Timer Settings
| --------------
------------------------------------------------------------------------------------------------

  Enable Multi Corner Analysis               :  Yes
  Enable Pessimism Removal                   :  Yes
  Pessimism Removal Resolution               :  Nearest Common Node
  Enable Input Delay Default Clock           :  No
  Enable Preset / Clear Arcs                 :  No
  Disable Flight Delays                      :  No
  Ignore I/O Paths                           :  No
  Timing Early Launch at Borrowing Latches   :  No
  Borrow Time for Max Delay Exceptions       :  Yes
  Merge Timing Exceptions                    :  Yes
  Inter-SLR Compensation                     :  Conservative

  Corner  Analyze    Analyze    
  Name    Max Paths  Min Paths  
  ------  ---------  ---------  
  Slow    Yes        Yes        
  Fast    Yes        Yes        


------------------------------------------------------------------------------------------------
| Report Methodology
| ------------------
------------------------------------------------------------------------------------------------

No report available as report_methodology has not been run prior. Run report_methodology on the current design for the summary of methodology violations.



check_timing report

Table of Contents
-----------------
1. checking no_clock (0)
2. checking constant_clock (0)
3. checking pulse_width_clock (0)
4. checking unconstrained_internal_endpoints (0)
5. checking no_input_delay (36)
6. checking no_output_delay (447)
7. checking multiple_clock (0)
8. checking generated_clocks (0)
9. checking loops (0)
10. checking partial_input_delay (0)
11. checking partial_output_delay (0)
12. checking latch_loops (0)

1. checking no_clock (0)
------------------------
 There are 0 register/latch pins with no clock.


2. checking constant_clock (0)
------------------------------
 There are 0 register/latch pins with constant_clock.


3. checking pulse_width_clock (0)
---------------------------------
 There are 0 register/latch pins which need pulse_width check


4. checking unconstrained_internal_endpoints (0)
------------------------------------------------
 There are 0 pins that are not constrained for maximum delay.

 There are 0 pins that are not constrained for maximum delay due to constant clock.


5. checking no_input_delay (36)
-------------------------------
 There are 36 input ports with no input delay specified. (HIGH)

 There are 0 input ports with no input delay but user has a false path constraint.


6. checking no_output_delay (447)
---------------------------------
 There are 447 ports with no output delay specified. (HIGH)

 There are 0 ports with no output delay but user has a false path constraint

 There are 0 ports with no output delay but with a timing clock defined on it or propagating through it


7. checking multiple_clock (0)
------------------------------
 There are 0 register/latch pins with multiple clocks.


8. checking generated_clocks (0)
--------------------------------
 There are 0 generated clocks that are not connected to a clock source.


9. checking loops (0)
---------------------
 There are 0 combinational loops in the design.


10. checking partial_input_delay (0)
------------------------------------
 There are 0 input ports with partial input delay specified.


11. checking partial_output_delay (0)
-------------------------------------
 There are 0 ports with partial output delay specified.


12. checking latch_loops (0)
----------------------------
 There are 0 combinational latch loops in the design through latch input



------------------------------------------------------------------------------------------------
| Design Timing Summary
| ---------------------
------------------------------------------------------------------------------------------------

    WNS(ns)      TNS(ns)  TNS Failing Endpoints  TNS Total Endpoints      WHS(ns)      THS(ns)  THS Failing Endpoints  THS Total Endpoints     WPWS(ns)     TPWS(ns)  TPWS Failing Endpoints  TPWS Total Endpoints  
    -------      -------  ---------------------  -------------------      -------      -------  ---------------------  -------------------     --------     --------  ----------------------  --------------------  
     69.879        0.000                      0                 1209        0.098        0.000                      0                 1209       39.500        0.000                       0                   634  


All user specified timing constraints are met.


------------------------------------------------------------------------------------------------
| Clock Summary
| -------------
------------------------------------------------------------------------------------------------

Clock  Waveform(ns)       Period(ns)      Frequency(MHz)
-----  ------------       ----------      --------------
clk    {0.000 40.000}     80.000          12.500          


------------------------------------------------------------------------------------------------
| Intra Clock Table
| -----------------
------------------------------------------------------------------------------------------------

Clock             WNS(ns)      TNS(ns)  TNS Failing Endpoints  TNS Total Endpoints      WHS(ns)      THS(ns)  THS Failing Endpoints  THS Total Endpoints     WPWS(ns)     TPWS(ns)  TPWS Failing Endpoints  TPWS Total Endpoints  
-----             -------      -------  ---------------------  -------------------      -------      -------  ---------------------  -------------------     --------     --------  ----------------------  --------------------  
clk                69.879        0.000                      0                 1209        0.098        0.000                      0                 1209       39.500        0.000                       0                   634  


------------------------------------------------------------------------------------------------
| Inter Clock Table
| -----------------
------------------------------------------------------------------------------------------------

From Clock    To Clock          WNS(ns)      TNS(ns)  TNS Failing Endpoints  TNS Total Endpoints      WHS(ns)      THS(ns)  THS Failing Endpoints  THS Total Endpoints  
----------    --------          -------      -------  ---------------------  -------------------      -------      -------  ---------------------  -------------------  


------------------------------------------------------------------------------------------------
| Other Path Groups Table
| -----------------------
------------------------------------------------------------------------------------------------

Path Group    From Clock    To Clock          WNS(ns)      TNS(ns)  TNS Failing Endpoints  TNS Total Endpoints      WHS(ns)      THS(ns)  THS Failing Endpoints  THS Total Endpoints  
----------    ----------    --------          -------      -------  ---------------------  -------------------      -------      -------  ---------------------  -------------------  


------------------------------------------------------------------------------------------------
| Timing Details
| --------------
------------------------------------------------------------------------------------------------


---------------------------------------------------------------------------------------------------
From Clock:  clk
  To Clock:  clk

Setup :            0  Failing Endpoints,  Worst Slack       69.879ns,  Total Violation        0.000ns
Hold  :            0  Failing Endpoints,  Worst Slack        0.098ns,  Total Violation        0.000ns
PW    :            0  Failing Endpoints,  Worst Slack       39.500ns,  Total Violation        0.000ns
---------------------------------------------------------------------------------------------------


Max Delay Paths
--------------------------------------------------------------------------------------
Slack (MET) :             69.879ns  (required time - arrival time)
  Source:                 ins_j_reg[1]/C
                            (rising edge-triggered cell FDCE clocked by clk  {rise@0.000ns fall@40.000ns period=80.000ns})
  Destination:            sh_k_reg[0]/CE
                            (rising edge-triggered cell FDCE clocked by clk  {rise@0.000ns fall@40.000ns period=80.000ns})
  Path Group:             clk
  Path Type:              Setup (Max at Slow Process Corner)
  Requirement:            80.000ns  (clk rise@80.000ns - clk rise@0.000ns)
  Data Path Delay:        9.832ns  (logic 2.169ns (22.061%)  route 7.663ns (77.939%))
  Logic Levels:           9  (CARRY4=4 LUT3=1 LUT4=1 LUT6=2 MUXF7=1)
  Clock Path Skew:        -0.049ns (DCD - SCD + CPR)
    Destination Clock Delay (DCD):    0.924ns = ( 80.924 - 80.000 ) 
    Source Clock Delay      (SCD):    0.973ns
    Clock Pessimism Removal (CPR):    0.000ns
  Clock Uncertainty:      0.035ns  ((TSJ^2 + TIJ^2)^1/2 + DJ) / 2 + PE
    Total System Jitter     (TSJ):    0.071ns
    Total Input Jitter      (TIJ):    0.000ns
    Discrete Jitter          (DJ):    0.000ns
    Phase Error              (PE):    0.000ns

    Location             Delay type                Incr(ns)  Path(ns)    Netlist Resource(s)
  -------------------------------------------------------------------    -------------------
                         (clock clk rise edge)        0.000     0.000 r  <hidden>
                                                      0.000     0.000 r  clk
                         net (fo=633, unset)          0.973     0.973    clk
    SLICE_X8Y116         FDCE                                         r  ins_j_reg[1]/C
  -------------------------------------------------------------------    -------------------
    SLICE_X8Y116         FDCE (Prop_fdce_C_Q)         0.518     1.491 r  ins_j_reg[1]/Q
                         net (fo=105, routed)         4.239     5.730    sel0[1]
    SLICE_X12Y119        LUT6 (Prop_lut6_I3_O)        0.124     5.854 f  ins_j[3]_i_201/O
                         net (fo=1, routed)           0.000     5.854    ins_j[3]_i_201_n_0
    SLICE_X12Y119        MUXF7 (Prop_muxf7_I0_O)      0.241     6.095 f  ins_j_reg[3]_i_174/O
                         net (fo=2, routed)           0.893     6.988    ins_j_reg[3]_i_174_n_0
    SLICE_X11Y121        LUT3 (Prop_lut3_I0_O)        0.298     7.286 r  ins_j[3]_i_144/O
                         net (fo=1, routed)           0.000     7.286    ins_j[3]_i_144_n_0
    SLICE_X11Y121        CARRY4 (Prop_carry4_S[2]_CO[3])
                                                      0.398     7.684 r  ins_j_reg[3]_i_90/CO[3]
                         net (fo=1, routed)           0.000     7.684    ins_j_reg[3]_i_90_n_0
    SLICE_X11Y122        CARRY4 (Prop_carry4_CI_CO[3])
                                                      0.114     7.798 r  ins_j_reg[3]_i_45/CO[3]
                         net (fo=1, routed)           0.000     7.798    ins_j_reg[3]_i_45_n_0
    SLICE_X11Y123        CARRY4 (Prop_carry4_CI_CO[3])
                                                      0.114     7.912 r  ins_j_reg[3]_i_17/CO[3]
                         net (fo=1, routed)           0.000     7.912    ins_j_reg[3]_i_17_n_0
    SLICE_X11Y124        CARRY4 (Prop_carry4_CI_CO[3])
                                                      0.114     8.026 f  ins_j_reg[3]_i_6/CO[3]
                         net (fo=1, routed)           1.482     9.508    ins_j_reg[3]_i_6_n_0
    SLICE_X8Y116         LUT6 (Prop_lut6_I4_O)        0.124     9.632 f  ins_j[3]_i_3/O
                         net (fo=3, routed)           0.670    10.302    ins_j0
    SLICE_X9Y116         LUT4 (Prop_lut4_I0_O)        0.124    10.426 r  sh_k[3]_i_1/O
                         net (fo=4, routed)           0.379    10.805    sh_k[0]
    SLICE_X9Y116         FDCE                                         r  sh_k_reg[0]/CE
  -------------------------------------------------------------------    -------------------

                         (clock clk rise edge)       80.000    80.000 r  <hidden>
                                                      0.000    80.000 r  clk
                         net (fo=633, unset)          0.924    80.924    clk
    SLICE_X9Y116         FDCE                                         r  sh_k_reg[0]/C
                         clock pessimism              0.000    80.924    <hidden>
                         clock uncertainty           -0.035    80.889    <hidden>
    SLICE_X9Y116         FDCE (Setup_fdce_C_CE)      -0.205    80.684    sh_k_reg[0]
  -------------------------------------------------------------------
                         required time                         80.684    <hidden>
                         arrival time                         -10.805    <hidden>
  -------------------------------------------------------------------
                         slack                                 69.879    <hidden>





Min Delay Paths
--------------------------------------------------------------------------------------
Slack (MET) :             0.098ns  (arrival time - required time)
  Source:                 u_g1/consume_txn_o_reg[6]/C
                            (rising edge-triggered cell FDCE clocked by clk  {rise@0.000ns fall@40.000ns period=80.000ns})
  Destination:            u_g1/last_txn_reg[6]/D
                            (rising edge-triggered cell FDCE clocked by clk  {rise@0.000ns fall@40.000ns period=80.000ns})
  Path Group:             clk
  Path Type:              Hold (Min at Fast Process Corner)
  Requirement:            0.000ns  (clk rise@0.000ns - clk rise@0.000ns)
  Data Path Delay:        0.240ns  (logic 0.186ns (77.466%)  route 0.054ns (22.534%))
  Logic Levels:           1  (LUT5=1)
  Clock Path Skew:        0.022ns (DCD - SCD - CPR)
    Destination Clock Delay (DCD):    0.432ns
    Source Clock Delay      (SCD):    0.410ns
    Clock Pessimism Removal (CPR):    -0.000ns

    Location             Delay type                Incr(ns)  Path(ns)    Netlist Resource(s)
  -------------------------------------------------------------------    -------------------
                         (clock clk rise edge)        0.000     0.000 r  <hidden>
                                                      0.000     0.000 r  clk
                         net (fo=633, unset)          0.410     0.410    u_g1/clk
    SLICE_X7Y104         FDCE                                         r  u_g1/consume_txn_o_reg[6]/C
  -------------------------------------------------------------------    -------------------
    SLICE_X7Y104         FDCE (Prop_fdce_C_Q)         0.141     0.551 r  u_g1/consume_txn_o_reg[6]/Q
                         net (fo=1, routed)           0.054     0.605    u_g1/consume_txn_o_reg_n_0_[6]
    SLICE_X6Y104         LUT5 (Prop_lut5_I4_O)        0.045     0.650 r  u_g1/last_txn[6]_i_1/O
                         net (fo=1, routed)           0.000     0.650    u_g1/last_txn[6]_i_1_n_0
    SLICE_X6Y104         FDCE                                         r  u_g1/last_txn_reg[6]/D
  -------------------------------------------------------------------    -------------------

                         (clock clk rise edge)        0.000     0.000 r  <hidden>
                                                      0.000     0.000 r  clk
                         net (fo=633, unset)          0.432     0.432    u_g1/clk
    SLICE_X6Y104         FDCE                                         r  u_g1/last_txn_reg[6]/C
                         clock pessimism              0.000     0.432    <hidden>
    SLICE_X6Y104         FDCE (Hold_fdce_C_D)         0.121     0.553    u_g1/last_txn_reg[6]
  -------------------------------------------------------------------
                         required time                         -0.553    <hidden>
                         arrival time                           0.650    <hidden>
  -------------------------------------------------------------------
                         slack                                  0.098    <hidden>





Pulse Width Checks
--------------------------------------------------------------------------------------
Clock Name:         clk
Waveform(ns):       { 0.000 40.000 }
Period(ns):         80.000
Sources:            { clk }

Check Type        Corner  Lib Pin  Reference Pin  Required(ns)  Actual(ns)  Slack(ns)  Location      Pin
Min Period        n/a     FDPE/C   n/a            1.000         80.000      79.000     SLICE_X8Y109  FSM_onehot_st_reg[0]/C
Low Pulse Width   Slow    FDPE/C   n/a            0.500         40.000      39.500     SLICE_X8Y109  FSM_onehot_st_reg[0]/C
High Pulse Width  Slow    FDPE/C   n/a            0.500         40.000      39.500     SLICE_X8Y109  FSM_onehot_st_reg[0]/C



