Copyright 1986-2022 Xilinx, Inc. All Rights Reserved. Copyright 2022-2026 Advanced Micro Devices, Inc. All Rights Reserved.
---------------------------------------------------------------------------------------------------------------------------------------------------------------------------------------
| Tool Version : Vivado v.2026.1 (win64) Build 6511674 Tue Jun 16 11:02:23 MDT 2026
| Date         : Sun Aug 30 21:32:01 2026
| Host         : laptop-Quan running 64-bit major release  (build 9200)
| Command      : report_timing_summary -file D:/Jetking_sem4/SEM_4/arty-a7-online-lm-grok-orch-00/results/A7-NATIVE-GRAPH/GROK-ORCH-00/GLOBAL-TOPK-MINHEAP-00/minheap_timing_route.rpt
| Design       : a7ng_topk_wavefront_minheap
| Device       : 7a100t-csg324
| Speed File   : -1  PRODUCTION 1.23 2018-06-13
| Design State : Routed
---------------------------------------------------------------------------------------------------------------------------------------------------------------------------------------

Timing Summary Report

------------------------------------------------------------------------------------------------
| Timer Settings
| --------------
------------------------------------------------------------------------------------------------

  Enable Multi Corner Analysis               :  Yes
  Enable Pessimism Removal                   :  Yes
  Pessimism Removal Resolution               :  Nearest Common Node
  Enable Input Delay Default Clock           :  No
  Enable Preset / Clear Arcs                 :  No
  Disable Flight Delays                      :  No
  Ignore I/O Paths                           :  No
  Timing Early Launch at Borrowing Latches   :  No
  Borrow Time for Max Delay Exceptions       :  Yes
  Merge Timing Exceptions                    :  Yes
  Inter-SLR Compensation                     :  Conservative

  Corner  Analyze    Analyze    
  Name    Max Paths  Min Paths  
  ------  ---------  ---------  
  Slow    Yes        Yes        
  Fast    Yes        Yes        


------------------------------------------------------------------------------------------------
| Report Methodology
| ------------------
------------------------------------------------------------------------------------------------

No report available as report_methodology has not been run prior. Run report_methodology on the current design for the summary of methodology violations.



check_timing report

Table of Contents
-----------------
1. checking no_clock (0)
2. checking constant_clock (0)
3. checking pulse_width_clock (0)
4. checking unconstrained_internal_endpoints (0)
5. checking no_input_delay (392)
6. checking no_output_delay (418)
7. checking multiple_clock (0)
8. checking generated_clocks (0)
9. checking loops (0)
10. checking partial_input_delay (0)
11. checking partial_output_delay (0)
12. checking latch_loops (0)

1. checking no_clock (0)
------------------------
 There are 0 register/latch pins with no clock.


2. checking constant_clock (0)
------------------------------
 There are 0 register/latch pins with constant_clock.


3. checking pulse_width_clock (0)
---------------------------------
 There are 0 register/latch pins which need pulse_width check


4. checking unconstrained_internal_endpoints (0)
------------------------------------------------
 There are 0 pins that are not constrained for maximum delay.

 There are 0 pins that are not constrained for maximum delay due to constant clock.


5. checking no_input_delay (392)
--------------------------------
 There are 392 input ports with no input delay specified. (HIGH)

 There are 0 input ports with no input delay but user has a false path constraint.


6. checking no_output_delay (418)
---------------------------------
 There are 418 ports with no output delay specified. (HIGH)

 There are 0 ports with no output delay but user has a false path constraint

 There are 0 ports with no output delay but with a timing clock defined on it or propagating through it


7. checking multiple_clock (0)
------------------------------
 There are 0 register/latch pins with multiple clocks.


8. checking generated_clocks (0)
--------------------------------
 There are 0 generated clocks that are not connected to a clock source.


9. checking loops (0)
---------------------
 There are 0 combinational loops in the design.


10. checking partial_input_delay (0)
------------------------------------
 There are 0 input ports with partial input delay specified.


11. checking partial_output_delay (0)
-------------------------------------
 There are 0 ports with partial output delay specified.


12. checking latch_loops (0)
----------------------------
 There are 0 combinational latch loops in the design through latch input



------------------------------------------------------------------------------------------------
| Design Timing Summary
| ---------------------
------------------------------------------------------------------------------------------------

    WNS(ns)      TNS(ns)  TNS Failing Endpoints  TNS Total Endpoints      WHS(ns)      THS(ns)  THS Failing Endpoints  THS Total Endpoints     WPWS(ns)     TPWS(ns)  TPWS Failing Endpoints  TPWS Total Endpoints  
    -------      -------  ---------------------  -------------------      -------      -------  ---------------------  -------------------     --------     --------  ----------------------  --------------------  
     49.205        0.000                      0                 2948        0.125        0.000                      0                 2948       39.500        0.000                       0                  1674  


All user specified timing constraints are met.


------------------------------------------------------------------------------------------------
| Clock Summary
| -------------
------------------------------------------------------------------------------------------------

Clock  Waveform(ns)       Period(ns)      Frequency(MHz)
-----  ------------       ----------      --------------
clk    {0.000 40.000}     80.000          12.500          


------------------------------------------------------------------------------------------------
| Intra Clock Table
| -----------------
------------------------------------------------------------------------------------------------

Clock             WNS(ns)      TNS(ns)  TNS Failing Endpoints  TNS Total Endpoints      WHS(ns)      THS(ns)  THS Failing Endpoints  THS Total Endpoints     WPWS(ns)     TPWS(ns)  TPWS Failing Endpoints  TPWS Total Endpoints  
-----             -------      -------  ---------------------  -------------------      -------      -------  ---------------------  -------------------     --------     --------  ----------------------  --------------------  
clk                49.205        0.000                      0                 2948        0.125        0.000                      0                 2948       39.500        0.000                       0                  1674  


------------------------------------------------------------------------------------------------
| Inter Clock Table
| -----------------
------------------------------------------------------------------------------------------------

From Clock    To Clock          WNS(ns)      TNS(ns)  TNS Failing Endpoints  TNS Total Endpoints      WHS(ns)      THS(ns)  THS Failing Endpoints  THS Total Endpoints  
----------    --------          -------      -------  ---------------------  -------------------      -------      -------  ---------------------  -------------------  


------------------------------------------------------------------------------------------------
| Other Path Groups Table
| -----------------------
------------------------------------------------------------------------------------------------

Path Group    From Clock    To Clock          WNS(ns)      TNS(ns)  TNS Failing Endpoints  TNS Total Endpoints      WHS(ns)      THS(ns)  THS Failing Endpoints  THS Total Endpoints  
----------    ----------    --------          -------      -------  ---------------------  -------------------      -------      -------  ---------------------  -------------------  


------------------------------------------------------------------------------------------------
| Timing Details
| --------------
------------------------------------------------------------------------------------------------


---------------------------------------------------------------------------------------------------
From Clock:  clk
  To Clock:  clk

Setup :            0  Failing Endpoints,  Worst Slack       49.205ns,  Total Violation        0.000ns
Hold  :            0  Failing Endpoints,  Worst Slack        0.125ns,  Total Violation        0.000ns
PW    :            0  Failing Endpoints,  Worst Slack       39.500ns,  Total Violation        0.000ns
---------------------------------------------------------------------------------------------------


Max Delay Paths
--------------------------------------------------------------------------------------
Slack (MET) :             49.205ns  (required time - arrival time)
  Source:                 hf_idx_reg[1]/C
                            (rising edge-triggered cell FDCE clocked by clk  {rise@0.000ns fall@40.000ns period=80.000ns})
  Destination:            h_reg[4][id][4]/CE
                            (rising edge-triggered cell FDCE clocked by clk  {rise@0.000ns fall@40.000ns period=80.000ns})
  Path Group:             clk
  Path Type:              Setup (Max at Slow Process Corner)
  Requirement:            80.000ns  (clk rise@80.000ns - clk rise@0.000ns)
  Data Path Delay:        30.506ns  (logic 5.156ns (16.902%)  route 25.350ns (83.098%))
  Logic Levels:           20  (CARRY4=5 LUT2=1 LUT3=2 LUT4=3 LUT6=8 MUXF7=1)
  Clock Path Skew:        -0.049ns (DCD - SCD + CPR)
    Destination Clock Delay (DCD):    0.924ns = ( 80.924 - 80.000 ) 
    Source Clock Delay      (SCD):    0.973ns
    Clock Pessimism Removal (CPR):    0.000ns
  Clock Uncertainty:      0.035ns  ((TSJ^2 + TIJ^2)^1/2 + DJ) / 2 + PE
    Total System Jitter     (TSJ):    0.071ns
    Total Input Jitter      (TIJ):    0.000ns
    Discrete Jitter          (DJ):    0.000ns
    Phase Error              (PE):    0.000ns

    Location             Delay type                Incr(ns)  Path(ns)    Netlist Resource(s)
  -------------------------------------------------------------------    -------------------
                         (clock clk rise edge)        0.000     0.000 r  <hidden>
                                                      0.000     0.000 r  clk
                         net (fo=1673, unset)         0.973     0.973    clk
    SLICE_X16Y166        FDCE                                         r  hf_idx_reg[1]/C
  -------------------------------------------------------------------    -------------------
    SLICE_X16Y166        FDCE (Prop_fdce_C_Q)         0.456     1.429 r  hf_idx_reg[1]/Q
                         net (fo=686, routed)         4.833     6.262    p_0_in[2]
    SLICE_X40Y146        LUT6 (Prop_lut6_I2_O)        0.124     6.386 r  h[3][id][1]_i_14/O
                         net (fo=1, routed)           0.000     6.386    h[3][id][1]_i_14_n_0
    SLICE_X40Y146        MUXF7 (Prop_muxf7_I0_O)      0.212     6.598 r  h_reg[3][id][1]_i_7/O
                         net (fo=22, routed)          2.030     8.628    h_reg[3][id][1]_i_7_n_0
    SLICE_X41Y165        LUT6 (Prop_lut6_I2_O)        0.299     8.927 r  h[3][s][15]_i_130/O
                         net (fo=1, routed)           0.000     8.927    h[3][s][15]_i_130_n_0
    SLICE_X41Y165        CARRY4 (Prop_carry4_S[0]_CO[3])
                                                      0.532     9.459 r  h_reg[3][s][15]_i_85/CO[3]
                         net (fo=1, routed)           0.000     9.459    h_reg[3][s][15]_i_85_n_0
    SLICE_X41Y166        CARRY4 (Prop_carry4_CI_CO[3])
                                                      0.114     9.573 r  h_reg[3][s][15]_i_51/CO[3]
                         net (fo=1, routed)           0.000     9.573    h_reg[3][s][15]_i_51_n_0
    SLICE_X41Y167        CARRY4 (Prop_carry4_CI_CO[2])
                                                      0.228     9.801 r  h_reg[3][s][15]_i_33/CO[2]
                         net (fo=2, routed)           1.178    10.979    beats015_out
    SLICE_X24Y162        LUT3 (Prop_lut3_I0_O)        0.313    11.292 r  h[3][s][15]_i_29/O
                         net (fo=1, routed)           0.667    11.959    h[3][s][15]_i_29_n_0
    SLICE_X24Y162        LUT6 (Prop_lut6_I3_O)        0.124    12.083 r  h[3][s][15]_i_20/O
                         net (fo=4, routed)           1.824    13.907    h[3][s][15]_i_20_n_0
    SLICE_X25Y152        LUT2 (Prop_lut2_I0_O)        0.152    14.059 r  hf_idx[0]_i_6/O
                         net (fo=107, routed)         3.029    17.089    hf_idx[0]_i_6_n_0
    SLICE_X39Y173        LUT6 (Prop_lut6_I4_O)        0.332    17.421 f  hf_idx[2]_i_146/O
                         net (fo=1, routed)           1.127    18.548    hf_idx[2]_i_146_n_0
    SLICE_X39Y170        LUT3 (Prop_lut3_I2_O)        0.152    18.700 r  hf_idx[2]_i_72/O
                         net (fo=3, routed)           1.103    19.802    hf_idx[2]_i_72_n_0
    SLICE_X39Y164        LUT6 (Prop_lut6_I3_O)        0.326    20.128 r  hf_idx[2]_i_31/O
                         net (fo=1, routed)           0.000    20.128    hf_idx[2]_i_31_n_0
    SLICE_X39Y164        CARRY4 (Prop_carry4_S[3]_CO[3])
                                                      0.401    20.529 r  hf_idx_reg[2]_i_17/CO[3]
                         net (fo=1, routed)           0.000    20.529    hf_idx_reg[2]_i_17_n_0
    SLICE_X39Y165        CARRY4 (Prop_carry4_CI_CO[2])
                                                      0.228    20.757 r  hf_idx_reg[2]_i_11/CO[2]
                         net (fo=2, routed)           1.382    22.140    hf_idx_reg[2]_i_11_n_1
    SLICE_X23Y161        LUT4 (Prop_lut4_I1_O)        0.313    22.453 r  hf_idx[2]_i_16/O
                         net (fo=1, routed)           0.505    22.958    hf_idx[2]_i_16_n_0
    SLICE_X22Y161        LUT6 (Prop_lut6_I5_O)        0.124    23.082 r  hf_idx[2]_i_7/O
                         net (fo=7, routed)           0.348    23.430    hf_idx[2]_i_7_n_0
    SLICE_X25Y161        LUT6 (Prop_lut6_I1_O)        0.124    23.554 r  hf_idx[1]_i_6/O
                         net (fo=115, routed)         1.508    25.062    hf_idx[1]_i_6_n_0
    SLICE_X17Y165        LUT4 (Prop_lut4_I2_O)        0.152    25.214 r  FSM_onehot_st[5]_i_9/O
                         net (fo=1, routed)           0.398    25.612    FSM_onehot_st[5]_i_9_n_0
    SLICE_X19Y165        LUT4 (Prop_lut4_I1_O)        0.326    25.938 f  FSM_onehot_st[5]_i_4/O
                         net (fo=12, routed)          1.027    26.965    FSM_onehot_st[5]_i_4_n_0
    SLICE_X17Y167        LUT6 (Prop_lut6_I1_O)        0.124    27.089 r  h[4][s][15]_i_1/O
                         net (fo=53, routed)          4.390    31.479    h[4][s][15]_i_1_n_0
    SLICE_X51Y147        FDCE                                         r  h_reg[4][id][4]/CE
  -------------------------------------------------------------------    -------------------

                         (clock clk rise edge)       80.000    80.000 r  <hidden>
                                                      0.000    80.000 r  clk
                         net (fo=1673, unset)         0.924    80.924    clk
    SLICE_X51Y147        FDCE                                         r  h_reg[4][id][4]/C
                         clock pessimism              0.000    80.924    <hidden>
                         clock uncertainty           -0.035    80.889    <hidden>
    SLICE_X51Y147        FDCE (Setup_fdce_C_CE)      -0.205    80.684    h_reg[4][id][4]
  -------------------------------------------------------------------
                         required time                         80.684    <hidden>
                         arrival time                         -31.479    <hidden>
  -------------------------------------------------------------------
                         slack                                 49.205    <hidden>





Min Delay Paths
--------------------------------------------------------------------------------------
Slack (MET) :             0.125ns  (arrival time - required time)
  Source:                 h_reg[3][s][8]/C
                            (rising edge-triggered cell FDCE clocked by clk  {rise@0.000ns fall@40.000ns period=80.000ns})
  Destination:            sorted_reg[3][s][8]/D
                            (rising edge-triggered cell FDCE clocked by clk  {rise@0.000ns fall@40.000ns period=80.000ns})
  Path Group:             clk
  Path Type:              Hold (Min at Fast Process Corner)
  Requirement:            0.000ns  (clk rise@0.000ns - clk rise@0.000ns)
  Data Path Delay:        0.266ns  (logic 0.186ns (69.810%)  route 0.080ns (30.190%))
  Logic Levels:           1  (LUT6=1)
  Clock Path Skew:        0.022ns (DCD - SCD - CPR)
    Destination Clock Delay (DCD):    0.432ns
    Source Clock Delay      (SCD):    0.410ns
    Clock Pessimism Removal (CPR):    -0.000ns

    Location             Delay type                Incr(ns)  Path(ns)    Netlist Resource(s)
  -------------------------------------------------------------------    -------------------
                         (clock clk rise edge)        0.000     0.000 r  <hidden>
                                                      0.000     0.000 r  clk
                         net (fo=1673, unset)         0.410     0.410    clk
    SLICE_X15Y150        FDCE                                         r  h_reg[3][s][8]/C
  -------------------------------------------------------------------    -------------------
    SLICE_X15Y150        FDCE (Prop_fdce_C_Q)         0.141     0.551 r  h_reg[3][s][8]/Q
                         net (fo=6, routed)           0.080     0.632    h_reg[3][s][8]
    SLICE_X14Y150        LUT6 (Prop_lut6_I5_O)        0.045     0.677 r  sorted[3][s][8]_i_1/O
                         net (fo=1, routed)           0.000     0.677    sorted[3][s][8]_i_1_n_0
    SLICE_X14Y150        FDCE                                         r  sorted_reg[3][s][8]/D
  -------------------------------------------------------------------    -------------------

                         (clock clk rise edge)        0.000     0.000 r  <hidden>
                                                      0.000     0.000 r  clk
                         net (fo=1673, unset)         0.432     0.432    clk
    SLICE_X14Y150        FDCE                                         r  sorted_reg[3][s][8]/C
                         clock pessimism              0.000     0.432    <hidden>
    SLICE_X14Y150        FDCE (Hold_fdce_C_D)         0.120     0.552    sorted_reg[3][s][8]
  -------------------------------------------------------------------
                         required time                         -0.552    <hidden>
                         arrival time                           0.677    <hidden>
  -------------------------------------------------------------------
                         slack                                  0.125    <hidden>





Pulse Width Checks
--------------------------------------------------------------------------------------
Clock Name:         clk
Waveform(ns):       { 0.000 40.000 }
Period(ns):         80.000
Sources:            { clk }

Check Type        Corner  Lib Pin  Reference Pin  Required(ns)  Actual(ns)  Slack(ns)  Location       Pin
Min Period        n/a     FDPE/C   n/a            1.000         80.000      79.000     SLICE_X16Y164  FSM_onehot_st_reg[0]/C
Low Pulse Width   Slow    FDPE/C   n/a            0.500         40.000      39.500     SLICE_X16Y164  FSM_onehot_st_reg[0]/C
High Pulse Width  Slow    FDPE/C   n/a            0.500         40.000      39.500     SLICE_X16Y164  FSM_onehot_st_reg[0]/C



