Copyright 1986-2022 Xilinx, Inc. All Rights Reserved. Copyright 2022-2026 Advanced Micro Devices, Inc. All Rights Reserved.
---------------------------------------------------------------------------------------------------------------------------------------------------------------------------------------------------------------
| Tool Version : Vivado v.2026.1 (win64) Build 6511674 Tue Jun 16 11:02:23 MDT 2026
| Date         : Mon Aug 31 04:29:27 2026
| Host         : laptop-Quan running 64-bit major release  (build 9200)
| Command      : report_utilization -hierarchical -file D:/Jetking_sem4/SEM_4/arty-a7-online-lm-grok-orch-00/results/A7-NATIVE-GRAPH/GROK-ORCH-00/CONTROL-SET-MAILBOX-BIT-00/report_utilization_route_hier.rpt
| Design       : arty_a7_ng_native_v1_ab_soc_top
| Device       : xc7a100tcsg324-1
| Speed File   : -1
| Design State : Physopt postRoute
---------------------------------------------------------------------------------------------------------------------------------------------------------------------------------------------------------------

Utilization Design Information

Table of Contents
-----------------
1. Utilization by Hierarchy

1. Utilization by Hierarchy
---------------------------

+---------------------------------------------------------------------+-----------------------------------------------------+------------+------------+---------+------+-------+--------+--------+------------+
|                               Instance                              |                        Module                       | Total LUTs | Logic LUTs | LUTRAMs | SRLs |  FFs  | RAMB36 | RAMB18 | DSP Blocks |
+---------------------------------------------------------------------+-----------------------------------------------------+------------+------------+---------+------+-------+--------+--------+------------+
| arty_a7_ng_native_v1_ab_soc_top                                     |                                               (top) |      38864 |      36040 |    2674 |  150 | 38053 |    103 |      0 |         19 |
|   (arty_a7_ng_native_v1_ab_soc_top)                                 |                                               (top) |         13 |         13 |       0 |    0 |   215 |      0 |      0 |          0 |
|   u_ab                                                              |                              a7ng_native_v1_ab_core |      32342 |      30118 |    2224 |    0 | 31936 |     96 |      0 |         19 |
|     u_soa                                                           |                                a7ng_cue_soa_mig_top |      14729 |      14649 |      80 |    0 |  6709 |      0 |      0 |          0 |
|       u_tg                                                          |                                  a7ng_termgen_array |       5102 |       5102 |       0 |    0 |  3505 |      0 |      0 |          0 |
|         g_tg[9].u_tg                                                |                               a7ng_termgen_lane__10 |        296 |        296 |       0 |    0 |   202 |      0 |      0 |          0 |
|         g_tg[0].u_tg                                                |                                a7ng_termgen_lane__1 |        296 |        296 |       0 |    0 |   203 |      0 |      0 |          0 |
|         g_tg[10].u_tg                                               |                               a7ng_termgen_lane__11 |        295 |        295 |       0 |    0 |   202 |      0 |      0 |          0 |
|         g_tg[11].u_tg                                               |                               a7ng_termgen_lane__12 |        295 |        295 |       0 |    0 |   202 |      0 |      0 |          0 |
|         g_tg[12].u_tg                                               |                               a7ng_termgen_lane__13 |        294 |        294 |       0 |    0 |   202 |      0 |      0 |          0 |
|         g_tg[13].u_tg                                               |                               a7ng_termgen_lane__14 |        297 |        297 |       0 |    0 |   202 |      0 |      0 |          0 |
|         g_tg[14].u_tg                                               |                               a7ng_termgen_lane__15 |        297 |        297 |       0 |    0 |   202 |      0 |      0 |          0 |
|         g_tg[15].u_tg                                               |                                   a7ng_termgen_lane |        657 |        657 |       0 |    0 |   474 |      0 |      0 |          0 |
|         g_tg[1].u_tg                                                |                                a7ng_termgen_lane__2 |        297 |        297 |       0 |    0 |   202 |      0 |      0 |          0 |
|         g_tg[2].u_tg                                                |                                a7ng_termgen_lane__3 |        294 |        294 |       0 |    0 |   202 |      0 |      0 |          0 |
|         g_tg[3].u_tg                                                |                                a7ng_termgen_lane__4 |        295 |        295 |       0 |    0 |   202 |      0 |      0 |          0 |
|         g_tg[4].u_tg                                                |                                a7ng_termgen_lane__5 |        297 |        297 |       0 |    0 |   202 |      0 |      0 |          0 |
|         g_tg[5].u_tg                                                |                                a7ng_termgen_lane__6 |        295 |        295 |       0 |    0 |   202 |      0 |      0 |          0 |
|         g_tg[6].u_tg                                                |                                a7ng_termgen_lane__7 |        296 |        296 |       0 |    0 |   202 |      0 |      0 |          0 |
|         g_tg[7].u_tg                                                |                                a7ng_termgen_lane__8 |        295 |        295 |       0 |    0 |   202 |      0 |      0 |          0 |
|         g_tg[8].u_tg                                                |                                a7ng_termgen_lane__9 |        296 |        296 |       0 |    0 |   202 |      0 |      0 |          0 |
|       u_br                                                          |                             a7ng_ddr_soa_axi_bridge |        102 |        102 |       0 |    0 |   305 |      0 |      0 |          0 |
|       u_core                                                        |                                      a7ng_ng02_core |       6280 |       6280 |       0 |    0 |  1198 |      0 |      0 |          0 |
|         u_topk                                                      |                                           a7ng_topk |          4 |          4 |       0 |    0 |   385 |      0 |      0 |          0 |
|         u_frontier                                                  |                               a7ng_frontier_buckets |        270 |        270 |       0 |    0 |    64 |      0 |      0 |          0 |
|         u_scorer                                                    |                                   a7ng_scorer_array |       6005 |       6005 |       0 |    0 |   712 |      0 |      0 |          0 |
|           (u_scorer)                                                |                                   a7ng_scorer_array |       5107 |       5107 |       0 |    0 |     0 |      0 |      0 |          0 |
|           g_lane[0].u_lane                                          |                                 a7ng_scorer_lane__1 |         56 |         56 |       0 |    0 |    40 |      0 |      0 |          0 |
|           g_lane[10].u_lane                                         |                                a7ng_scorer_lane__11 |         56 |         56 |       0 |    0 |    40 |      0 |      0 |          0 |
|           g_lane[11].u_lane                                         |                                a7ng_scorer_lane__12 |         56 |         56 |       0 |    0 |    40 |      0 |      0 |          0 |
|           g_lane[12].u_lane                                         |                                a7ng_scorer_lane__13 |         56 |         56 |       0 |    0 |    40 |      0 |      0 |          0 |
|           g_lane[13].u_lane                                         |                                a7ng_scorer_lane__14 |         56 |         56 |       0 |    0 |    40 |      0 |      0 |          0 |
|           g_lane[14].u_lane                                         |                                a7ng_scorer_lane__15 |         56 |         56 |       0 |    0 |    40 |      0 |      0 |          0 |
|           g_lane[15].u_lane                                         |                                    a7ng_scorer_lane |         58 |         58 |       0 |    0 |   112 |      0 |      0 |          0 |
|           g_lane[1].u_lane                                          |                                 a7ng_scorer_lane__2 |         56 |         56 |       0 |    0 |    40 |      0 |      0 |          0 |
|           g_lane[2].u_lane                                          |                                 a7ng_scorer_lane__3 |         56 |         56 |       0 |    0 |    40 |      0 |      0 |          0 |
|           g_lane[3].u_lane                                          |                                 a7ng_scorer_lane__4 |         56 |         56 |       0 |    0 |    40 |      0 |      0 |          0 |
|           g_lane[4].u_lane                                          |                                 a7ng_scorer_lane__5 |         56 |         56 |       0 |    0 |    40 |      0 |      0 |          0 |
|           g_lane[5].u_lane                                          |                                 a7ng_scorer_lane__6 |         56 |         56 |       0 |    0 |    40 |      0 |      0 |          0 |
|           g_lane[6].u_lane                                          |                                 a7ng_scorer_lane__7 |         56 |         56 |       0 |    0 |    40 |      0 |      0 |          0 |
|           g_lane[7].u_lane                                          |                                 a7ng_scorer_lane__8 |         56 |         56 |       0 |    0 |    40 |      0 |      0 |          0 |
|           g_lane[8].u_lane                                          |                                 a7ng_scorer_lane__9 |         56 |         56 |       0 |    0 |    40 |      0 |      0 |          0 |
|           g_lane[9].u_lane                                          |                                a7ng_scorer_lane__10 |         56 |         56 |       0 |    0 |    40 |      0 |      0 |          0 |
|       u_global                                                      |                         a7ng_topk_wavefront_minheap |       2761 |       2761 |       0 |    0 |  1324 |      0 |      0 |          0 |
|       u_soa                                                         |                              a7ng_cue_soa_wavefront |        483 |        403 |      80 |    0 |   369 |      0 |      0 |          0 |
|         (u_soa)                                                     |                              a7ng_cue_soa_wavefront |        246 |        166 |      80 |    0 |   284 |      0 |      0 |          0 |
|         u_pf                                                        |                               a7ng_soa_plane_engine |        239 |        239 |       0 |    0 |    85 |      0 |      0 |          0 |
|     u_bind                                                          |                                a7ng_native_ctx_bind |         14 |         14 |       0 |    0 |    71 |      0 |      0 |          0 |
|     u_core                                                          |                                   tiny_gpt803k_core |      17551 |      15407 |    2144 |    0 | 25119 |     96 |      0 |         19 |
|       (u_core)                                                      |                                   tiny_gpt803k_core |       9042 |       9010 |      32 |    0 | 22712 |      0 |      0 |         18 |
|       u_a                                                           |                                       act_ram128k16 |        457 |        457 |       0 |    0 |     1 |     64 |      0 |          0 |
|       u_fd                                                          |                                        floordiv_s48 |       1498 |       1498 |       0 |    0 |   189 |      0 |      0 |          0 |
|       u_isq                                                         |                                             isqrt32 |         86 |         86 |       0 |    0 |    57 |      0 |      0 |          1 |
|       u_logits                                                      |                                a7lm06_logits_lutram |       1096 |        392 |     704 |    0 |     0 |      0 |      0 |          0 |
|       u_snap                                                        |                                        snap_ram4k16 |       1785 |        377 |    1408 |    0 |    16 |      0 |      0 |          0 |
|         u_candidate                                                 |                                 snap_ram4k16_lutram |       1785 |        377 |    1408 |    0 |    16 |      0 |      0 |          0 |
|       u_w                                                           |                                     weight_tile803k |       3598 |       3598 |       0 |    0 |  2144 |     32 |      0 |          0 |
|         (u_w)                                                       |                                     weight_tile803k |       2660 |       2660 |       0 |    0 |  2143 |      0 |      0 |          0 |
|         TILE.u_bank                                                 |                                    weight_bram_tdp8 |        938 |        938 |       0 |    0 |     1 |     32 |      0 |          0 |
|   u_axi_cdc                                                         |                                   a7ng_axi_read_cdc |        103 |        103 |       0 |    0 |   291 |      2 |      0 |          0 |
|     (u_axi_cdc)                                                     |                                   a7ng_axi_read_cdc |         33 |         33 |       0 |    0 |   127 |      0 |      0 |          0 |
|     u_ar_hs                                                         |                                   xpm_cdc_handshake |          2 |          2 |       0 |    0 |    52 |      0 |      0 |          0 |
|     u_r_fifo                                                        |                      xpm_fifo_async__parameterized2 |         69 |         69 |       0 |    0 |   112 |      2 |      0 |          0 |
|       gnuram_async_fifo.xpm_fifo_base_inst                          |                       xpm_fifo_base__parameterized2 |         69 |         69 |       0 |    0 |   112 |      2 |      0 |          0 |
|   u_boot                                                            |                                   a7ng_ddr_soa_boot |        655 |        655 |       0 |    0 |   190 |      0 |      0 |          0 |
|   u_h2_pack_sync                                                    |                           sync_bits__parameterized4 |        117 |        117 |       0 |    0 |   128 |      0 |      0 |          0 |
|   u_h2_topk_sync                                                    |                         sync_bits__parameterized4_6 |        121 |        121 |       0 |    0 |   128 |      0 |      0 |          0 |
|   u_mig                                                             |                                     mig_native_wrap |       4849 |       4249 |     450 |  150 |  4027 |      0 |      0 |          0 |
|     u_mig                                                           |                                       mig_7series_0 |       4832 |       4232 |     450 |  150 |  4027 |      0 |      0 |          0 |
|       u_mig_7series_0_mig                                           |                                   mig_7series_0_mig |       4832 |       4232 |     450 |  150 |  4027 |      0 |      0 |          0 |
|         temp_mon_enabled.u_tempmon                                  |                            mig_7series_v4_2_tempmon |         39 |         39 |       0 |    0 |   122 |      0 |      0 |          0 |
|         u_memc_ui_top_axi                                           |                    mig_7series_v4_2_memc_ui_top_axi |       4788 |       4188 |     450 |  150 |  3859 |      0 |      0 |          0 |
|           u_ui_top                                                  |                             mig_7series_v4_2_ui_top |        390 |        194 |     196 |    0 |   549 |      0 |      0 |          0 |
|             ui_cmd0                                                 |                             mig_7series_v4_2_ui_cmd |         33 |         33 |       0 |    0 |    54 |      0 |      0 |          0 |
|             ui_rd_data0                                             |                         mig_7series_v4_2_ui_rd_data |        118 |         26 |      92 |    0 |   163 |      0 |      0 |          0 |
|             ui_wr_data0                                             |                         mig_7series_v4_2_ui_wr_data |        239 |        135 |     104 |    0 |   332 |      0 |      0 |          0 |
|           mem_intfc0                                                |                          mig_7series_v4_2_mem_intfc |       3872 |       3601 |     254 |   17 |  2817 |      0 |      0 |          0 |
|             ddr_phy_top0                                            |                        mig_7series_v4_2_ddr_phy_top |       3244 |       2982 |     246 |   16 |  2300 |      0 |      0 |          0 |
|               u_ddr_calib_top                                       |                      mig_7series_v4_2_ddr_calib_top |       2527 |       2513 |       0 |   14 |  1984 |      0 |      0 |          0 |
|                 u_ddr_phy_wrcal                                     |                      mig_7series_v4_2_ddr_phy_wrcal |        169 |        163 |       0 |    6 |   304 |      0 |      0 |          0 |
|                 ddr_phy_rdlvl_gen.u_ddr_phy_rdlvl                   |                      mig_7series_v4_2_ddr_phy_rdlvl |        540 |        540 |       0 |    0 |   872 |      0 |      0 |          0 |
|                 ddr_phy_tempmon_0                                   |                    mig_7series_v4_2_ddr_phy_tempmon |        251 |        251 |       0 |    0 |   231 |      0 |      0 |          0 |
|                 dqsfind_calib_left.u_ddr_phy_dqs_found_cal_hr       |           mig_7series_v4_2_ddr_phy_dqs_found_cal_hr |        157 |        156 |       0 |    1 |    91 |      0 |      0 |          0 |
|                 mb_wrlvl_inst.u_ddr_phy_wrlvl                       |                      mig_7series_v4_2_ddr_phy_wrlvl |        261 |        260 |       0 |    1 |   160 |      0 |      0 |          0 |
|                 u_ddr_phy_init                                      |                       mig_7series_v4_2_ddr_phy_init |       1118 |       1114 |       0 |    4 |   281 |      0 |      0 |          0 |
|               u_ddr_mc_phy_wrapper                                  |                 mig_7series_v4_2_ddr_mc_phy_wrapper |        719 |        471 |     246 |    2 |   316 |      0 |      0 |          0 |
|                 u_ddr_mc_phy                                        |                         mig_7series_v4_2_ddr_mc_phy |        719 |        471 |     246 |    2 |   292 |      0 |      0 |          0 |
|                   ddr_phy_4lanes_0.u_ddr_phy_4lanes                 |                     mig_7series_v4_2_ddr_phy_4lanes |        719 |        471 |     246 |    2 |   276 |      0 |      0 |          0 |
|                     ddr_byte_lane_D.ddr_byte_lane_D                 |      mig_7series_v4_2_ddr_byte_lane__parameterized2 |        375 |        282 |      92 |    1 |   112 |      0 |      0 |          0 |
|                       (ddr_byte_lane_D.ddr_byte_lane_D)             |      mig_7series_v4_2_ddr_byte_lane__parameterized2 |          6 |          6 |       0 |    0 |    69 |      0 |      0 |          0 |
|                       dq_gen_40.if_post_fifo_gen.u_ddr_if_post_fifo |                   mig_7series_v4_2_ddr_if_post_fifo |        273 |        229 |      44 |    0 |    18 |      0 |      0 |          0 |
|                       of_pre_fifo_gen.u_ddr_of_pre_fifo             |    mig_7series_v4_2_ddr_of_pre_fifo__parameterized1 |         94 |         46 |      48 |    0 |    24 |      0 |      0 |          0 |
|                     ddr_byte_lane_A.ddr_byte_lane_A                 |                      mig_7series_v4_2_ddr_byte_lane |         53 |         23 |      30 |    0 |    20 |      0 |      0 |          0 |
|                       of_pre_fifo_gen.u_ddr_of_pre_fifo             | mig_7series_v4_2_ddr_of_pre_fifo__parameterized1_41 |         52 |         22 |      30 |    0 |    19 |      0 |      0 |          0 |
|                     ddr_byte_lane_B.ddr_byte_lane_B                 |      mig_7series_v4_2_ddr_byte_lane__parameterized0 |         64 |         32 |      32 |    0 |    19 |      0 |      0 |          0 |
|                       of_pre_fifo_gen.u_ddr_of_pre_fifo             | mig_7series_v4_2_ddr_of_pre_fifo__parameterized1_40 |         55 |         23 |      32 |    0 |    19 |      0 |      0 |          0 |
|                     ddr_byte_lane_C.ddr_byte_lane_C                 |      mig_7series_v4_2_ddr_byte_lane__parameterized1 |        223 |        131 |      92 |    0 |   105 |      0 |      0 |          0 |
|                       (ddr_byte_lane_C.ddr_byte_lane_C)             |      mig_7series_v4_2_ddr_byte_lane__parameterized1 |          1 |          1 |       0 |    0 |    69 |      0 |      0 |          0 |
|                       dq_gen_40.if_post_fifo_gen.u_ddr_if_post_fifo |                mig_7series_v4_2_ddr_if_post_fifo_38 |        127 |         83 |      44 |    0 |    11 |      0 |      0 |          0 |
|                       of_pre_fifo_gen.u_ddr_of_pre_fifo             | mig_7series_v4_2_ddr_of_pre_fifo__parameterized1_39 |         95 |         47 |      48 |    0 |    24 |      0 |      0 |          0 |
|             mc0                                                     |                                 mig_7series_v4_2_mc |        630 |        621 |       8 |    1 |   517 |      0 |      0 |          0 |
|               (mc0)                                                 |                                 mig_7series_v4_2_mc |         97 |         97 |       0 |    0 |    73 |      0 |      0 |          0 |
|               bank_mach0                                            |                          mig_7series_v4_2_bank_mach |        458 |        458 |       0 |    0 |   357 |      0 |      0 |          0 |
|                 arb_mux0                                            |                            mig_7series_v4_2_arb_mux |        167 |        167 |       0 |    0 |    36 |      0 |      0 |          0 |
|                   arb_row_col0                                      |                        mig_7series_v4_2_arb_row_col |        167 |        167 |       0 |    0 |    32 |      0 |      0 |          0 |
|                     row_arb0                                        | mig_7series_v4_2_round_robin_arb__parameterized1_35 |         54 |         54 |       0 |    0 |     8 |      0 |      0 |          0 |
|                     col_arb0                                        |    mig_7series_v4_2_round_robin_arb__parameterized1 |         62 |         62 |       0 |    0 |     8 |      0 |      0 |          0 |
|                 bank_cntrl[0].bank0                                 |                         mig_7series_v4_2_bank_cntrl |         68 |         68 |       0 |    0 |    76 |      0 |      0 |          0 |
|                 bank_cntrl[1].bank0                                 |         mig_7series_v4_2_bank_cntrl__parameterized0 |         66 |         66 |       0 |    0 |    74 |      0 |      0 |          0 |
|                 bank_cntrl[2].bank0                                 |         mig_7series_v4_2_bank_cntrl__parameterized1 |         67 |         67 |       0 |    0 |    75 |      0 |      0 |          0 |
|                 bank_cntrl[3].bank0                                 |         mig_7series_v4_2_bank_cntrl__parameterized2 |         68 |         68 |       0 |    0 |    74 |      0 |      0 |          0 |
|               rank_mach0                                            |                          mig_7series_v4_2_rank_mach |         55 |         54 |       0 |    1 |    61 |      0 |      0 |          0 |
|           u_axi_mc                                                  |                             mig_7series_v4_2_axi_mc |        558 |        425 |       0 |  133 |   491 |      0 |      0 |          0 |
|             axi_mc_w_channel_0                                      |                   mig_7series_v4_2_axi_mc_w_channel |        163 |        163 |       0 |    0 |   291 |      0 |      0 |          0 |
|             axi_mc_ar_channel_0                                     |                  mig_7series_v4_2_axi_mc_ar_channel |        101 |        101 |       0 |    0 |    74 |      0 |      0 |          0 |
|               ar_cmd_fsm_0                                          |                     mig_7series_v4_2_axi_mc_cmd_fsm |        101 |        101 |       0 |    0 |     1 |      0 |      0 |          0 |
|             axi_mc_aw_channel_0                                     |                  mig_7series_v4_2_axi_mc_aw_channel |         99 |         99 |       0 |    0 |    63 |      0 |      0 |          0 |
|               aw_cmd_fsm_0                                          |                  mig_7series_v4_2_axi_mc_wr_cmd_fsm |         99 |         99 |       0 |    0 |     1 |      0 |      0 |          0 |
|             axi_mc_r_channel_0                                      |                   mig_7series_v4_2_axi_mc_r_channel |        162 |         29 |       0 |  133 |    25 |      0 |      0 |          0 |
|               rd_data_fifo_0                                        |        mig_7series_v4_2_axi_mc_fifo__parameterized0 |        141 |         13 |       0 |  128 |     6 |      0 |      0 |          0 |
|   u_stat_sync                                                       |                           sync_bits__parameterized2 |         86 |         86 |       0 |    0 |    24 |      0 |      0 |          0 |
|   u_wdma                                                            |                                        ddr_tile_dma |        143 |        143 |       0 |    0 |    79 |      0 |      0 |          0 |
|   u_wdma_cdc                                                        |                                       a7ng_wdma_cdc |        181 |        181 |       0 |    0 |   623 |      5 |      0 |          0 |
|     (u_wdma_cdc)                                                    |                                       a7ng_wdma_cdc |         25 |         25 |       0 |    0 |   342 |      0 |      0 |          0 |
|     u_cmd_fifo                                                      |                                      xpm_fifo_async |         49 |         49 |       0 |    0 |    82 |      1 |      0 |          0 |
|       gnuram_async_fifo.xpm_fifo_base_inst                          |                                       xpm_fifo_base |         49 |         49 |       0 |    0 |    82 |      1 |      0 |          0 |
|     u_r_fifo                                                        |                      xpm_fifo_async__parameterized1 |         56 |         56 |       0 |    0 |    97 |      2 |      0 |          0 |
|       gnuram_async_fifo.xpm_fifo_base_inst                          |                       xpm_fifo_base__parameterized1 |         56 |         56 |       0 |    0 |    97 |      2 |      0 |          0 |
|     u_w_fifo                                                        |                      xpm_fifo_async__parameterized0 |         49 |         49 |       0 |    0 |    82 |      2 |      0 |          0 |
|       gnuram_async_fifo.xpm_fifo_base_inst                          |                       xpm_fifo_base__parameterized0 |         49 |         49 |       0 |    0 |    82 |      2 |      0 |          0 |
|   u_wmem_boot                                                       |                                  a7ng_ddr_wmem_boot |        172 |        172 |       0 |    0 |   361 |      0 |      0 |          0 |
+---------------------------------------------------------------------+-----------------------------------------------------+------------+------------+---------+------+-------+--------+--------+------------+
* Note: The sum of lower-level cells may be larger than their parent cells total, due to cross-hierarchy LUT combining


