Copyright 1986-2022 Xilinx, Inc. All Rights Reserved. Copyright 2022-2026 Advanced Micro Devices, Inc. All Rights Reserved.
----------------------------------------------------------------------------------------------------------------------------------------------------------
| Tool Version : Vivado v.2026.1 (win64) Build 6511674 Tue Jun 16 11:02:23 MDT 2026
| Date         : Sat Aug 22 18:33:36 2026
| Host         : laptop-Quan running 64-bit major release  (build 9200)
| Command      : report_timing_summary -file D:/Jetking_sem4/SEM_4/arty-a7-online-lm/results/A7-NATIVE-GRAPH/WF-GLOBAL-TOPK-00/wavefront_timing_route.rpt
| Design       : a7ng_ddr_wavefront_top
| Device       : 7a100t-csg324
| Speed File   : -1  PRODUCTION 1.23 2018-06-13
| Design State : Routed
----------------------------------------------------------------------------------------------------------------------------------------------------------

Timing Summary Report

------------------------------------------------------------------------------------------------
| Timer Settings
| --------------
------------------------------------------------------------------------------------------------

  Enable Multi Corner Analysis               :  Yes
  Enable Pessimism Removal                   :  Yes
  Pessimism Removal Resolution               :  Nearest Common Node
  Enable Input Delay Default Clock           :  No
  Enable Preset / Clear Arcs                 :  No
  Disable Flight Delays                      :  No
  Ignore I/O Paths                           :  No
  Timing Early Launch at Borrowing Latches   :  No
  Borrow Time for Max Delay Exceptions       :  Yes
  Merge Timing Exceptions                    :  Yes
  Inter-SLR Compensation                     :  Conservative

  Corner  Analyze    Analyze    
  Name    Max Paths  Min Paths  
  ------  ---------  ---------  
  Slow    Yes        Yes        
  Fast    Yes        Yes        


------------------------------------------------------------------------------------------------
| Report Methodology
| ------------------
------------------------------------------------------------------------------------------------

No report available as report_methodology has not been run prior. Run report_methodology on the current design for the summary of methodology violations.



check_timing report

Table of Contents
-----------------
1. checking no_clock (0)
2. checking constant_clock (0)
3. checking pulse_width_clock (0)
4. checking unconstrained_internal_endpoints (0)
5. checking no_input_delay (542)
6. checking no_output_delay (2569)
7. checking multiple_clock (0)
8. checking generated_clocks (0)
9. checking loops (0)
10. checking partial_input_delay (0)
11. checking partial_output_delay (0)
12. checking latch_loops (0)

1. checking no_clock (0)
------------------------
 There are 0 register/latch pins with no clock.


2. checking constant_clock (0)
------------------------------
 There are 0 register/latch pins with constant_clock.


3. checking pulse_width_clock (0)
---------------------------------
 There are 0 register/latch pins which need pulse_width check


4. checking unconstrained_internal_endpoints (0)
------------------------------------------------
 There are 0 pins that are not constrained for maximum delay.

 There are 0 pins that are not constrained for maximum delay due to constant clock.


5. checking no_input_delay (542)
--------------------------------
 There are 540 input ports with no input delay specified. (HIGH)

 There are 2 input ports with no input delay but user has a false path constraint. (MEDIUM)


6. checking no_output_delay (2569)
----------------------------------
 There are 2569 ports with no output delay specified. (HIGH)

 There are 0 ports with no output delay but user has a false path constraint

 There are 0 ports with no output delay but with a timing clock defined on it or propagating through it


7. checking multiple_clock (0)
------------------------------
 There are 0 register/latch pins with multiple clocks.


8. checking generated_clocks (0)
--------------------------------
 There are 0 generated clocks that are not connected to a clock source.


9. checking loops (0)
---------------------
 There are 0 combinational loops in the design.


10. checking partial_input_delay (0)
------------------------------------
 There are 0 input ports with partial input delay specified.


11. checking partial_output_delay (0)
-------------------------------------
 There are 0 ports with partial output delay specified.


12. checking latch_loops (0)
----------------------------
 There are 0 combinational latch loops in the design through latch input



------------------------------------------------------------------------------------------------
| Design Timing Summary
| ---------------------
------------------------------------------------------------------------------------------------

    WNS(ns)      TNS(ns)  TNS Failing Endpoints  TNS Total Endpoints      WHS(ns)      THS(ns)  THS Failing Endpoints  THS Total Endpoints     WPWS(ns)     TPWS(ns)  TPWS Failing Endpoints  TPWS Total Endpoints  
    -------      -------  ---------------------  -------------------      -------      -------  ---------------------  -------------------     --------     --------  ----------------------  --------------------  
    -49.463  -307116.906                  43428                61715        0.146        0.000                      0                61715        4.500        0.000                       0                 34625  


Timing constraints are not met.


------------------------------------------------------------------------------------------------
| Clock Summary
| -------------
------------------------------------------------------------------------------------------------

Clock  Waveform(ns)       Period(ns)      Frequency(MHz)
-----  ------------       ----------      --------------
clk    {0.000 5.000}      10.000          100.000         


------------------------------------------------------------------------------------------------
| Intra Clock Table
| -----------------
------------------------------------------------------------------------------------------------

Clock             WNS(ns)      TNS(ns)  TNS Failing Endpoints  TNS Total Endpoints      WHS(ns)      THS(ns)  THS Failing Endpoints  THS Total Endpoints     WPWS(ns)     TPWS(ns)  TPWS Failing Endpoints  TPWS Total Endpoints  
-----             -------      -------  ---------------------  -------------------      -------      -------  ---------------------  -------------------     --------     --------  ----------------------  --------------------  
clk               -49.463  -307116.906                  43428                61715        0.146        0.000                      0                61715        4.500        0.000                       0                 34625  


------------------------------------------------------------------------------------------------
| Inter Clock Table
| -----------------
------------------------------------------------------------------------------------------------

From Clock    To Clock          WNS(ns)      TNS(ns)  TNS Failing Endpoints  TNS Total Endpoints      WHS(ns)      THS(ns)  THS Failing Endpoints  THS Total Endpoints  
----------    --------          -------      -------  ---------------------  -------------------      -------      -------  ---------------------  -------------------  


------------------------------------------------------------------------------------------------
| Other Path Groups Table
| -----------------------
------------------------------------------------------------------------------------------------

Path Group    From Clock    To Clock          WNS(ns)      TNS(ns)  TNS Failing Endpoints  TNS Total Endpoints      WHS(ns)      THS(ns)  THS Failing Endpoints  THS Total Endpoints  
----------    ----------    --------          -------      -------  ---------------------  -------------------      -------      -------  ---------------------  -------------------  


------------------------------------------------------------------------------------------------
| Timing Details
| --------------
------------------------------------------------------------------------------------------------


---------------------------------------------------------------------------------------------------
From Clock:  clk
  To Clock:  clk

Setup :        43428  Failing Endpoints,  Worst Slack      -49.463ns,  Total Violation  -307116.919ns
Hold  :            0  Failing Endpoints,  Worst Slack        0.146ns,  Total Violation        0.000ns
PW    :            0  Failing Endpoints,  Worst Slack        4.500ns,  Total Violation        0.000ns
---------------------------------------------------------------------------------------------------


Max Delay Paths
--------------------------------------------------------------------------------------
Slack (VIOLATED) :        -49.463ns  (required time - arrival time)
  Source:                 u_global/wave_i_lat_reg[7][3]/C
                            (rising edge-triggered cell FDCE clocked by clk  {rise@0.000ns fall@5.000ns period=10.000ns})
  Destination:            u_global/u_merge/id_o_reg[2][11]/D
                            (rising edge-triggered cell FDCE clocked by clk  {rise@0.000ns fall@5.000ns period=10.000ns})
  Path Group:             clk
  Path Type:              Setup (Max at Slow Process Corner)
  Requirement:            10.000ns  (clk rise@10.000ns - clk rise@0.000ns)
  Data Path Delay:        59.410ns  (logic 14.249ns (23.984%)  route 45.161ns (76.016%))
  Logic Levels:           73  (CARRY4=31 LUT2=1 LUT3=5 LUT4=2 LUT5=14 LUT6=20)
  Clock Path Skew:        -0.049ns (DCD - SCD + CPR)
    Destination Clock Delay (DCD):    0.924ns = ( 10.924 - 10.000 ) 
    Source Clock Delay      (SCD):    0.973ns
    Clock Pessimism Removal (CPR):    0.000ns
  Clock Uncertainty:      0.035ns  ((TSJ^2 + TIJ^2)^1/2 + DJ) / 2 + PE
    Total System Jitter     (TSJ):    0.071ns
    Total Input Jitter      (TIJ):    0.000ns
    Discrete Jitter          (DJ):    0.000ns
    Phase Error              (PE):    0.000ns

    Location             Delay type                Incr(ns)  Path(ns)    Netlist Resource(s)
  -------------------------------------------------------------------    -------------------
                         (clock clk rise edge)        0.000     0.000 r  <hidden>
                                                      0.000     0.000 r  clk
                         net (fo=34624, unset)        0.973     0.973    u_global/clk
    SLICE_X66Y103        FDCE                                         r  u_global/wave_i_lat_reg[7][3]/C
  -------------------------------------------------------------------    -------------------
    SLICE_X66Y103        FDCE (Prop_fdce_C_Q)         0.478     1.451 r  u_global/wave_i_lat_reg[7][3]/Q
                         net (fo=13, routed)          1.015     2.466    u_global/u_merge/score_o_reg[0][15]_i_1129_1[3]
    SLICE_X64Y103        LUT4 (Prop_lut4_I3_O)        0.301     2.767 r  u_global/u_merge/score_o[0][15]_i_3358__0/O
                         net (fo=1, routed)           0.000     2.767    u_global/u_merge/score_o[0][15]_i_3358__0_n_0
    SLICE_X64Y103        CARRY4 (Prop_carry4_S[1]_CO[3])
                                                      0.550     3.317 r  u_global/u_merge/score_o_reg[0][15]_i_3043/CO[3]
                         net (fo=1, routed)           0.000     3.317    u_global/u_merge/score_o_reg[0][15]_i_3043_n_0
    SLICE_X64Y104        CARRY4 (Prop_carry4_CI_CO[3])
                                                      0.114     3.431 r  u_global/u_merge/score_o_reg[0][15]_i_2500/CO[3]
                         net (fo=1, routed)           0.000     3.431    u_global/u_merge/score_o_reg[0][15]_i_2500_n_0
    SLICE_X64Y105        CARRY4 (Prop_carry4_CI_CO[3])
                                                      0.114     3.545 r  u_global/u_merge/score_o_reg[0][15]_i_1820/CO[3]
                         net (fo=1, routed)           0.000     3.545    u_global/u_merge/score_o_reg[0][15]_i_1820_n_0
    SLICE_X64Y106        CARRY4 (Prop_carry4_CI_CO[3])
                                                      0.114     3.659 f  u_global/u_merge/score_o_reg[0][15]_i_1130__0/CO[3]
                         net (fo=4, routed)           1.465     5.124    u_global/u_merge/score_o_reg[0][15]_i_1130__0_n_0
    SLICE_X66Y103        LUT6 (Prop_lut6_I1_O)        0.124     5.248 r  u_global/u_merge/score_o[0][15]_i_2546__0/O
                         net (fo=123, routed)         1.441     6.689    u_global/u_merge/score_o[0][15]_i_2546__0_n_0
    SLICE_X62Y106        LUT3 (Prop_lut3_I2_O)        0.124     6.813 r  u_global/u_merge/score_o[0][15]_i_3074__0/O
                         net (fo=1, routed)           0.703     7.517    u_global/u_merge/score_o[0][15]_i_3074__0_n_0
    SLICE_X61Y106        LUT6 (Prop_lut6_I4_O)        0.124     7.641 r  u_global/u_merge/score_o[0][15]_i_2537/O
                         net (fo=1, routed)           0.953     8.593    u_global/u_merge/score_o[0][15]_i_2537_n_0
    SLICE_X61Y104        CARRY4 (Prop_carry4_DI[3]_CO[3])
                                                      0.385     8.978 r  u_global/u_merge/score_o_reg[0][15]_i_1867/CO[3]
                         net (fo=1, routed)           0.000     8.978    u_global/u_merge/score_o_reg[0][15]_i_1867_n_0
    SLICE_X61Y105        CARRY4 (Prop_carry4_CI_CO[3])
                                                      0.114     9.092 r  u_global/u_merge/score_o_reg[0][15]_i_1149/CO[3]
                         net (fo=2, routed)           1.227    10.319    u_global/u_merge/score_o_reg[0][15]_i_1149_n_0
    SLICE_X54Y106        LUT6 (Prop_lut6_I0_O)        0.124    10.443 r  u_global/u_merge/score_o[0][15]_i_603__0/O
                         net (fo=70, routed)          1.320    11.763    u_global/u_merge/score_o[0][15]_i_603__0_n_0
    SLICE_X48Y105        LUT5 (Prop_lut5_I3_O)        0.124    11.887 r  u_global/u_merge/id_o[0][16]_i_41__0/O
                         net (fo=13, routed)          1.168    13.056    u_global/u_merge/id_o[0][16]_i_41__0_n_0
    SLICE_X41Y109        LUT6 (Prop_lut6_I2_O)        0.124    13.180 r  u_global/u_merge/score_o[0][11]_i_138/O
                         net (fo=1, routed)           0.000    13.180    u_global/u_merge/score_o[0][11]_i_138_n_0
    SLICE_X41Y109        CARRY4 (Prop_carry4_S[1]_CO[3])
                                                      0.550    13.730 r  u_global/u_merge/score_o_reg[0][11]_i_109/CO[3]
                         net (fo=1, routed)           0.000    13.730    u_global/u_merge/score_o_reg[0][11]_i_109_n_0
    SLICE_X41Y110        CARRY4 (Prop_carry4_CI_CO[2])
                                                      0.228    13.958 f  u_global/u_merge/score_o_reg[0][11]_i_91/CO[2]
                         net (fo=3, routed)           0.812    14.770    u_global/u_merge/p_132_out
    SLICE_X40Y110        LUT6 (Prop_lut6_I5_O)        0.313    15.083 f  u_global/u_merge/score_o[0][11]_i_75__0/O
                         net (fo=5, routed)           0.884    15.968    u_global/u_merge/score_o[0][11]_i_75__0_n_0
    SLICE_X34Y111        LUT6 (Prop_lut6_I0_O)        0.124    16.092 r  u_global/u_merge/score_o[0][11]_i_52__0/O
                         net (fo=314, routed)         0.897    16.988    u_global/u_merge/score_o[0][11]_i_52__0_n_0
    SLICE_X33Y113        LUT3 (Prop_lut3_I1_O)        0.124    17.112 r  u_global/u_merge/id_o[0][3]_i_62__0/O
                         net (fo=6, routed)           1.585    18.697    u_global/u_merge/id_o[0][3]_i_62__0_n_0
    SLICE_X14Y123        LUT6 (Prop_lut6_I3_O)        0.124    18.821 r  u_global/u_merge/score_o[0][15]_i_3296__0/O
                         net (fo=1, routed)           0.844    19.665    u_global/u_merge/score_o[0][15]_i_3296__0_n_0
    SLICE_X15Y117        CARRY4 (Prop_carry4_DI[1]_CO[3])
                                                      0.507    20.172 r  u_global/u_merge/score_o_reg[0][15]_i_2890/CO[3]
                         net (fo=1, routed)           0.000    20.172    u_global/u_merge/score_o_reg[0][15]_i_2890_n_0
    SLICE_X15Y118        CARRY4 (Prop_carry4_CI_CO[3])
                                                      0.114    20.286 r  u_global/u_merge/score_o_reg[0][15]_i_2210/CO[3]
                         net (fo=1, routed)           0.000    20.286    u_global/u_merge/score_o_reg[0][15]_i_2210_n_0
    SLICE_X15Y119        CARRY4 (Prop_carry4_CI_CO[3])
                                                      0.114    20.400 r  u_global/u_merge/score_o_reg[0][15]_i_1451/CO[3]
                         net (fo=1, routed)           0.000    20.400    u_global/u_merge/score_o_reg[0][15]_i_1451_n_0
    SLICE_X15Y120        CARRY4 (Prop_carry4_CI_CO[3])
                                                      0.114    20.514 r  u_global/u_merge/score_o_reg[0][15]_i_808/CO[3]
                         net (fo=3, routed)           1.246    21.760    u_global/u_merge/score_o_reg[0][15]_i_808_n_0
    SLICE_X14Y122        LUT5 (Prop_lut5_I2_O)        0.124    21.884 f  u_global/u_merge/score_o[0][15]_i_364/O
                         net (fo=9, routed)           0.753    22.637    u_global/u_merge/score_o[0][15]_i_364_n_0
    SLICE_X28Y121        LUT6 (Prop_lut6_I0_O)        0.124    22.761 r  u_global/u_merge/score_o[0][15]_i_132__0/O
                         net (fo=257, routed)         1.065    23.826    u_global/u_merge/score_o[0][15]_i_132__0_n_0
    SLICE_X34Y115        LUT5 (Prop_lut5_I3_O)        0.124    23.950 r  u_global/u_merge/score_o[0][15]_i_2247__0/O
                         net (fo=7, routed)           1.250    25.200    u_global/u_merge/score_o[0][15]_i_2247__0_n_0
    SLICE_X33Y110        LUT6 (Prop_lut6_I4_O)        0.124    25.324 r  u_global/u_merge/score_o[0][15]_i_2884__0/O
                         net (fo=1, routed)           0.860    26.184    u_global/u_merge/score_o[0][15]_i_2884__0_n_0
    SLICE_X32Y115        CARRY4 (Prop_carry4_DI[1]_CO[3])
                                                      0.507    26.691 r  u_global/u_merge/score_o_reg[0][15]_i_2197/CO[3]
                         net (fo=1, routed)           0.000    26.691    u_global/u_merge/score_o_reg[0][15]_i_2197_n_0
    SLICE_X32Y116        CARRY4 (Prop_carry4_CI_CO[3])
                                                      0.114    26.805 r  u_global/u_merge/score_o_reg[0][15]_i_1439/CO[3]
                         net (fo=1, routed)           0.000    26.805    u_global/u_merge/score_o_reg[0][15]_i_1439_n_0
    SLICE_X32Y117        CARRY4 (Prop_carry4_CI_CO[3])
                                                      0.114    26.919 r  u_global/u_merge/score_o_reg[0][15]_i_806/CO[3]
                         net (fo=1, routed)           0.644    27.563    u_global/u_merge/score_o_reg[0][15]_i_806_n_0
    SLICE_X34Y116        LUT5 (Prop_lut5_I3_O)        0.124    27.687 r  u_global/u_merge/score_o[0][15]_i_361/O
                         net (fo=1, routed)           0.500    28.187    u_global/u_merge/score_o[0][15]_i_361_n_0
    SLICE_X35Y116        LUT6 (Prop_lut6_I5_O)        0.124    28.311 f  u_global/u_merge/score_o[0][15]_i_128__0/O
                         net (fo=10, routed)          0.842    29.153    u_global/u_merge/score_o[0][15]_i_128__0_n_0
    SLICE_X37Y116        LUT5 (Prop_lut5_I4_O)        0.124    29.277 r  u_global/u_merge/id_o[0][31]_i_18__0/O
                         net (fo=129, routed)         1.254    30.531    u_global/u_merge/id_o[0][31]_i_18__0_n_0
    SLICE_X34Y122        LUT5 (Prop_lut5_I3_O)        0.124    30.655 f  u_global/u_merge/id_o[0][9]_i_15__0/O
                         net (fo=8, routed)           1.224    31.879    u_global/u_merge/id_o[0][9]_i_15__0_n_0
    SLICE_X34Y118        LUT6 (Prop_lut6_I4_O)        0.124    32.003 r  u_global/u_merge/score_o[0][15]_i_2181__0/O
                         net (fo=1, routed)           0.738    32.741    u_global/u_merge/score_o[0][15]_i_2181__0_n_0
    SLICE_X35Y118        CARRY4 (Prop_carry4_DI[0]_CO[3])
                                                      0.526    33.267 r  u_global/u_merge/score_o_reg[0][15]_i_1406/CO[3]
                         net (fo=1, routed)           0.000    33.267    u_global/u_merge/score_o_reg[0][15]_i_1406_n_0
    SLICE_X35Y119        CARRY4 (Prop_carry4_CI_CO[3])
                                                      0.114    33.381 r  u_global/u_merge/score_o_reg[0][15]_i_767/CO[3]
                         net (fo=1, routed)           0.000    33.381    u_global/u_merge/score_o_reg[0][15]_i_767_n_0
    SLICE_X35Y120        CARRY4 (Prop_carry4_CI_CO[3])
                                                      0.114    33.495 r  u_global/u_merge/score_o_reg[0][15]_i_342__0/CO[3]
                         net (fo=1, routed)           0.944    34.439    u_global/u_merge/score_o_reg[0][15]_i_342__0_n_0
    SLICE_X34Y124        LUT4 (Prop_lut4_I3_O)        0.124    34.563 r  u_global/u_merge/score_o[0][15]_i_122/O
                         net (fo=1, routed)           0.593    35.157    u_global/u_merge/score_o[0][15]_i_122_n_0
    SLICE_X33Y126        LUT6 (Prop_lut6_I0_O)        0.124    35.281 r  u_global/u_merge/score_o[0][15]_i_34__0/O
                         net (fo=57, routed)          0.676    35.957    u_global/u_merge/score_o[0][15]_i_34__0_n_0
    SLICE_X34Y127        LUT3 (Prop_lut3_I1_O)        0.124    36.081 r  u_global/u_merge/score_o[0][15]_i_114__0/O
                         net (fo=118, routed)         0.763    36.844    u_global/u_merge/score_o[0][15]_i_114__0_n_0
    SLICE_X38Y125        LUT5 (Prop_lut5_I4_O)        0.124    36.968 r  u_global/u_merge/id_o[0][3]_i_30__0/O
                         net (fo=7, routed)           0.911    37.879    u_global/u_merge/id_o[0][3]_i_30__0_n_0
    SLICE_X40Y124        LUT6 (Prop_lut6_I4_O)        0.124    38.003 r  u_global/u_merge/score_o[0][8]_i_580/O
                         net (fo=1, routed)           0.474    38.477    u_global/u_merge/score_o[0][8]_i_580_n_0
    SLICE_X36Y124        CARRY4 (Prop_carry4_DI[1]_CO[3])
                                                      0.507    38.984 r  u_global/u_merge/score_o_reg[0][8]_i_520/CO[3]
                         net (fo=1, routed)           0.009    38.993    u_global/u_merge/score_o_reg[0][8]_i_520_n_0
    SLICE_X36Y125        CARRY4 (Prop_carry4_CI_CO[3])
                                                      0.114    39.107 r  u_global/u_merge/score_o_reg[0][8]_i_428/CO[3]
                         net (fo=1, routed)           0.000    39.107    u_global/u_merge/score_o_reg[0][8]_i_428_n_0
    SLICE_X36Y126        CARRY4 (Prop_carry4_CI_CO[3])
                                                      0.114    39.221 r  u_global/u_merge/score_o_reg[0][8]_i_303/CO[3]
                         net (fo=1, routed)           0.000    39.221    u_global/u_merge/score_o_reg[0][8]_i_303_n_0
    SLICE_X36Y127        CARRY4 (Prop_carry4_CI_CO[3])
                                                      0.114    39.335 f  u_global/u_merge/score_o_reg[0][8]_i_165/CO[3]
                         net (fo=1, routed)           0.785    40.121    u_global/u_merge/score_o_reg[0][8]_i_165_n_0
    SLICE_X38Y129        LUT2 (Prop_lut2_I1_O)        0.124    40.245 r  u_global/u_merge/score_o[0][8]_i_63__0/O
                         net (fo=1, routed)           0.747    40.992    u_global/u_merge/score_o[0][8]_i_63__0_n_0
    SLICE_X36Y131        LUT6 (Prop_lut6_I4_O)        0.124    41.116 r  u_global/u_merge/score_o[0][8]_i_18__0/O
                         net (fo=117, routed)         1.299    42.415    u_global/u_merge/score_o[0][8]_i_18__0_n_0
    SLICE_X41Y136        LUT5 (Prop_lut5_I3_O)        0.124    42.539 r  u_global/u_merge/id_o[0][14]_i_33__0/O
                         net (fo=4, routed)           0.712    43.251    u_global/u_merge/id_o[0][14]_i_33__0_n_0
    SLICE_X41Y135        LUT6 (Prop_lut6_I5_O)        0.124    43.375 r  u_global/u_merge/score_o[0][15]_i_2144__0/O
                         net (fo=2, routed)           0.999    44.374    u_global/u_merge/score_o[0][15]_i_2144__0_n_0
    SLICE_X38Y131        LUT5 (Prop_lut5_I4_O)        0.124    44.498 r  u_global/u_merge/score_o[0][15]_i_1354/O
                         net (fo=1, routed)           0.000    44.498    u_global/u_merge/score_o[0][15]_i_1354_n_0
    SLICE_X38Y131        CARRY4 (Prop_carry4_S[0]_CO[3])
                                                      0.513    45.011 r  u_global/u_merge/score_o_reg[0][15]_i_731/CO[3]
                         net (fo=1, routed)           0.000    45.011    u_global/u_merge/score_o_reg[0][15]_i_731_n_0
    SLICE_X38Y132        CARRY4 (Prop_carry4_CI_CO[2])
                                                      0.229    45.240 f  u_global/u_merge/score_o_reg[0][15]_i_329/CO[2]
                         net (fo=2, routed)           0.463    45.703    u_global/u_merge/p_24_out
    SLICE_X36Y132        LUT3 (Prop_lut3_I0_O)        0.310    46.013 f  u_global/u_merge/score_o[0][15]_i_110__0/O
                         net (fo=3, routed)           0.748    46.762    u_global/u_merge/score_o[0][15]_i_110__0_n_0
    SLICE_X35Y131        LUT6 (Prop_lut6_I2_O)        0.124    46.886 r  u_global/u_merge/score_o[0][15]_i_30__0/O
                         net (fo=171, routed)         1.597    48.483    u_global/u_merge/score_o[0][15]_i_30__0_n_0
    SLICE_X46Y123        LUT5 (Prop_lut5_I3_O)        0.124    48.607 r  u_global/u_merge/id_o[0][1]_i_13__0/O
                         net (fo=5, routed)           0.814    49.421    u_global/u_merge/id_o[0][1]_i_13__0_n_0
    SLICE_X48Y121        LUT6 (Prop_lut6_I3_O)        0.124    49.545 r  u_global/u_merge/score_o[0][8]_i_503/O
                         net (fo=1, routed)           0.701    50.246    u_global/u_merge/score_o[0][8]_i_503_n_0
    SLICE_X51Y121        CARRY4 (Prop_carry4_DI[0]_CO[3])
                                                      0.526    50.772 r  u_global/u_merge/score_o_reg[0][8]_i_402/CO[3]
                         net (fo=1, routed)           0.000    50.772    u_global/u_merge/score_o_reg[0][8]_i_402_n_0
    SLICE_X51Y122        CARRY4 (Prop_carry4_CI_CO[3])
                                                      0.114    50.886 r  u_global/u_merge/score_o_reg[0][8]_i_262/CO[3]
                         net (fo=1, routed)           0.000    50.886    u_global/u_merge/score_o_reg[0][8]_i_262_n_0
    SLICE_X51Y123        CARRY4 (Prop_carry4_CI_CO[3])
                                                      0.114    51.000 r  u_global/u_merge/score_o_reg[0][8]_i_127/CO[3]
                         net (fo=1, routed)           0.000    51.000    u_global/u_merge/score_o_reg[0][8]_i_127_n_0
    SLICE_X51Y124        CARRY4 (Prop_carry4_CI_CO[3])
                                                      0.114    51.114 f  u_global/u_merge/score_o_reg[0][8]_i_48/CO[3]
                         net (fo=1, routed)           1.019    52.133    u_global/u_merge/score_o_reg[0][8]_i_48_n_0
    SLICE_X54Y122        LUT5 (Prop_lut5_I4_O)        0.124    52.257 f  u_global/u_merge/score_o[0][8]_i_12__0/O
                         net (fo=2, routed)           0.739    52.996    u_global/u_merge/score_o[0][8]_i_12__0_n_0
    SLICE_X59Y120        LUT6 (Prop_lut6_I0_O)        0.124    53.120 r  u_global/u_merge/score_o[2][8]_i_2__0/O
                         net (fo=58, routed)          1.434    54.554    u_global/u_merge/score_o[2][8]_i_2__0_n_0
    SLICE_X71Y115        LUT5 (Prop_lut5_I3_O)        0.124    54.678 r  u_global/u_merge/id_o[2][1]_i_2__0/O
                         net (fo=5, routed)           1.089    55.767    u_global/u_merge/id_o[2][1]_i_2__0_n_0
    SLICE_X72Y114        LUT6 (Prop_lut6_I4_O)        0.124    55.891 r  u_global/u_merge/score_o[2][15]_i_124/O
                         net (fo=1, routed)           0.436    56.327    u_global/u_merge/score_o[2][15]_i_124_n_0
    SLICE_X74Y115        LUT5 (Prop_lut5_I4_O)        0.124    56.451 r  u_global/u_merge/score_o[2][15]_i_97__0/O
                         net (fo=1, routed)           0.000    56.451    u_global/u_merge/score_o[2][15]_i_97__0_n_0
    SLICE_X74Y115        CARRY4 (Prop_carry4_S[0]_CO[3])
                                                      0.513    56.964 r  u_global/u_merge/score_o_reg[2][15]_i_56/CO[3]
                         net (fo=1, routed)           0.000    56.964    u_global/u_merge/score_o_reg[2][15]_i_56_n_0
    SLICE_X74Y116        CARRY4 (Prop_carry4_CI_CO[3])
                                                      0.117    57.081 r  u_global/u_merge/score_o_reg[2][15]_i_27/CO[3]
                         net (fo=1, routed)           0.000    57.081    u_global/u_merge/score_o_reg[2][15]_i_27_n_0
    SLICE_X74Y117        CARRY4 (Prop_carry4_CI_CO[2])
                                                      0.229    57.310 r  u_global/u_merge/score_o_reg[2][15]_i_13__0/CO[2]
                         net (fo=2, routed)           0.656    57.967    u_global/u_merge/score_o_reg[2][15]_i_13__0_n_1
    SLICE_X75Y118        LUT3 (Prop_lut3_I0_O)        0.310    58.277 r  u_global/u_merge/score_o[2][15]_i_9__0/O
                         net (fo=2, routed)           0.609    58.885    u_global/u_merge/score_o[2][15]_i_9__0_n_0
    SLICE_X76Y118        LUT6 (Prop_lut6_I3_O)        0.124    59.009 r  u_global/u_merge/score_o[2][14]_i_3__0/O
                         net (fo=48, routed)          1.249    60.259    u_global/u_merge/score_o[2][14]_i_3__0_n_0
    SLICE_X77Y113        LUT5 (Prop_lut5_I4_O)        0.124    60.383 r  u_global/u_merge/id_o[2][11]_i_1__0/O
                         net (fo=1, routed)           0.000    60.383    u_global/u_merge/id_o[2][11]_i_1__0_n_0
    SLICE_X77Y113        FDCE                                         r  u_global/u_merge/id_o_reg[2][11]/D
  -------------------------------------------------------------------    -------------------

                         (clock clk rise edge)       10.000    10.000 r  <hidden>
                                                      0.000    10.000 r  clk
                         net (fo=34624, unset)        0.924    10.924    u_global/u_merge/clk
    SLICE_X77Y113        FDCE                                         r  u_global/u_merge/id_o_reg[2][11]/C
                         clock pessimism              0.000    10.924    <hidden>
                         clock uncertainty           -0.035    10.889    <hidden>
    SLICE_X77Y113        FDCE (Setup_fdce_C_D)        0.031    10.920    u_global/u_merge/id_o_reg[2][11]
  -------------------------------------------------------------------
                         required time                         10.920    <hidden>
                         arrival time                         -60.383    <hidden>
  -------------------------------------------------------------------
                         slack                                -49.463    <hidden>





Min Delay Paths
--------------------------------------------------------------------------------------
Slack (MET) :             0.146ns  (arrival time - required time)
  Source:                 u_tg/g_tg[3].u_tg/prior_d1_reg[1]/C
                            (rising edge-triggered cell FDCE clocked by clk  {rise@0.000ns fall@5.000ns period=10.000ns})
  Destination:            u_tg/g_tg[3].u_tg/terms_o_reg[learned_prior][1]/D
                            (rising edge-triggered cell FDCE clocked by clk  {rise@0.000ns fall@5.000ns period=10.000ns})
  Path Group:             clk
  Path Type:              Hold (Min at Fast Process Corner)
  Requirement:            0.000ns  (clk rise@0.000ns - clk rise@0.000ns)
  Data Path Delay:        0.244ns  (logic 0.141ns (57.827%)  route 0.103ns (42.173%))
  Logic Levels:           0  
  Clock Path Skew:        0.022ns (DCD - SCD - CPR)
    Destination Clock Delay (DCD):    0.432ns
    Source Clock Delay      (SCD):    0.410ns
    Clock Pessimism Removal (CPR):    -0.000ns

    Location             Delay type                Incr(ns)  Path(ns)    Netlist Resource(s)
  -------------------------------------------------------------------    -------------------
                         (clock clk rise edge)        0.000     0.000 r  <hidden>
                                                      0.000     0.000 r  clk
                         net (fo=34624, unset)        0.410     0.410    u_tg/g_tg[3].u_tg/clk
    SLICE_X36Y36         FDCE                                         r  u_tg/g_tg[3].u_tg/prior_d1_reg[1]/C
  -------------------------------------------------------------------    -------------------
    SLICE_X36Y36         FDCE (Prop_fdce_C_Q)         0.141     0.551 r  u_tg/g_tg[3].u_tg/prior_d1_reg[1]/Q
                         net (fo=1, routed)           0.103     0.654    u_tg/g_tg[3].u_tg/prior_d1[1]
    SLICE_X35Y36         FDCE                                         r  u_tg/g_tg[3].u_tg/terms_o_reg[learned_prior][1]/D
  -------------------------------------------------------------------    -------------------

                         (clock clk rise edge)        0.000     0.000 r  <hidden>
                                                      0.000     0.000 r  clk
                         net (fo=34624, unset)        0.432     0.432    u_tg/g_tg[3].u_tg/clk
    SLICE_X35Y36         FDCE                                         r  u_tg/g_tg[3].u_tg/terms_o_reg[learned_prior][1]/C
                         clock pessimism              0.000     0.432    <hidden>
    SLICE_X35Y36         FDCE (Hold_fdce_C_D)         0.076     0.508    u_tg/g_tg[3].u_tg/terms_o_reg[learned_prior][1]
  -------------------------------------------------------------------
                         required time                         -0.508    <hidden>
                         arrival time                           0.654    <hidden>
  -------------------------------------------------------------------
                         slack                                  0.146    <hidden>





Pulse Width Checks
--------------------------------------------------------------------------------------
Clock Name:         clk
Waveform(ns):       { 0.000 5.000 }
Period(ns):         10.000
Sources:            { clk }

Check Type        Corner  Lib Pin  Reference Pin  Required(ns)  Actual(ns)  Slack(ns)  Location       Pin
Min Period        n/a     FDCE/C   n/a            1.000         10.000      9.000      SLICE_X45Y159  act_bank_q_reg/C
Low Pulse Width   Slow    FDCE/C   n/a            0.500         5.000       4.500      SLICE_X45Y159  act_bank_q_reg/C
High Pulse Width  Slow    FDCE/C   n/a            0.500         5.000       4.500      SLICE_X45Y159  act_bank_q_reg/C



