Copyright 1986-2022 Xilinx, Inc. All Rights Reserved. Copyright 2022-2026 Advanced Micro Devices, Inc. All Rights Reserved.
-------------------------------------------------------------------------------------------------------------------------------------------------------------------------------------------
| Tool Version : Vivado v.2026.1 (win64) Build 6511674 Tue Jun 16 11:02:23 MDT 2026
| Date         : Tue Sep  1 19:32:22 2026
| Host         : laptop-Quan running 64-bit major release  (build 9200)
| Command      : report_control_sets -verbose -file D:/Jetking_sem4/SEM_4/arty-a7-online-lm-grok-orch-00/results/A7-NATIVE-GRAPH/GROK-ORCH-00/P2-CAUSAL-LEARN-FAST-00/ooc_control_sets.rpt
| Design       : a7ng_causal_learn_fast
| Device       : xc7a100t
-------------------------------------------------------------------------------------------------------------------------------------------------------------------------------------------

Control Set Information

Table of Contents
-----------------
1. Summary
2. Histogram
3. Flip-Flop Distribution
4. Detailed Control Set Information

1. Summary
----------

+----------------------------------------------------------+-------+
|                          Status                          | Count |
+----------------------------------------------------------+-------+
| Total control sets                                       |    24 |
|    Minimum number of control sets                        |    24 |
|    Addition due to synthesis replication                 |     0 |
|    Addition due to physical synthesis replication        |     0 |
| Unused register locations in slices containing registers |    68 |
+----------------------------------------------------------+-------+
* Control sets can be merged at opt_design using control_set_merge or merge_equivalent_drivers
** Run report_qor_suggestions for automated merging and remapping suggestions


2. Histogram
------------

+--------------------+-------+
|       Fanout       | Count |
+--------------------+-------+
| Total control sets |    24 |
| >= 0 to < 4        |     0 |
| >= 4 to < 6        |     3 |
| >= 6 to < 8        |     0 |
| >= 8 to < 10       |     3 |
| >= 10 to < 12      |     1 |
| >= 12 to < 14      |     1 |
| >= 14 to < 16      |     0 |
| >= 16              |    16 |
+--------------------+-------+
* Control sets can be remapped at either synth_design or opt_design


3. Flip-Flop Distribution
-------------------------

+--------------+-----------------------+------------------------+-----------------+--------------+
| Clock Enable | Synchronous Set/Reset | Asynchronous Set/Reset | Total Registers | Total Slices |
+--------------+-----------------------+------------------------+-----------------+--------------+
| No           | No                    | No                     |               0 |            0 |
| No           | No                    | Yes                    |              40 |           16 |
| No           | Yes                   | No                     |               0 |            0 |
| Yes          | No                    | No                     |               0 |            0 |
| Yes          | No                    | Yes                    |             508 |          236 |
| Yes          | Yes                   | No                     |               0 |            0 |
+--------------+-----------------------+------------------------+-----------------+--------------+


4. Detailed Control Set Information
-----------------------------------

+--------------+--------------------------------+--------------------------+------------------+----------------+--------------+
| Clock Signal |          Enable Signal         |     Set/Reset Signal     | Slice Load Count | Bel Load Count | Bels / Slice |
+--------------+--------------------------------+--------------------------+------------------+----------------+--------------+
|  clk         | feed_i[3]_i_1_n_0              | u_g1/rst_n_0             |                2 |              4 |         2.00 |
|  clk         | got_n[3]_i_1_n_0               | u_g1/rst_n_0             |                1 |              4 |         4.00 |
|  clk         | u_g1/E[0]                      | u_g1/rst_n_0             |                3 |              5 |         1.67 |
|  clk         | sc_v_i                         | u_scorer/valid_o_i_1_n_0 |                2 |              8 |         4.00 |
|  clk         | u_g1/gen[7]_i_1_n_0            | u_g1/rst_n_0             |                3 |              8 |         2.67 |
|  clk         | u_g1/consume_valid_o_reg_1[0]  | u_g1/rst_n_0             |                2 |              9 |         4.50 |
|  clk         | u_g1/query_valid_i_0[0]        | u_g1/rst_n_0             |                4 |             10 |         2.50 |
|  clk         |                                | u_g1/rst_n_0             |                7 |             12 |         1.71 |
|  clk         | u_scorer/valid_d1              | u_scorer/valid_o_i_1_n_0 |                2 |             16 |         8.00 |
|  clk         | u_g2/out_valid_reg_2[0]        | u_g1/rst_n_0             |                2 |             16 |         8.00 |
|  clk         | u_g2/out_subj_reg[4]_1[0]      | u_g1/rst_n_0             |                4 |             16 |         4.00 |
|  clk         | u_g1/last_txn[15]_i_1_n_0      | u_g1/rst_n_0             |                4 |             16 |         4.00 |
|  clk         | col_s[6][15]_i_1_n_0           | u_g1/rst_n_0             |               14 |             21 |         1.50 |
|  clk         | col_s[7][15]_i_1_n_0           | u_g1/rst_n_0             |               16 |             21 |         1.31 |
|  clk         | col_s[4][15]_i_1_n_0           | u_g1/rst_n_0             |               14 |             21 |         1.50 |
|  clk         | col_s[5][15]_i_1_n_0           | u_g1/rst_n_0             |               13 |             21 |         1.62 |
|  clk         | col_id[0]                      | u_g1/rst_n_0             |                7 |             21 |         3.00 |
|  clk         | col_s[1][15]_i_1_n_0           | u_g1/rst_n_0             |                8 |             21 |         2.62 |
|  clk         | col_s[2][15]_i_1_n_0           | u_g1/rst_n_0             |               11 |             21 |         1.91 |
|  clk         | col_s[3][15]_i_1_n_0           | u_g1/rst_n_0             |               11 |             21 |         1.91 |
|  clk         | u_g1/consume_txn_o[15]_i_1_n_0 | u_g1/rst_n_0             |                5 |             22 |         4.40 |
|  clk         | u_g1/pending                   | u_g1/rst_n_0             |                6 |             26 |         4.33 |
|  clk         |                                | u_scorer/valid_o_i_1_n_0 |                9 |             28 |         3.11 |
|  clk         | topk_id_o[0]                   | u_g1/rst_n_0             |              102 |            180 |         1.76 |
+--------------+--------------------------------+--------------------------+------------------+----------------+--------------+


