Copyright 1986-2022 Xilinx, Inc. All Rights Reserved. Copyright 2022-2026 Advanced Micro Devices, Inc. All Rights Reserved.
----------------------------------------------------------------------------------------------------------------------------------------------------------------------------------------------------------------------
| Tool Version : Vivado v.2026.1 (win64) Build 6511674 Tue Jun 16 11:02:23 MDT 2026
| Date         : Fri Sep  4 12:53:49 2026
| Host         : laptop-Quan running 64-bit major release  (build 9200)
| Command      : report_utilization -hierarchical -file D:/Jetking_sem4/SEM_4/arty-a7-online-lm-g14-preboard-00/results/A7-NATIVE-GRAPH/GROK-ORCH-00/U2-OPTIMIZED-FULLCHIP-COFIT-00/report_utilization_route_hier.rpt
| Design       : arty_a7_ng_native_v1_ab_soc_top
| Device       : xc7a100tcsg324-1
| Speed File   : -1
| Design State : Physopt postRoute
----------------------------------------------------------------------------------------------------------------------------------------------------------------------------------------------------------------------

Utilization Design Information

Table of Contents
-----------------
1. Utilization by Hierarchy

1. Utilization by Hierarchy
---------------------------

+---------------------------------------------------------------------+-----------------------------------------------------+------------+------------+---------+------+-------+--------+--------+------------+
|                               Instance                              |                        Module                       | Total LUTs | Logic LUTs | LUTRAMs | SRLs |  FFs  | RAMB36 | RAMB18 | DSP Blocks |
+---------------------------------------------------------------------+-----------------------------------------------------+------------+------------+---------+------+-------+--------+--------+------------+
| arty_a7_ng_native_v1_ab_soc_top                                     |                                               (top) |      38729 |      35987 |    2594 |  148 | 45782 |    104 |      1 |         19 |
|   (arty_a7_ng_native_v1_ab_soc_top)                                 |                                               (top) |         34 |         34 |       0 |    0 |   341 |      0 |      0 |          0 |
|   u_ab                                                              |                              a7ng_native_v1_ab_core |      31538 |      29394 |    2144 |    0 | 38801 |     97 |      1 |         19 |
|     (u_ab)                                                          |                              a7ng_native_v1_ab_core |         45 |         45 |       0 |    0 |    99 |      0 |      0 |          0 |
|     u_bind                                                          |                                a7ng_native_ctx_bind |         14 |         14 |       0 |    0 |    71 |      0 |      0 |          0 |
|     u_core                                                          |                                   tiny_gpt803k_core |      17564 |      15420 |    2144 |    0 | 25161 |     96 |      0 |         19 |
|       (u_core)                                                      |                                   tiny_gpt803k_core |       9106 |       9074 |      32 |    0 | 22753 |      0 |      0 |         18 |
|       u_a                                                           |                                       act_ram128k16 |        445 |        445 |       0 |    0 |     1 |     64 |      0 |          0 |
|       u_fd                                                          |                                        floordiv_s48 |       1509 |       1509 |       0 |    0 |   189 |      0 |      0 |          0 |
|       u_isq                                                         |                                             isqrt32 |         88 |         88 |       0 |    0 |    57 |      0 |      0 |          1 |
|       u_logits                                                      |                                a7lm06_logits_lutram |       1097 |        393 |     704 |    0 |     0 |      0 |      0 |          0 |
|       u_snap                                                        |                                        snap_ram4k16 |       1785 |        377 |    1408 |    0 |    16 |      0 |      0 |          0 |
|         u_candidate                                                 |                                 snap_ram4k16_lutram |       1785 |        377 |    1408 |    0 |    16 |      0 |      0 |          0 |
|       u_w                                                           |                                     weight_tile803k |       3548 |       3548 |       0 |    0 |  2145 |     32 |      0 |          0 |
|         (u_w)                                                       |                                     weight_tile803k |       2616 |       2616 |       0 |    0 |  2144 |      0 |      0 |          0 |
|         TILE.u_bank                                                 |                                    weight_bram_tdp8 |        932 |        932 |       0 |    0 |     1 |     32 |      0 |          0 |
|     u_g1g5                                                          |                                     a7ng_g1g5_cofit |       2982 |       2982 |       0 |    0 |  1270 |      1 |      1 |          0 |
|       u_graph                                                       |                            a7ng_learned_prior_graph |       2892 |       2892 |       0 |    0 |  1086 |      1 |      1 |          0 |
|         (u_graph)                                                   |                            a7ng_learned_prior_graph |        113 |        113 |       0 |    0 |   238 |      0 |      0 |          0 |
|         u_g1                                                        |                              a7ng_feedback_resolver |         48 |         48 |       0 |    0 |    91 |      0 |      0 |          0 |
|         u_hp                                                        |            a7ng_topk_stream_minheap__parameterized0 |       2362 |       2362 |       0 |    0 |   513 |      0 |      0 |          0 |
|         u_scorer                                                    |                                    a7ng_scorer_lane |         41 |         41 |       0 |    0 |    54 |      0 |      0 |          0 |
|         u_st                                                        |                            a7ng_learned_prior_store |        328 |        328 |       0 |    0 |   177 |      1 |      1 |          0 |
|       u_glue                                                        |                                 a7ng_gate14_c9_glue |         91 |         91 |       0 |    0 |   138 |      0 |      0 |          0 |
|     u_soa                                                           |                                a7ng_cue_soa_mig_top |      10932 |      10932 |       0 |    0 | 12197 |      0 |      0 |          0 |
|       (u_soa)                                                       |                                a7ng_cue_soa_mig_top |         30 |         30 |       0 |    0 |  3008 |      0 |      0 |          0 |
|       u_br                                                          |                             a7ng_ddr_soa_axi_bridge |        139 |        139 |       0 |    0 |   433 |      0 |      0 |          0 |
|       u_core                                                        |                                      a7ng_ng02_core |       5313 |       5313 |       0 |    0 |  2835 |      0 |      0 |          0 |
|         (u_core)                                                    |                                      a7ng_ng02_core |         62 |         62 |       0 |    0 |  1890 |      0 |      0 |          0 |
|         u_frontier                                                  |                               a7ng_frontier_buckets |        272 |        272 |       0 |    0 |    64 |      0 |      0 |          0 |
|         u_scorer                                                    |                                   a7ng_scorer_array |        561 |        561 |       0 |    0 |   445 |      0 |      0 |          0 |
|           (u_scorer)                                                |                                   a7ng_scorer_array |        329 |        329 |       0 |    0 |     0 |      0 |      0 |          0 |
|           g_lane[0].u_lane                                          |                                 a7ng_scorer_lane__1 |         58 |         58 |       0 |    0 |   111 |      0 |      0 |          0 |
|           g_lane[1].u_lane                                          |                                 a7ng_scorer_lane__2 |         58 |         58 |       0 |    0 |   112 |      0 |      0 |          0 |
|           g_lane[2].u_lane                                          |                                 a7ng_scorer_lane__3 |         58 |         58 |       0 |    0 |   111 |      0 |      0 |          0 |
|           g_lane[3].u_lane                                          |                                 a7ng_scorer_lane__4 |         58 |         58 |       0 |    0 |   111 |      0 |      0 |          0 |
|         u_topk                                                      |                            a7ng_topk_stream_minheap |       4418 |       4418 |       0 |    0 |   436 |      0 |      0 |          0 |
|       u_global                                                      |                         a7ng_topk_wavefront_minheap |       2587 |       2587 |       0 |    0 |   927 |      0 |      0 |          0 |
|       u_soa                                                         |                              a7ng_cue_soa_wavefront |       1180 |       1180 |       0 |    0 |  3494 |      0 |      0 |          0 |
|       u_tg                                                          |                            a7ng_termgen_array_fold6 |       1684 |       1684 |       0 |    0 |  1500 |      0 |      0 |          0 |
|         (u_tg)                                                      |                            a7ng_termgen_array_fold6 |        427 |        427 |       0 |    0 |     0 |      0 |      0 |          0 |
|         g_tg[0].u_tg                                                |                          a7ng_termgen_lane_fold6__1 |        314 |        314 |       0 |    0 |   375 |      0 |      0 |          0 |
|         g_tg[1].u_tg                                                |                          a7ng_termgen_lane_fold6__2 |        315 |        315 |       0 |    0 |   375 |      0 |      0 |          0 |
|         g_tg[2].u_tg                                                |                          a7ng_termgen_lane_fold6__3 |        314 |        314 |       0 |    0 |   375 |      0 |      0 |          0 |
|         g_tg[3].u_tg                                                |                             a7ng_termgen_lane_fold6 |        314 |        314 |       0 |    0 |   375 |      0 |      0 |          0 |
|   u_axi_cdc                                                         |                                   a7ng_axi_read_cdc |         90 |         90 |       0 |    0 |   347 |      2 |      0 |          0 |
|     (u_axi_cdc)                                                     |                                   a7ng_axi_read_cdc |         20 |         20 |       0 |    0 |   171 |      0 |      0 |          0 |
|     u_ar_hs                                                         |                                   xpm_cdc_handshake |          2 |          2 |       0 |    0 |    64 |      0 |      0 |          0 |
|       (u_ar_hs)                                                     |                                   xpm_cdc_handshake |          2 |          2 |       0 |    0 |    58 |      0 |      0 |          0 |
|     u_r_fifo                                                        |                      xpm_fifo_async__parameterized2 |         69 |         69 |       0 |    0 |   112 |      2 |      0 |          0 |
|       gnuram_async_fifo.xpm_fifo_base_inst                          |                       xpm_fifo_base__parameterized2 |         69 |         69 |       0 |    0 |   112 |      2 |      0 |          0 |
|   u_boot                                                            |                                   a7ng_ddr_soa_boot |        135 |        135 |       0 |    0 |    92 |      0 |      0 |          0 |
|   u_g14_cfs                                                         |                            a7ng_gate14_cframe_sched |        339 |        339 |       0 |    0 |    24 |      0 |      0 |          0 |
|   u_g14_cftx                                                        |                               a7ng_gate14_cframe_tx |        108 |        108 |       0 |    0 |    46 |      0 |      0 |          0 |
|   u_g14_dec                                                         |                             a7ng_gate14_uart_cmd_rx |        169 |        169 |       0 |    0 |   210 |      0 |      0 |          0 |
|   u_h2_pack_sync                                                    |                           sync_bits__parameterized4 |        204 |        204 |       0 |    0 |   128 |      0 |      0 |          0 |
|   u_h2_topk_sync                                                    |                        sync_bits__parameterized4_12 |        278 |        278 |       0 |    0 |   128 |      0 |      0 |          0 |
|   u_mig                                                             |                                     mig_native_wrap |       4849 |       4251 |     450 |  148 |  4021 |      0 |      0 |          0 |
|     u_mig                                                           |                                       mig_7series_0 |       4831 |       4233 |     450 |  148 |  4021 |      0 |      0 |          0 |
|       u_mig_7series_0_mig                                           |                                   mig_7series_0_mig |       4831 |       4233 |     450 |  148 |  4021 |      0 |      0 |          0 |
|         temp_mon_enabled.u_tempmon                                  |                            mig_7series_v4_2_tempmon |         39 |         39 |       0 |    0 |   122 |      0 |      0 |          0 |
|         u_memc_ui_top_axi                                           |                    mig_7series_v4_2_memc_ui_top_axi |       4786 |       4188 |     450 |  148 |  3853 |      0 |      0 |          0 |
|           u_ui_top                                                  |                             mig_7series_v4_2_ui_top |        384 |        188 |     196 |    0 |   549 |      0 |      0 |          0 |
|             ui_cmd0                                                 |                             mig_7series_v4_2_ui_cmd |         32 |         32 |       0 |    0 |    54 |      0 |      0 |          0 |
|             ui_rd_data0                                             |                         mig_7series_v4_2_ui_rd_data |        117 |         25 |      92 |    0 |   163 |      0 |      0 |          0 |
|             ui_wr_data0                                             |                         mig_7series_v4_2_ui_wr_data |        235 |        131 |     104 |    0 |   332 |      0 |      0 |          0 |
|           mem_intfc0                                                |                          mig_7series_v4_2_mem_intfc |       3869 |       3598 |     254 |   17 |  2817 |      0 |      0 |          0 |
|             ddr_phy_top0                                            |                        mig_7series_v4_2_ddr_phy_top |       3240 |       2978 |     246 |   16 |  2300 |      0 |      0 |          0 |
|               u_ddr_calib_top                                       |                      mig_7series_v4_2_ddr_calib_top |       2530 |       2516 |       0 |   14 |  1984 |      0 |      0 |          0 |
|                 u_ddr_phy_wrcal                                     |                      mig_7series_v4_2_ddr_phy_wrcal |        169 |        163 |       0 |    6 |   304 |      0 |      0 |          0 |
|                 ddr_phy_rdlvl_gen.u_ddr_phy_rdlvl                   |                      mig_7series_v4_2_ddr_phy_rdlvl |        540 |        540 |       0 |    0 |   872 |      0 |      0 |          0 |
|                 ddr_phy_tempmon_0                                   |                    mig_7series_v4_2_ddr_phy_tempmon |        251 |        251 |       0 |    0 |   231 |      0 |      0 |          0 |
|                 dqsfind_calib_left.u_ddr_phy_dqs_found_cal_hr       |           mig_7series_v4_2_ddr_phy_dqs_found_cal_hr |        157 |        156 |       0 |    1 |    91 |      0 |      0 |          0 |
|                 mb_wrlvl_inst.u_ddr_phy_wrlvl                       |                      mig_7series_v4_2_ddr_phy_wrlvl |        261 |        260 |       0 |    1 |   160 |      0 |      0 |          0 |
|                 u_ddr_phy_init                                      |                       mig_7series_v4_2_ddr_phy_init |       1117 |       1113 |       0 |    4 |   281 |      0 |      0 |          0 |
|               u_ddr_mc_phy_wrapper                                  |                 mig_7series_v4_2_ddr_mc_phy_wrapper |        718 |        470 |     246 |    2 |   316 |      0 |      0 |          0 |
|                 u_ddr_mc_phy                                        |                         mig_7series_v4_2_ddr_mc_phy |        718 |        470 |     246 |    2 |   292 |      0 |      0 |          0 |
|                   ddr_phy_4lanes_0.u_ddr_phy_4lanes                 |                     mig_7series_v4_2_ddr_phy_4lanes |        718 |        470 |     246 |    2 |   276 |      0 |      0 |          0 |
|                     ddr_byte_lane_D.ddr_byte_lane_D                 |      mig_7series_v4_2_ddr_byte_lane__parameterized2 |        375 |        282 |      92 |    1 |   112 |      0 |      0 |          0 |
|                       (ddr_byte_lane_D.ddr_byte_lane_D)             |      mig_7series_v4_2_ddr_byte_lane__parameterized2 |          6 |          6 |       0 |    0 |    69 |      0 |      0 |          0 |
|                       dq_gen_40.if_post_fifo_gen.u_ddr_if_post_fifo |                   mig_7series_v4_2_ddr_if_post_fifo |        273 |        229 |      44 |    0 |    18 |      0 |      0 |          0 |
|                       of_pre_fifo_gen.u_ddr_of_pre_fifo             |    mig_7series_v4_2_ddr_of_pre_fifo__parameterized1 |         94 |         46 |      48 |    0 |    24 |      0 |      0 |          0 |
|                     ddr_byte_lane_A.ddr_byte_lane_A                 |                      mig_7series_v4_2_ddr_byte_lane |         53 |         23 |      30 |    0 |    20 |      0 |      0 |          0 |
|                       of_pre_fifo_gen.u_ddr_of_pre_fifo             | mig_7series_v4_2_ddr_of_pre_fifo__parameterized1_48 |         52 |         22 |      30 |    0 |    19 |      0 |      0 |          0 |
|                     ddr_byte_lane_B.ddr_byte_lane_B                 |      mig_7series_v4_2_ddr_byte_lane__parameterized0 |         64 |         32 |      32 |    0 |    19 |      0 |      0 |          0 |
|                       of_pre_fifo_gen.u_ddr_of_pre_fifo             | mig_7series_v4_2_ddr_of_pre_fifo__parameterized1_47 |         55 |         23 |      32 |    0 |    19 |      0 |      0 |          0 |
|                     ddr_byte_lane_C.ddr_byte_lane_C                 |      mig_7series_v4_2_ddr_byte_lane__parameterized1 |        223 |        131 |      92 |    0 |   105 |      0 |      0 |          0 |
|                       (ddr_byte_lane_C.ddr_byte_lane_C)             |      mig_7series_v4_2_ddr_byte_lane__parameterized1 |          1 |          1 |       0 |    0 |    69 |      0 |      0 |          0 |
|                       dq_gen_40.if_post_fifo_gen.u_ddr_if_post_fifo |                mig_7series_v4_2_ddr_if_post_fifo_45 |        127 |         83 |      44 |    0 |    11 |      0 |      0 |          0 |
|                       of_pre_fifo_gen.u_ddr_of_pre_fifo             | mig_7series_v4_2_ddr_of_pre_fifo__parameterized1_46 |         95 |         47 |      48 |    0 |    24 |      0 |      0 |          0 |
|             mc0                                                     |                                 mig_7series_v4_2_mc |        630 |        621 |       8 |    1 |   517 |      0 |      0 |          0 |
|               (mc0)                                                 |                                 mig_7series_v4_2_mc |         97 |         97 |       0 |    0 |    73 |      0 |      0 |          0 |
|               bank_mach0                                            |                          mig_7series_v4_2_bank_mach |        458 |        458 |       0 |    0 |   357 |      0 |      0 |          0 |
|                 arb_mux0                                            |                            mig_7series_v4_2_arb_mux |        167 |        167 |       0 |    0 |    36 |      0 |      0 |          0 |
|                   arb_row_col0                                      |                        mig_7series_v4_2_arb_row_col |        167 |        167 |       0 |    0 |    32 |      0 |      0 |          0 |
|                     row_arb0                                        | mig_7series_v4_2_round_robin_arb__parameterized1_42 |         54 |         54 |       0 |    0 |     8 |      0 |      0 |          0 |
|                     col_arb0                                        |    mig_7series_v4_2_round_robin_arb__parameterized1 |         62 |         62 |       0 |    0 |     8 |      0 |      0 |          0 |
|                 bank_cntrl[0].bank0                                 |                         mig_7series_v4_2_bank_cntrl |         68 |         68 |       0 |    0 |    76 |      0 |      0 |          0 |
|                 bank_cntrl[1].bank0                                 |         mig_7series_v4_2_bank_cntrl__parameterized0 |         66 |         66 |       0 |    0 |    74 |      0 |      0 |          0 |
|                 bank_cntrl[2].bank0                                 |         mig_7series_v4_2_bank_cntrl__parameterized1 |         67 |         67 |       0 |    0 |    75 |      0 |      0 |          0 |
|                 bank_cntrl[3].bank0                                 |         mig_7series_v4_2_bank_cntrl__parameterized2 |         68 |         68 |       0 |    0 |    74 |      0 |      0 |          0 |
|               rank_mach0                                            |                          mig_7series_v4_2_rank_mach |         55 |         54 |       0 |    1 |    61 |      0 |      0 |          0 |
|           u_axi_mc                                                  |                             mig_7series_v4_2_axi_mc |        553 |        422 |       0 |  131 |   485 |      0 |      0 |          0 |
|             axi_mc_w_channel_0                                      |                   mig_7series_v4_2_axi_mc_w_channel |        164 |        164 |       0 |    0 |   291 |      0 |      0 |          0 |
|             axi_mc_ar_channel_0                                     |                  mig_7series_v4_2_axi_mc_ar_channel |        100 |        100 |       0 |    0 |    72 |      0 |      0 |          0 |
|               ar_cmd_fsm_0                                          |                     mig_7series_v4_2_axi_mc_cmd_fsm |        100 |        100 |       0 |    0 |     1 |      0 |      0 |          0 |
|             axi_mc_aw_channel_0                                     |                  mig_7series_v4_2_axi_mc_aw_channel |        100 |        100 |       0 |    0 |    63 |      0 |      0 |          0 |
|               aw_cmd_fsm_0                                          |                  mig_7series_v4_2_axi_mc_wr_cmd_fsm |        100 |        100 |       0 |    0 |     1 |      0 |      0 |          0 |
|             axi_mc_r_channel_0                                      |                   mig_7series_v4_2_axi_mc_r_channel |        160 |         29 |       0 |  131 |    21 |      0 |      0 |          0 |
|               rd_data_fifo_0                                        |        mig_7series_v4_2_axi_mc_fifo__parameterized0 |        141 |         13 |       0 |  128 |     6 |      0 |      0 |          0 |
|   u_persist_axi                                                     |                             a7ng_persist_axi_bridge |         46 |         46 |       0 |    0 |   380 |      0 |      0 |          0 |
|   u_stat_sync                                                       |                           sync_bits__parameterized2 |        151 |        151 |       0 |    0 |    24 |      0 |      0 |          0 |
|   u_wdma                                                            |                                        ddr_tile_dma |        166 |        166 |       0 |    0 |    79 |      0 |      0 |          0 |
|   u_wdma_cdc                                                        |                                       a7ng_wdma_cdc |        207 |        207 |       0 |    0 |   623 |      5 |      0 |          0 |
|     (u_wdma_cdc)                                                    |                                       a7ng_wdma_cdc |         51 |         51 |       0 |    0 |   342 |      0 |      0 |          0 |
|     u_cmd_fifo                                                      |                                      xpm_fifo_async |         49 |         49 |       0 |    0 |    82 |      1 |      0 |          0 |
|       gnuram_async_fifo.xpm_fifo_base_inst                          |                                       xpm_fifo_base |         49 |         49 |       0 |    0 |    82 |      1 |      0 |          0 |
|     u_r_fifo                                                        |                      xpm_fifo_async__parameterized1 |         56 |         56 |       0 |    0 |    97 |      2 |      0 |          0 |
|       gnuram_async_fifo.xpm_fifo_base_inst                          |                       xpm_fifo_base__parameterized1 |         56 |         56 |       0 |    0 |    97 |      2 |      0 |          0 |
|     u_w_fifo                                                        |                      xpm_fifo_async__parameterized0 |         49 |         49 |       0 |    0 |    82 |      2 |      0 |          0 |
|       gnuram_async_fifo.xpm_fifo_base_inst                          |                       xpm_fifo_base__parameterized0 |         49 |         49 |       0 |    0 |    82 |      2 |      0 |          0 |
|   u_wmem_boot                                                       |                                  a7ng_ddr_wmem_boot |        242 |        242 |       0 |    0 |   361 |      0 |      0 |          0 |
+---------------------------------------------------------------------+-----------------------------------------------------+------------+------------+---------+------+-------+--------+--------+------------+
* Note: The sum of lower-level cells may be larger than their parent cells total, due to cross-hierarchy LUT combining


