Copyright 1986-2022 Xilinx, Inc. All Rights Reserved. Copyright 2022-2026 Advanced Micro Devices, Inc. All Rights Reserved.
---------------------------------------------------------------------------------------------------------------------------------------------------------------------
| Tool Version : Vivado v.2026.1 (win64) Build 6511674 Tue Jun 16 11:02:23 MDT 2026
| Date         : Tue Aug 25 05:07:23 2026
| Host         : laptop-Quan running 64-bit major release  (build 9200)
| Command      : report_utilization -hierarchical -file D:/Jetking_sem4/SEM_4/arty-a7-online-lm-board/results/A7-NATIVE-GRAPH/E2-BOARD-EXISTENCE-00/e2_util_hier.rpt
| Design       : arty_a7_ng_native_v1_ab_soc_top
| Device       : xc7a100tcsg324-1
| Speed File   : -1
| Design State : Physopt postRoute
---------------------------------------------------------------------------------------------------------------------------------------------------------------------

Utilization Design Information

Table of Contents
-----------------
1. Utilization by Hierarchy

1. Utilization by Hierarchy
---------------------------

+---------------------------------------------------------------------+-----------------------------------------------------+------------+------------+---------+------+-------+--------+--------+------------+
|                               Instance                              |                        Module                       | Total LUTs | Logic LUTs | LUTRAMs | SRLs |  FFs  | RAMB36 | RAMB18 | DSP Blocks |
+---------------------------------------------------------------------+-----------------------------------------------------+------------+------------+---------+------+-------+--------+--------+------------+
| arty_a7_ng_native_v1_ab_soc_top                                     |                                               (top) |      48542 |      45802 |    2594 |  146 | 53806 |     96 |      0 |         19 |
|   (arty_a7_ng_native_v1_ab_soc_top)                                 |                                               (top) |          9 |          9 |       0 |    0 |    53 |      0 |      0 |          0 |
|   u_ab                                                              |                              a7ng_native_v1_ab_core |      43010 |      40866 |    2144 |    0 | 49425 |     96 |      0 |         19 |
|     u_soa                                                           |                                a7ng_cue_soa_mig_top |      24774 |      24774 |       0 |    0 | 24308 |      0 |      0 |          0 |
|       u_tg                                                          |                                  a7ng_termgen_array |      10525 |      10525 |       0 |    0 |  7600 |      0 |      0 |          0 |
|         g_tg[9].u_tg                                                |                               a7ng_termgen_lane__10 |        658 |        658 |       0 |    0 |   475 |      0 |      0 |          0 |
|         g_tg[0].u_tg                                                |                                a7ng_termgen_lane__1 |        657 |        657 |       0 |    0 |   475 |      0 |      0 |          0 |
|         g_tg[10].u_tg                                               |                               a7ng_termgen_lane__11 |        657 |        657 |       0 |    0 |   475 |      0 |      0 |          0 |
|         g_tg[11].u_tg                                               |                               a7ng_termgen_lane__12 |        659 |        659 |       0 |    0 |   475 |      0 |      0 |          0 |
|         g_tg[12].u_tg                                               |                               a7ng_termgen_lane__13 |        658 |        658 |       0 |    0 |   475 |      0 |      0 |          0 |
|         g_tg[13].u_tg                                               |                               a7ng_termgen_lane__14 |        658 |        658 |       0 |    0 |   475 |      0 |      0 |          0 |
|         g_tg[14].u_tg                                               |                               a7ng_termgen_lane__15 |        657 |        657 |       0 |    0 |   475 |      0 |      0 |          0 |
|         g_tg[15].u_tg                                               |                                   a7ng_termgen_lane |        657 |        657 |       0 |    0 |   475 |      0 |      0 |          0 |
|         g_tg[1].u_tg                                                |                                a7ng_termgen_lane__2 |        657 |        657 |       0 |    0 |   475 |      0 |      0 |          0 |
|         g_tg[2].u_tg                                                |                                a7ng_termgen_lane__3 |        657 |        657 |       0 |    0 |   475 |      0 |      0 |          0 |
|         g_tg[3].u_tg                                                |                                a7ng_termgen_lane__4 |        657 |        657 |       0 |    0 |   475 |      0 |      0 |          0 |
|         g_tg[4].u_tg                                                |                                a7ng_termgen_lane__5 |        657 |        657 |       0 |    0 |   475 |      0 |      0 |          0 |
|         g_tg[5].u_tg                                                |                                a7ng_termgen_lane__6 |        658 |        658 |       0 |    0 |   475 |      0 |      0 |          0 |
|         g_tg[6].u_tg                                                |                                a7ng_termgen_lane__7 |        656 |        656 |       0 |    0 |   475 |      0 |      0 |          0 |
|         g_tg[7].u_tg                                                |                                a7ng_termgen_lane__8 |        656 |        656 |       0 |    0 |   475 |      0 |      0 |          0 |
|         g_tg[8].u_tg                                                |                                a7ng_termgen_lane__9 |        657 |        657 |       0 |    0 |   475 |      0 |      0 |          0 |
|       u_br                                                          |                             a7ng_ddr_soa_axi_bridge |        288 |        288 |       0 |    0 |   529 |      0 |      0 |          0 |
|       u_core                                                        |                                      a7ng_ng02_core |      10988 |      10988 |       0 |    0 |  1926 |      0 |      0 |          0 |
|         u_scorer                                                    |                                   a7ng_scorer_array |      10713 |      10713 |       0 |    0 |  1792 |      0 |      0 |          0 |
|           (u_scorer)                                                |                                   a7ng_scorer_array |       9785 |       9785 |       0 |    0 |     0 |      0 |      0 |          0 |
|           g_lane[0].u_lane                                          |                                 a7ng_scorer_lane__1 |         58 |         58 |       0 |    0 |   112 |      0 |      0 |          0 |
|           g_lane[10].u_lane                                         |                                a7ng_scorer_lane__11 |         58 |         58 |       0 |    0 |   112 |      0 |      0 |          0 |
|           g_lane[11].u_lane                                         |                                a7ng_scorer_lane__12 |         58 |         58 |       0 |    0 |   112 |      0 |      0 |          0 |
|           g_lane[12].u_lane                                         |                                a7ng_scorer_lane__13 |         58 |         58 |       0 |    0 |   112 |      0 |      0 |          0 |
|           g_lane[13].u_lane                                         |                                a7ng_scorer_lane__14 |         58 |         58 |       0 |    0 |   112 |      0 |      0 |          0 |
|           g_lane[14].u_lane                                         |                                a7ng_scorer_lane__15 |         58 |         58 |       0 |    0 |   112 |      0 |      0 |          0 |
|           g_lane[15].u_lane                                         |                                    a7ng_scorer_lane |         58 |         58 |       0 |    0 |   112 |      0 |      0 |          0 |
|           g_lane[1].u_lane                                          |                                 a7ng_scorer_lane__2 |         58 |         58 |       0 |    0 |   112 |      0 |      0 |          0 |
|           g_lane[2].u_lane                                          |                                 a7ng_scorer_lane__3 |         58 |         58 |       0 |    0 |   112 |      0 |      0 |          0 |
|           g_lane[3].u_lane                                          |                                 a7ng_scorer_lane__4 |         58 |         58 |       0 |    0 |   112 |      0 |      0 |          0 |
|           g_lane[4].u_lane                                          |                                 a7ng_scorer_lane__5 |         58 |         58 |       0 |    0 |   112 |      0 |      0 |          0 |
|           g_lane[5].u_lane                                          |                                 a7ng_scorer_lane__6 |         58 |         58 |       0 |    0 |   112 |      0 |      0 |          0 |
|           g_lane[6].u_lane                                          |                                 a7ng_scorer_lane__7 |         58 |         58 |       0 |    0 |   112 |      0 |      0 |          0 |
|           g_lane[7].u_lane                                          |                                 a7ng_scorer_lane__8 |         58 |         58 |       0 |    0 |   112 |      0 |      0 |          0 |
|           g_lane[8].u_lane                                          |                                 a7ng_scorer_lane__9 |         58 |         58 |       0 |    0 |   112 |      0 |      0 |          0 |
|           g_lane[9].u_lane                                          |                                a7ng_scorer_lane__10 |         58 |         58 |       0 |    0 |   112 |      0 |      0 |          0 |
|         u_frontier                                                  |                               a7ng_frontier_buckets |        270 |        270 |       0 |    0 |    64 |      0 |      0 |          0 |
|       u_soa                                                         |                              a7ng_cue_soa_wavefront |       2968 |       2968 |       0 |    0 | 14241 |      0 |      0 |          0 |
|         (u_soa)                                                     |                              a7ng_cue_soa_wavefront |       2699 |       2699 |       0 |    0 | 10068 |      0 |      0 |          0 |
|         u_pf                                                        |                               a7ng_soa_plane_engine |        269 |        269 |       0 |    0 |  4173 |      0 |      0 |          0 |
|     u_core                                                          |                                   tiny_gpt803k_core |      18183 |      16039 |    2144 |    0 | 25072 |     96 |      0 |         19 |
|       (u_core)                                                      |                                   tiny_gpt803k_core |       9393 |       9361 |      32 |    0 | 22684 |      0 |      0 |         18 |
|       u_a                                                           |                                       act_ram128k16 |        412 |        412 |       0 |    0 |     4 |     64 |      0 |          0 |
|       u_fd                                                          |                                        floordiv_s48 |       2482 |       2482 |       0 |    0 |   189 |      0 |      0 |          0 |
|       u_isq                                                         |                                             isqrt32 |         88 |         88 |       0 |    0 |    57 |      0 |      0 |          1 |
|       u_logits                                                      |                                a7lm06_logits_lutram |       1138 |        434 |     704 |    0 |     0 |      0 |      0 |          0 |
|       u_snap                                                        |                                        snap_ram4k16 |       1785 |        377 |    1408 |    0 |    16 |      0 |      0 |          0 |
|         u_candidate                                                 |                                 snap_ram4k16_lutram |       1785 |        377 |    1408 |    0 |    16 |      0 |      0 |          0 |
|       u_w                                                           |                                     weight_tile803k |       2891 |       2891 |       0 |    0 |  2122 |     32 |      0 |          0 |
|         (u_w)                                                       |                                     weight_tile803k |       2437 |       2437 |       0 |    0 |  2121 |      0 |      0 |          0 |
|         TILE.u_bank                                                 |                                    weight_bram_tdp8 |        454 |        454 |       0 |    0 |     1 |     32 |      0 |          0 |
|   u_boot                                                            |                                   a7ng_ddr_soa_boot |        513 |        513 |       0 |    0 |   188 |      0 |      0 |          0 |
|   u_mig                                                             |                                     mig_native_wrap |       4823 |       4227 |     450 |  146 |  4014 |      0 |      0 |          0 |
|     u_mig                                                           |                                       mig_7series_0 |       4815 |       4219 |     450 |  146 |  4014 |      0 |      0 |          0 |
|       u_mig_7series_0_mig                                           |                                   mig_7series_0_mig |       4815 |       4219 |     450 |  146 |  4014 |      0 |      0 |          0 |
|         temp_mon_enabled.u_tempmon                                  |                            mig_7series_v4_2_tempmon |         39 |         39 |       0 |    0 |   122 |      0 |      0 |          0 |
|         u_memc_ui_top_axi                                           |                    mig_7series_v4_2_memc_ui_top_axi |       4771 |       4175 |     450 |  146 |  3846 |      0 |      0 |          0 |
|           u_ui_top                                                  |                             mig_7series_v4_2_ui_top |        385 |        189 |     196 |    0 |   550 |      0 |      0 |          0 |
|             ui_cmd0                                                 |                             mig_7series_v4_2_ui_cmd |         33 |         33 |       0 |    0 |    54 |      0 |      0 |          0 |
|             ui_rd_data0                                             |                         mig_7series_v4_2_ui_rd_data |        118 |         26 |      92 |    0 |   163 |      0 |      0 |          0 |
|             ui_wr_data0                                             |                         mig_7series_v4_2_ui_wr_data |        234 |        130 |     104 |    0 |   333 |      0 |      0 |          0 |
|           mem_intfc0                                                |                          mig_7series_v4_2_mem_intfc |       3858 |       3587 |     254 |   17 |  2817 |      0 |      0 |          0 |
|             ddr_phy_top0                                            |                        mig_7series_v4_2_ddr_phy_top |       3235 |       2973 |     246 |   16 |  2300 |      0 |      0 |          0 |
|               u_ddr_calib_top                                       |                      mig_7series_v4_2_ddr_calib_top |       2526 |       2512 |       0 |   14 |  1984 |      0 |      0 |          0 |
|                 u_ddr_phy_wrcal                                     |                      mig_7series_v4_2_ddr_phy_wrcal |        169 |        163 |       0 |    6 |   304 |      0 |      0 |          0 |
|                 ddr_phy_rdlvl_gen.u_ddr_phy_rdlvl                   |                      mig_7series_v4_2_ddr_phy_rdlvl |        540 |        540 |       0 |    0 |   872 |      0 |      0 |          0 |
|                 ddr_phy_tempmon_0                                   |                    mig_7series_v4_2_ddr_phy_tempmon |        251 |        251 |       0 |    0 |   231 |      0 |      0 |          0 |
|                 dqsfind_calib_left.u_ddr_phy_dqs_found_cal_hr       |           mig_7series_v4_2_ddr_phy_dqs_found_cal_hr |        157 |        156 |       0 |    1 |    91 |      0 |      0 |          0 |
|                 mb_wrlvl_inst.u_ddr_phy_wrlvl                       |                      mig_7series_v4_2_ddr_phy_wrlvl |        261 |        260 |       0 |    1 |   160 |      0 |      0 |          0 |
|                 u_ddr_phy_init                                      |                       mig_7series_v4_2_ddr_phy_init |       1114 |       1110 |       0 |    4 |   281 |      0 |      0 |          0 |
|               u_ddr_mc_phy_wrapper                                  |                 mig_7series_v4_2_ddr_mc_phy_wrapper |        717 |        469 |     246 |    2 |   316 |      0 |      0 |          0 |
|                 u_ddr_mc_phy                                        |                         mig_7series_v4_2_ddr_mc_phy |        717 |        469 |     246 |    2 |   292 |      0 |      0 |          0 |
|                   ddr_phy_4lanes_0.u_ddr_phy_4lanes                 |                     mig_7series_v4_2_ddr_phy_4lanes |        717 |        469 |     246 |    2 |   276 |      0 |      0 |          0 |
|                     ddr_byte_lane_D.ddr_byte_lane_D                 |      mig_7series_v4_2_ddr_byte_lane__parameterized2 |        375 |        282 |      92 |    1 |   112 |      0 |      0 |          0 |
|                       (ddr_byte_lane_D.ddr_byte_lane_D)             |      mig_7series_v4_2_ddr_byte_lane__parameterized2 |          6 |          6 |       0 |    0 |    69 |      0 |      0 |          0 |
|                       dq_gen_40.if_post_fifo_gen.u_ddr_if_post_fifo |                   mig_7series_v4_2_ddr_if_post_fifo |        273 |        229 |      44 |    0 |    18 |      0 |      0 |          0 |
|                       of_pre_fifo_gen.u_ddr_of_pre_fifo             |    mig_7series_v4_2_ddr_of_pre_fifo__parameterized1 |         94 |         46 |      48 |    0 |    24 |      0 |      0 |          0 |
|                     ddr_byte_lane_A.ddr_byte_lane_A                 |                      mig_7series_v4_2_ddr_byte_lane |         52 |         22 |      30 |    0 |    20 |      0 |      0 |          0 |
|                       of_pre_fifo_gen.u_ddr_of_pre_fifo             | mig_7series_v4_2_ddr_of_pre_fifo__parameterized1_12 |         51 |         21 |      30 |    0 |    19 |      0 |      0 |          0 |
|                     ddr_byte_lane_B.ddr_byte_lane_B                 |      mig_7series_v4_2_ddr_byte_lane__parameterized0 |         64 |         32 |      32 |    0 |    19 |      0 |      0 |          0 |
|                       of_pre_fifo_gen.u_ddr_of_pre_fifo             | mig_7series_v4_2_ddr_of_pre_fifo__parameterized1_11 |         55 |         23 |      32 |    0 |    19 |      0 |      0 |          0 |
|                     ddr_byte_lane_C.ddr_byte_lane_C                 |      mig_7series_v4_2_ddr_byte_lane__parameterized1 |        223 |        131 |      92 |    0 |   105 |      0 |      0 |          0 |
|                       (ddr_byte_lane_C.ddr_byte_lane_C)             |      mig_7series_v4_2_ddr_byte_lane__parameterized1 |          1 |          1 |       0 |    0 |    69 |      0 |      0 |          0 |
|                       dq_gen_40.if_post_fifo_gen.u_ddr_if_post_fifo |                 mig_7series_v4_2_ddr_if_post_fifo_9 |        127 |         83 |      44 |    0 |    11 |      0 |      0 |          0 |
|                       of_pre_fifo_gen.u_ddr_of_pre_fifo             | mig_7series_v4_2_ddr_of_pre_fifo__parameterized1_10 |         95 |         47 |      48 |    0 |    24 |      0 |      0 |          0 |
|             mc0                                                     |                                 mig_7series_v4_2_mc |        634 |        625 |       8 |    1 |   517 |      0 |      0 |          0 |
|               (mc0)                                                 |                                 mig_7series_v4_2_mc |        101 |        101 |       0 |    0 |    73 |      0 |      0 |          0 |
|               bank_mach0                                            |                          mig_7series_v4_2_bank_mach |        458 |        458 |       0 |    0 |   357 |      0 |      0 |          0 |
|                 arb_mux0                                            |                            mig_7series_v4_2_arb_mux |        167 |        167 |       0 |    0 |    36 |      0 |      0 |          0 |
|                   arb_row_col0                                      |                        mig_7series_v4_2_arb_row_col |        167 |        167 |       0 |    0 |    32 |      0 |      0 |          0 |
|                     row_arb0                                        |  mig_7series_v4_2_round_robin_arb__parameterized1_6 |         54 |         54 |       0 |    0 |     8 |      0 |      0 |          0 |
|                     col_arb0                                        |    mig_7series_v4_2_round_robin_arb__parameterized1 |         62 |         62 |       0 |    0 |     8 |      0 |      0 |          0 |
|                 bank_cntrl[0].bank0                                 |                         mig_7series_v4_2_bank_cntrl |         68 |         68 |       0 |    0 |    76 |      0 |      0 |          0 |
|                 bank_cntrl[1].bank0                                 |         mig_7series_v4_2_bank_cntrl__parameterized0 |         66 |         66 |       0 |    0 |    74 |      0 |      0 |          0 |
|                 bank_cntrl[2].bank0                                 |         mig_7series_v4_2_bank_cntrl__parameterized1 |         67 |         67 |       0 |    0 |    75 |      0 |      0 |          0 |
|                 bank_cntrl[3].bank0                                 |         mig_7series_v4_2_bank_cntrl__parameterized2 |         68 |         68 |       0 |    0 |    74 |      0 |      0 |          0 |
|               rank_mach0                                            |                          mig_7series_v4_2_rank_mach |         55 |         54 |       0 |    1 |    61 |      0 |      0 |          0 |
|           u_axi_mc                                                  |                             mig_7series_v4_2_axi_mc |        551 |        422 |       0 |  129 |   477 |      0 |      0 |          0 |
|             axi_mc_w_channel_0                                      |                   mig_7series_v4_2_axi_mc_w_channel |        163 |        163 |       0 |    0 |   291 |      0 |      0 |          0 |
|             axi_mc_ar_channel_0                                     |                  mig_7series_v4_2_axi_mc_ar_channel |        100 |        100 |       0 |    0 |    68 |      0 |      0 |          0 |
|               ar_cmd_fsm_0                                          |                     mig_7series_v4_2_axi_mc_cmd_fsm |        100 |        100 |       0 |    0 |     1 |      0 |      0 |          0 |
|             axi_mc_aw_channel_0                                     |                  mig_7series_v4_2_axi_mc_aw_channel |         99 |         99 |       0 |    0 |    63 |      0 |      0 |          0 |
|               aw_cmd_fsm_0                                          |                  mig_7series_v4_2_axi_mc_wr_cmd_fsm |         99 |         99 |       0 |    0 |     1 |      0 |      0 |          0 |
|             axi_mc_r_channel_0                                      |                   mig_7series_v4_2_axi_mc_r_channel |        156 |         27 |       0 |  129 |    17 |      0 |      0 |          0 |
|               rd_data_fifo_0                                        |        mig_7series_v4_2_axi_mc_fifo__parameterized0 |        141 |         13 |       0 |  128 |     6 |      0 |      0 |          0 |
|   u_wdma                                                            |                                        ddr_tile_dma |        121 |        121 |       0 |    0 |    79 |      0 |      0 |          0 |
+---------------------------------------------------------------------+-----------------------------------------------------+------------+------------+---------+------+-------+--------+--------+------------+
* Note: The sum of lower-level cells may be larger than their parent cells total, due to cross-hierarchy LUT combining


