Copyright 1986-2022 Xilinx, Inc. All Rights Reserved. Copyright 2022-2026 Advanced Micro Devices, Inc. All Rights Reserved.
------------------------------------------------------------------------------------------------------------------------------------------------------------------------------------------
| Tool Version : Vivado v.2026.1 (win64) Build 6511674 Tue Jun 16 11:02:23 MDT 2026
| Date         : Tue Sep  1 20:53:17 2026
| Host         : laptop-Quan running 64-bit major release  (build 9200)
| Command      : report_control_sets -verbose -file D:/Jetking_sem4/SEM_4/arty-a7-online-lm-grok-orch-00/results/A7-NATIVE-GRAPH/GROK-ORCH-00/P2-PERSIST-GEN-FAST-00/ooc_control_sets.rpt
| Design       : a7ng_persist_gen_fast
| Device       : xc7a100t
------------------------------------------------------------------------------------------------------------------------------------------------------------------------------------------

Control Set Information

Table of Contents
-----------------
1. Summary
2. Histogram
3. Flip-Flop Distribution
4. Detailed Control Set Information

1. Summary
----------

+----------------------------------------------------------+-------+
|                          Status                          | Count |
+----------------------------------------------------------+-------+
| Total control sets                                       |    63 |
|    Minimum number of control sets                        |    63 |
|    Addition due to synthesis replication                 |     0 |
|    Addition due to physical synthesis replication        |     0 |
| Unused register locations in slices containing registers |    46 |
+----------------------------------------------------------+-------+
* Control sets can be merged at opt_design using control_set_merge or merge_equivalent_drivers
** Run report_qor_suggestions for automated merging and remapping suggestions


2. Histogram
------------

+--------------------+-------+
|       Fanout       | Count |
+--------------------+-------+
| Total control sets |    63 |
| >= 0 to < 4        |     0 |
| >= 4 to < 6        |     5 |
| >= 6 to < 8        |     2 |
| >= 8 to < 10       |    24 |
| >= 10 to < 12      |     1 |
| >= 12 to < 14      |     0 |
| >= 14 to < 16      |     0 |
| >= 16              |    31 |
+--------------------+-------+
* Control sets can be remapped at either synth_design or opt_design


3. Flip-Flop Distribution
-------------------------

+--------------+-----------------------+------------------------+-----------------+--------------+
| Clock Enable | Synchronous Set/Reset | Asynchronous Set/Reset | Total Registers | Total Slices |
+--------------+-----------------------+------------------------+-----------------+--------------+
| No           | No                    | No                     |               0 |            0 |
| No           | No                    | Yes                    |              51 |           25 |
| No           | Yes                   | No                     |               0 |            0 |
| Yes          | No                    | No                     |               0 |            0 |
| Yes          | No                    | Yes                    |            1015 |          411 |
| Yes          | Yes                   | No                     |               0 |            0 |
+--------------+-----------------------+------------------------+-----------------+--------------+


4. Detailed Control Set Information
-----------------------------------

+--------------+----------------------------+--------------------------+------------------+----------------+--------------+
| Clock Signal |        Enable Signal       |     Set/Reset Signal     | Slice Load Count | Bel Load Count | Bels / Slice |
+--------------+----------------------------+--------------------------+------------------+----------------+--------------+
|  clk         | u_g1/ins_shift_reg[0]      | u_g1/rst_n_0             |                1 |              4 |         4.00 |
|  clk         | sh_k[3]_i_1_n_0            | u_g1/rst_n_0             |                2 |              4 |         2.00 |
|  clk         | feed_i[3]_i_1_n_0          | u_g1/rst_n_0             |                2 |              4 |         2.00 |
|  clk         | ins_j[3]_i_1_n_0           | u_g1/rst_n_0             |                2 |              4 |         2.00 |
|  clk         | slot_i[4]_i_1_n_0          | u_g1/rst_n_0             |                3 |              5 |         1.67 |
|  clk         | u_g1/consume_valid_o_reg_0 | u_g1/rst_n_0             |                2 |              6 |         3.00 |
|  clk         | u_g1/E[0]                  | u_g1/rst_n_0             |                1 |              6 |         6.00 |
|  clk         | u_g1/gen[7]_i_1_n_0        | u_g1/rst_n_0             |                2 |              8 |         4.00 |
|  clk         | stamp[10][7]_i_1_n_0       | u_g1/rst_n_0             |                4 |              8 |         2.00 |
|  clk         | stamp[11][7]_i_1_n_0       | u_g1/rst_n_0             |                2 |              8 |         4.00 |
|  clk         | u_g2/out_subj_reg[7]_1[0]  | u_g1/rst_n_0             |                3 |              8 |         2.67 |
|  clk         | stamp[2][7]_i_1_n_0        | u_g1/rst_n_0             |                2 |              8 |         4.00 |
|  clk         | u_g2/E[0]                  | u_g1/rst_n_0             |                4 |              8 |         2.00 |
|  clk         | u_g2/bram_kill_i_1[0]      | u_g1/rst_n_0             |                3 |              8 |         2.67 |
|  clk         | stamp[7][7]_i_1_n_0        | u_g1/rst_n_0             |                4 |              8 |         2.00 |
|  clk         | u_g2/slot_i_reg[0]_0[0]    | u_g1/rst_n_0             |                3 |              8 |         2.67 |
|  clk         | u_g2/ddr_req_o_reg_0[0]    | u_g1/rst_n_0             |                2 |              8 |         4.00 |
|  clk         | stamp[5][7]_i_1_n_0        | u_g1/rst_n_0             |                5 |              8 |         1.60 |
|  clk         | u_g2/bram_kill_i_2[0]      | u_g1/rst_n_0             |                2 |              8 |         4.00 |
|  clk         | penalty[8][7]_i_1_n_0      | u_g1/rst_n_0             |                4 |              8 |         2.00 |
|  clk         | stamp[6][7]_i_1_n_0        | u_g1/rst_n_0             |                5 |              8 |         1.60 |
|  clk         | stamp[4][7]_i_1_n_0        | u_g1/rst_n_0             |                3 |              8 |         2.67 |
|  clk         | penalty[1][7]_i_1_n_0      | u_g1/rst_n_0             |                2 |              8 |         4.00 |
|  clk         | penalty[0][7]_i_1_n_0      | u_g1/rst_n_0             |                6 |              8 |         1.33 |
|  clk         | sc_v_i                     | u_scorer/valid_o_i_1_n_0 |                2 |              8 |         4.00 |
|  clk         | stamp[9][7]_i_1_n_0        | u_g1/rst_n_0             |                3 |              8 |         2.67 |
|  clk         | stamp[3][7]_i_1_n_0        | u_g1/rst_n_0             |                3 |              8 |         2.67 |
|  clk         | stamp[13][7]_i_1_n_0       | u_g1/rst_n_0             |                3 |              8 |         2.67 |
|  clk         | stamp[12][7]_i_1_n_0       | u_g1/rst_n_0             |                2 |              8 |         4.00 |
|  clk         | stamp[14][7]_i_1_n_0       | u_g1/rst_n_0             |                3 |              8 |         2.67 |
|  clk         | stamp[15][7]_i_1_n_0       | u_g1/rst_n_0             |                4 |              8 |         2.00 |
|  clk         | u_g1/query_valid_i_0       | u_g1/rst_n_0             |                2 |             10 |         5.00 |
|  clk         | prior[5][7]_i_1_n_0        | u_g1/rst_n_0             |                6 |             16 |         2.67 |
|  clk         | prior[7][7]_i_1_n_0        | u_g1/rst_n_0             |                8 |             16 |         2.00 |
|  clk         | prior[9][7]_i_1_n_0        | u_g1/rst_n_0             |                7 |             16 |         2.29 |
|  clk         | prior[10][7]_i_1_n_0       | u_g1/rst_n_0             |                8 |             16 |         2.00 |
|  clk         | prior[11][7]_i_1_n_0       | u_g1/rst_n_0             |                5 |             16 |         3.20 |
|  clk         | prior[12][7]_i_1_n_0       | u_g1/rst_n_0             |                5 |             16 |         3.20 |
|  clk         | u_g1/last_txn[15]_i_1_n_0  | u_g1/rst_n_0             |                3 |             16 |         5.33 |
|  clk         | prior[13][7]_i_1_n_0       | u_g1/rst_n_0             |                5 |             16 |         3.20 |
|  clk         | ev_subj_o[7]_i_1_n_0       | u_g1/rst_n_0             |                3 |             16 |         5.33 |
|  clk         | prior[2][7]_i_1_n_0        | u_g1/rst_n_0             |                7 |             16 |         2.29 |
|  clk         | prior[3][7]_i_1_n_0        | u_g1/rst_n_0             |                6 |             16 |         2.67 |
|  clk         | prior[14][7]_i_1_n_0       | u_g1/rst_n_0             |                6 |             16 |         2.67 |
|  clk         | prior[15][7]_i_1_n_0       | u_g1/rst_n_0             |                6 |             16 |         2.67 |
|  clk         | prior[4][7]_i_1_n_0        | u_g1/rst_n_0             |                8 |             16 |         2.00 |
|  clk         | prior[6][7]_i_1_n_0        | u_g1/rst_n_0             |                9 |             16 |         1.78 |
|  clk         | u_scorer/valid_d1          | u_scorer/valid_o_i_1_n_0 |                3 |             16 |         5.33 |
|  clk         |                            | u_g1/rst_n_0             |               13 |             21 |         1.62 |
|  clk         | new_s[15]_i_1_n_0          | u_g1/rst_n_0             |                7 |             22 |         3.14 |
|  clk         | u_g2/reward_i[1][0]        | u_g1/rst_n_0             |                5 |             22 |         4.40 |
|  clk         | u_g1/pending               | u_g1/rst_n_0             |                5 |             26 |         5.20 |
|  clk         |                            | u_scorer/valid_o_i_1_n_0 |               12 |             30 |         2.50 |
|  clk         | live_gen[31]_i_1_n_0       | u_g1/rst_n_0             |               11 |             32 |         2.91 |
|  clk         | ddr_wdata_o[44]_i_1_n_0    | u_g1/rst_n_0             |               28 |             38 |         1.36 |
|  clk         | topk_id_o[2][31]_i_1_n_0   | u_g1/rst_n_0             |               16 |             48 |         3.00 |
|  clk         | topk_id_o[3][31]_i_1_n_0   | u_g1/rst_n_0             |               15 |             48 |         3.20 |
|  clk         | topk_id_o[6][31]_i_1_n_0   | u_g1/rst_n_0             |               21 |             48 |         2.29 |
|  clk         | topk_id_o[5][31]_i_1_n_0   | u_g1/rst_n_0             |               21 |             48 |         2.29 |
|  clk         | topk_id_o[4][31]_i_1_n_0   | u_g1/rst_n_0             |               15 |             48 |         3.20 |
|  clk         | topk_id_o[7][31]_i_1_n_0   | u_g1/rst_n_0             |               43 |             48 |         1.12 |
|  clk         | topk_id_o[0][31]_i_1_n_0   | u_g1/rst_n_0             |               21 |             48 |         2.29 |
|  clk         | topk_id_o[1][31]_i_1_n_0   | u_g1/rst_n_0             |               17 |             48 |         2.82 |
+--------------+----------------------------+--------------------------+------------------+----------------+--------------+


