Copyright 1986-2022 Xilinx, Inc. All Rights Reserved. Copyright 2022-2026 Advanced Micro Devices, Inc. All Rights Reserved.
------------------------------------------------------------------------------------------------------------------------------------------------------------------------------------------------
| Tool Version : Vivado v.2026.1 (win64) Build 6511674 Tue Jun 16 11:02:23 MDT 2026
| Date         : Thu Sep  3 05:32:05 2026
| Host         : laptop-Quan running 64-bit major release  (build 9200)
| Command      : report_timing_summary -file D:/Jetking_sem4/SEM_4/arty-a7-online-lm-grok-orch-00/results/A7-NATIVE-GRAPH/GROK-ORCH-00/P2-GATE14-C9-LEARNED-PRIOR-GRAPH-03/ooc_timing_route.rpt
| Design       : a7ng_learned_prior_graph
| Device       : 7a100t-csg324
| Speed File   : -1  PRODUCTION 1.23 2018-06-13
| Design State : Routed
------------------------------------------------------------------------------------------------------------------------------------------------------------------------------------------------

Timing Summary Report

------------------------------------------------------------------------------------------------
| Timer Settings
| --------------
------------------------------------------------------------------------------------------------

  Enable Multi Corner Analysis               :  Yes
  Enable Pessimism Removal                   :  Yes
  Pessimism Removal Resolution               :  Nearest Common Node
  Enable Input Delay Default Clock           :  No
  Enable Preset / Clear Arcs                 :  No
  Disable Flight Delays                      :  No
  Ignore I/O Paths                           :  No
  Timing Early Launch at Borrowing Latches   :  No
  Borrow Time for Max Delay Exceptions       :  Yes
  Merge Timing Exceptions                    :  Yes
  Inter-SLR Compensation                     :  Conservative

  Corner  Analyze    Analyze    
  Name    Max Paths  Min Paths  
  ------  ---------  ---------  
  Slow    Yes        Yes        
  Fast    Yes        Yes        


------------------------------------------------------------------------------------------------
| Report Methodology
| ------------------
------------------------------------------------------------------------------------------------

No report available as report_methodology has not been run prior. Run report_methodology on the current design for the summary of methodology violations.



check_timing report

Table of Contents
-----------------
1. checking no_clock (0)
2. checking constant_clock (0)
3. checking pulse_width_clock (0)
4. checking unconstrained_internal_endpoints (0)
5. checking no_input_delay (105)
6. checking no_output_delay (707)
7. checking multiple_clock (0)
8. checking generated_clocks (0)
9. checking loops (0)
10. checking partial_input_delay (0)
11. checking partial_output_delay (0)
12. checking latch_loops (0)

1. checking no_clock (0)
------------------------
 There are 0 register/latch pins with no clock.


2. checking constant_clock (0)
------------------------------
 There are 0 register/latch pins with constant_clock.


3. checking pulse_width_clock (0)
---------------------------------
 There are 0 register/latch pins which need pulse_width check


4. checking unconstrained_internal_endpoints (0)
------------------------------------------------
 There are 0 pins that are not constrained for maximum delay.

 There are 0 pins that are not constrained for maximum delay due to constant clock.


5. checking no_input_delay (105)
--------------------------------
 There are 105 input ports with no input delay specified. (HIGH)

 There are 0 input ports with no input delay but user has a false path constraint.


6. checking no_output_delay (707)
---------------------------------
 There are 707 ports with no output delay specified. (HIGH)

 There are 0 ports with no output delay but user has a false path constraint

 There are 0 ports with no output delay but with a timing clock defined on it or propagating through it


7. checking multiple_clock (0)
------------------------------
 There are 0 register/latch pins with multiple clocks.


8. checking generated_clocks (0)
--------------------------------
 There are 0 generated clocks that are not connected to a clock source.


9. checking loops (0)
---------------------
 There are 0 combinational loops in the design.


10. checking partial_input_delay (0)
------------------------------------
 There are 0 input ports with partial input delay specified.


11. checking partial_output_delay (0)
-------------------------------------
 There are 0 ports with partial output delay specified.


12. checking latch_loops (0)
----------------------------
 There are 0 combinational latch loops in the design through latch input



------------------------------------------------------------------------------------------------
| Design Timing Summary
| ---------------------
------------------------------------------------------------------------------------------------

    WNS(ns)      TNS(ns)  TNS Failing Endpoints  TNS Total Endpoints      WHS(ns)      THS(ns)  THS Failing Endpoints  THS Total Endpoints     WPWS(ns)     TPWS(ns)  TPWS Failing Endpoints  TPWS Total Endpoints  
    -------      -------  ---------------------  -------------------      -------      -------  ---------------------  -------------------     --------     --------  ----------------------  --------------------  
     51.656        0.000                      0                 2950        0.125        0.000                      0                 2950       39.500        0.000                       0                  1497  


All user specified timing constraints are met.


------------------------------------------------------------------------------------------------
| Clock Summary
| -------------
------------------------------------------------------------------------------------------------

Clock  Waveform(ns)       Period(ns)      Frequency(MHz)
-----  ------------       ----------      --------------
clk    {0.000 40.000}     80.000          12.500          


------------------------------------------------------------------------------------------------
| Intra Clock Table
| -----------------
------------------------------------------------------------------------------------------------

Clock             WNS(ns)      TNS(ns)  TNS Failing Endpoints  TNS Total Endpoints      WHS(ns)      THS(ns)  THS Failing Endpoints  THS Total Endpoints     WPWS(ns)     TPWS(ns)  TPWS Failing Endpoints  TPWS Total Endpoints  
-----             -------      -------  ---------------------  -------------------      -------      -------  ---------------------  -------------------     --------     --------  ----------------------  --------------------  
clk                51.656        0.000                      0                 2950        0.125        0.000                      0                 2950       39.500        0.000                       0                  1497  


------------------------------------------------------------------------------------------------
| Inter Clock Table
| -----------------
------------------------------------------------------------------------------------------------

From Clock    To Clock          WNS(ns)      TNS(ns)  TNS Failing Endpoints  TNS Total Endpoints      WHS(ns)      THS(ns)  THS Failing Endpoints  THS Total Endpoints  
----------    --------          -------      -------  ---------------------  -------------------      -------      -------  ---------------------  -------------------  


------------------------------------------------------------------------------------------------
| Other Path Groups Table
| -----------------------
------------------------------------------------------------------------------------------------

Path Group    From Clock    To Clock          WNS(ns)      TNS(ns)  TNS Failing Endpoints  TNS Total Endpoints      WHS(ns)      THS(ns)  THS Failing Endpoints  THS Total Endpoints  
----------    ----------    --------          -------      -------  ---------------------  -------------------      -------      -------  ---------------------  -------------------  


------------------------------------------------------------------------------------------------
| Timing Details
| --------------
------------------------------------------------------------------------------------------------


---------------------------------------------------------------------------------------------------
From Clock:  clk
  To Clock:  clk

Setup :            0  Failing Endpoints,  Worst Slack       51.656ns,  Total Violation        0.000ns
Hold  :            0  Failing Endpoints,  Worst Slack        0.125ns,  Total Violation        0.000ns
PW    :            0  Failing Endpoints,  Worst Slack       39.500ns,  Total Violation        0.000ns
---------------------------------------------------------------------------------------------------


Max Delay Paths
--------------------------------------------------------------------------------------
Slack (MET) :             51.656ns  (required time - arrival time)
  Source:                 u_hp/hf_idx_reg[1]/C
                            (rising edge-triggered cell FDCE clocked by clk  {rise@0.000ns fall@40.000ns period=80.000ns})
  Destination:            u_hp/h_reg[4][s][11]/D
                            (rising edge-triggered cell FDRE clocked by clk  {rise@0.000ns fall@40.000ns period=80.000ns})
  Path Group:             clk
  Path Type:              Setup (Max at Slow Process Corner)
  Requirement:            80.000ns  (clk rise@80.000ns - clk rise@0.000ns)
  Data Path Delay:        28.289ns  (logic 5.156ns (18.226%)  route 23.133ns (81.774%))
  Logic Levels:           20  (CARRY4=5 LUT2=1 LUT3=1 LUT4=3 LUT5=2 LUT6=6 MUXF7=2)
  Clock Path Skew:        -0.049ns (DCD - SCD + CPR)
    Destination Clock Delay (DCD):    0.924ns = ( 80.924 - 80.000 ) 
    Source Clock Delay      (SCD):    0.973ns
    Clock Pessimism Removal (CPR):    0.000ns
  Clock Uncertainty:      0.035ns  ((TSJ^2 + TIJ^2)^1/2 + DJ) / 2 + PE
    Total System Jitter     (TSJ):    0.071ns
    Total Input Jitter      (TIJ):    0.000ns
    Discrete Jitter          (DJ):    0.000ns
    Phase Error              (PE):    0.000ns

    Location             Delay type                Incr(ns)  Path(ns)    Netlist Resource(s)
  -------------------------------------------------------------------    -------------------
                         (clock clk rise edge)        0.000     0.000 r  <hidden>
                                                      0.000     0.000 r  clk
                         net (fo=1496, unset)         0.973     0.973    u_hp/clk
    SLICE_X44Y124        FDCE                                         r  u_hp/hf_idx_reg[1]/C
  -------------------------------------------------------------------    -------------------
    SLICE_X44Y124        FDCE (Prop_fdce_C_Q)         0.456     1.429 r  u_hp/hf_idx_reg[1]/Q
                         net (fo=75, routed)          3.197     4.626    u_hp/p_0_in[2]
    SLICE_X37Y115        LUT6 (Prop_lut6_I2_O)        0.124     4.750 r  u_hp/h[3][id][10]_i_11/O
                         net (fo=1, routed)           0.000     4.750    u_hp/h[3][id][10]_i_11_n_0
    SLICE_X37Y115        MUXF7 (Prop_muxf7_I1_O)      0.217     4.967 r  u_hp/h_reg[3][id][10]_i_5/O
                         net (fo=22, routed)          2.229     7.195    u_hp/h_reg[3][id][10]_i_5_n_0
    SLICE_X38Y135        LUT4 (Prop_lut4_I2_O)        0.299     7.494 r  u_hp/hf_idx[2]_i_415/O
                         net (fo=1, routed)           0.000     7.494    u_hp/hf_idx[2]_i_415_n_0
    SLICE_X38Y135        CARRY4 (Prop_carry4_S[1]_CO[3])
                                                      0.533     8.027 r  u_hp/hf_idx_reg[2]_i_328/CO[3]
                         net (fo=1, routed)           0.000     8.027    u_hp/hf_idx_reg[2]_i_328_n_0
    SLICE_X38Y136        CARRY4 (Prop_carry4_CI_CO[3])
                                                      0.117     8.144 r  u_hp/hf_idx_reg[2]_i_217/CO[3]
                         net (fo=1, routed)           0.000     8.144    u_hp/hf_idx_reg[2]_i_217_n_0
    SLICE_X38Y137        CARRY4 (Prop_carry4_CI_CO[3])
                                                      0.117     8.261 f  u_hp/hf_idx_reg[2]_i_118/CO[3]
                         net (fo=1, routed)           1.452     9.713    u_hp/beats0
    SLICE_X51Y133        LUT4 (Prop_lut4_I0_O)        0.124     9.837 f  u_hp/hf_idx[2]_i_47/O
                         net (fo=1, routed)           0.433    10.270    u_hp/hf_idx[2]_i_47_n_0
    SLICE_X51Y133        LUT6 (Prop_lut6_I2_O)        0.124    10.394 r  u_hp/hf_idx[2]_i_20/O
                         net (fo=4, routed)           1.309    11.703    u_hp/hf_idx[2]_i_20_n_0
    SLICE_X53Y129        LUT2 (Prop_lut2_I0_O)        0.152    11.855 r  u_hp/hf_idx[0]_i_5/O
                         net (fo=107, routed)         2.807    14.662    u_hp/hf_idx[0]_i_5_n_0
    SLICE_X33Y139        LUT6 (Prop_lut6_I4_O)        0.332    14.994 r  u_hp/hf_idx[2]_i_277/O
                         net (fo=1, routed)           0.000    14.994    u_hp/hf_idx[2]_i_277_n_0
    SLICE_X33Y139        MUXF7 (Prop_muxf7_I1_O)      0.217    15.211 r  u_hp/hf_idx_reg[2]_i_139/O
                         net (fo=3, routed)           1.821    17.032    u_hp/hf_idx_reg[2]_i_139_n_0
    SLICE_X40Y130        LUT6 (Prop_lut6_I2_O)        0.299    17.331 r  u_hp/hf_idx[2]_i_53/O
                         net (fo=1, routed)           0.000    17.331    u_hp/hf_idx[2]_i_53_n_0
    SLICE_X40Y130        CARRY4 (Prop_carry4_S[2]_CO[3])
                                                      0.398    17.729 r  u_hp/hf_idx_reg[2]_i_21/CO[3]
                         net (fo=1, routed)           0.000    17.729    u_hp/hf_idx_reg[2]_i_21_n_0
    SLICE_X40Y131        CARRY4 (Prop_carry4_CI_CO[2])
                                                      0.228    17.957 r  u_hp/hf_idx_reg[2]_i_12/CO[2]
                         net (fo=3, routed)           0.974    18.931    u_hp/hf_idx_reg[2]_i_12_n_1
    SLICE_X51Y132        LUT4 (Prop_lut4_I1_O)        0.341    19.272 r  u_hp/hf_idx[2]_i_17/O
                         net (fo=2, routed)           0.700    19.972    u_hp/hf_idx[2]_i_17_n_0
    SLICE_X49Y137        LUT6 (Prop_lut6_I5_O)        0.332    20.304 r  u_hp/hf_idx[2]_i_8/O
                         net (fo=6, routed)           0.641    20.945    u_hp/hf_idx[2]_i_8_n_0
    SLICE_X51Y134        LUT6 (Prop_lut6_I1_O)        0.124    21.069 f  u_hp/h[4][id][29]_i_4/O
                         net (fo=108, routed)         2.274    23.343    u_hp/h[4][id][29]_i_4_n_0
    SLICE_X42Y140        LUT3 (Prop_lut3_I2_O)        0.150    23.493 r  u_hp/h[4][id][31]_i_8/O
                         net (fo=54, routed)          5.002    28.495    u_hp/h[4][id][31]_i_8_n_0
    SLICE_X56Y113        LUT5 (Prop_lut5_I1_O)        0.348    28.843 r  u_hp/h[4][s][11]_i_3/O
                         net (fo=1, routed)           0.295    29.138    u_hp/h[4][s][11]_i_3_n_0
    SLICE_X57Y113        LUT5 (Prop_lut5_I2_O)        0.124    29.262 r  u_hp/h[4][s][11]_i_1/O
                         net (fo=1, routed)           0.000    29.262    u_hp/h[4][s][11]_i_1_n_0
    SLICE_X57Y113        FDRE                                         r  u_hp/h_reg[4][s][11]/D
  -------------------------------------------------------------------    -------------------

                         (clock clk rise edge)       80.000    80.000 r  <hidden>
                                                      0.000    80.000 r  clk
                         net (fo=1496, unset)         0.924    80.924    u_hp/clk
    SLICE_X57Y113        FDRE                                         r  u_hp/h_reg[4][s][11]/C
                         clock pessimism              0.000    80.924    <hidden>
                         clock uncertainty           -0.035    80.889    <hidden>
    SLICE_X57Y113        FDRE (Setup_fdre_C_D)        0.029    80.918    u_hp/h_reg[4][s][11]
  -------------------------------------------------------------------
                         required time                         80.918    <hidden>
                         arrival time                         -29.262    <hidden>
  -------------------------------------------------------------------
                         slack                                 51.656    <hidden>





Min Delay Paths
--------------------------------------------------------------------------------------
Slack (MET) :             0.125ns  (arrival time - required time)
  Source:                 u_g1/consume_txn_o_reg[2]/C
                            (rising edge-triggered cell FDCE clocked by clk  {rise@0.000ns fall@40.000ns period=80.000ns})
  Destination:            u_g1/last_txn_reg[2]/D
                            (rising edge-triggered cell FDCE clocked by clk  {rise@0.000ns fall@40.000ns period=80.000ns})
  Path Group:             clk
  Path Type:              Hold (Min at Fast Process Corner)
  Requirement:            0.000ns  (clk rise@0.000ns - clk rise@0.000ns)
  Data Path Delay:        0.239ns  (logic 0.186ns (77.839%)  route 0.053ns (22.161%))
  Logic Levels:           1  (LUT4=1)
  Clock Path Skew:        0.022ns (DCD - SCD - CPR)
    Destination Clock Delay (DCD):    0.432ns
    Source Clock Delay      (SCD):    0.410ns
    Clock Pessimism Removal (CPR):    -0.000ns

    Location             Delay type                Incr(ns)  Path(ns)    Netlist Resource(s)
  -------------------------------------------------------------------    -------------------
                         (clock clk rise edge)        0.000     0.000 r  <hidden>
                                                      0.000     0.000 r  clk
                         net (fo=1496, unset)         0.410     0.410    u_g1/clk
    SLICE_X4Y125         FDCE                                         r  u_g1/consume_txn_o_reg[2]/C
  -------------------------------------------------------------------    -------------------
    SLICE_X4Y125         FDCE (Prop_fdce_C_Q)         0.141     0.551 r  u_g1/consume_txn_o_reg[2]/Q
                         net (fo=1, routed)           0.053     0.604    u_st/last_txn_reg[15][2]
    SLICE_X5Y125         LUT4 (Prop_lut4_I3_O)        0.045     0.649 r  u_st/last_txn[2]_i_1/O
                         net (fo=1, routed)           0.000     0.649    u_g1/D[2]
    SLICE_X5Y125         FDCE                                         r  u_g1/last_txn_reg[2]/D
  -------------------------------------------------------------------    -------------------

                         (clock clk rise edge)        0.000     0.000 r  <hidden>
                                                      0.000     0.000 r  clk
                         net (fo=1496, unset)         0.432     0.432    u_g1/clk
    SLICE_X5Y125         FDCE                                         r  u_g1/last_txn_reg[2]/C
                         clock pessimism              0.000     0.432    <hidden>
    SLICE_X5Y125         FDCE (Hold_fdce_C_D)         0.092     0.524    u_g1/last_txn_reg[2]
  -------------------------------------------------------------------
                         required time                         -0.524    <hidden>
                         arrival time                           0.649    <hidden>
  -------------------------------------------------------------------
                         slack                                  0.125    <hidden>





Pulse Width Checks
--------------------------------------------------------------------------------------
Clock Name:         clk
Waveform(ns):       { 0.000 40.000 }
Period(ns):         80.000
Sources:            { clk }

Check Type        Corner  Lib Pin             Reference Pin  Required(ns)  Actual(ns)  Slack(ns)  Location       Pin
Min Period        n/a     RAMB36E1/CLKARDCLK  n/a            2.944         80.000      77.056     RAMB36_X0Y23   u_st/ws_mem_reg_0/CLKARDCLK
Low Pulse Width   Slow    FDPE/C              n/a            0.500         40.000      39.500     SLICE_X12Y121  FSM_onehot_st_reg[0]/C
High Pulse Width  Slow    FDPE/C              n/a            0.500         40.000      39.500     SLICE_X12Y121  FSM_onehot_st_reg[0]/C



