Copyright 1986-2022 Xilinx, Inc. All Rights Reserved. Copyright 2022-2026 Advanced Micro Devices, Inc. All Rights Reserved.
---------------------------------------------------------------------------------------------------------------------------------------------------------------------------------------------------
| Tool Version : Vivado v.2026.1 (win64) Build 6511674 Tue Jun 16 11:02:23 MDT 2026
| Date         : Thu Sep  3 12:26:34 2026
| Host         : laptop-Quan running 64-bit major release  (build 9200)
| Command      : report_utilization -hierarchical -file D:/Jetking_sem4/SEM_4/arty-a7-online-lm-grok-orch-00/results/A7-NATIVE-GRAPH/E2R-CORE-START-RST-PROBE-00/report_utilization_route_hier.rpt
| Design       : arty_a7_ng_native_v1_ab_soc_top
| Device       : xc7a100tcsg324-1
| Speed File   : -1
| Design State : Physopt postRoute
---------------------------------------------------------------------------------------------------------------------------------------------------------------------------------------------------

Utilization Design Information

Table of Contents
-----------------
1. Utilization by Hierarchy

1. Utilization by Hierarchy
---------------------------

+---------------------------------------------------------------------+-----------------------------------------------------+------------+------------+---------+------+-------+--------+--------+------------+
|                               Instance                              |                        Module                       | Total LUTs | Logic LUTs | LUTRAMs | SRLs |  FFs  | RAMB36 | RAMB18 | DSP Blocks |
+---------------------------------------------------------------------+-----------------------------------------------------+------------+------------+---------+------+-------+--------+--------+------------+
| arty_a7_ng_native_v1_ab_soc_top                                     |                                               (top) |      37020 |      34276 |    2594 |  150 | 46263 |    104 |      1 |         19 |
|   (arty_a7_ng_native_v1_ab_soc_top)                                 |                                               (top) |         41 |         41 |       0 |    0 |   511 |      0 |      0 |          0 |
|   g_f1dbg.g_atom_uart.u_atom0_sync                                  |                                           sync_bits |         62 |         62 |       0 |    0 |    64 |      0 |      0 |          0 |
|   g_f1dbg.g_atom_uart.u_atom1_sync                                  |                                         sync_bits_0 |        109 |        109 |       0 |    0 |    64 |      0 |      0 |          0 |
|   g_f1dbg.u_f1n_phase_sync                                          |                           sync_bits__parameterized3 |         96 |         96 |       0 |    0 |    16 |      0 |      0 |          0 |
|   u_ab                                                              |                              a7ng_native_v1_ab_core |      29350 |      27206 |    2144 |    0 | 38437 |     97 |      1 |         19 |
|     (u_ab)                                                          |                              a7ng_native_v1_ab_core |         41 |         41 |       0 |    0 |    99 |      0 |      0 |          0 |
|     u_bind                                                          |                                a7ng_native_ctx_bind |         28 |         28 |       0 |    0 |   103 |      0 |      0 |          0 |
|     u_core                                                          |                                   tiny_gpt803k_core |      17826 |      15682 |    2144 |    0 | 25152 |     96 |      0 |         19 |
|       (u_core)                                                      |                                   tiny_gpt803k_core |       9207 |       9175 |      32 |    0 | 22744 |      0 |      0 |         18 |
|       u_a                                                           |                                       act_ram128k16 |        468 |        468 |       0 |    0 |     1 |     64 |      0 |          0 |
|       u_fd                                                          |                                        floordiv_s48 |       1808 |       1808 |       0 |    0 |   189 |      0 |      0 |          0 |
|       u_isq                                                         |                                             isqrt32 |         90 |         90 |       0 |    0 |    57 |      0 |      0 |          1 |
|       u_logits                                                      |                                a7lm06_logits_lutram |       1090 |        386 |     704 |    0 |     0 |      0 |      0 |          0 |
|       u_snap                                                        |                                        snap_ram4k16 |       1786 |        378 |    1408 |    0 |    16 |      0 |      0 |          0 |
|         u_candidate                                                 |                                 snap_ram4k16_lutram |       1786 |        378 |    1408 |    0 |    16 |      0 |      0 |          0 |
|       u_w                                                           |                                     weight_tile803k |       3383 |       3383 |       0 |    0 |  2145 |     32 |      0 |          0 |
|         (u_w)                                                       |                                     weight_tile803k |       2472 |       2472 |       0 |    0 |  2144 |      0 |      0 |          0 |
|         TILE.u_bank                                                 |                                    weight_bram_tdp8 |        912 |        912 |       0 |    0 |     1 |     32 |      0 |          0 |
|     u_g1g5                                                          |                                     a7ng_g1g5_cofit |       3187 |       3187 |       0 |    0 |  1474 |      1 |      1 |          0 |
|       u_graph                                                       |                            a7ng_learned_prior_graph |       3096 |       3096 |       0 |    0 |  1290 |      1 |      1 |          0 |
|         (u_graph)                                                   |                            a7ng_learned_prior_graph |        142 |        142 |       0 |    0 |   264 |      0 |      0 |          0 |
|         u_g1                                                        |                              a7ng_feedback_resolver |         48 |         48 |       0 |    0 |    91 |      0 |      0 |          0 |
|         u_hp                                                        |                            a7ng_topk_stream_minheap |       2512 |       2512 |       0 |    0 |   600 |      0 |      0 |          0 |
|         u_scorer                                                    |                                    a7ng_scorer_lane |         66 |         66 |       0 |    0 |   116 |      0 |      0 |          0 |
|         u_st                                                        |                            a7ng_learned_prior_store |        329 |        329 |       0 |    0 |   206 |      1 |      1 |          0 |
|       u_glue                                                        |                                 a7ng_gate14_c9_glue |         91 |         91 |       0 |    0 |   138 |      0 |      0 |          0 |
|     u_soa                                                           |                                a7ng_cue_soa_mig_top |       8266 |       8266 |       0 |    0 | 11606 |      0 |      0 |          0 |
|       (u_soa)                                                       |                                a7ng_cue_soa_mig_top |          1 |          1 |       0 |    0 |  3093 |      0 |      0 |          0 |
|       u_br                                                          |                             a7ng_ddr_soa_axi_bridge |        158 |        158 |       0 |    0 |   453 |      0 |      0 |          0 |
|       u_core                                                        |                                      a7ng_ng02_core |       3398 |       3398 |       0 |    0 |  3130 |      0 |      0 |          0 |
|         (u_core)                                                    |                                      a7ng_ng02_core |         60 |         60 |       0 |    0 |  2002 |      0 |      0 |          0 |
|         u_frontier                                                  |                               a7ng_frontier_buckets |        217 |        217 |       0 |    0 |    64 |      0 |      0 |          0 |
|         u_scorer                                                    |                                   a7ng_scorer_array |        609 |        609 |       0 |    0 |   464 |      0 |      0 |          0 |
|           (u_scorer)                                                |                                   a7ng_scorer_array |        354 |        354 |       0 |    0 |     0 |      0 |      0 |          0 |
|           g_lane[0].u_lane                                          |                                 a7ng_scorer_lane__1 |         64 |         64 |       0 |    0 |   116 |      0 |      0 |          0 |
|           g_lane[1].u_lane                                          |                                 a7ng_scorer_lane__2 |         64 |         64 |       0 |    0 |   116 |      0 |      0 |          0 |
|           g_lane[2].u_lane                                          |                                 a7ng_scorer_lane__3 |         64 |         64 |       0 |    0 |   116 |      0 |      0 |          0 |
|           g_lane[3].u_lane                                          |                                 a7ng_scorer_lane__4 |         64 |         64 |       0 |    0 |   116 |      0 |      0 |          0 |
|         u_topk                                                      |                         a7ng_topk_stream_minheap__1 |       2512 |       2512 |       0 |    0 |   600 |      0 |      0 |          0 |
|       u_global                                                      |                         a7ng_topk_wavefront_minheap |       2564 |       2564 |       0 |    0 |   930 |      0 |      0 |          0 |
|       u_soa                                                         |                              a7ng_cue_soa_wavefront |        315 |        315 |       0 |    0 |  1816 |      0 |      0 |          0 |
|         (u_soa)                                                     |                              a7ng_cue_soa_wavefront |         78 |         78 |       0 |    0 |    58 |      0 |      0 |          0 |
|         u_pf                                                        |                               a7ng_soa_plane_engine |        238 |        238 |       0 |    0 |  1758 |      0 |      0 |          0 |
|       u_tg                                                          |                            a7ng_termgen_array_fold6 |       1834 |       1834 |       0 |    0 |  2184 |      0 |      0 |          0 |
|         (u_tg)                                                      |                            a7ng_termgen_array_fold6 |        427 |        427 |       0 |    0 |     0 |      0 |      0 |          0 |
|         g_tg[0].u_tg                                                |                          a7ng_termgen_lane_fold6__1 |        352 |        352 |       0 |    0 |   546 |      0 |      0 |          0 |
|         g_tg[1].u_tg                                                |                          a7ng_termgen_lane_fold6__2 |        352 |        352 |       0 |    0 |   546 |      0 |      0 |          0 |
|         g_tg[2].u_tg                                                |                          a7ng_termgen_lane_fold6__3 |        352 |        352 |       0 |    0 |   546 |      0 |      0 |          0 |
|         g_tg[3].u_tg                                                |                             a7ng_termgen_lane_fold6 |        352 |        352 |       0 |    0 |   546 |      0 |      0 |          0 |
|   u_axi_cdc                                                         |                                   a7ng_axi_read_cdc |        112 |        112 |       0 |    0 |   453 |      2 |      0 |          0 |
|     (u_axi_cdc)                                                     |                                   a7ng_axi_read_cdc |         35 |         35 |       0 |    0 |   194 |      0 |      0 |          0 |
|     u_ar_hs                                                         |                                   xpm_cdc_handshake |          2 |          2 |       0 |    0 |    89 |      0 |      0 |          0 |
|       (u_ar_hs)                                                     |                                   xpm_cdc_handshake |          2 |          2 |       0 |    0 |    83 |      0 |      0 |          0 |
|     u_r_fifo                                                        |                      xpm_fifo_async__parameterized2 |         76 |         76 |       0 |    0 |   170 |      2 |      0 |          0 |
|       gnuram_async_fifo.xpm_fifo_base_inst                          |                       xpm_fifo_base__parameterized2 |         76 |         76 |       0 |    0 |   170 |      2 |      0 |          0 |
|   u_boot                                                            |                                   a7ng_ddr_soa_boot |        135 |        135 |       0 |    0 |    92 |      0 |      0 |          0 |
|   u_g14_cfs                                                         |                            a7ng_gate14_cframe_sched |        224 |        224 |       0 |    0 |    24 |      0 |      0 |          0 |
|   u_g14_cftx                                                        |                               a7ng_gate14_cframe_tx |        143 |        143 |       0 |    0 |    46 |      0 |      0 |          0 |
|   u_g14_dec                                                         |                             a7ng_gate14_uart_cmd_rx |        169 |        169 |       0 |    0 |   210 |      0 |      0 |          0 |
|   u_h2_pack_sync                                                    |                           sync_bits__parameterized9 |        203 |        203 |       0 |    0 |   128 |      0 |      0 |          0 |
|   u_h2_topk_sync                                                    |                        sync_bits__parameterized9_27 |         96 |         96 |       0 |    0 |   128 |      0 |      0 |          0 |
|   u_mig                                                             |                                     mig_native_wrap |       4922 |       4322 |     450 |  150 |  4099 |      0 |      0 |          0 |
|     u_mig                                                           |                                       mig_7series_0 |       4900 |       4300 |     450 |  150 |  4099 |      0 |      0 |          0 |
|       u_mig_7series_0_mig                                           |                                   mig_7series_0_mig |       4900 |       4300 |     450 |  150 |  4099 |      0 |      0 |          0 |
|         temp_mon_enabled.u_tempmon                                  |                            mig_7series_v4_2_tempmon |         39 |         39 |       0 |    0 |   122 |      0 |      0 |          0 |
|         u_ddr3_infrastructure                                       |                     mig_7series_v4_2_infrastructure |         25 |         25 |       0 |    0 |    57 |      0 |      0 |          0 |
|         u_memc_ui_top_axi                                           |                    mig_7series_v4_2_memc_ui_top_axi |       4837 |       4237 |     450 |  150 |  3905 |      0 |      0 |          0 |
|           u_ui_top                                                  |                             mig_7series_v4_2_ui_top |        387 |        191 |     196 |    0 |   550 |      0 |      0 |          0 |
|             ui_cmd0                                                 |                             mig_7series_v4_2_ui_cmd |         32 |         32 |       0 |    0 |    54 |      0 |      0 |          0 |
|             ui_rd_data0                                             |                         mig_7series_v4_2_ui_rd_data |        118 |         26 |      92 |    0 |   163 |      0 |      0 |          0 |
|             ui_wr_data0                                             |                         mig_7series_v4_2_ui_wr_data |        237 |        133 |     104 |    0 |   333 |      0 |      0 |          0 |
|           mem_intfc0                                                |                          mig_7series_v4_2_mem_intfc |       3894 |       3623 |     254 |   17 |  2841 |      0 |      0 |          0 |
|             ddr_phy_top0                                            |                        mig_7series_v4_2_ddr_phy_top |       3262 |       3000 |     246 |   16 |  2324 |      0 |      0 |          0 |
|               u_ddr_calib_top                                       |                      mig_7series_v4_2_ddr_calib_top |       2530 |       2516 |       0 |   14 |  1990 |      0 |      0 |          0 |
|                 u_ddr_phy_wrcal                                     |                      mig_7series_v4_2_ddr_phy_wrcal |        169 |        163 |       0 |    6 |   304 |      0 |      0 |          0 |
|                 ddr_phy_rdlvl_gen.u_ddr_phy_rdlvl                   |                      mig_7series_v4_2_ddr_phy_rdlvl |        540 |        540 |       0 |    0 |   872 |      0 |      0 |          0 |
|                 ddr_phy_tempmon_0                                   |                    mig_7series_v4_2_ddr_phy_tempmon |        251 |        251 |       0 |    0 |   231 |      0 |      0 |          0 |
|                 dqsfind_calib_left.u_ddr_phy_dqs_found_cal_hr       |           mig_7series_v4_2_ddr_phy_dqs_found_cal_hr |        158 |        157 |       0 |    1 |    97 |      0 |      0 |          0 |
|                 mb_wrlvl_inst.u_ddr_phy_wrlvl                       |                      mig_7series_v4_2_ddr_phy_wrlvl |        261 |        260 |       0 |    1 |   160 |      0 |      0 |          0 |
|                 u_ddr_phy_init                                      |                       mig_7series_v4_2_ddr_phy_init |       1120 |       1116 |       0 |    4 |   281 |      0 |      0 |          0 |
|               u_ddr_mc_phy_wrapper                                  |                 mig_7series_v4_2_ddr_mc_phy_wrapper |        737 |        489 |     246 |    2 |   334 |      0 |      0 |          0 |
|                 u_ddr_mc_phy                                        |                         mig_7series_v4_2_ddr_mc_phy |        722 |        474 |     246 |    2 |   292 |      0 |      0 |          0 |
|                   ddr_phy_4lanes_0.u_ddr_phy_4lanes                 |                     mig_7series_v4_2_ddr_phy_4lanes |        722 |        474 |     246 |    2 |   276 |      0 |      0 |          0 |
|                     ddr_byte_lane_D.ddr_byte_lane_D                 |      mig_7series_v4_2_ddr_byte_lane__parameterized2 |        375 |        282 |      92 |    1 |   112 |      0 |      0 |          0 |
|                       (ddr_byte_lane_D.ddr_byte_lane_D)             |      mig_7series_v4_2_ddr_byte_lane__parameterized2 |          6 |          6 |       0 |    0 |    69 |      0 |      0 |          0 |
|                       dq_gen_40.if_post_fifo_gen.u_ddr_if_post_fifo |                   mig_7series_v4_2_ddr_if_post_fifo |        273 |        229 |      44 |    0 |    18 |      0 |      0 |          0 |
|                       of_pre_fifo_gen.u_ddr_of_pre_fifo             |    mig_7series_v4_2_ddr_of_pre_fifo__parameterized1 |         94 |         46 |      48 |    0 |    24 |      0 |      0 |          0 |
|                     ddr_byte_lane_A.ddr_byte_lane_A                 |                      mig_7series_v4_2_ddr_byte_lane |         53 |         23 |      30 |    0 |    20 |      0 |      0 |          0 |
|                       of_pre_fifo_gen.u_ddr_of_pre_fifo             | mig_7series_v4_2_ddr_of_pre_fifo__parameterized1_64 |         52 |         22 |      30 |    0 |    19 |      0 |      0 |          0 |
|                     ddr_byte_lane_B.ddr_byte_lane_B                 |      mig_7series_v4_2_ddr_byte_lane__parameterized0 |         64 |         32 |      32 |    0 |    19 |      0 |      0 |          0 |
|                       of_pre_fifo_gen.u_ddr_of_pre_fifo             | mig_7series_v4_2_ddr_of_pre_fifo__parameterized1_63 |         55 |         23 |      32 |    0 |    19 |      0 |      0 |          0 |
|                     ddr_byte_lane_C.ddr_byte_lane_C                 |      mig_7series_v4_2_ddr_byte_lane__parameterized1 |        225 |        133 |      92 |    0 |   105 |      0 |      0 |          0 |
|                       (ddr_byte_lane_C.ddr_byte_lane_C)             |      mig_7series_v4_2_ddr_byte_lane__parameterized1 |          1 |          1 |       0 |    0 |    69 |      0 |      0 |          0 |
|                       dq_gen_40.if_post_fifo_gen.u_ddr_if_post_fifo |                mig_7series_v4_2_ddr_if_post_fifo_61 |        129 |         85 |      44 |    0 |    11 |      0 |      0 |          0 |
|                       of_pre_fifo_gen.u_ddr_of_pre_fifo             | mig_7series_v4_2_ddr_of_pre_fifo__parameterized1_62 |         95 |         47 |      48 |    0 |    24 |      0 |      0 |          0 |
|             mc0                                                     |                                 mig_7series_v4_2_mc |        636 |        627 |       8 |    1 |   517 |      0 |      0 |          0 |
|               (mc0)                                                 |                                 mig_7series_v4_2_mc |         98 |         98 |       0 |    0 |    73 |      0 |      0 |          0 |
|               bank_mach0                                            |                          mig_7series_v4_2_bank_mach |        463 |        463 |       0 |    0 |   357 |      0 |      0 |          0 |
|                 arb_mux0                                            |                            mig_7series_v4_2_arb_mux |        168 |        168 |       0 |    0 |    36 |      0 |      0 |          0 |
|                   arb_row_col0                                      |                        mig_7series_v4_2_arb_row_col |        168 |        168 |       0 |    0 |    32 |      0 |      0 |          0 |
|                     row_arb0                                        | mig_7series_v4_2_round_robin_arb__parameterized1_58 |         54 |         54 |       0 |    0 |     8 |      0 |      0 |          0 |
|                     col_arb0                                        |    mig_7series_v4_2_round_robin_arb__parameterized1 |         63 |         63 |       0 |    0 |     8 |      0 |      0 |          0 |
|                 bank_cntrl[0].bank0                                 |                         mig_7series_v4_2_bank_cntrl |         69 |         69 |       0 |    0 |    76 |      0 |      0 |          0 |
|                 bank_cntrl[1].bank0                                 |         mig_7series_v4_2_bank_cntrl__parameterized0 |         67 |         67 |       0 |    0 |    74 |      0 |      0 |          0 |
|                 bank_cntrl[2].bank0                                 |         mig_7series_v4_2_bank_cntrl__parameterized1 |         68 |         68 |       0 |    0 |    75 |      0 |      0 |          0 |
|                 bank_cntrl[3].bank0                                 |         mig_7series_v4_2_bank_cntrl__parameterized2 |         69 |         69 |       0 |    0 |    74 |      0 |      0 |          0 |
|               rank_mach0                                            |                          mig_7series_v4_2_rank_mach |         56 |         55 |       0 |    1 |    61 |      0 |      0 |          0 |
|                 rank_common0                                        |                        mig_7series_v4_2_rank_common |         50 |         50 |       0 |    0 |    48 |      0 |      0 |          0 |
|           u_axi_mc                                                  |                             mig_7series_v4_2_axi_mc |        582 |        449 |       0 |  133 |   512 |      0 |      0 |          0 |
|             axi_mc_w_channel_0                                      |                   mig_7series_v4_2_axi_mc_w_channel |        164 |        164 |       0 |    0 |   291 |      0 |      0 |          0 |
|             axi_mc_ar_channel_0                                     |                  mig_7series_v4_2_axi_mc_ar_channel |        122 |        122 |       0 |    0 |    89 |      0 |      0 |          0 |
|               ar_cmd_fsm_0                                          |                     mig_7series_v4_2_axi_mc_cmd_fsm |        122 |        122 |       0 |    0 |     1 |      0 |      0 |          0 |
|             axi_mc_aw_channel_0                                     |                  mig_7series_v4_2_axi_mc_aw_channel |        105 |        105 |       0 |    0 |    69 |      0 |      0 |          0 |
|               aw_cmd_fsm_0                                          |                  mig_7series_v4_2_axi_mc_wr_cmd_fsm |        105 |        105 |       0 |    0 |     1 |      0 |      0 |          0 |
|             axi_mc_r_channel_0                                      |                   mig_7series_v4_2_axi_mc_r_channel |        163 |         30 |       0 |  133 |    25 |      0 |      0 |          0 |
|               rd_data_fifo_0                                        |        mig_7series_v4_2_axi_mc_fifo__parameterized0 |        141 |         13 |       0 |  128 |     6 |      0 |      0 |          0 |
|   u_persist_axi                                                     |                             a7ng_persist_axi_bridge |         53 |         53 |       0 |    0 |   380 |      0 |      0 |          0 |
|   u_stat_sync                                                       |                           sync_bits__parameterized8 |        103 |        103 |       0 |    0 |    59 |      0 |      0 |          0 |
|   u_tx                                                              |                                             uart_tx |        102 |        102 |       0 |    0 |    24 |      0 |      0 |          0 |
|   u_wdma                                                            |                                        ddr_tile_dma |        177 |        177 |       0 |    0 |    82 |      0 |      0 |          0 |
|   u_wdma_cdc                                                        |                                       a7ng_wdma_cdc |        234 |        234 |       0 |    0 |   769 |      5 |      0 |          0 |
|     (u_wdma_cdc)                                                    |                                       a7ng_wdma_cdc |         58 |         58 |       0 |    0 |   354 |      0 |      0 |          0 |
|     u_cmd_fifo                                                      |                                      xpm_fifo_async |         54 |         54 |       0 |    0 |   124 |      1 |      0 |          0 |
|       gnuram_async_fifo.xpm_fifo_base_inst                          |                                       xpm_fifo_base |         54 |         54 |       0 |    0 |   124 |      1 |      0 |          0 |
|     u_r_fifo                                                        |                      xpm_fifo_async__parameterized1 |         66 |         66 |       0 |    0 |   147 |      2 |      0 |          0 |
|       gnuram_async_fifo.xpm_fifo_base_inst                          |                       xpm_fifo_base__parameterized1 |         66 |         66 |       0 |    0 |   147 |      2 |      0 |          0 |
|     u_w_fifo                                                        |                      xpm_fifo_async__parameterized0 |         54 |         54 |       0 |    0 |   124 |      2 |      0 |          0 |
|       gnuram_async_fifo.xpm_fifo_base_inst                          |                       xpm_fifo_base__parameterized0 |         54 |         54 |       0 |    0 |   124 |      2 |      0 |          0 |
|   u_wmem_boot                                                       |                                  a7ng_ddr_wmem_boot |        242 |        242 |       0 |    0 |   361 |      0 |      0 |          0 |
+---------------------------------------------------------------------+-----------------------------------------------------+------------+------------+---------+------+-------+--------+--------+------------+
* Note: The sum of lower-level cells may be larger than their parent cells total, due to cross-hierarchy LUT combining


