Copyright 1986-2022 Xilinx, Inc. All Rights Reserved. Copyright 2022-2026 Advanced Micro Devices, Inc. All Rights Reserved.
------------------------------------------------------------------------------------------------------------------------------------------------------------------------
| Tool Version : Vivado v.2026.1 (win64) Build 6511674 Tue Jun 16 11:02:23 MDT 2026
| Date         : Sun Aug 30 12:20:09 2026
| Host         : laptop-Quan running 64-bit major release  (build 9200)
| Command      : report_clocks -file D:/Jetking_sem4/SEM_4/arty-a7-online-lm-grok-orch-00/results/A7-NATIVE-GRAPH/GROK-ORCH-00/GO-DGO-WAITBUSY-SOC-00/report_clocks.rpt
| Design       : arty_a7_ng_native_v1_ab_soc_top
| Device       : 7a100t-csg324
| Speed File   : -1  PRODUCTION 1.23 2018-06-13
| Design State : Synthesized
------------------------------------------------------------------------------------------------------------------------------------------------------------------------

Clock Report


Attributes
  P: Propagated
  G: Generated
  A: Auto-derived
  R: Renamed
  V: Virtual
  I: Inverted
  S: Pin phase-shifted with Latency mode

Clock                                                                                                                                                      Period(ns)  Waveform(ns)    Attributes  Sources
sys_clk_pin                                                                                                                                                10.000      {0.000 5.000}   P           {CLK100MHZ}
c166_raw                                                                                                                                                   6.000       {0.000 3.000}   P,G,A       {u_clk/mmcm_i/CLKOUT0}
c200_raw                                                                                                                                                   5.000       {0.000 2.500}   P,G,A       {u_clk/mmcm_i/CLKOUT1}
clk_div2_bufg_in                                                                                                                                           6.000       {0.000 3.000}   P,G,A       {u_mig/u_mig/u_mig_7series_0_mig/u_ddr3_infrastructure/gen_mmcm.mmcm_i/CLKOUT1}
clk_pll_i                                                                                                                                                  12.000      {0.000 6.000}   P,G,A       {u_mig/u_mig/u_mig_7series_0_mig/u_ddr3_infrastructure/gen_mmcm.mmcm_i/CLKFBOUT}
clkfb_raw                                                                                                                                                  10.000      {0.000 5.000}   P,G,A       {u_clk/mmcm_i/CLKFBOUT}
clkfb_raw_1                                                                                                                                                10.000      {0.000 5.000}   P,G,A       {u_core_pll/mmcm_i/CLKFBOUT}
core_raw                                                                                                                                                   80.000      {0.000 40.000}  P,G,A       {u_core_pll/mmcm_i/CLKOUT0}
freq_refclk                                                                                                                                                1.500       {0.000 0.750}   P,G,A       {u_mig/u_mig/u_mig_7series_0_mig/u_ddr3_infrastructure/plle2_i/CLKOUT0}
iserdes_clkdiv                                                                                                                                             12.000      {0.000 6.000}   P,G,A       {u_mig/u_mig/u_mig_7series_0_mig/u_memc_ui_top_axi/mem_intfc0/ddr_phy_top0/u_ddr_mc_phy_wrapper/u_ddr_mc_phy/ddr_phy_4lanes_0.u_ddr_phy_4lanes/ddr_byte_lane_C.ddr_byte_lane_C/phaser_in_gen.phaser_in/ICLKDIV}
iserdes_clkdiv_1                                                                                                                                           12.000      {0.000 6.000}   P,G,A       {u_mig/u_mig/u_mig_7series_0_mig/u_memc_ui_top_axi/mem_intfc0/ddr_phy_top0/u_ddr_mc_phy_wrapper/u_ddr_mc_phy/ddr_phy_4lanes_0.u_ddr_phy_4lanes/ddr_byte_lane_D.ddr_byte_lane_D/phaser_in_gen.phaser_in/ICLKDIV}
mem_refclk                                                                                                                                                 3.000       {0.000 1.500}   P,G,A       {u_mig/u_mig/u_mig_7series_0_mig/u_ddr3_infrastructure/plle2_i/CLKOUT1}
mmcm_ps_clk_bufg_in                                                                                                                                        24.000      {0.000 12.000}  P,G,A       {u_mig/u_mig/u_mig_7series_0_mig/u_ddr3_infrastructure/gen_mmcm.mmcm_i/CLKOUT0}
oserdes_clk                                                                                                                                                3.000       {0.000 1.500}   P,G,A       {u_mig/u_mig/u_mig_7series_0_mig/u_memc_ui_top_axi/mem_intfc0/ddr_phy_top0/u_ddr_mc_phy_wrapper/u_ddr_mc_phy/ddr_phy_4lanes_0.u_ddr_phy_4lanes/ddr_byte_lane_A.ddr_byte_lane_A/phaser_out/OCLK}
oserdes_clk_1                                                                                                                                              3.000       {0.000 1.500}   P,G,A       {u_mig/u_mig/u_mig_7series_0_mig/u_memc_ui_top_axi/mem_intfc0/ddr_phy_top0/u_ddr_mc_phy_wrapper/u_ddr_mc_phy/ddr_phy_4lanes_0.u_ddr_phy_4lanes/ddr_byte_lane_B.ddr_byte_lane_B/phaser_out/OCLK}
oserdes_clk_2                                                                                                                                              3.000       {0.000 1.500}   P,G,A       {u_mig/u_mig/u_mig_7series_0_mig/u_memc_ui_top_axi/mem_intfc0/ddr_phy_top0/u_ddr_mc_phy_wrapper/u_ddr_mc_phy/ddr_phy_4lanes_0.u_ddr_phy_4lanes/ddr_byte_lane_C.ddr_byte_lane_C/phaser_out/OCLK}
oserdes_clk_3                                                                                                                                              3.000       {0.000 1.500}   P,G,A       {u_mig/u_mig/u_mig_7series_0_mig/u_memc_ui_top_axi/mem_intfc0/ddr_phy_top0/u_ddr_mc_phy_wrapper/u_ddr_mc_phy/ddr_phy_4lanes_0.u_ddr_phy_4lanes/ddr_byte_lane_D.ddr_byte_lane_D/phaser_out/OCLK}
oserdes_clkdiv                                                                                                                                             12.000      {0.000 6.000}   P,G,A       {u_mig/u_mig/u_mig_7series_0_mig/u_memc_ui_top_axi/mem_intfc0/ddr_phy_top0/u_ddr_mc_phy_wrapper/u_ddr_mc_phy/ddr_phy_4lanes_0.u_ddr_phy_4lanes/ddr_byte_lane_A.ddr_byte_lane_A/phaser_out/OCLKDIV}
oserdes_clkdiv_1                                                                                                                                           12.000      {0.000 6.000}   P,G,A       {u_mig/u_mig/u_mig_7series_0_mig/u_memc_ui_top_axi/mem_intfc0/ddr_phy_top0/u_ddr_mc_phy_wrapper/u_ddr_mc_phy/ddr_phy_4lanes_0.u_ddr_phy_4lanes/ddr_byte_lane_B.ddr_byte_lane_B/phaser_out/OCLKDIV}
oserdes_clkdiv_2                                                                                                                                           6.000       {0.000 3.000}   P,G,A       {u_mig/u_mig/u_mig_7series_0_mig/u_memc_ui_top_axi/mem_intfc0/ddr_phy_top0/u_ddr_mc_phy_wrapper/u_ddr_mc_phy/ddr_phy_4lanes_0.u_ddr_phy_4lanes/ddr_byte_lane_C.ddr_byte_lane_C/phaser_out/OCLKDIV}
oserdes_clkdiv_3                                                                                                                                           6.000       {0.000 3.000}   P,G,A       {u_mig/u_mig/u_mig_7series_0_mig/u_memc_ui_top_axi/mem_intfc0/ddr_phy_top0/u_ddr_mc_phy_wrapper/u_ddr_mc_phy/ddr_phy_4lanes_0.u_ddr_phy_4lanes/ddr_byte_lane_D.ddr_byte_lane_D/phaser_out/OCLKDIV}
pll_clk3_out                                                                                                                                               12.000      {0.000 6.000}   P,G,A       {u_mig/u_mig/u_mig_7series_0_mig/u_ddr3_infrastructure/plle2_i/CLKOUT3}
pll_clkfbout                                                                                                                                               6.000       {0.000 3.000}   P,G,A       {u_mig/u_mig/u_mig_7series_0_mig/u_ddr3_infrastructure/plle2_i/CLKFBOUT}
sync_pulse                                                                                                                                                 48.000      {1.312 4.312}   P,G,A       {u_mig/u_mig/u_mig_7series_0_mig/u_ddr3_infrastructure/plle2_i/CLKOUT2}
u_memc_ui_top_axi/mem_intfc0/ddr_phy_top0/u_ddr_mc_phy_wrapper/u_ddr_mc_phy/ddr_phy_4lanes_0.u_ddr_phy_4lanes/ddr_byte_lane_C.ddr_byte_lane_C/iserdes_clk  3.000       {0.000 1.500}   P,G,A       {u_mig/u_mig/u_mig_7series_0_mig/u_memc_ui_top_axi/mem_intfc0/ddr_phy_top0/u_ddr_mc_phy_wrapper/u_ddr_mc_phy/ddr_phy_4lanes_0.u_ddr_phy_4lanes/ddr_byte_lane_C.ddr_byte_lane_C/phaser_in_gen.phaser_in/ICLK}
u_memc_ui_top_axi/mem_intfc0/ddr_phy_top0/u_ddr_mc_phy_wrapper/u_ddr_mc_phy/ddr_phy_4lanes_0.u_ddr_phy_4lanes/ddr_byte_lane_D.ddr_byte_lane_D/iserdes_clk  3.000       {0.000 1.500}   P,G,A       {u_mig/u_mig/u_mig_7series_0_mig/u_memc_ui_top_axi/mem_intfc0/ddr_phy_top0/u_ddr_mc_phy_wrapper/u_ddr_mc_phy/ddr_phy_4lanes_0.u_ddr_phy_4lanes/ddr_byte_lane_D.ddr_byte_lane_D/phaser_in_gen.phaser_in/ICLK}


====================================================
Generated Clocks
====================================================

Generated Clock     : c166_raw
Master Source       : u_clk/mmcm_i/CLKIN1
Master Clock        : sys_clk_pin
Edges               : {1 2 3}
Edge Shifts(ns)     : {0.000 -2.000 -4.000}
Generated Sources   : {u_clk/mmcm_i/CLKOUT0}

Generated Clock     : c200_raw
Master Source       : u_clk/mmcm_i/CLKIN1
Master Clock        : sys_clk_pin
Multiply By         : 2
Generated Sources   : {u_clk/mmcm_i/CLKOUT1}

Generated Clock     : clk_div2_bufg_in
Master Source       : u_mig/u_mig/u_mig_7series_0_mig/u_ddr3_infrastructure/gen_mmcm.mmcm_i/CLKIN1
Master Clock        : pll_clk3_out
Multiply By         : 2
Generated Sources   : {u_mig/u_mig/u_mig_7series_0_mig/u_ddr3_infrastructure/gen_mmcm.mmcm_i/CLKOUT1}

Generated Clock     : clk_pll_i
Master Source       : u_mig/u_mig/u_mig_7series_0_mig/u_ddr3_infrastructure/gen_mmcm.mmcm_i/CLKIN1
Master Clock        : pll_clk3_out
Multiply By         : 1
Generated Sources   : {u_mig/u_mig/u_mig_7series_0_mig/u_ddr3_infrastructure/gen_mmcm.mmcm_i/CLKFBOUT}

Generated Clock     : clkfb_raw
Master Source       : u_clk/mmcm_i/CLKIN1
Master Clock        : sys_clk_pin
Multiply By         : 1
Generated Sources   : {u_clk/mmcm_i/CLKFBOUT}

Generated Clock     : clkfb_raw_1
Master Source       : u_core_pll/mmcm_i/CLKIN1
Master Clock        : sys_clk_pin
Multiply By         : 1
Generated Sources   : {u_core_pll/mmcm_i/CLKFBOUT}

Generated Clock     : core_raw
Master Source       : u_core_pll/mmcm_i/CLKIN1
Master Clock        : sys_clk_pin
Edges               : {1 2 3}
Edge Shifts(ns)     : {0.000 35.000 70.000}
Generated Sources   : {u_core_pll/mmcm_i/CLKOUT0}

Generated Clock     : freq_refclk
Master Source       : u_mig/u_mig/u_mig_7series_0_mig/u_ddr3_infrastructure/plle2_i/CLKIN1
Master Clock        : c166_raw
Multiply By         : 4
Generated Sources   : {u_mig/u_mig/u_mig_7series_0_mig/u_ddr3_infrastructure/plle2_i/CLKOUT0}

Generated Clock     : iserdes_clkdiv
Master Source       : u_mig/u_mig/u_mig_7series_0_mig/u_memc_ui_top_axi/mem_intfc0/ddr_phy_top0/u_ddr_mc_phy_wrapper/u_ddr_mc_phy/ddr_phy_4lanes_0.u_ddr_phy_4lanes/ddr_byte_lane_C.ddr_byte_lane_C/phaser_in_gen.phaser_in/ICLK
Master Clock        : u_memc_ui_top_axi/mem_intfc0/ddr_phy_top0/u_ddr_mc_phy_wrapper/u_ddr_mc_phy/ddr_phy_4lanes_0.u_ddr_phy_4lanes/ddr_byte_lane_C.ddr_byte_lane_C/iserdes_clk
Divide By           : 4
Generated Sources   : {u_mig/u_mig/u_mig_7series_0_mig/u_memc_ui_top_axi/mem_intfc0/ddr_phy_top0/u_ddr_mc_phy_wrapper/u_ddr_mc_phy/ddr_phy_4lanes_0.u_ddr_phy_4lanes/ddr_byte_lane_C.ddr_byte_lane_C/phaser_in_gen.phaser_in/ICLKDIV}

Generated Clock     : iserdes_clkdiv_1
Master Source       : u_mig/u_mig/u_mig_7series_0_mig/u_memc_ui_top_axi/mem_intfc0/ddr_phy_top0/u_ddr_mc_phy_wrapper/u_ddr_mc_phy/ddr_phy_4lanes_0.u_ddr_phy_4lanes/ddr_byte_lane_D.ddr_byte_lane_D/phaser_in_gen.phaser_in/ICLK
Master Clock        : u_memc_ui_top_axi/mem_intfc0/ddr_phy_top0/u_ddr_mc_phy_wrapper/u_ddr_mc_phy/ddr_phy_4lanes_0.u_ddr_phy_4lanes/ddr_byte_lane_D.ddr_byte_lane_D/iserdes_clk
Divide By           : 4
Generated Sources   : {u_mig/u_mig/u_mig_7series_0_mig/u_memc_ui_top_axi/mem_intfc0/ddr_phy_top0/u_ddr_mc_phy_wrapper/u_ddr_mc_phy/ddr_phy_4lanes_0.u_ddr_phy_4lanes/ddr_byte_lane_D.ddr_byte_lane_D/phaser_in_gen.phaser_in/ICLKDIV}

Generated Clock     : mem_refclk
Master Source       : u_mig/u_mig/u_mig_7series_0_mig/u_ddr3_infrastructure/plle2_i/CLKIN1
Master Clock        : c166_raw
Multiply By         : 2
Generated Sources   : {u_mig/u_mig/u_mig_7series_0_mig/u_ddr3_infrastructure/plle2_i/CLKOUT1}

Generated Clock     : mmcm_ps_clk_bufg_in
Master Source       : u_mig/u_mig/u_mig_7series_0_mig/u_ddr3_infrastructure/gen_mmcm.mmcm_i/CLKIN1
Master Clock        : pll_clk3_out
Edges               : {1 2 3}
Edge Shifts(ns)     : {0.000 6.000 12.000}
Generated Sources   : {u_mig/u_mig/u_mig_7series_0_mig/u_ddr3_infrastructure/gen_mmcm.mmcm_i/CLKOUT0}

Generated Clock     : oserdes_clk
Master Source       : u_mig/u_mig/u_mig_7series_0_mig/u_memc_ui_top_axi/mem_intfc0/ddr_phy_top0/u_ddr_mc_phy_wrapper/u_ddr_mc_phy/ddr_phy_4lanes_0.u_ddr_phy_4lanes/ddr_byte_lane_A.ddr_byte_lane_A/phaser_out/MEMREFCLK
Master Clock        : mem_refclk
Divide By           : 1
Generated Sources   : {u_mig/u_mig/u_mig_7series_0_mig/u_memc_ui_top_axi/mem_intfc0/ddr_phy_top0/u_ddr_mc_phy_wrapper/u_ddr_mc_phy/ddr_phy_4lanes_0.u_ddr_phy_4lanes/ddr_byte_lane_A.ddr_byte_lane_A/phaser_out/OCLK}

Generated Clock     : oserdes_clk_1
Master Source       : u_mig/u_mig/u_mig_7series_0_mig/u_memc_ui_top_axi/mem_intfc0/ddr_phy_top0/u_ddr_mc_phy_wrapper/u_ddr_mc_phy/ddr_phy_4lanes_0.u_ddr_phy_4lanes/ddr_byte_lane_B.ddr_byte_lane_B/phaser_out/MEMREFCLK
Master Clock        : mem_refclk
Divide By           : 1
Generated Sources   : {u_mig/u_mig/u_mig_7series_0_mig/u_memc_ui_top_axi/mem_intfc0/ddr_phy_top0/u_ddr_mc_phy_wrapper/u_ddr_mc_phy/ddr_phy_4lanes_0.u_ddr_phy_4lanes/ddr_byte_lane_B.ddr_byte_lane_B/phaser_out/OCLK}

Generated Clock     : oserdes_clk_2
Master Source       : u_mig/u_mig/u_mig_7series_0_mig/u_memc_ui_top_axi/mem_intfc0/ddr_phy_top0/u_ddr_mc_phy_wrapper/u_ddr_mc_phy/ddr_phy_4lanes_0.u_ddr_phy_4lanes/ddr_byte_lane_C.ddr_byte_lane_C/phaser_out/MEMREFCLK
Master Clock        : mem_refclk
Divide By           : 1
Generated Sources   : {u_mig/u_mig/u_mig_7series_0_mig/u_memc_ui_top_axi/mem_intfc0/ddr_phy_top0/u_ddr_mc_phy_wrapper/u_ddr_mc_phy/ddr_phy_4lanes_0.u_ddr_phy_4lanes/ddr_byte_lane_C.ddr_byte_lane_C/phaser_out/OCLK}

Generated Clock     : oserdes_clk_3
Master Source       : u_mig/u_mig/u_mig_7series_0_mig/u_memc_ui_top_axi/mem_intfc0/ddr_phy_top0/u_ddr_mc_phy_wrapper/u_ddr_mc_phy/ddr_phy_4lanes_0.u_ddr_phy_4lanes/ddr_byte_lane_D.ddr_byte_lane_D/phaser_out/MEMREFCLK
Master Clock        : mem_refclk
Divide By           : 1
Generated Sources   : {u_mig/u_mig/u_mig_7series_0_mig/u_memc_ui_top_axi/mem_intfc0/ddr_phy_top0/u_ddr_mc_phy_wrapper/u_ddr_mc_phy/ddr_phy_4lanes_0.u_ddr_phy_4lanes/ddr_byte_lane_D.ddr_byte_lane_D/phaser_out/OCLK}

Generated Clock     : oserdes_clkdiv
Master Source       : u_mig/u_mig/u_mig_7series_0_mig/u_memc_ui_top_axi/mem_intfc0/ddr_phy_top0/u_ddr_mc_phy_wrapper/u_ddr_mc_phy/ddr_phy_4lanes_0.u_ddr_phy_4lanes/ddr_byte_lane_A.ddr_byte_lane_A/phaser_out/OCLK
Master Clock        : oserdes_clk
Divide By           : 4
Generated Sources   : {u_mig/u_mig/u_mig_7series_0_mig/u_memc_ui_top_axi/mem_intfc0/ddr_phy_top0/u_ddr_mc_phy_wrapper/u_ddr_mc_phy/ddr_phy_4lanes_0.u_ddr_phy_4lanes/ddr_byte_lane_A.ddr_byte_lane_A/phaser_out/OCLKDIV}

Generated Clock     : oserdes_clkdiv_1
Master Source       : u_mig/u_mig/u_mig_7series_0_mig/u_memc_ui_top_axi/mem_intfc0/ddr_phy_top0/u_ddr_mc_phy_wrapper/u_ddr_mc_phy/ddr_phy_4lanes_0.u_ddr_phy_4lanes/ddr_byte_lane_B.ddr_byte_lane_B/phaser_out/OCLK
Master Clock        : oserdes_clk_1
Divide By           : 4
Generated Sources   : {u_mig/u_mig/u_mig_7series_0_mig/u_memc_ui_top_axi/mem_intfc0/ddr_phy_top0/u_ddr_mc_phy_wrapper/u_ddr_mc_phy/ddr_phy_4lanes_0.u_ddr_phy_4lanes/ddr_byte_lane_B.ddr_byte_lane_B/phaser_out/OCLKDIV}

Generated Clock     : oserdes_clkdiv_2
Master Source       : u_mig/u_mig/u_mig_7series_0_mig/u_memc_ui_top_axi/mem_intfc0/ddr_phy_top0/u_ddr_mc_phy_wrapper/u_ddr_mc_phy/ddr_phy_4lanes_0.u_ddr_phy_4lanes/ddr_byte_lane_C.ddr_byte_lane_C/phaser_out/OCLK
Master Clock        : oserdes_clk_2
Divide By           : 2
Generated Sources   : {u_mig/u_mig/u_mig_7series_0_mig/u_memc_ui_top_axi/mem_intfc0/ddr_phy_top0/u_ddr_mc_phy_wrapper/u_ddr_mc_phy/ddr_phy_4lanes_0.u_ddr_phy_4lanes/ddr_byte_lane_C.ddr_byte_lane_C/phaser_out/OCLKDIV}

Generated Clock     : oserdes_clkdiv_3
Master Source       : u_mig/u_mig/u_mig_7series_0_mig/u_memc_ui_top_axi/mem_intfc0/ddr_phy_top0/u_ddr_mc_phy_wrapper/u_ddr_mc_phy/ddr_phy_4lanes_0.u_ddr_phy_4lanes/ddr_byte_lane_D.ddr_byte_lane_D/phaser_out/OCLK
Master Clock        : oserdes_clk_3
Divide By           : 2
Generated Sources   : {u_mig/u_mig/u_mig_7series_0_mig/u_memc_ui_top_axi/mem_intfc0/ddr_phy_top0/u_ddr_mc_phy_wrapper/u_ddr_mc_phy/ddr_phy_4lanes_0.u_ddr_phy_4lanes/ddr_byte_lane_D.ddr_byte_lane_D/phaser_out/OCLKDIV}

Generated Clock     : pll_clk3_out
Master Source       : u_mig/u_mig/u_mig_7series_0_mig/u_ddr3_infrastructure/plle2_i/CLKIN1
Master Clock        : c166_raw
Edges               : {1 2 3}
Edge Shifts(ns)     : {0.000 3.000 6.000}
Generated Sources   : {u_mig/u_mig/u_mig_7series_0_mig/u_ddr3_infrastructure/plle2_i/CLKOUT3}

Generated Clock     : pll_clkfbout
Master Source       : u_mig/u_mig/u_mig_7series_0_mig/u_ddr3_infrastructure/plle2_i/CLKIN1
Master Clock        : c166_raw
Multiply By         : 1
Generated Sources   : {u_mig/u_mig/u_mig_7series_0_mig/u_ddr3_infrastructure/plle2_i/CLKFBOUT}

Generated Clock     : sync_pulse
Master Source       : u_mig/u_mig/u_mig_7series_0_mig/u_ddr3_infrastructure/plle2_i/CLKIN1
Master Clock        : c166_raw
Edges               : {1 2 3}
Edge Shifts(ns)     : {1.312 1.313 43.312}
Generated Sources   : {u_mig/u_mig/u_mig_7series_0_mig/u_ddr3_infrastructure/plle2_i/CLKOUT2}

Generated Clock     : u_memc_ui_top_axi/mem_intfc0/ddr_phy_top0/u_ddr_mc_phy_wrapper/u_ddr_mc_phy/ddr_phy_4lanes_0.u_ddr_phy_4lanes/ddr_byte_lane_C.ddr_byte_lane_C/iserdes_clk
Master Source       : u_mig/u_mig/u_mig_7series_0_mig/u_memc_ui_top_axi/mem_intfc0/ddr_phy_top0/u_ddr_mc_phy_wrapper/u_ddr_mc_phy/ddr_phy_4lanes_0.u_ddr_phy_4lanes/ddr_byte_lane_C.ddr_byte_lane_C/phaser_in_gen.phaser_in/FREQREFCLK
Master Clock        : freq_refclk
Divide By           : 2
Generated Sources   : {u_mig/u_mig/u_mig_7series_0_mig/u_memc_ui_top_axi/mem_intfc0/ddr_phy_top0/u_ddr_mc_phy_wrapper/u_ddr_mc_phy/ddr_phy_4lanes_0.u_ddr_phy_4lanes/ddr_byte_lane_C.ddr_byte_lane_C/phaser_in_gen.phaser_in/ICLK}

Generated Clock     : u_memc_ui_top_axi/mem_intfc0/ddr_phy_top0/u_ddr_mc_phy_wrapper/u_ddr_mc_phy/ddr_phy_4lanes_0.u_ddr_phy_4lanes/ddr_byte_lane_D.ddr_byte_lane_D/iserdes_clk
Master Source       : u_mig/u_mig/u_mig_7series_0_mig/u_memc_ui_top_axi/mem_intfc0/ddr_phy_top0/u_ddr_mc_phy_wrapper/u_ddr_mc_phy/ddr_phy_4lanes_0.u_ddr_phy_4lanes/ddr_byte_lane_D.ddr_byte_lane_D/phaser_in_gen.phaser_in/FREQREFCLK
Master Clock        : freq_refclk
Divide By           : 2
Generated Sources   : {u_mig/u_mig/u_mig_7series_0_mig/u_memc_ui_top_axi/mem_intfc0/ddr_phy_top0/u_ddr_mc_phy_wrapper/u_ddr_mc_phy/ddr_phy_4lanes_0.u_ddr_phy_4lanes/ddr_byte_lane_D.ddr_byte_lane_D/phaser_in_gen.phaser_in/ICLK}



====================================================
User Uncertainty
====================================================



====================================================
User Jitter
====================================================


