Vivado Simulator v2026.1
Copyright 1986-2022 Xilinx, Inc. All Rights Reserved.
Copyright 2022-2026 Advanced Micro Devices, Inc. All Rights Reserved.
Running: C:/2026.1/Vivado/bin/unwrapped/win64.o/xelab.exe -mt off -O0 tb_g14_p3p4_repair_mig glbl -s g14gclat -L unisims_ver -L unimacro_ver -L secureip -timescale 1ps/1ps 
Turned off multi-threading.
Starting static elaboration
Pass Through NonSizing Optimizer
WARNING: [VRFC 10-3091] actual bit length 12 differs from formal bit length 4 for port 'pi_dqs_found_lanes' [D:/Jetking_sem4/SEM_4/arty-a7-online-lm-g14-preboard-00/vivado/ip/mig_7series_0/mig_7series_0/user_design/rtl/phy/mig_7series_v4_2_ddr_mc_phy_wrapper.v:1671]
WARNING: [VRFC 10-3091] actual bit length 12 differs from formal bit length 4 for port 'pi_phase_locked_lanes' [D:/Jetking_sem4/SEM_4/arty-a7-online-lm-g14-preboard-00/vivado/ip/mig_7series_0/mig_7series_0/user_design/rtl/phy/mig_7series_v4_2_ddr_mc_phy_wrapper.v:1679]
WARNING: [VRFC 10-3091] actual bit length 12 differs from formal bit length 4 for port 'pi_dqs_found_lanes' [D:/Jetking_sem4/SEM_4/arty-a7-online-lm-g14-preboard-00/vivado/ip/mig_7series_0/mig_7series_0/user_design/rtl/phy/mig_7series_v4_2_ddr_phy_top.v:1339]
WARNING: [VRFC 10-3645] port 'device_temp' remains unconnected for this instance [D:/Jetking_sem4/SEM_4/arty-a7-online-lm-g14-preboard-00/rtl/ddr/mig_native_wrap.sv:60]
WARNING: [VRFC 10-3645] port 'idle' remains unconnected for this instance [D:/Jetking_sem4/SEM_4/arty-a7-online-lm-g14-preboard-00/vivado/ip/mig_7series_0/mig_7series_0/user_design/rtl/controller/mig_7series_v4_2_mc.v:627]
WARNING: [VRFC 10-3645] port 'afull' remains unconnected for this instance [D:/Jetking_sem4/SEM_4/arty-a7-online-lm-g14-preboard-00/vivado/ip/mig_7series_0/mig_7series_0/user_design/rtl/phy/mig_7series_v4_2_ddr_mc_phy_wrapper.v:1422]
WARNING: [VRFC 10-3645] port 'afull' remains unconnected for this instance [D:/Jetking_sem4/SEM_4/arty-a7-online-lm-g14-preboard-00/vivado/ip/mig_7series_0/mig_7series_0/user_design/rtl/phy/mig_7series_v4_2_ddr_mc_phy_wrapper.v:1439]
WARNING: [VRFC 10-3645] port 'afull' remains unconnected for this instance [D:/Jetking_sem4/SEM_4/arty-a7-online-lm-g14-preboard-00/vivado/ip/mig_7series_0/mig_7series_0/user_design/rtl/phy/mig_7series_v4_2_ddr_mc_phy_wrapper.v:1456]
WARNING: [VRFC 10-3645] port 'of_data_a_full' remains unconnected for this instance [D:/Jetking_sem4/SEM_4/arty-a7-online-lm-g14-preboard-00/vivado/ip/mig_7series_0/mig_7series_0/user_design/rtl/phy/mig_7series_v4_2_ddr_mc_phy_wrapper.v:1484]
WARNING: [VRFC 10-5021] port 'complex_oclk_prech_req' is not connected on this instance [D:/Jetking_sem4/SEM_4/arty-a7-online-lm-g14-preboard-00/vivado/ip/mig_7series_0/mig_7series_0/user_design/rtl/phy/mig_7series_v4_2_ddr_calib_top.v:1317]
Completed static elaboration
Starting simulation data flow analysis
Completed simulation data flow analysis
Time Resolution for simulation is 1fs
Compiling package work.a7ng_pkg
Compiling package work.a7ng_mem_schema_v1_pkg
Compiling module work.WireDelay(Delay_g=0.0,Delay_rd=0...
Compiling module unisims_ver.IDELAYCTRL_default
Compiling module work.mig_7series_v4_2_iodelay_ctrl(IO...
Compiling module work.mig_7series_v4_2_clk_ibuf(SYSCLK...
Compiling module unisims_ver.XADC(INIT_40=16'b01000000000000,...
Compiling module work.mig_7series_v4_2_tempmon_default
Compiling module unisims_ver.PLLE2_ADV(CLKFBOUT_MULT=8,CLKIN1...
Compiling module unisims_ver.BUFG
Compiling module unisims_ver.BUFH
Compiling module unisims_ver.MMCME2_ADV(BANDWIDTH="HIGH",CLKF...
Compiling module work.mig_7series_v4_2_infrastructure(...
Compiling module unisims_ver.SRLC32E_default
Compiling module work.mig_7series_v4_2_rank_cntrl(DQRD...
Compiling module work.mig_7series_v4_2_round_robin_arb...
Compiling module work.mig_7series_v4_2_round_robin_arb...
Compiling module work.mig_7series_v4_2_rank_common(MAI...
Compiling module work.mig_7series_v4_2_rank_mach(CS_WI...
Compiling module work.mig_7series_v4_2_bank_compare(CO...
Compiling module work.mig_7series_v4_2_bank_state(DATA...
Compiling module work.mig_7series_v4_2_bank_queue_defa...
Compiling module work.mig_7series_v4_2_bank_cntrl(COL_...
Compiling module work.mig_7series_v4_2_bank_state(DATA...
Compiling module work.mig_7series_v4_2_bank_queue(ID=1...
Compiling module work.mig_7series_v4_2_bank_cntrl(COL_...
Compiling module work.mig_7series_v4_2_bank_state(DATA...
Compiling module work.mig_7series_v4_2_bank_queue(ID=2...
Compiling module work.mig_7series_v4_2_bank_cntrl(COL_...
Compiling module work.mig_7series_v4_2_bank_state(DATA...
Compiling module work.mig_7series_v4_2_bank_queue(ID=3...
Compiling module work.mig_7series_v4_2_bank_cntrl(COL_...
Compiling module work.mig_7series_v4_2_bank_common(LOW...
Compiling module work.mig_7series_v4_2_round_robin_arb...
Compiling module work.mig_7series_v4_2_arb_row_col(nCK...
Compiling module work.mig_7series_v4_2_arb_select(CS_W...
Compiling module work.mig_7series_v4_2_arb_mux(CS_WIDT...
Compiling module work.mig_7series_v4_2_bank_mach(COL_W...
Compiling module unisims_ver.RAM32M
Compiling module work.mig_7series_v4_2_col_mach(COL_WI...
Compiling module work.mig_7series_v4_2_mc(COL_WIDTH=10...
Compiling module unisims_ver.OBUF
Compiling module unisims_ver.OBUFT
Compiling module unisims_ver.IOBUF_INTERMDISABLE(IBUF_LOW_PWR...
Compiling module unisims_ver.IOBUFDS_INTERMDISABLE(DQS_BIAS="...
Compiling module work.mig_7series_v4_2_ddr_of_pre_fifo...
Compiling module work.mig_7series_v4_2_ddr_of_pre_fifo...
Compiling module unisims_ver.BUFIO
Compiling module work.mig_7series_v4_2_ddr_of_pre_fifo...
Compiling module unisims_ver.PHASER_OUT_PHY(FINE_DELAY=60,MEM...
Compiling module unisims_ver.OUT_FIFO(ARRAY_MODE="ARRAY_MODE_...
Compiling module unisims_ver.OSERDESE2(DATA_RATE_OQ="SDR",DAT...
Compiling module work.mig_7series_v4_2_ddr_byte_group_...
Compiling module unisims_ver.ODDR(DDR_CLK_EDGE="SAME_EDGE")
Compiling module unisims_ver.OBUFDS
Compiling module work.mig_7series_v4_2_ddr_byte_lane(B...
Compiling module work.mig_7series_v4_2_ddr_byte_group_...
Compiling module work.mig_7series_v4_2_ddr_byte_lane(A...
Compiling module work.mig_7series_v4_2_ddr_if_post_fif...
Compiling module unisims_ver.PHASER_IN_PHY(BURST_MODE="TRUE",...
Compiling module unisims_ver.PHASER_OUT_PHY(CLKOUT_DIV=2,DATA...
Compiling module unisims_ver.IN_FIFO
Compiling module unisims_ver.OUT_FIFO
Compiling module unisims_ver.ISERDESE2(INTERFACE_TYPE="MEMORY...
Compiling module unisims_ver.IDELAYE2(HIGH_PERFORMANCE_MODE="...
Compiling module unisims_ver.OSERDESE2(INIT_OQ=1'b1,INIT_TQ=1...
Compiling module unisims_ver.OSERDESE2(INIT_OQ=1'b1,INIT_TQ=1...
Compiling module work.mig_7series_v4_2_ddr_byte_group_...
Compiling module work.mig_7series_v4_2_ddr_byte_lane(A...
Compiling module work.mig_7series_v4_2_ddr_byte_lane(A...
Compiling module unisims_ver.PHY_CONTROL(AO_TOGGLE=1,BURST_MO...
Compiling module unisims_ver.PHASER_REF
Compiling module work.mig_7series_v4_2_ddr_phy_4lanes(...
WARNING: [VRFC 10-8809] cannot index into scalar type parameter/localparam 'PRESENT_DATA_A' [D:/Jetking_sem4/SEM_4/arty-a7-online-lm-g14-preboard-00/vivado/ip/mig_7series_0/mig_7series_0/user_design/rtl/phy/mig_7series_v4_2_ddr_phy_4lanes.v:709]
WARNING: [VRFC 10-8809] cannot index into scalar type parameter/localparam 'PRESENT_DATA_B' [D:/Jetking_sem4/SEM_4/arty-a7-online-lm-g14-preboard-00/vivado/ip/mig_7series_0/mig_7series_0/user_design/rtl/phy/mig_7series_v4_2_ddr_phy_4lanes.v:708]
WARNING: [VRFC 10-8809] cannot index into scalar type parameter/localparam 'PRESENT_DATA_C' [D:/Jetking_sem4/SEM_4/arty-a7-online-lm-g14-preboard-00/vivado/ip/mig_7series_0/mig_7series_0/user_design/rtl/phy/mig_7series_v4_2_ddr_phy_4lanes.v:707]
WARNING: [VRFC 10-8809] cannot index into scalar type parameter/localparam 'PRESENT_DATA_D' [D:/Jetking_sem4/SEM_4/arty-a7-online-lm-g14-preboard-00/vivado/ip/mig_7series_0/mig_7series_0/user_design/rtl/phy/mig_7series_v4_2_ddr_phy_4lanes.v:706]
Compiling module work.mig_7series_v4_2_ddr_mc_phy(DATA...
Compiling module work.mig_7series_v4_2_ddr_mc_phy_wrap...
Compiling module work.mig_7series_v4_2_ddr_prbs_gen(DQ...
Compiling module work.mig_7series_v4_2_ddr_phy_init(tC...
Compiling module work.mig_7series_v4_2_ddr_phy_wrcal(n...
Compiling module work.mig_7series_v4_2_ddr_phy_wrlvl(D...
Compiling module work.mig_7series_v4_2_ddr_phy_ck_addr...
Compiling module work.mig_7series_v4_2_ddr_phy_dqs_fou...
Compiling module work.mig_7series_v4_2_ddr_phy_rdlvl(n...
Compiling module work.mig_7series_v4_2_ddr_phy_tempmon...
Compiling module work.mig_7series_v4_2_ddr_calib_top(n...
Compiling module work.mig_7series_v4_2_ddr_phy_top(DDR...
Compiling module work.mig_7series_v4_2_mem_intfc(PAYLO...
Compiling module work.mig_7series_v4_2_ui_cmd(ADDR_WID...
Compiling module work.mig_7series_v4_2_ui_wr_data(APP_...
Compiling module work.mig_7series_v4_2_ui_rd_data(APP_...
Compiling module work.mig_7series_v4_2_ui_top(APP_DATA...
Compiling module work.mig_7series_v4_2_ddr_axic_regist...
Compiling module work.mig_7series_v4_2_ddr_axic_regist...
Compiling module work.mig_7series_v4_2_ddr_axic_regist...
Compiling module work.mig_7series_v4_2_ddr_axic_regist...
Compiling module work.mig_7series_v4_2_ddr_axi_registe...
Compiling module work.mig_7series_v4_2_axi_mc_incr_cmd...
Compiling module work.mig_7series_v4_2_axi_mc_wrap_cmd...
Compiling module work.mig_7series_v4_2_axi_mc_cmd_tran...
Compiling module work.mig_7series_v4_2_axi_mc_wr_cmd_f...
Compiling module work.mig_7series_v4_2_axi_mc_aw_chann...
Compiling module work.mig_7series_v4_2_axi_mc_w_channe...
Compiling module work.mig_7series_v4_2_axi_mc_fifo(C_W...
Compiling module work.mig_7series_v4_2_axi_mc_b_channe...
Compiling module work.mig_7series_v4_2_axi_mc_incr_cmd...
Compiling module work.mig_7series_v4_2_axi_mc_wrap_cmd...
Compiling module work.mig_7series_v4_2_axi_mc_cmd_tran...
Compiling module work.mig_7series_v4_2_axi_mc_cmd_fsm(...
Compiling module work.mig_7series_v4_2_axi_mc_ar_chann...
Compiling module work.mig_7series_v4_2_axi_mc_fifo(C_W...
Compiling module work.mig_7series_v4_2_axi_mc_fifo(C_W...
Compiling module work.mig_7series_v4_2_axi_mc_r_channe...
Compiling module work.mig_7series_v4_2_axi_mc_cmd_arbi...
Compiling module work.mig_7series_v4_2_axi_mc(C_FAMILY...
Compiling module work.mig_7series_v4_2_memc_ui_top_axi...
Compiling module work.mig_7series_0_mig_default
Compiling module work.mig_7series_0
Compiling module work.mig_native_wrap
Compiling module work.ddr3_model_default
Compiling module work.a7ng_soa_plane_engine(MAX_BEATS=...
Compiling module work.a7ng_cue_soa_wavefront
Compiling module work.a7ng_ddr_soa_axi_bridge_default
Compiling module work.a7ng_termgen_lane_fold6
Compiling module work.a7ng_termgen_array_fold6(PHYS=32...
Compiling module work.a7ng_scorer_lane
Compiling module work.a7ng_scorer_array(PHYS=32'b0100)
Compiling module work.a7ng_topk_stream_minheap(SORT_BE...
Compiling module work.a7ng_frontier_buckets_default
Compiling module work.a7ng_ng02_core_default
Compiling module work.a7ng_topk_wavefront_minheap
Compiling module work.g14_p3p4_repair_probe
Compiling module work.g14_ng02_latency_probe
Compiling module work.g14_global_latency_probe
Compiling module work.a7ng_cue_soa_mig_top_default
Compiling module work.tb_g14_p3p4_repair_mig
Compiling module work.glbl
Built simulation snapshot g14gclat
