
****** xsim v2026.1 (64-bit)
  **** SW Build 6511674 on Tue Jun 16 11:02:23 MDT 2026
  **** IP Build 6504888 on Tue Jun 09 09:05:25 MDT 2026
  **** SharedData Build 6501428 on Mon Jun 08 17:34:18 MDT 2026
  **** Start of session at: Wed Sep  2 00:21:14 2026
    ** Copyright 1986-2022 Xilinx, Inc. All Rights Reserved.
    ** Copyright 2022-2026 Advanced Micro Devices, Inc. All Rights Reserved.

source xsim.dir/afast_old/xsim_script.tcl
# xsim {afast_old} -autoloadwcfg -runall
Time resolution is 1 ps
run -all
ARM=OLD PACK=3b392b291b190b09 CTX_N=8
WMEM_INIT rb0=-6
EMB_POS t=8028405000 dim=0 wrd=-3 awd=-3
EMB_POS t=8028435000 dim=1 wrd=3 awd=3
EMB_TOK t=8032245000 dim=0 wrd=-6 ard=-3 awd=-9
EMB_TOK t=8032275000 dim=1 wrd=3 ard=3 awd=6
LNV t=8045555000 acc=2859 var=44 mu=-1
LNO t=8046825000 ly=0 ten=0 ard=-9 mu=-1 sc=4 q=-32
MV0 t=8116715000 ly=0 ten_o=2 acc=0 dest=32768
MV0 t=8773355000 ly=0 ten_o=3 acc=0 dest=49152
MV0 t=9429995000 ly=0 ten_o=4 acc=0 dest=65536
ATTQK t=10086625000 ard=148 ardb=-912 qa=32768 ka=49152
ATTO t=10089755000 h=0 q=404 z=16 acc=6464 dest=81920
ATTQK t=10107455000 ard=88 ardb=-132 qa=32800 ka=49184
ATTO t=10110585000 h=1 q=-892 z=16 acc=-14272 dest=81952
ATTQK t=10128285000 ard=-420 ardb=28 qa=32832 ka=49216
ATTO t=10131415000 h=2 q=-88 z=16 acc=-1408 dest=81984
ATTQK t=10149115000 ard=256 ardb=-528 qa=32864 ka=49248
ATTO t=10152245000 h=3 q=908 z=16 acc=14528 dest=82016
MV0 t=10169955000 ly=0 ten_o=5 acc=0 dest=81920
ADD t=10826585000 ly=0 ten=0 ard=-9 ardb=-23724
LNV t=10839895000 acc=82101621937 var=1282837842 mu=3747
LNO t=10841165000 ly=0 ten=6 ard=-23733 mu=3747 sc=25326 q=-18
MV0 t=10911055000 ly=0 ten_o=0 acc=0 dest=0
MV0 t=12224335000 ly=0 ten_o=6 acc=0 dest=98304
ADD t=13536325000 ly=0 ten=1 ard=-23733 ardb=23844
LNV t=13549635000 acc=76648865095 var=1197638517 mu=3078
LNO t=13550905000 ly=1 ten=0 ard=111 mu=3078 sc=24470 q=-2
MV0 t=13620795000 ly=1 ten_o=2 acc=0 dest=32768
MV0 t=14277435000 ly=1 ten_o=3 acc=0 dest=49152
MV0 t=14934075000 ly=1 ten_o=4 acc=0 dest=65536
ATTQK t=15590705000 ard=-122 ardb=281 qa=32768 ka=49152
ATTO t=15593835000 h=0 q=3 z=16 acc=48 dest=81920
ATTQK t=15611535000 ard=744 ardb=40 qa=32800 ka=49184
ATTO t=15614665000 h=1 q=-863 z=16 acc=-13808 dest=81952
ATTQK t=15632365000 ard=265 ardb=-310 qa=32832 ka=49216
ATTO t=15635495000 h=2 q=-731 z=16 acc=-11696 dest=81984
ATTQK t=15653195000 ard=-223 ardb=404 qa=32864 ka=49248
ATTO t=15656325000 h=3 q=285 z=16 acc=4560 dest=82016
MV0 t=15674035000 ly=1 ten_o=5 acc=0 dest=81920
ADD t=16330665000 ly=1 ten=0 ard=111 ardb=8581
LNV t=16343975000 acc=82491613214 var=1288931456 mu=1528
LNO t=16345245000 ly=1 ten=6 ard=8692 mu=1528 sc=25386 q=4
MV0 t=16415135000 ly=1 ten_o=0 acc=0 dest=0
MV0 t=17728415000 ly=1 ten_o=6 acc=0 dest=98304
ADD t=19040405000 ly=1 ten=1 ard=8692 ardb=-13255
LNV t=19053715000 acc=80564506575 var=1258820415 mu=3013
LNO t=19054985000 ly=2 ten=0 ard=-4563 mu=3013 sc=25088 q=-5
MV0 t=19124875000 ly=2 ten_o=2 acc=0 dest=32768
MV0 t=19781515000 ly=2 ten_o=3 acc=0 dest=49152
MV0 t=20438155000 ly=2 ten_o=4 acc=0 dest=65536
ATTQK t=21094785000 ard=-1272 ardb=1713 qa=32768 ka=49152
ATTO t=21097915000 h=0 q=-145 z=16 acc=-2320 dest=81920
ATTQK t=21115615000 ard=116 ardb=620 qa=32800 ka=49184
ATTO t=21118745000 h=1 q=-649 z=16 acc=-10384 dest=81952
ATTQK t=21136445000 ard=504 ardb=445 qa=32832 ka=49216
ATTO t=21139575000 h=2 q=28 z=16 acc=448 dest=81984
ATTQK t=21157275000 ard=-36 ardb=-247 qa=32864 ka=49248
ATTO t=21160405000 h=3 q=-795 z=16 acc=-12720 dest=82016
MV0 t=21178115000 ly=2 ten_o=5 acc=0 dest=81920
ADD t=21834745000 ly=2 ten=0 ard=-4563 ardb=32767
LNV t=21848055000 acc=73499486734 var=1148429480 mu=1695
LNO t=21849325000 ly=2 ten=6 ard=28204 mu=1695 sc=23962 q=17
MV0 t=21919215000 ly=2 ten_o=0 acc=0 dest=0
MV0 t=23232495000 ly=2 ten_o=6 acc=0 dest=98304
ADD t=24544485000 ly=2 ten=1 ard=28204 ardb=-27443
LNV t=24557795000 acc=74142501677 var=1158476588 mu=2935
LNO t=24559065000 ly=3 ten=0 ard=761 mu=2935 sc=24067 q=-2
MV0 t=24628955000 ly=3 ten_o=2 acc=0 dest=32768
MV0 t=25285595000 ly=3 ten_o=3 acc=0 dest=49152
MV0 t=25942235000 ly=3 ten_o=4 acc=0 dest=65536
ATTQK t=26598865000 ard=-1241 ardb=-218 qa=32768 ka=49152
ATTO t=26601995000 h=0 q=893 z=16 acc=14288 dest=81920
ATTQK t=26619695000 ard=423 ardb=637 qa=32800 ka=49184
ATTO t=26622825000 h=1 q=640 z=16 acc=10240 dest=81952
ATTQK t=26640525000 ard=-250 ardb=-1418 qa=32832 ka=49216
ATTO t=26643655000 h=2 q=570 z=16 acc=9120 dest=81984
ATTQK t=26661355000 ard=-16 ardb=-24 qa=32864 ka=49248
ATTO t=26664485000 h=3 q=-25 z=16 acc=-400 dest=82016
MV0 t=26682195000 ly=3 ten_o=5 acc=0 dest=81920
ADD t=27338825000 ly=3 ten=0 ard=761 ardb=32767
LNV t=27352135000 acc=74580660774 var=1165322824 mu=2482
LNO t=27353405000 ly=3 ten=6 ard=32767 mu=2482 sc=24138 q=20
MV0 t=27423295000 ly=3 ten_o=0 acc=0 dest=0
MV0 t=28736575000 ly=3 ten_o=6 acc=0 dest=98304
ADD t=30048565000 ly=3 ten=1 ard=32767 ardb=1434
HEAD t=30052405000 col=0 wrd=6 ard=32767 waddr=671744 aaddr=0 acc=0
MV0 t=30052415000 ly=3 ten_o=7 acc=0 dest=114688
HEAD t=30052445000 col=1 wrd=6 ard=-22540 waddr=671745 aaddr=1 acc=196602
SMX t=35305505000 logit0=-1090663
CONTROL pred=744 logit0=-1090663
CONTROL_PASS pred=744
EMB_POS t=35336405000 dim=0 wrd=-3 awd=-3
EMB_POS t=35336435000 dim=1 wrd=3 awd=3
EMB_TOK t=35367125000 dim=0 wrd=0 ard=-3 awd=-3
EMB_TOK t=35367155000 dim=1 wrd=0 ard=3 awd=3
LNV t=35407315000 acc=2873 var=44 mu=-1
LNO t=35408585000 ly=0 ten=0 ard=-3 mu=-1 sc=4 q=-8
LNO t=35478985000 ly=0 ten=0 ard=2 mu=-1 sc=4 q=12
LNO t=35549385000 ly=0 ten=0 ard=-3 mu=-1 sc=4 q=-8
LNO t=35619785000 ly=0 ten=0 ard=0 mu=-1 sc=4 q=4
LNO t=35690185000 ly=0 ten=0 ard=-2 mu=-1 sc=4 q=-4
LNO t=35760585000 ly=0 ten=0 ard=5 mu=-1 sc=4 q=24
LNO t=35830985000 ly=0 ten=0 ard=1 mu=-1 sc=4 q=8
LNO t=35901385000 ly=0 ten=0 ard=-6 mu=-1 sc=4 q=-20
MV0 t=35971275000 ly=0 ten_o=2 acc=0 dest=32768
MV0 t=36627915000 ly=0 ten_o=2 acc=0 dest=32896
MV0 t=37284555000 ly=0 ten_o=2 acc=0 dest=33024
MV0 t=37941195000 ly=0 ten_o=2 acc=0 dest=33152
MV0 t=38597835000 ly=0 ten_o=2 acc=0 dest=33280
MV0 t=39254475000 ly=0 ten_o=2 acc=0 dest=33408
MV0 t=39911115000 ly=0 ten_o=2 acc=0 dest=33536
MV0 t=40567755000 ly=0 ten_o=2 acc=0 dest=33664
MV0 t=41224395000 ly=0 ten_o=3 acc=0 dest=49152
MV0 t=41881035000 ly=0 ten_o=3 acc=0 dest=49280
MV0 t=42537675000 ly=0 ten_o=3 acc=0 dest=49408
MV0 t=43194315000 ly=0 ten_o=3 acc=0 dest=49536
MV0 t=43850955000 ly=0 ten_o=3 acc=0 dest=49664
MV0 t=44507595000 ly=0 ten_o=3 acc=0 dest=49792
MV0 t=45164235000 ly=0 ten_o=3 acc=0 dest=49920
MV0 t=45820875000 ly=0 ten_o=3 acc=0 dest=50048
MV0 t=46477515000 ly=0 ten_o=4 acc=0 dest=65536
MV0 t=47134155000 ly=0 ten_o=4 acc=0 dest=65664
MV0 t=47790795000 ly=0 ten_o=4 acc=0 dest=65792
MV0 t=48447435000 ly=0 ten_o=4 acc=0 dest=65920
MV0 t=49104075000 ly=0 ten_o=4 acc=0 dest=66048
MV0 t=49760715000 ly=0 ten_o=4 acc=0 dest=66176
MV0 t=50417355000 ly=0 ten_o=4 acc=0 dest=66304
MV0 t=51073995000 ly=0 ten_o=4 acc=0 dest=66432
ATTQK t=51730625000 ard=-300 ardb=-16 qa=32768 ka=49152
ATTO t=51733755000 h=0 q=372 z=16 acc=5952 dest=81920
ATTQK t=51751455000 ard=-484 ardb=-732 qa=32800 ka=49184
ATTO t=51754585000 h=1 q=-600 z=16 acc=-9600 dest=81952
ATTQK t=51772285000 ard=-484 ardb=716 qa=32832 ka=49216
ATTO t=51775415000 h=2 q=-296 z=16 acc=-4736 dest=81984
ATTQK t=51793115000 ard=180 ardb=-216 qa=32864 ka=49248
ATTO t=51796245000 h=3 q=-4 z=16 acc=-64 dest=82016
ATTQK t=51813945000 ard=664 ardb=-16 qa=32896 ka=49152
ATTO t=51818425000 h=0 q=372 z=16 acc=5952 dest=82048
ATTQK t=51837365000 ard=-1312 ardb=-732 qa=32928 ka=49184
ATTO t=51841845000 h=1 q=768 z=16 acc=12288 dest=82080
ATTQK t=51860785000 ard=-712 ardb=716 qa=32960 ka=49216
ATTO t=51865265000 h=2 q=-296 z=16 acc=-4736 dest=82112
ATTQK t=51884205000 ard=-812 ardb=-216 qa=32992 ka=49248
ATTO t=51888685000 h=3 q=176 z=16 acc=2816 dest=82144
ATTQK t=51907625000 ard=1304 ardb=-16 qa=33024 ka=49152
ATTO t=51913455000 h=0 q=372 z=16 acc=5952 dest=82176
ATTQK t=51933635000 ard=176 ardb=-732 qa=33056 ka=49184
ATTO t=51939465000 h=1 q=768 z=16 acc=12288 dest=82208
ATTQK t=51959645000 ard=12 ardb=716 qa=33088 ka=49216
ATTO t=51965475000 h=2 q=920 z=16 acc=14720 dest=82240
ATTQK t=51985655000 ard=220 ardb=-216 qa=33120 ka=49248
ATTO t=51991485000 h=3 q=-4 z=16 acc=-64 dest=82272
ATTQK t=52011665000 ard=-808 ardb=-16 qa=33152 ka=49152
ATTO t=52018845000 h=0 q=-752 z=16 acc=-12032 dest=82304
ATTQK t=52040265000 ard=-540 ardb=-732 qa=33184 ka=49184
ATTO t=52047445000 h=1 q=-316 z=16 acc=-5056 dest=82336
ATTQK t=52068865000 ard=-712 ardb=716 qa=33216 ka=49216
ATTO t=52076045000 h=2 q=920 z=16 acc=14720 dest=82368
ATTQK t=52097465000 ard=-1204 ardb=-216 qa=33248 ka=49248
ATTO t=52104645000 h=3 q=-4 z=16 acc=-64 dest=82400
ATTQK t=52126065000 ard=-212 ardb=-16 qa=33280 ka=49152
ATTO t=52134595000 h=0 q=372 z=16 acc=5952 dest=82432
ATTQK t=52157255000 ard=76 ardb=-732 qa=33312 ka=49184
ATTO t=52165785000 h=1 q=768 z=16 acc=12288 dest=82464
ATTQK t=52188445000 ard=1812 ardb=716 qa=33344 ka=49216
ATTO t=52196975000 h=2 q=-352 z=16 acc=-5632 dest=82496
ATTQK t=52219635000 ard=-916 ardb=-216 qa=33376 ka=49248
ATTO t=52228165000 h=3 q=-128 z=16 acc=-2048 dest=82528
ATTQK t=52250825000 ard=-296 ardb=-16 qa=33408 ka=49152
ATTO t=52260705000 h=0 q=372 z=16 acc=5952 dest=82560
ATTQK t=52284605000 ard=-28 ardb=-732 qa=33440 ka=49184
ATTO t=52294485000 h=1 q=404 z=16 acc=6464 dest=82592
ATTQK t=52318385000 ard=960 ardb=716 qa=33472 ka=49216
ATTO t=52328265000 h=2 q=28 z=16 acc=448 dest=82624
ATTQK t=52352165000 ard=288 ardb=-216 qa=33504 ka=49248
ATTO t=52362045000 h=3 q=-4 z=16 acc=-64 dest=82656
ATTQK t=52385945000 ard=356 ardb=-16 qa=33536 ka=49152
ATTO t=52397175000 h=0 q=372 z=16 acc=5952 dest=82688
ATTQK t=52422315000 ard=944 ardb=-732 qa=33568 ka=49184
ATTO t=52433545000 h=1 q=768 z=16 acc=12288 dest=82720
ATTQK t=52458685000 ard=-144 ardb=716 qa=33600 ka=49216
ATTO t=52469915000 h=2 q=28 z=16 acc=448 dest=82752
ATTQK t=52495055000 ard=520 ardb=-216 qa=33632 ka=49248
ATTO t=52506285000 h=3 q=624 z=16 acc=9984 dest=82784
ATTQK t=52531425000 ard=-1080 ardb=-16 qa=33664 ka=49152
ATTO t=52544005000 h=0 q=-1712 z=16 acc=-27392 dest=82816
ATTQK t=52570385000 ard=208 ardb=-732 qa=33696 ka=49184
ATTO t=52582965000 h=1 q=472 z=16 acc=7552 dest=82848
ATTQK t=52609345000 ard=352 ardb=716 qa=33728 ka=49216
ATTO t=52621925000 h=2 q=-296 z=16 acc=-4736 dest=82880
ATTQK t=52648305000 ard=-64 ardb=-216 qa=33760 ka=49248
ATTO t=52660885000 h=3 q=624 z=16 acc=9984 dest=82912
MV0 t=52687275000 ly=0 ten_o=5 acc=0 dest=81920
MV0 t=53343915000 ly=0 ten_o=5 acc=0 dest=82048
MV0 t=54000555000 ly=0 ten_o=5 acc=0 dest=82176
MV0 t=54657195000 ly=0 ten_o=5 acc=0 dest=82304
MV0 t=55313835000 ly=0 ten_o=5 acc=0 dest=82432
MV0 t=55970475000 ly=0 ten_o=5 acc=0 dest=82560
MV0 t=56627115000 ly=0 ten_o=5 acc=0 dest=82688
MV0 t=57283755000 ly=0 ten_o=5 acc=0 dest=82816
ADD t=57940385000 ly=0 ten=0 ard=-3 ardb=25968
ADD t=57944225000 ly=0 ten=0 ard=2 ardb=28884
ADD t=57948065000 ly=0 ten=0 ard=-3 ardb=-28872
ADD t=57951905000 ly=0 ten=0 ard=0 ardb=-1836
ADD t=57955745000 ly=0 ten=0 ard=-2 ardb=12868
ADD t=57959585000 ly=0 ten=0 ard=5 ardb=32236
ADD t=57963425000 ly=0 ten=0 ard=1 ardb=18136
ADD t=57967265000 ly=0 ten=0 ard=-6 ardb=20676
LNV t=57980575000 acc=70987883773 var=1109185683 mu=1346
LNO t=57981845000 ly=0 ten=6 ard=25965 mu=1346 sc=23549 q=16
LNO t=58052245000 ly=0 ten=6 ard=28886 mu=1346 sc=23549 q=18
LNO t=58122645000 ly=0 ten=6 ard=-28875 mu=1346 sc=23549 q=-21
LNO t=58193045000 ly=0 ten=6 ard=-1836 mu=1346 sc=23549 q=-3
LNO t=58263445000 ly=0 ten=6 ard=12866 mu=1346 sc=23549 q=7
LNO t=58333845000 ly=0 ten=6 ard=32241 mu=1346 sc=23549 q=20
LNO t=58404245000 ly=0 ten=6 ard=18137 mu=1346 sc=23549 q=11
LNO t=58474645000 ly=0 ten=6 ard=20670 mu=1346 sc=23549 q=13
MV0 t=58544535000 ly=0 ten_o=0 acc=0 dest=0
MV0 t=59857815000 ly=0 ten_o=0 acc=0 dest=128
MV0 t=61171095000 ly=0 ten_o=0 acc=0 dest=256
MV0 t=62484375000 ly=0 ten_o=0 acc=0 dest=384
MV0 t=63797655000 ly=0 ten_o=0 acc=0 dest=512
MV0 t=65110935000 ly=0 ten_o=0 acc=0 dest=640
MV0 t=66424215000 ly=0 ten_o=0 acc=0 dest=768
MV0 t=67737495000 ly=0 ten_o=0 acc=0 dest=896
MV0 t=69050775000 ly=0 ten_o=6 acc=0 dest=98304
MV0 t=70362775000 ly=0 ten_o=6 acc=0 dest=98432
MV0 t=71674775000 ly=0 ten_o=6 acc=0 dest=98560
MV0 t=72986775000 ly=0 ten_o=6 acc=0 dest=98688
MV0 t=74298775000 ly=0 ten_o=6 acc=0 dest=98816
MV0 t=75610775000 ly=0 ten_o=6 acc=0 dest=98944
MV0 t=76922775000 ly=0 ten_o=6 acc=0 dest=99072
MV0 t=78234775000 ly=0 ten_o=6 acc=0 dest=99200
ADD t=79546765000 ly=0 ten=1 ard=25965 ardb=19708
ADD t=79550605000 ly=0 ten=1 ard=28886 ardb=16727
ADD t=79554445000 ly=0 ten=1 ard=-28875 ardb=27301
ADD t=79558285000 ly=0 ten=1 ard=-1836 ardb=20484
ADD t=79562125000 ly=0 ten=1 ard=12866 ardb=18981
ADD t=79565965000 ly=0 ten=1 ard=32241 ardb=8502
ADD t=79569805000 ly=0 ten=1 ard=18137 ardb=10165
ADD t=79573645000 ly=0 ten=1 ard=20670 ardb=-11443
LNV t=79586955000 acc=74414839647 var=1162731869 mu=1025
LNO t=79588225000 ly=1 ten=0 ard=32767 mu=1025 sc=24111 q=21
LNO t=79658625000 ly=1 ten=0 ard=32767 mu=1025 sc=24111 q=21
LNO t=79729025000 ly=1 ten=0 ard=-1574 mu=1025 sc=24111 q=-2
LNO t=79799425000 ly=1 ten=0 ard=18648 mu=1025 sc=24111 q=11
LNO t=79869825000 ly=1 ten=0 ard=31847 mu=1025 sc=24111 q=20
LNO t=79940225000 ly=1 ten=0 ard=32767 mu=1025 sc=24111 q=21
LNO t=80010625000 ly=1 ten=0 ard=28302 mu=1025 sc=24111 q=18
LNO t=80081025000 ly=1 ten=0 ard=9227 mu=1025 sc=24111 q=5
MV0 t=80150915000 ly=1 ten_o=2 acc=0 dest=32768
MV0 t=80807555000 ly=1 ten_o=2 acc=0 dest=32896
MV0 t=81464195000 ly=1 ten_o=2 acc=0 dest=33024
MV0 t=82120835000 ly=1 ten_o=2 acc=0 dest=33152
MV0 t=82777475000 ly=1 ten_o=2 acc=0 dest=33280
MV0 t=83434115000 ly=1 ten_o=2 acc=0 dest=33408
MV0 t=84090755000 ly=1 ten_o=2 acc=0 dest=33536
MV0 t=84747395000 ly=1 ten_o=2 acc=0 dest=33664
MV0 t=85404035000 ly=1 ten_o=3 acc=0 dest=49152
MV0 t=86060675000 ly=1 ten_o=3 acc=0 dest=49280
MV0 t=86717315000 ly=1 ten_o=3 acc=0 dest=49408
MV0 t=87373955000 ly=1 ten_o=3 acc=0 dest=49536
MV0 t=88030595000 ly=1 ten_o=3 acc=0 dest=49664
MV0 t=88687235000 ly=1 ten_o=3 acc=0 dest=49792
MV0 t=89343875000 ly=1 ten_o=3 acc=0 dest=49920
MV0 t=90000515000 ly=1 ten_o=3 acc=0 dest=50048
MV0 t=90657155000 ly=1 ten_o=4 acc=0 dest=65536
MV0 t=91313795000 ly=1 ten_o=4 acc=0 dest=65664
MV0 t=91970435000 ly=1 ten_o=4 acc=0 dest=65792
MV0 t=92627075000 ly=1 ten_o=4 acc=0 dest=65920
MV0 t=93283715000 ly=1 ten_o=4 acc=0 dest=66048
MV0 t=93940355000 ly=1 ten_o=4 acc=0 dest=66176
MV0 t=94596995000 ly=1 ten_o=4 acc=0 dest=66304
MV0 t=95253635000 ly=1 ten_o=4 acc=0 dest=66432
ATTQK t=95910265000 ard=362 ardb=837 qa=32768 ka=49152
ATTO t=95913395000 h=0 q=69 z=16 acc=1104 dest=81920
ATTQK t=95931095000 ard=548 ardb=914 qa=32800 ka=49184
ATTO t=95934225000 h=1 q=-231 z=16 acc=-3696 dest=81952
ATTQK t=95951925000 ard=133 ardb=119 qa=32832 ka=49216
ATTO t=95955055000 h=2 q=-1181 z=16 acc=-18896 dest=81984
ATTQK t=95972755000 ard=374 ardb=-734 qa=32864 ka=49248
ATTO t=95975885000 h=3 q=227 z=16 acc=3632 dest=82016
ATTQK t=95993585000 ard=-288 ardb=837 qa=32896 ka=49152
ATTO t=95998065000 h=0 q=69 z=16 acc=1104 dest=82048
ATTQK t=96017005000 ard=908 ardb=914 qa=32928 ka=49184
ATTO t=96021485000 h=1 q=-523 z=16 acc=-8368 dest=82080
ATTQK t=96040425000 ard=224 ardb=119 qa=32960 ka=49216
ATTO t=96044905000 h=2 q=-1553 z=16 acc=-24848 dest=82112
ATTQK t=96063845000 ard=322 ardb=-734 qa=32992 ka=49248
ATTO t=96068325000 h=3 q=538 z=16 acc=8608 dest=82144
ATTQK t=96087265000 ard=-270 ardb=837 qa=33024 ka=49152
ATTO t=96093095000 h=0 q=-700 z=16 acc=-11200 dest=82176
ATTQK t=96113275000 ard=700 ardb=914 qa=33056 ka=49184
ATTO t=96119105000 h=1 q=-523 z=16 acc=-8368 dest=82208
ATTQK t=96139285000 ard=163 ardb=119 qa=33088 ka=49216
ATTO t=96145115000 h=2 q=-1553 z=16 acc=-24848 dest=82240
ATTQK t=96165295000 ard=-308 ardb=-734 qa=33120 ka=49248
ATTO t=96171125000 h=3 q=538 z=16 acc=8608 dest=82272
ATTQK t=96191305000 ard=-349 ardb=837 qa=33152 ka=49152
ATTO t=96198485000 h=0 q=-700 z=16 acc=-11200 dest=82304
ATTQK t=96219905000 ard=1201 ardb=914 qa=33184 ka=49184
ATTO t=96227085000 h=1 q=-523 z=16 acc=-8368 dest=82336
ATTQK t=96248505000 ard=569 ardb=119 qa=33216 ka=49216
ATTO t=96255685000 h=2 q=-1553 z=16 acc=-24848 dest=82368
ATTQK t=96277105000 ard=-269 ardb=-734 qa=33248 ka=49248
ATTO t=96284285000 h=3 q=-349 z=16 acc=-5584 dest=82400
ATTQK t=96305705000 ard=221 ardb=837 qa=33280 ka=49152
ATTO t=96314235000 h=0 q=69 z=16 acc=1104 dest=82432
ATTQK t=96336895000 ard=881 ardb=914 qa=33312 ka=49184
ATTO t=96345425000 h=1 q=-523 z=16 acc=-8368 dest=82464
ATTQK t=96368085000 ard=-872 ardb=119 qa=33344 ka=49216
ATTO t=96376615000 h=2 q=-1553 z=16 acc=-24848 dest=82496
ATTQK t=96399275000 ard=1106 ardb=-734 qa=33376 ka=49248
ATTO t=96407805000 h=3 q=-349 z=16 acc=-5584 dest=82528
ATTQK t=96430465000 ard=-603 ardb=837 qa=33408 ka=49152
ATTO t=96440345000 h=0 q=-700 z=16 acc=-11200 dest=82560
ATTQK t=96464245000 ard=671 ardb=914 qa=33440 ka=49184
ATTO t=96474125000 h=1 q=-320 z=16 acc=-5120 dest=82592
ATTQK t=96498025000 ard=-265 ardb=119 qa=33472 ka=49216
ATTO t=96507905000 h=2 q=-1553 z=16 acc=-24848 dest=82624
ATTQK t=96531805000 ard=-491 ardb=-734 qa=33504 ka=49248
ATTO t=96541685000 h=3 q=538 z=16 acc=8608 dest=82656
ATTQK t=96565585000 ard=-193 ardb=837 qa=33536 ka=49152
ATTO t=96576815000 h=0 q=96 z=16 acc=1536 dest=82688
ATTQK t=96601955000 ard=101 ardb=914 qa=33568 ka=49184
ATTO t=96613185000 h=1 q=-320 z=16 acc=-5120 dest=82720
ATTQK t=96638325000 ard=434 ardb=119 qa=33600 ka=49216
ATTO t=96649555000 h=2 q=-1553 z=16 acc=-24848 dest=82752
ATTQK t=96674695000 ard=-1130 ardb=-734 qa=33632 ka=49248
ATTO t=96685925000 h=3 q=538 z=16 acc=8608 dest=82784
ATTQK t=96711065000 ard=-296 ardb=837 qa=33664 ka=49152
ATTO t=96723645000 h=0 q=-496 z=16 acc=-7936 dest=82816
ATTQK t=96750025000 ard=-1306 ardb=914 qa=33696 ka=49184
ATTO t=96762605000 h=1 q=1196 z=16 acc=19136 dest=82848
ATTQK t=96788985000 ard=-174 ardb=119 qa=33728 ka=49216
ATTO t=96801565000 h=2 q=-643 z=16 acc=-10288 dest=82880
ATTQK t=96827945000 ard=767 ardb=-734 qa=33760 ka=49248
ATTO t=96840525000 h=3 q=-349 z=16 acc=-5584 dest=82912
MV0 t=96866915000 ly=1 ten_o=5 acc=0 dest=81920
MV0 t=97523555000 ly=1 ten_o=5 acc=0 dest=82048
MV0 t=98180195000 ly=1 ten_o=5 acc=0 dest=82176
MV0 t=98836835000 ly=1 ten_o=5 acc=0 dest=82304
MV0 t=99493475000 ly=1 ten_o=5 acc=0 dest=82432
MV0 t=100150115000 ly=1 ten_o=5 acc=0 dest=82560
MV0 t=100806755000 ly=1 ten_o=5 acc=0 dest=82688
MV0 t=101463395000 ly=1 ten_o=5 acc=0 dest=82816
ADD t=102120025000 ly=1 ten=0 ard=32767 ardb=11150
ADD t=102123865000 ly=1 ten=0 ard=32767 ardb=17795
ADD t=102127705000 ly=1 ten=0 ard=-1574 ardb=6909
ADD t=102131545000 ly=1 ten=0 ard=18648 ardb=16597
ADD t=102135385000 ly=1 ten=0 ard=31847 ardb=27483
ADD t=102139225000 ly=1 ten=0 ard=32767 ardb=-10487
ADD t=102143065000 ly=1 ten=0 ard=28302 ardb=-1874
ADD t=102146905000 ly=1 ten=0 ard=9227 ardb=32767
LNV t=102160215000 acc=81365794934 var=1271340545 mu=909
LNO t=102161485000 ly=1 ten=6 ard=32767 mu=909 sc=25212 q=20
LNO t=102231885000 ly=1 ten=6 ard=32767 mu=909 sc=25212 q=20
LNO t=102302285000 ly=1 ten=6 ard=5335 mu=909 sc=25212 q=2
LNO t=102372685000 ly=1 ten=6 ard=32767 mu=909 sc=25212 q=20
LNO t=102443085000 ly=1 ten=6 ard=32767 mu=909 sc=25212 q=20
LNO t=102513485000 ly=1 ten=6 ard=22280 mu=909 sc=25212 q=13
LNO t=102583885000 ly=1 ten=6 ard=26428 mu=909 sc=25212 q=16
LNO t=102654285000 ly=1 ten=6 ard=32767 mu=909 sc=25212 q=20
MV0 t=102724175000 ly=1 ten_o=0 acc=0 dest=0
MV0 t=104037455000 ly=1 ten_o=0 acc=0 dest=128
MV0 t=105350735000 ly=1 ten_o=0 acc=0 dest=256
MV0 t=106664015000 ly=1 ten_o=0 acc=0 dest=384
MV0 t=107977295000 ly=1 ten_o=0 acc=0 dest=512
MV0 t=109290575000 ly=1 ten_o=0 acc=0 dest=640
MV0 t=110603855000 ly=1 ten_o=0 acc=0 dest=768
MV0 t=111917135000 ly=1 ten_o=0 acc=0 dest=896
MV0 t=113230415000 ly=1 ten_o=6 acc=0 dest=98304
MV0 t=114542415000 ly=1 ten_o=6 acc=0 dest=98432
MV0 t=115854415000 ly=1 ten_o=6 acc=0 dest=98560
MV0 t=117166415000 ly=1 ten_o=6 acc=0 dest=98688
MV0 t=118478415000 ly=1 ten_o=6 acc=0 dest=98816
MV0 t=119790415000 ly=1 ten_o=6 acc=0 dest=98944
MV0 t=121102415000 ly=1 ten_o=6 acc=0 dest=99072
MV0 t=122414415000 ly=1 ten_o=6 acc=0 dest=99200
ADD t=123726405000 ly=1 ten=1 ard=32767 ardb=-3615
ADD t=123730245000 ly=1 ten=1 ard=32767 ardb=270
ADD t=123734085000 ly=1 ten=1 ard=5335 ardb=19830
ADD t=123737925000 ly=1 ten=1 ard=32767 ardb=15698
ADD t=123741765000 ly=1 ten=1 ard=32767 ardb=-25918
ADD t=123745605000 ly=1 ten=1 ard=22280 ardb=5244
ADD t=123749445000 ly=1 ten=1 ard=26428 ardb=180
ADD t=123753285000 ly=1 ten=1 ard=32767 ardb=-28191
LNV t=123766595000 acc=78113705308 var=1220526645 mu=3617
LNO t=123767865000 ly=2 ten=0 ard=29152 mu=3617 sc=24703 q=16
LNO t=123838265000 ly=2 ten=0 ard=32767 mu=3617 sc=24703 q=18
LNO t=123908665000 ly=2 ten=0 ard=25165 mu=3617 sc=24703 q=13
LNO t=123979065000 ly=2 ten=0 ard=32767 mu=3617 sc=24703 q=18
LNO t=124049465000 ly=2 ten=0 ard=6849 mu=3617 sc=24703 q=2
LNO t=124119865000 ly=2 ten=0 ard=27524 mu=3617 sc=24703 q=15
LNO t=124190265000 ly=2 ten=0 ard=26608 mu=3617 sc=24703 q=14
LNO t=124260665000 ly=2 ten=0 ard=4576 mu=3617 sc=24703 q=0
MV0 t=124330555000 ly=2 ten_o=2 acc=0 dest=32768
MV0 t=124987195000 ly=2 ten_o=2 acc=0 dest=32896
MV0 t=125643835000 ly=2 ten_o=2 acc=0 dest=33024
MV0 t=126300475000 ly=2 ten_o=2 acc=0 dest=33152
MV0 t=126957115000 ly=2 ten_o=2 acc=0 dest=33280
MV0 t=127613755000 ly=2 ten_o=2 acc=0 dest=33408
MV0 t=128270395000 ly=2 ten_o=2 acc=0 dest=33536
MV0 t=128927035000 ly=2 ten_o=2 acc=0 dest=33664
MV0 t=129583675000 ly=2 ten_o=3 acc=0 dest=49152
MV0 t=130240315000 ly=2 ten_o=3 acc=0 dest=49280
MV0 t=130896955000 ly=2 ten_o=3 acc=0 dest=49408
MV0 t=131553595000 ly=2 ten_o=3 acc=0 dest=49536
MV0 t=132210235000 ly=2 ten_o=3 acc=0 dest=49664
MV0 t=132866875000 ly=2 ten_o=3 acc=0 dest=49792
MV0 t=133523515000 ly=2 ten_o=3 acc=0 dest=49920
MV0 t=134180155000 ly=2 ten_o=3 acc=0 dest=50048
MV0 t=134836795000 ly=2 ten_o=4 acc=0 dest=65536
MV0 t=135493435000 ly=2 ten_o=4 acc=0 dest=65664
MV0 t=136150075000 ly=2 ten_o=4 acc=0 dest=65792
MV0 t=136806715000 ly=2 ten_o=4 acc=0 dest=65920
MV0 t=137463355000 ly=2 ten_o=4 acc=0 dest=66048
MV0 t=138119995000 ly=2 ten_o=4 acc=0 dest=66176
MV0 t=138776635000 ly=2 ten_o=4 acc=0 dest=66304
MV0 t=139433275000 ly=2 ten_o=4 acc=0 dest=66432
ATTQK t=140089905000 ard=-1635 ardb=-659 qa=32768 ka=49152
ATTO t=140093035000 h=0 q=-113 z=16 acc=-1808 dest=81920
ATTQK t=140110735000 ard=-195 ardb=532 qa=32800 ka=49184
ATTO t=140113865000 h=1 q=-1252 z=16 acc=-20032 dest=81952
ATTQK t=140131565000 ard=279 ardb=-593 qa=32832 ka=49216
ATTO t=140134695000 h=2 q=519 z=16 acc=8304 dest=81984
ATTQK t=140152395000 ard=822 ardb=-160 qa=32864 ka=49248
ATTO t=140155525000 h=3 q=292 z=16 acc=4672 dest=82016
ATTQK t=140173225000 ard=-1333 ardb=-659 qa=32896 ka=49152
ATTO t=140177705000 h=0 q=-113 z=16 acc=-1808 dest=82048
ATTQK t=140196645000 ard=-296 ardb=532 qa=32928 ka=49184
ATTO t=140201125000 h=1 q=-1252 z=16 acc=-20032 dest=82080
ATTQK t=140220065000 ard=752 ardb=-593 qa=32960 ka=49216
ATTO t=140224545000 h=2 q=-27 z=16 acc=-432 dest=82112
ATTQK t=140243485000 ard=-169 ardb=-160 qa=32992 ka=49248
ATTO t=140247965000 h=3 q=292 z=16 acc=4672 dest=82144
ATTQK t=140266905000 ard=-222 ardb=-659 qa=33024 ka=49152
ATTO t=140272735000 h=0 q=-139 z=16 acc=-2224 dest=82176
ATTQK t=140292915000 ard=-10 ardb=532 qa=33056 ka=49184
ATTO t=140298745000 h=1 q=-1135 z=16 acc=-18160 dest=82208
ATTQK t=140318925000 ard=-72 ardb=-593 qa=33088 ka=49216
ATTO t=140324755000 h=2 q=-45 z=16 acc=-720 dest=82240
ATTQK t=140344935000 ard=-314 ardb=-160 qa=33120 ka=49248
ATTO t=140350765000 h=3 q=-20 z=16 acc=-320 dest=82272
ATTQK t=140370945000 ard=-345 ardb=-659 qa=33152 ka=49152
ATTO t=140378125000 h=0 q=-139 z=16 acc=-2224 dest=82304
ATTQK t=140399545000 ard=-783 ardb=532 qa=33184 ka=49184
ATTO t=140406725000 h=1 q=-1135 z=16 acc=-18160 dest=82336
ATTQK t=140428145000 ard=519 ardb=-593 qa=33216 ka=49216
ATTO t=140435325000 h=2 q=-27 z=16 acc=-432 dest=82368
ATTQK t=140456745000 ard=-134 ardb=-160 qa=33248 ka=49248
ATTO t=140463925000 h=3 q=-20 z=16 acc=-320 dest=82400
ATTQK t=140485345000 ard=-1120 ardb=-659 qa=33280 ka=49152
ATTO t=140493875000 h=0 q=-1185 z=16 acc=-18960 dest=82432
ATTQK t=140516535000 ard=-280 ardb=532 qa=33312 ka=49184
ATTO t=140525065000 h=1 q=-989 z=16 acc=-15824 dest=82464
ATTQK t=140547725000 ard=-141 ardb=-593 qa=33344 ka=49216
ATTO t=140556255000 h=2 q=-45 z=16 acc=-720 dest=82496
ATTQK t=140578915000 ard=66 ardb=-160 qa=33376 ka=49248
ATTO t=140587445000 h=3 q=-893 z=16 acc=-14288 dest=82528
ATTQK t=140610105000 ard=-522 ardb=-659 qa=33408 ka=49152
ATTO t=140619985000 h=0 q=-587 z=16 acc=-9392 dest=82560
ATTQK t=140643885000 ard=1021 ardb=532 qa=33440 ka=49184
ATTO t=140653765000 h=1 q=-989 z=16 acc=-15824 dest=82592
ATTQK t=140677665000 ard=583 ardb=-593 qa=33472 ka=49216
ATTO t=140687545000 h=2 q=117 z=16 acc=1872 dest=82624
ATTQK t=140711445000 ard=-12 ardb=-160 qa=33504 ka=49248
ATTO t=140721325000 h=3 q=265 z=16 acc=4240 dest=82656
ATTQK t=140745225000 ard=156 ardb=-659 qa=33536 ka=49152
ATTO t=140756455000 h=0 q=-139 z=16 acc=-2224 dest=82688
ATTQK t=140781595000 ard=7 ardb=532 qa=33568 ka=49184
ATTO t=140792825000 h=1 q=-1135 z=16 acc=-18160 dest=82720
ATTQK t=140817965000 ard=-2 ardb=-593 qa=33600 ka=49216
ATTO t=140829195000 h=2 q=-2 z=16 acc=-32 dest=82752
ATTQK t=140854335000 ard=66 ardb=-160 qa=33632 ka=49248
ATTO t=140865565000 h=3 q=265 z=16 acc=4240 dest=82784
ATTQK t=140890705000 ard=-171 ardb=-659 qa=33664 ka=49152
ATTO t=140903285000 h=0 q=-139 z=16 acc=-2224 dest=82816
ATTQK t=140929665000 ard=-710 ardb=532 qa=33696 ka=49184
ATTO t=140942245000 h=1 q=-1135 z=16 acc=-18160 dest=82848
ATTQK t=140968625000 ard=480 ardb=-593 qa=33728 ka=49216
ATTO t=140981205000 h=2 q=166 z=16 acc=2656 dest=82880
ATTQK t=141007585000 ard=332 ardb=-160 qa=33760 ka=49248
ATTO t=141020165000 h=3 q=-20 z=16 acc=-320 dest=82912
MV0 t=141046555000 ly=2 ten_o=5 acc=0 dest=81920
MV0 t=141703195000 ly=2 ten_o=5 acc=0 dest=82048
MV0 t=142359835000 ly=2 ten_o=5 acc=0 dest=82176
MV0 t=143016475000 ly=2 ten_o=5 acc=0 dest=82304
MV0 t=143673115000 ly=2 ten_o=5 acc=0 dest=82432
MV0 t=144329755000 ly=2 ten_o=5 acc=0 dest=82560
MV0 t=144986395000 ly=2 ten_o=5 acc=0 dest=82688
MV0 t=145643035000 ly=2 ten_o=5 acc=0 dest=82816
ADD t=146299665000 ly=2 ten=0 ard=29152 ardb=21562
ADD t=146303505000 ly=2 ten=0 ard=32767 ardb=11736
ADD t=146307345000 ly=2 ten=0 ard=25165 ardb=10808
ADD t=146311185000 ly=2 ten=0 ard=32767 ardb=8224
ADD t=146315025000 ly=2 ten=0 ard=6849 ardb=22500
ADD t=146318865000 ly=2 ten=0 ard=27524 ardb=13477
ADD t=146322705000 ly=2 ten=0 ard=26608 ardb=-16946
ADD t=146326545000 ly=2 ten=0 ard=4576 ardb=11780
LNV t=146339855000 acc=88370634183 var=1380791159 mu=1348
LNO t=146341125000 ly=2 ten=6 ard=32767 mu=1348 sc=26275 q=19
LNO t=146411525000 ly=2 ten=6 ard=32767 mu=1348 sc=26275 q=19
LNO t=146481925000 ly=2 ten=6 ard=32767 mu=1348 sc=26275 q=19
LNO t=146552325000 ly=2 ten=6 ard=32767 mu=1348 sc=26275 q=19
LNO t=146622725000 ly=2 ten=6 ard=29349 mu=1348 sc=26275 q=17
LNO t=146693125000 ly=2 ten=6 ard=32767 mu=1348 sc=26275 q=19
LNO t=146763525000 ly=2 ten=6 ard=9662 mu=1348 sc=26275 q=5
LNO t=146833925000 ly=2 ten=6 ard=16356 mu=1348 sc=26275 q=9
MV0 t=146903815000 ly=2 ten_o=0 acc=0 dest=0
MV0 t=148217095000 ly=2 ten_o=0 acc=0 dest=128
MV0 t=149530375000 ly=2 ten_o=0 acc=0 dest=256
MV0 t=150843655000 ly=2 ten_o=0 acc=0 dest=384
MV0 t=152156935000 ly=2 ten_o=0 acc=0 dest=512
MV0 t=153470215000 ly=2 ten_o=0 acc=0 dest=640
MV0 t=154783495000 ly=2 ten_o=0 acc=0 dest=768
MV0 t=156096775000 ly=2 ten_o=0 acc=0 dest=896
MV0 t=157410055000 ly=2 ten_o=6 acc=0 dest=98304
MV0 t=158722055000 ly=2 ten_o=6 acc=0 dest=98432
MV0 t=160034055000 ly=2 ten_o=6 acc=0 dest=98560
MV0 t=161346055000 ly=2 ten_o=6 acc=0 dest=98688
MV0 t=162658055000 ly=2 ten_o=6 acc=0 dest=98816
MV0 t=163970055000 ly=2 ten_o=6 acc=0 dest=98944
MV0 t=165282055000 ly=2 ten_o=6 acc=0 dest=99072
MV0 t=166594055000 ly=2 ten_o=6 acc=0 dest=99200
ADD t=167906045000 ly=2 ten=1 ard=32767 ardb=-4996
ADD t=167909885000 ly=2 ten=1 ard=32767 ardb=-25211
ADD t=167913725000 ly=2 ten=1 ard=32767 ardb=-16229
ADD t=167917565000 ly=2 ten=1 ard=32767 ardb=-27831
ADD t=167921405000 ly=2 ten=1 ard=29349 ardb=-32768
ADD t=167925245000 ly=2 ten=1 ard=32767 ardb=-25768
ADD t=167929085000 ly=2 ten=1 ard=9662 ardb=32767
ADD t=167932925000 ly=2 ten=1 ard=16356 ardb=7805
LNV t=167946235000 acc=73822295743 var=1153473370 mu=-547
LNO t=167947505000 ly=3 ten=0 ard=27771 mu=-547 sc=24015 q=18
LNO t=168017905000 ly=3 ten=0 ard=7556 mu=-547 sc=24015 q=5
LNO t=168088305000 ly=3 ten=0 ard=16538 mu=-547 sc=24015 q=11
LNO t=168158705000 ly=3 ten=0 ard=4936 mu=-547 sc=24015 q=3
LNO t=168229105000 ly=3 ten=0 ard=-3419 mu=-547 sc=24015 q=-2
LNO t=168299505000 ly=3 ten=0 ard=6999 mu=-547 sc=24015 q=5
LNO t=168369905000 ly=3 ten=0 ard=32767 mu=-547 sc=24015 q=22
LNO t=168440305000 ly=3 ten=0 ard=24161 mu=-547 sc=24015 q=16
MV0 t=168510195000 ly=3 ten_o=2 acc=0 dest=32768
MV0 t=169166835000 ly=3 ten_o=2 acc=0 dest=32896
MV0 t=169823475000 ly=3 ten_o=2 acc=0 dest=33024
MV0 t=170480115000 ly=3 ten_o=2 acc=0 dest=33152
MV0 t=171136755000 ly=3 ten_o=2 acc=0 dest=33280
MV0 t=171793395000 ly=3 ten_o=2 acc=0 dest=33408
MV0 t=172450035000 ly=3 ten_o=2 acc=0 dest=33536
MV0 t=173106675000 ly=3 ten_o=2 acc=0 dest=33664
MV0 t=173763315000 ly=3 ten_o=3 acc=0 dest=49152
MV0 t=174419955000 ly=3 ten_o=3 acc=0 dest=49280
MV0 t=175076595000 ly=3 ten_o=3 acc=0 dest=49408
MV0 t=175733235000 ly=3 ten_o=3 acc=0 dest=49536
MV0 t=176389875000 ly=3 ten_o=3 acc=0 dest=49664
MV0 t=177046515000 ly=3 ten_o=3 acc=0 dest=49792
MV0 t=177703155000 ly=3 ten_o=3 acc=0 dest=49920
MV0 t=178359795000 ly=3 ten_o=3 acc=0 dest=50048
MV0 t=179016435000 ly=3 ten_o=4 acc=0 dest=65536
MV0 t=179673075000 ly=3 ten_o=4 acc=0 dest=65664
MV0 t=180329715000 ly=3 ten_o=4 acc=0 dest=65792
MV0 t=180986355000 ly=3 ten_o=4 acc=0 dest=65920
MV0 t=181642995000 ly=3 ten_o=4 acc=0 dest=66048
MV0 t=182299635000 ly=3 ten_o=4 acc=0 dest=66176
MV0 t=182956275000 ly=3 ten_o=4 acc=0 dest=66304
MV0 t=183612915000 ly=3 ten_o=4 acc=0 dest=66432
ATTQK t=184269545000 ard=142 ardb=-302 qa=32768 ka=49152
ATTO t=184272675000 h=0 q=651 z=16 acc=10416 dest=81920
ATTQK t=184290375000 ard=672 ardb=-804 qa=32800 ka=49184
ATTO t=184293505000 h=1 q=-200 z=16 acc=-3200 dest=81952
ATTQK t=184311205000 ard=185 ardb=502 qa=32832 ka=49216
ATTO t=184314335000 h=2 q=404 z=16 acc=6464 dest=81984
ATTQK t=184332035000 ard=-1570 ardb=829 qa=32864 ka=49248
ATTO t=184335165000 h=3 q=309 z=16 acc=4944 dest=82016
ATTQK t=184352865000 ard=-200 ardb=-302 qa=32896 ka=49152
ATTO t=184357345000 h=0 q=-277 z=16 acc=-4432 dest=82048
ATTQK t=184376285000 ard=319 ardb=-804 qa=32928 ka=49184
ATTO t=184380765000 h=1 q=-730 z=16 acc=-11680 dest=82080
ATTQK t=184399705000 ard=507 ardb=502 qa=32960 ka=49216
ATTO t=184404185000 h=2 q=626 z=16 acc=10016 dest=82112
ATTQK t=184423125000 ard=-897 ardb=829 qa=32992 ka=49248
ATTO t=184427605000 h=3 q=232 z=16 acc=3712 dest=82144
ATTQK t=184446545000 ard=-481 ardb=-302 qa=33024 ka=49152
ATTO t=184452375000 h=0 q=-277 z=16 acc=-4432 dest=82176
ATTQK t=184472555000 ard=493 ardb=-804 qa=33056 ka=49184
ATTO t=184478385000 h=1 q=-730 z=16 acc=-11680 dest=82208
ATTQK t=184498565000 ard=667 ardb=502 qa=33088 ka=49216
ATTO t=184504395000 h=2 q=626 z=16 acc=10016 dest=82240
ATTQK t=184524575000 ard=868 ardb=829 qa=33120 ka=49248
ATTO t=184530405000 h=3 q=309 z=16 acc=4944 dest=82272
ATTQK t=184550585000 ard=-561 ardb=-302 qa=33152 ka=49152
ATTO t=184557765000 h=0 q=651 z=16 acc=10416 dest=82304
ATTQK t=184579185000 ard=213 ardb=-804 qa=33184 ka=49184
ATTO t=184586365000 h=1 q=1053 z=16 acc=16848 dest=82336
ATTQK t=184607785000 ard=695 ardb=502 qa=33216 ka=49216
ATTO t=184614965000 h=2 q=742 z=16 acc=11872 dest=82368
ATTQK t=184636385000 ard=618 ardb=829 qa=33248 ka=49248
ATTO t=184643565000 h=3 q=309 z=16 acc=4944 dest=82400
ATTQK t=184664985000 ard=-1898 ardb=-302 qa=33280 ka=49152
ATTO t=184673515000 h=0 q=619 z=16 acc=9904 dest=82432
ATTQK t=184696175000 ard=788 ardb=-804 qa=33312 ka=49184
ATTO t=184704705000 h=1 q=1053 z=16 acc=16848 dest=82464
ATTQK t=184727365000 ard=854 ardb=502 qa=33344 ka=49216
ATTO t=184735895000 h=2 q=404 z=16 acc=6464 dest=82496
ATTQK t=184758555000 ard=675 ardb=829 qa=33376 ka=49248
ATTO t=184767085000 h=3 q=871 z=16 acc=13936 dest=82528
ATTQK t=184789745000 ard=-708 ardb=-302 qa=33408 ka=49152
ATTO t=184799625000 h=0 q=619 z=16 acc=9904 dest=82560
ATTQK t=184823525000 ard=672 ardb=-804 qa=33440 ka=49184
ATTO t=184833405000 h=1 q=1053 z=16 acc=16848 dest=82592
ATTQK t=184857305000 ard=-260 ardb=502 qa=33472 ka=49216
ATTO t=184867185000 h=2 q=742 z=16 acc=11872 dest=82624
ATTQK t=184891085000 ard=340 ardb=829 qa=33504 ka=49248
ATTO t=184900965000 h=3 q=740 z=16 acc=11840 dest=82656
ATTQK t=184924865000 ard=-449 ardb=-302 qa=33536 ka=49152
ATTO t=184936095000 h=0 q=-89 z=16 acc=-1424 dest=82688
ATTQK t=184961235000 ard=935 ardb=-804 qa=33568 ka=49184
ATTO t=184972465000 h=1 q=1053 z=16 acc=16848 dest=82720
ATTQK t=184997605000 ard=293 ardb=502 qa=33600 ka=49216
ATTO t=185008835000 h=2 q=661 z=16 acc=10576 dest=82752
ATTQK t=185033975000 ard=728 ardb=829 qa=33632 ka=49248
ATTO t=185045205000 h=3 q=309 z=16 acc=4944 dest=82784
ATTQK t=185070345000 ard=-254 ardb=-302 qa=33664 ka=49152
ATTO t=185082925000 h=0 q=-277 z=16 acc=-4432 dest=82816
ATTQK t=185109305000 ard=1162 ardb=-804 qa=33696 ka=49184
ATTO t=185121885000 h=1 q=1053 z=16 acc=16848 dest=82848
ATTQK t=185148265000 ard=622 ardb=502 qa=33728 ka=49216
ATTO t=185160845000 h=2 q=661 z=16 acc=10576 dest=82880
ATTQK t=185187225000 ard=974 ardb=829 qa=33760 ka=49248
ATTO t=185199805000 h=3 q=309 z=16 acc=4944 dest=82912
MV0 t=185226195000 ly=3 ten_o=5 acc=0 dest=81920
MV0 t=185882835000 ly=3 ten_o=5 acc=0 dest=82048
MV0 t=186539475000 ly=3 ten_o=5 acc=0 dest=82176
MV0 t=187196115000 ly=3 ten_o=5 acc=0 dest=82304
MV0 t=187852755000 ly=3 ten_o=5 acc=0 dest=82432
MV0 t=188509395000 ly=3 ten_o=5 acc=0 dest=82560
MV0 t=189166035000 ly=3 ten_o=5 acc=0 dest=82688
MV0 t=189822675000 ly=3 ten_o=5 acc=0 dest=82816
ADD t=190479305000 ly=3 ten=0 ard=27771 ardb=8013
ADD t=190483145000 ly=3 ten=0 ard=7556 ardb=-23527
ADD t=190486985000 ly=3 ten=0 ard=16538 ardb=-28292
ADD t=190490825000 ly=3 ten=0 ard=4936 ardb=21215
ADD t=190494665000 ly=3 ten=0 ard=-3419 ardb=-30950
ADD t=190498505000 ly=3 ten=0 ard=6999 ardb=-13675
ADD t=190502345000 ly=3 ten=0 ard=32767 ardb=-6139
ADD t=190506185000 ly=3 ten=0 ard=24161 ardb=-7589
LNV t=190519495000 acc=75438933350 var=1178733333 mu=-3390
LNO t=190520765000 ly=3 ten=6 ard=32767 mu=-3390 sc=24276 q=23
LNO t=190591165000 ly=3 ten=6 ard=-15971 mu=-3390 sc=24276 q=-9
LNO t=190661565000 ly=3 ten=6 ard=-11754 mu=-3390 sc=24276 q=-6
LNO t=190731965000 ly=3 ten=6 ard=26151 mu=-3390 sc=24276 q=19
LNO t=190802365000 ly=3 ten=6 ard=-32768 mu=-3390 sc=24276 q=-20
LNO t=190872765000 ly=3 ten=6 ard=-6676 mu=-3390 sc=24276 q=-3
LNO t=190943165000 ly=3 ten=6 ard=26628 mu=-3390 sc=24276 q=19
LNO t=191013565000 ly=3 ten=6 ard=16572 mu=-3390 sc=24276 q=13
MV0 t=191083455000 ly=3 ten_o=0 acc=0 dest=0
MV0 t=192396735000 ly=3 ten_o=0 acc=0 dest=128
MV0 t=193710015000 ly=3 ten_o=0 acc=0 dest=256
MV0 t=195023295000 ly=3 ten_o=0 acc=0 dest=384
MV0 t=196336575000 ly=3 ten_o=0 acc=0 dest=512
MV0 t=197649855000 ly=3 ten_o=0 acc=0 dest=640
MV0 t=198963135000 ly=3 ten_o=0 acc=0 dest=768
MV0 t=200276415000 ly=3 ten_o=0 acc=0 dest=896
MV0 t=201589695000 ly=3 ten_o=6 acc=0 dest=98304
MV0 t=202901695000 ly=3 ten_o=6 acc=0 dest=98432
MV0 t=204213695000 ly=3 ten_o=6 acc=0 dest=98560
MV0 t=205525695000 ly=3 ten_o=6 acc=0 dest=98688
MV0 t=206837695000 ly=3 ten_o=6 acc=0 dest=98816
MV0 t=208149695000 ly=3 ten_o=6 acc=0 dest=98944
MV0 t=209461695000 ly=3 ten_o=6 acc=0 dest=99072
MV0 t=210773695000 ly=3 ten_o=6 acc=0 dest=99200
ADD t=212085685000 ly=3 ten=1 ard=32767 ardb=-20926
ADD t=212089525000 ly=3 ten=1 ard=-15971 ardb=19450
ADD t=212093365000 ly=3 ten=1 ard=-11754 ardb=-2652
ADD t=212097205000 ly=3 ten=1 ard=26151 ardb=-8089
ADD t=212101045000 ly=3 ten=1 ard=-32768 ardb=2021
ADD t=212104885000 ly=3 ten=1 ard=-6676 ardb=-2545
ADD t=212108725000 ly=3 ten=1 ard=26628 ardb=-13346
ADD t=212112565000 ly=3 ten=1 ard=16572 ardb=-9303
HEAD t=212116405000 col=0 wrd=6 ard=7269 waddr=671744 aaddr=896 acc=0
MV0 t=212116415000 ly=3 ten_o=7 acc=0 dest=115584
HEAD t=212116445000 col=1 wrd=6 ard=5230 waddr=671745 aaddr=897 acc=43614
SMX t=217369505000 logit0=1310985
AFAST_ARM=OLD pred=664 logit0=1310985 python_pred=249 python_logit0=1623245 historical_664=664
HISTORICAL_664_REPRO old_pred=664
OLD_CORE pred=664 logit0=1310985
LN_FIX_AFAST_REGRESSION_PASS arm=OLD fails=0 pred=664
$finish called at time : 217400245 ns : File "D:/Jetking_sem4/SEM_4/arty-a7-online-lm-grok-orch-00/tests/xsim/tb_a7lm06_afast_lnfix_regression.sv" Line 141
run: Time (s): cpu = 00:00:00 ; elapsed = 00:00:39 . Memory (MB): peak = 227.789 ; gain = 0.000
exit
INFO: xsimkernel Simulation Memory Usage: 22656 KB (Peak: 22656 KB), Simulation CPU Usage: 38108 ms
INFO: [Common 17-206] Exiting xsim at Wed Sep  2 00:21:55 2026...
