INFO: [VRFC 10-2263] Analyzing SystemVerilog file "D:/Jetking_sem4/SEM_4/arty-a7-online-lm-g14-preboard-00/rtl/native_graph/pkg/a7ng_pkg.sv" into library work
INFO: [VRFC 10-2263] Analyzing SystemVerilog file "D:/Jetking_sem4/SEM_4/arty-a7-online-lm-g14-preboard-00/rtl/native_graph/memory/a7ng_mem_schema_v1.sv" into library work
INFO: [VRFC 10-2263] Analyzing SystemVerilog file "D:/Jetking_sem4/SEM_4/arty-a7-online-lm-g14-preboard-00/rtl/native_graph/scorer/a7ng_scorer_lane.sv" into library work
INFO: [VRFC 10-311] analyzing module a7ng_scorer_lane
INFO: [VRFC 10-2263] Analyzing SystemVerilog file "D:/Jetking_sem4/SEM_4/arty-a7-online-lm-g14-preboard-00/rtl/native_graph/scorer/a7ng_scorer_array.sv" into library work
INFO: [VRFC 10-311] analyzing module a7ng_scorer_array
INFO: [VRFC 10-2263] Analyzing SystemVerilog file "D:/Jetking_sem4/SEM_4/arty-a7-online-lm-g14-preboard-00/rtl/native_graph/scorer/a7ng_termgen_lane.sv" into library work
INFO: [VRFC 10-311] analyzing module a7ng_termgen_lane
INFO: [VRFC 10-2263] Analyzing SystemVerilog file "D:/Jetking_sem4/SEM_4/arty-a7-online-lm-g14-preboard-00/rtl/native_graph/scorer/a7ng_termgen_lane_fold6.sv" into library work
INFO: [VRFC 10-311] analyzing module a7ng_termgen_lane_fold6
INFO: [VRFC 10-2263] Analyzing SystemVerilog file "D:/Jetking_sem4/SEM_4/arty-a7-online-lm-g14-preboard-00/rtl/native_graph/scorer/a7ng_termgen_array.sv" into library work
INFO: [VRFC 10-311] analyzing module a7ng_termgen_array
INFO: [VRFC 10-2263] Analyzing SystemVerilog file "D:/Jetking_sem4/SEM_4/arty-a7-online-lm-g14-preboard-00/rtl/native_graph/scorer/a7ng_termgen_array_fold6.sv" into library work
INFO: [VRFC 10-311] analyzing module a7ng_termgen_array_fold6
INFO: [VRFC 10-2263] Analyzing SystemVerilog file "D:/Jetking_sem4/SEM_4/arty-a7-online-lm-g14-preboard-00/rtl/native_graph/topk/a7ng_topk.sv" into library work
INFO: [VRFC 10-311] analyzing module a7ng_topk
INFO: [VRFC 10-2263] Analyzing SystemVerilog file "D:/Jetking_sem4/SEM_4/arty-a7-online-lm-g14-preboard-00/rtl/native_graph/topk/a7ng_topk_stream_minheap.sv" into library work
INFO: [VRFC 10-311] analyzing module a7ng_topk_stream_minheap
INFO: [VRFC 10-2263] Analyzing SystemVerilog file "D:/Jetking_sem4/SEM_4/arty-a7-online-lm-g14-preboard-00/rtl/native_graph/topk/a7ng_topk_wavefront_global.sv" into library work
INFO: [VRFC 10-311] analyzing module a7ng_topk_wavefront_global
INFO: [VRFC 10-2263] Analyzing SystemVerilog file "D:/Jetking_sem4/SEM_4/arty-a7-online-lm-g14-preboard-00/rtl/native_graph/topk/a7ng_topk_wavefront_minheap.sv" into library work
INFO: [VRFC 10-311] analyzing module a7ng_topk_wavefront_minheap
INFO: [VRFC 10-2263] Analyzing SystemVerilog file "D:/Jetking_sem4/SEM_4/arty-a7-online-lm-g14-preboard-00/rtl/native_graph/topk/a7ng_ng02_core.sv" into library work
INFO: [VRFC 10-311] analyzing module a7ng_ng02_core
INFO: [VRFC 10-2263] Analyzing SystemVerilog file "D:/Jetking_sem4/SEM_4/arty-a7-online-lm-g14-preboard-00/rtl/native_graph/frontier/a7ng_frontier_buckets.sv" into library work
INFO: [VRFC 10-311] analyzing module a7ng_frontier_buckets
INFO: [VRFC 10-2263] Analyzing SystemVerilog file "D:/Jetking_sem4/SEM_4/arty-a7-online-lm-g14-preboard-00/rtl/native_graph/memory/a7ng_ddr_soa_axi_bridge.sv" into library work
INFO: [VRFC 10-311] analyzing module a7ng_ddr_soa_axi_bridge
INFO: [VRFC 10-2263] Analyzing SystemVerilog file "D:/Jetking_sem4/SEM_4/arty-a7-online-lm-g14-preboard-00/rtl/native_graph/memory/a7ng_soa_plane_engine.sv" into library work
INFO: [VRFC 10-311] analyzing module a7ng_soa_plane_engine
INFO: [VRFC 10-2263] Analyzing SystemVerilog file "D:/Jetking_sem4/SEM_4/arty-a7-online-lm-g14-preboard-00/rtl/native_graph/memory/a7ng_soa_plane_fetch.sv" into library work
INFO: [VRFC 10-311] analyzing module a7ng_soa_plane_fetch
INFO: [VRFC 10-2263] Analyzing SystemVerilog file "D:/Jetking_sem4/SEM_4/arty-a7-online-lm-g14-preboard-00/rtl/native_graph/memory/a7ng_axi_read_stream.sv" into library work
INFO: [VRFC 10-311] analyzing module a7ng_axi_read_stream
INFO: [VRFC 10-2263] Analyzing SystemVerilog file "D:/Jetking_sem4/SEM_4/arty-a7-online-lm-g14-preboard-00/rtl/native_graph/memory/a7ng_cue_soa_wavefront.sv" into library work
INFO: [VRFC 10-311] analyzing module a7ng_cue_soa_wavefront
INFO: [VRFC 10-2263] Analyzing SystemVerilog file "D:/Jetking_sem4/SEM_4/arty-a7-online-lm-g14-preboard-00/rtl/native_graph/memory/a7ng_cue_soa_mig_top.sv" into library work
INFO: [VRFC 10-311] analyzing module a7ng_cue_soa_mig_top
INFO: [VRFC 10-2263] Analyzing SystemVerilog file "D:/Jetking_sem4/SEM_4/arty-a7-online-lm-g14-preboard-00/rtl/ddr/mig_native_wrap.sv" into library work
INFO: [VRFC 10-311] analyzing module mig_native_wrap
INFO: [VRFC 10-2263] Analyzing SystemVerilog file "D:/Jetking_sem4/SEM_4/arty-a7-online-lm-g14-preboard-00/results/A7-NATIVE-GRAPH/GROK-ORCH-00/TOPK-SORT-BOUND-00/tb_g14_p3p4_repair_mig.sv" into library work
INFO: [VRFC 10-311] analyzing module tb_g14_p3p4_repair_mig
INFO: [VRFC 10-2263] Analyzing SystemVerilog file "D:/Jetking_sem4/SEM_4/arty-a7-online-lm-g14-preboard-00/results/A7-NATIVE-GRAPH/GROK-ORCH-00/TOPK-SORT-BOUND-00/g14_p3p4_repair_probe.sv" into library work
INFO: [VRFC 10-311] analyzing module g14_p3p4_repair_probe
INFO: [VRFC 10-2263] Analyzing SystemVerilog file "D:/Jetking_sem4/SEM_4/arty-a7-online-lm-g14-preboard-00/results/A7-NATIVE-GRAPH/GROK-ORCH-00/TOPK-SORT-BOUND-00/g14_sort_occ_probe.sv" into library work
INFO: [VRFC 10-311] analyzing module g14_sort_occ_probe
INFO: [VRFC 10-2263] Analyzing Verilog file "D:/Jetking_sem4/SEM_4/arty-a7-online-lm-g14-preboard-00/vivado/ip/mig_7series_0/mig_7series_0/user_design/rtl/mig_7series_0.v" into library work
INFO: [VRFC 10-311] analyzing module mig_7series_0
INFO: [VRFC 10-2263] Analyzing Verilog file "D:/Jetking_sem4/SEM_4/arty-a7-online-lm-g14-preboard-00/vivado/ip/mig_7series_0/mig_7series_0/user_design/rtl/axi/mig_7series_v4_2_axi_ctrl_addr_decode.v" into library work
INFO: [VRFC 10-311] analyzing module mig_7series_v4_2_axi_ctrl_addr_decode
INFO: [VRFC 10-2263] Analyzing Verilog file "D:/Jetking_sem4/SEM_4/arty-a7-online-lm-g14-preboard-00/vivado/ip/mig_7series_0/mig_7series_0/user_design/rtl/axi/mig_7series_v4_2_axi_ctrl_read.v" into library work
INFO: [VRFC 10-311] analyzing module mig_7series_v4_2_axi_ctrl_read
INFO: [VRFC 10-2263] Analyzing Verilog file "D:/Jetking_sem4/SEM_4/arty-a7-online-lm-g14-preboard-00/vivado/ip/mig_7series_0/mig_7series_0/user_design/rtl/axi/mig_7series_v4_2_axi_ctrl_reg.v" into library work
INFO: [VRFC 10-311] analyzing module mig_7series_v4_2_axi_ctrl_reg
INFO: [VRFC 10-2263] Analyzing Verilog file "D:/Jetking_sem4/SEM_4/arty-a7-online-lm-g14-preboard-00/vivado/ip/mig_7series_0/mig_7series_0/user_design/rtl/axi/mig_7series_v4_2_axi_ctrl_reg_bank.v" into library work
INFO: [VRFC 10-311] analyzing module mig_7series_v4_2_axi_ctrl_reg_bank
INFO: [VRFC 10-2263] Analyzing Verilog file "D:/Jetking_sem4/SEM_4/arty-a7-online-lm-g14-preboard-00/vivado/ip/mig_7series_0/mig_7series_0/user_design/rtl/axi/mig_7series_v4_2_axi_ctrl_top.v" into library work
INFO: [VRFC 10-311] analyzing module mig_7series_v4_2_axi_ctrl_top
INFO: [VRFC 10-2263] Analyzing Verilog file "D:/Jetking_sem4/SEM_4/arty-a7-online-lm-g14-preboard-00/vivado/ip/mig_7series_0/mig_7series_0/user_design/rtl/axi/mig_7series_v4_2_axi_ctrl_write.v" into library work
INFO: [VRFC 10-311] analyzing module mig_7series_v4_2_axi_ctrl_write
INFO: [VRFC 10-2263] Analyzing Verilog file "D:/Jetking_sem4/SEM_4/arty-a7-online-lm-g14-preboard-00/vivado/ip/mig_7series_0/mig_7series_0/user_design/rtl/axi/mig_7series_v4_2_axi_mc.v" into library work
INFO: [VRFC 10-311] analyzing module mig_7series_v4_2_axi_mc
INFO: [VRFC 10-2263] Analyzing Verilog file "D:/Jetking_sem4/SEM_4/arty-a7-online-lm-g14-preboard-00/vivado/ip/mig_7series_0/mig_7series_0/user_design/rtl/axi/mig_7series_v4_2_axi_mc_ar_channel.v" into library work
INFO: [VRFC 10-311] analyzing module mig_7series_v4_2_axi_mc_ar_channel
INFO: [VRFC 10-2263] Analyzing Verilog file "D:/Jetking_sem4/SEM_4/arty-a7-online-lm-g14-preboard-00/vivado/ip/mig_7series_0/mig_7series_0/user_design/rtl/axi/mig_7series_v4_2_axi_mc_aw_channel.v" into library work
INFO: [VRFC 10-311] analyzing module mig_7series_v4_2_axi_mc_aw_channel
INFO: [VRFC 10-2263] Analyzing Verilog file "D:/Jetking_sem4/SEM_4/arty-a7-online-lm-g14-preboard-00/vivado/ip/mig_7series_0/mig_7series_0/user_design/rtl/axi/mig_7series_v4_2_axi_mc_b_channel.v" into library work
INFO: [VRFC 10-311] analyzing module mig_7series_v4_2_axi_mc_b_channel
INFO: [VRFC 10-2263] Analyzing Verilog file "D:/Jetking_sem4/SEM_4/arty-a7-online-lm-g14-preboard-00/vivado/ip/mig_7series_0/mig_7series_0/user_design/rtl/axi/mig_7series_v4_2_axi_mc_cmd_arbiter.v" into library work
INFO: [VRFC 10-311] analyzing module mig_7series_v4_2_axi_mc_cmd_arbiter
INFO: [VRFC 10-2263] Analyzing Verilog file "D:/Jetking_sem4/SEM_4/arty-a7-online-lm-g14-preboard-00/vivado/ip/mig_7series_0/mig_7series_0/user_design/rtl/axi/mig_7series_v4_2_axi_mc_cmd_fsm.v" into library work
INFO: [VRFC 10-311] analyzing module mig_7series_v4_2_axi_mc_cmd_fsm
INFO: [VRFC 10-2263] Analyzing Verilog file "D:/Jetking_sem4/SEM_4/arty-a7-online-lm-g14-preboard-00/vivado/ip/mig_7series_0/mig_7series_0/user_design/rtl/axi/mig_7series_v4_2_axi_mc_cmd_translator.v" into library work
INFO: [VRFC 10-311] analyzing module mig_7series_v4_2_axi_mc_cmd_translator
INFO: [VRFC 10-2263] Analyzing Verilog file "D:/Jetking_sem4/SEM_4/arty-a7-online-lm-g14-preboard-00/vivado/ip/mig_7series_0/mig_7series_0/user_design/rtl/axi/mig_7series_v4_2_axi_mc_fifo.v" into library work
INFO: [VRFC 10-311] analyzing module mig_7series_v4_2_axi_mc_fifo
INFO: [VRFC 10-2263] Analyzing Verilog file "D:/Jetking_sem4/SEM_4/arty-a7-online-lm-g14-preboard-00/vivado/ip/mig_7series_0/mig_7series_0/user_design/rtl/axi/mig_7series_v4_2_axi_mc_incr_cmd.v" into library work
INFO: [VRFC 10-311] analyzing module mig_7series_v4_2_axi_mc_incr_cmd
INFO: [VRFC 10-2263] Analyzing Verilog file "D:/Jetking_sem4/SEM_4/arty-a7-online-lm-g14-preboard-00/vivado/ip/mig_7series_0/mig_7series_0/user_design/rtl/axi/mig_7series_v4_2_axi_mc_r_channel.v" into library work
INFO: [VRFC 10-311] analyzing module mig_7series_v4_2_axi_mc_r_channel
INFO: [VRFC 10-2263] Analyzing Verilog file "D:/Jetking_sem4/SEM_4/arty-a7-online-lm-g14-preboard-00/vivado/ip/mig_7series_0/mig_7series_0/user_design/rtl/axi/mig_7series_v4_2_axi_mc_simple_fifo.v" into library work
INFO: [VRFC 10-311] analyzing module mig_7series_v4_2_axi_mc_simple_fifo
INFO: [VRFC 10-2263] Analyzing Verilog file "D:/Jetking_sem4/SEM_4/arty-a7-online-lm-g14-preboard-00/vivado/ip/mig_7series_0/mig_7series_0/user_design/rtl/axi/mig_7series_v4_2_axi_mc_w_channel.v" into library work
INFO: [VRFC 10-311] analyzing module mig_7series_v4_2_axi_mc_w_channel
INFO: [VRFC 10-2263] Analyzing Verilog file "D:/Jetking_sem4/SEM_4/arty-a7-online-lm-g14-preboard-00/vivado/ip/mig_7series_0/mig_7series_0/user_design/rtl/axi/mig_7series_v4_2_axi_mc_wr_cmd_fsm.v" into library work
INFO: [VRFC 10-311] analyzing module mig_7series_v4_2_axi_mc_wr_cmd_fsm
INFO: [VRFC 10-2263] Analyzing Verilog file "D:/Jetking_sem4/SEM_4/arty-a7-online-lm-g14-preboard-00/vivado/ip/mig_7series_0/mig_7series_0/user_design/rtl/axi/mig_7series_v4_2_axi_mc_wrap_cmd.v" into library work
INFO: [VRFC 10-311] analyzing module mig_7series_v4_2_axi_mc_wrap_cmd
INFO: [VRFC 10-2263] Analyzing Verilog file "D:/Jetking_sem4/SEM_4/arty-a7-online-lm-g14-preboard-00/vivado/ip/mig_7series_0/mig_7series_0/user_design/rtl/axi/mig_7series_v4_2_ddr_a_upsizer.v" into library work
INFO: [VRFC 10-311] analyzing module mig_7series_v4_2_ddr_a_upsizer
INFO: [VRFC 10-2263] Analyzing Verilog file "D:/Jetking_sem4/SEM_4/arty-a7-online-lm-g14-preboard-00/vivado/ip/mig_7series_0/mig_7series_0/user_design/rtl/axi/mig_7series_v4_2_ddr_axi_register_slice.v" into library work
INFO: [VRFC 10-311] analyzing module mig_7series_v4_2_ddr_axi_register_slice
INFO: [VRFC 10-2263] Analyzing Verilog file "D:/Jetking_sem4/SEM_4/arty-a7-online-lm-g14-preboard-00/vivado/ip/mig_7series_0/mig_7series_0/user_design/rtl/axi/mig_7series_v4_2_ddr_axi_upsizer.v" into library work
INFO: [VRFC 10-311] analyzing module mig_7series_v4_2_ddr_axi_upsizer
INFO: [VRFC 10-2263] Analyzing Verilog file "D:/Jetking_sem4/SEM_4/arty-a7-online-lm-g14-preboard-00/vivado/ip/mig_7series_0/mig_7series_0/user_design/rtl/axi/mig_7series_v4_2_ddr_axic_register_slice.v" into library work
INFO: [VRFC 10-311] analyzing module mig_7series_v4_2_ddr_axic_register_slice
INFO: [VRFC 10-2263] Analyzing Verilog file "D:/Jetking_sem4/SEM_4/arty-a7-online-lm-g14-preboard-00/vivado/ip/mig_7series_0/mig_7series_0/user_design/rtl/axi/mig_7series_v4_2_ddr_carry_and.v" into library work
INFO: [VRFC 10-311] analyzing module mig_7series_v4_2_ddr_carry_and
INFO: [VRFC 10-2263] Analyzing Verilog file "D:/Jetking_sem4/SEM_4/arty-a7-online-lm-g14-preboard-00/vivado/ip/mig_7series_0/mig_7series_0/user_design/rtl/axi/mig_7series_v4_2_ddr_carry_latch_and.v" into library work
INFO: [VRFC 10-311] analyzing module mig_7series_v4_2_ddr_carry_latch_and
INFO: [VRFC 10-2263] Analyzing Verilog file "D:/Jetking_sem4/SEM_4/arty-a7-online-lm-g14-preboard-00/vivado/ip/mig_7series_0/mig_7series_0/user_design/rtl/axi/mig_7series_v4_2_ddr_carry_latch_or.v" into library work
INFO: [VRFC 10-311] analyzing module mig_7series_v4_2_ddr_carry_latch_or
INFO: [VRFC 10-2263] Analyzing Verilog file "D:/Jetking_sem4/SEM_4/arty-a7-online-lm-g14-preboard-00/vivado/ip/mig_7series_0/mig_7series_0/user_design/rtl/axi/mig_7series_v4_2_ddr_carry_or.v" into library work
INFO: [VRFC 10-311] analyzing module mig_7series_v4_2_ddr_carry_or
INFO: [VRFC 10-2263] Analyzing Verilog file "D:/Jetking_sem4/SEM_4/arty-a7-online-lm-g14-preboard-00/vivado/ip/mig_7series_0/mig_7series_0/user_design/rtl/axi/mig_7series_v4_2_ddr_command_fifo.v" into library work
INFO: [VRFC 10-311] analyzing module mig_7series_v4_2_ddr_command_fifo
INFO: [VRFC 10-2263] Analyzing Verilog file "D:/Jetking_sem4/SEM_4/arty-a7-online-lm-g14-preboard-00/vivado/ip/mig_7series_0/mig_7series_0/user_design/rtl/axi/mig_7series_v4_2_ddr_comparator.v" into library work
INFO: [VRFC 10-311] analyzing module mig_7series_v4_2_ddr_comparator
INFO: [VRFC 10-2263] Analyzing Verilog file "D:/Jetking_sem4/SEM_4/arty-a7-online-lm-g14-preboard-00/vivado/ip/mig_7series_0/mig_7series_0/user_design/rtl/axi/mig_7series_v4_2_ddr_comparator_sel.v" into library work
INFO: [VRFC 10-311] analyzing module mig_7series_v4_2_ddr_comparator_sel
INFO: [VRFC 10-2263] Analyzing Verilog file "D:/Jetking_sem4/SEM_4/arty-a7-online-lm-g14-preboard-00/vivado/ip/mig_7series_0/mig_7series_0/user_design/rtl/axi/mig_7series_v4_2_ddr_comparator_sel_static.v" into library work
INFO: [VRFC 10-311] analyzing module mig_7series_v4_2_ddr_comparator_sel_static
INFO: [VRFC 10-2263] Analyzing Verilog file "D:/Jetking_sem4/SEM_4/arty-a7-online-lm-g14-preboard-00/vivado/ip/mig_7series_0/mig_7series_0/user_design/rtl/axi/mig_7series_v4_2_ddr_r_upsizer.v" into library work
INFO: [VRFC 10-311] analyzing module mig_7series_v4_2_ddr_r_upsizer
INFO: [VRFC 10-2263] Analyzing Verilog file "D:/Jetking_sem4/SEM_4/arty-a7-online-lm-g14-preboard-00/vivado/ip/mig_7series_0/mig_7series_0/user_design/rtl/axi/mig_7series_v4_2_ddr_w_upsizer.v" into library work
INFO: [VRFC 10-311] analyzing module mig_7series_v4_2_ddr_w_upsizer
INFO: [VRFC 10-2263] Analyzing Verilog file "D:/Jetking_sem4/SEM_4/arty-a7-online-lm-g14-preboard-00/vivado/ip/mig_7series_0/mig_7series_0/user_design/rtl/clocking/mig_7series_v4_2_clk_ibuf.v" into library work
INFO: [VRFC 10-311] analyzing module mig_7series_v4_2_clk_ibuf
INFO: [VRFC 10-2263] Analyzing Verilog file "D:/Jetking_sem4/SEM_4/arty-a7-online-lm-g14-preboard-00/vivado/ip/mig_7series_0/mig_7series_0/user_design/rtl/clocking/mig_7series_v4_2_infrastructure.v" into library work
INFO: [VRFC 10-311] analyzing module mig_7series_v4_2_infrastructure
INFO: [VRFC 10-2263] Analyzing Verilog file "D:/Jetking_sem4/SEM_4/arty-a7-online-lm-g14-preboard-00/vivado/ip/mig_7series_0/mig_7series_0/user_design/rtl/clocking/mig_7series_v4_2_iodelay_ctrl.v" into library work
INFO: [VRFC 10-311] analyzing module mig_7series_v4_2_iodelay_ctrl
INFO: [VRFC 10-2263] Analyzing Verilog file "D:/Jetking_sem4/SEM_4/arty-a7-online-lm-g14-preboard-00/vivado/ip/mig_7series_0/mig_7series_0/user_design/rtl/clocking/mig_7series_v4_2_tempmon.v" into library work
INFO: [VRFC 10-311] analyzing module mig_7series_v4_2_tempmon
INFO: [VRFC 10-2263] Analyzing Verilog file "D:/Jetking_sem4/SEM_4/arty-a7-online-lm-g14-preboard-00/vivado/ip/mig_7series_0/mig_7series_0/user_design/rtl/controller/mig_7series_v4_2_arb_mux.v" into library work
INFO: [VRFC 10-311] analyzing module mig_7series_v4_2_arb_mux
INFO: [VRFC 10-2263] Analyzing Verilog file "D:/Jetking_sem4/SEM_4/arty-a7-online-lm-g14-preboard-00/vivado/ip/mig_7series_0/mig_7series_0/user_design/rtl/controller/mig_7series_v4_2_arb_row_col.v" into library work
INFO: [VRFC 10-311] analyzing module mig_7series_v4_2_arb_row_col
WARNING: [VRFC 10-8332] begin/end is required for generate-for in this mode of Verilog [D:/Jetking_sem4/SEM_4/arty-a7-online-lm-g14-preboard-00/vivado/ip/mig_7series_0/mig_7series_0/user_design/rtl/controller/mig_7series_v4_2_arb_row_col.v:252]
INFO: [VRFC 10-2263] Analyzing Verilog file "D:/Jetking_sem4/SEM_4/arty-a7-online-lm-g14-preboard-00/vivado/ip/mig_7series_0/mig_7series_0/user_design/rtl/controller/mig_7series_v4_2_arb_select.v" into library work
INFO: [VRFC 10-311] analyzing module mig_7series_v4_2_arb_select
INFO: [VRFC 10-2263] Analyzing Verilog file "D:/Jetking_sem4/SEM_4/arty-a7-online-lm-g14-preboard-00/vivado/ip/mig_7series_0/mig_7series_0/user_design/rtl/controller/mig_7series_v4_2_bank_cntrl.v" into library work
INFO: [VRFC 10-311] analyzing module mig_7series_v4_2_bank_cntrl
INFO: [VRFC 10-2263] Analyzing Verilog file "D:/Jetking_sem4/SEM_4/arty-a7-online-lm-g14-preboard-00/vivado/ip/mig_7series_0/mig_7series_0/user_design/rtl/controller/mig_7series_v4_2_bank_common.v" into library work
INFO: [VRFC 10-311] analyzing module mig_7series_v4_2_bank_common
INFO: [VRFC 10-2263] Analyzing Verilog file "D:/Jetking_sem4/SEM_4/arty-a7-online-lm-g14-preboard-00/vivado/ip/mig_7series_0/mig_7series_0/user_design/rtl/controller/mig_7series_v4_2_bank_compare.v" into library work
INFO: [VRFC 10-311] analyzing module mig_7series_v4_2_bank_compare
INFO: [VRFC 10-2263] Analyzing Verilog file "D:/Jetking_sem4/SEM_4/arty-a7-online-lm-g14-preboard-00/vivado/ip/mig_7series_0/mig_7series_0/user_design/rtl/controller/mig_7series_v4_2_bank_mach.v" into library work
INFO: [VRFC 10-311] analyzing module mig_7series_v4_2_bank_mach
INFO: [VRFC 10-2263] Analyzing Verilog file "D:/Jetking_sem4/SEM_4/arty-a7-online-lm-g14-preboard-00/vivado/ip/mig_7series_0/mig_7series_0/user_design/rtl/controller/mig_7series_v4_2_bank_queue.v" into library work
INFO: [VRFC 10-311] analyzing module mig_7series_v4_2_bank_queue
INFO: [VRFC 10-2263] Analyzing Verilog file "D:/Jetking_sem4/SEM_4/arty-a7-online-lm-g14-preboard-00/vivado/ip/mig_7series_0/mig_7series_0/user_design/rtl/controller/mig_7series_v4_2_bank_state.v" into library work
INFO: [VRFC 10-311] analyzing module mig_7series_v4_2_bank_state
INFO: [VRFC 10-2263] Analyzing Verilog file "D:/Jetking_sem4/SEM_4/arty-a7-online-lm-g14-preboard-00/vivado/ip/mig_7series_0/mig_7series_0/user_design/rtl/controller/mig_7series_v4_2_col_mach.v" into library work
INFO: [VRFC 10-311] analyzing module mig_7series_v4_2_col_mach
INFO: [VRFC 10-2263] Analyzing Verilog file "D:/Jetking_sem4/SEM_4/arty-a7-online-lm-g14-preboard-00/vivado/ip/mig_7series_0/mig_7series_0/user_design/rtl/controller/mig_7series_v4_2_mc.v" into library work
INFO: [VRFC 10-311] analyzing module mig_7series_v4_2_mc
INFO: [VRFC 10-2263] Analyzing Verilog file "D:/Jetking_sem4/SEM_4/arty-a7-online-lm-g14-preboard-00/vivado/ip/mig_7series_0/mig_7series_0/user_design/rtl/controller/mig_7series_v4_2_rank_cntrl.v" into library work
INFO: [VRFC 10-311] analyzing module mig_7series_v4_2_rank_cntrl
INFO: [VRFC 10-2263] Analyzing Verilog file "D:/Jetking_sem4/SEM_4/arty-a7-online-lm-g14-preboard-00/vivado/ip/mig_7series_0/mig_7series_0/user_design/rtl/controller/mig_7series_v4_2_rank_common.v" into library work
INFO: [VRFC 10-311] analyzing module mig_7series_v4_2_rank_common
INFO: [VRFC 10-2263] Analyzing Verilog file "D:/Jetking_sem4/SEM_4/arty-a7-online-lm-g14-preboard-00/vivado/ip/mig_7series_0/mig_7series_0/user_design/rtl/controller/mig_7series_v4_2_rank_mach.v" into library work
INFO: [VRFC 10-311] analyzing module mig_7series_v4_2_rank_mach
INFO: [VRFC 10-2263] Analyzing Verilog file "D:/Jetking_sem4/SEM_4/arty-a7-online-lm-g14-preboard-00/vivado/ip/mig_7series_0/mig_7series_0/user_design/rtl/controller/mig_7series_v4_2_round_robin_arb.v" into library work
INFO: [VRFC 10-311] analyzing module mig_7series_v4_2_round_robin_arb
INFO: [VRFC 10-2263] Analyzing Verilog file "D:/Jetking_sem4/SEM_4/arty-a7-online-lm-g14-preboard-00/vivado/ip/mig_7series_0/mig_7series_0/user_design/rtl/ecc/mig_7series_v4_2_ecc_buf.v" into library work
INFO: [VRFC 10-311] analyzing module mig_7series_v4_2_ecc_buf
INFO: [VRFC 10-2263] Analyzing Verilog file "D:/Jetking_sem4/SEM_4/arty-a7-online-lm-g14-preboard-00/vivado/ip/mig_7series_0/mig_7series_0/user_design/rtl/ecc/mig_7series_v4_2_ecc_dec_fix.v" into library work
INFO: [VRFC 10-311] analyzing module mig_7series_v4_2_ecc_dec_fix
INFO: [VRFC 10-2263] Analyzing Verilog file "D:/Jetking_sem4/SEM_4/arty-a7-online-lm-g14-preboard-00/vivado/ip/mig_7series_0/mig_7series_0/user_design/rtl/ecc/mig_7series_v4_2_ecc_gen.v" into library work
INFO: [VRFC 10-311] analyzing module mig_7series_v4_2_ecc_gen
INFO: [VRFC 10-2263] Analyzing Verilog file "D:/Jetking_sem4/SEM_4/arty-a7-online-lm-g14-preboard-00/vivado/ip/mig_7series_0/mig_7series_0/user_design/rtl/ecc/mig_7series_v4_2_ecc_merge_enc.v" into library work
INFO: [VRFC 10-311] analyzing module mig_7series_v4_2_ecc_merge_enc
INFO: [VRFC 10-2263] Analyzing Verilog file "D:/Jetking_sem4/SEM_4/arty-a7-online-lm-g14-preboard-00/vivado/ip/mig_7series_0/mig_7series_0/user_design/rtl/ecc/mig_7series_v4_2_fi_xor.v" into library work
INFO: [VRFC 10-311] analyzing module mig_7series_v4_2_fi_xor
INFO: [VRFC 10-2263] Analyzing Verilog file "D:/Jetking_sem4/SEM_4/arty-a7-online-lm-g14-preboard-00/vivado/ip/mig_7series_0/mig_7series_0/user_design/rtl/ip_top/mig_7series_v4_2_mem_intfc.v" into library work
INFO: [VRFC 10-311] analyzing module mig_7series_v4_2_mem_intfc
INFO: [VRFC 10-2263] Analyzing Verilog file "D:/Jetking_sem4/SEM_4/arty-a7-online-lm-g14-preboard-00/vivado/ip/mig_7series_0/mig_7series_0/user_design/rtl/ip_top/mig_7series_v4_2_memc_ui_top_axi.v" into library work
INFO: [VRFC 10-311] analyzing module mig_7series_v4_2_memc_ui_top_axi
INFO: [VRFC 10-2263] Analyzing Verilog file "D:/Jetking_sem4/SEM_4/arty-a7-online-lm-g14-preboard-00/vivado/ip/mig_7series_0/mig_7series_0/user_design/rtl/phy/mig_7series_v4_2_ddr_byte_group_io.v" into library work
INFO: [VRFC 10-311] analyzing module mig_7series_v4_2_ddr_byte_group_io
INFO: [VRFC 10-2263] Analyzing Verilog file "D:/Jetking_sem4/SEM_4/arty-a7-online-lm-g14-preboard-00/vivado/ip/mig_7series_0/mig_7series_0/user_design/rtl/phy/mig_7series_v4_2_ddr_byte_lane.v" into library work
INFO: [VRFC 10-311] analyzing module mig_7series_v4_2_ddr_byte_lane
INFO: [VRFC 10-2263] Analyzing Verilog file "D:/Jetking_sem4/SEM_4/arty-a7-online-lm-g14-preboard-00/vivado/ip/mig_7series_0/mig_7series_0/user_design/rtl/phy/mig_7series_v4_2_ddr_calib_top.v" into library work
INFO: [VRFC 10-311] analyzing module mig_7series_v4_2_ddr_calib_top
INFO: [VRFC 10-2263] Analyzing Verilog file "D:/Jetking_sem4/SEM_4/arty-a7-online-lm-g14-preboard-00/vivado/ip/mig_7series_0/mig_7series_0/user_design/rtl/phy/mig_7series_v4_2_ddr_if_post_fifo.v" into library work
INFO: [VRFC 10-311] analyzing module mig_7series_v4_2_ddr_if_post_fifo
INFO: [VRFC 10-2263] Analyzing Verilog file "D:/Jetking_sem4/SEM_4/arty-a7-online-lm-g14-preboard-00/vivado/ip/mig_7series_0/mig_7series_0/user_design/rtl/phy/mig_7series_v4_2_ddr_mc_phy.v" into library work
INFO: [VRFC 10-311] analyzing module mig_7series_v4_2_ddr_mc_phy
INFO: [VRFC 10-2263] Analyzing Verilog file "D:/Jetking_sem4/SEM_4/arty-a7-online-lm-g14-preboard-00/vivado/ip/mig_7series_0/mig_7series_0/user_design/rtl/phy/mig_7series_v4_2_ddr_mc_phy_wrapper.v" into library work
INFO: [VRFC 10-311] analyzing module mig_7series_v4_2_ddr_mc_phy_wrapper
INFO: [VRFC 10-2263] Analyzing Verilog file "D:/Jetking_sem4/SEM_4/arty-a7-online-lm-g14-preboard-00/vivado/ip/mig_7series_0/mig_7series_0/user_design/rtl/phy/mig_7series_v4_2_ddr_of_pre_fifo.v" into library work
INFO: [VRFC 10-311] analyzing module mig_7series_v4_2_ddr_of_pre_fifo
INFO: [VRFC 10-2263] Analyzing Verilog file "D:/Jetking_sem4/SEM_4/arty-a7-online-lm-g14-preboard-00/vivado/ip/mig_7series_0/mig_7series_0/user_design/rtl/phy/mig_7series_v4_2_ddr_phy_4lanes.v" into library work
INFO: [VRFC 10-311] analyzing module mig_7series_v4_2_ddr_phy_4lanes
INFO: [VRFC 10-2263] Analyzing Verilog file "D:/Jetking_sem4/SEM_4/arty-a7-online-lm-g14-preboard-00/vivado/ip/mig_7series_0/mig_7series_0/user_design/rtl/phy/mig_7series_v4_2_ddr_phy_ck_addr_cmd_delay.v" into library work
INFO: [VRFC 10-311] analyzing module mig_7series_v4_2_ddr_phy_ck_addr_cmd_delay
INFO: [VRFC 10-2263] Analyzing Verilog file "D:/Jetking_sem4/SEM_4/arty-a7-online-lm-g14-preboard-00/vivado/ip/mig_7series_0/mig_7series_0/user_design/rtl/phy/mig_7series_v4_2_ddr_phy_dqs_found_cal.v" into library work
INFO: [VRFC 10-311] analyzing module mig_7series_v4_2_ddr_phy_dqs_found_cal
INFO: [VRFC 10-2263] Analyzing Verilog file "D:/Jetking_sem4/SEM_4/arty-a7-online-lm-g14-preboard-00/vivado/ip/mig_7series_0/mig_7series_0/user_design/rtl/phy/mig_7series_v4_2_ddr_phy_dqs_found_cal_hr.v" into library work
INFO: [VRFC 10-311] analyzing module mig_7series_v4_2_ddr_phy_dqs_found_cal_hr
INFO: [VRFC 10-2263] Analyzing Verilog file "D:/Jetking_sem4/SEM_4/arty-a7-online-lm-g14-preboard-00/vivado/ip/mig_7series_0/mig_7series_0/user_design/rtl/phy/mig_7series_v4_2_ddr_phy_init.v" into library work
INFO: [VRFC 10-311] analyzing module mig_7series_v4_2_ddr_phy_init
INFO: [VRFC 10-2263] Analyzing Verilog file "D:/Jetking_sem4/SEM_4/arty-a7-online-lm-g14-preboard-00/vivado/ip/mig_7series_0/mig_7series_0/user_design/rtl/phy/mig_7series_v4_2_ddr_phy_ocd_cntlr.v" into library work
INFO: [VRFC 10-311] analyzing module mig_7series_v4_2_ddr_phy_ocd_cntlr
INFO: [VRFC 10-2263] Analyzing Verilog file "D:/Jetking_sem4/SEM_4/arty-a7-online-lm-g14-preboard-00/vivado/ip/mig_7series_0/mig_7series_0/user_design/rtl/phy/mig_7series_v4_2_ddr_phy_ocd_data.v" into library work
INFO: [VRFC 10-311] analyzing module mig_7series_v4_2_ddr_phy_ocd_data
INFO: [VRFC 10-2263] Analyzing Verilog file "D:/Jetking_sem4/SEM_4/arty-a7-online-lm-g14-preboard-00/vivado/ip/mig_7series_0/mig_7series_0/user_design/rtl/phy/mig_7series_v4_2_ddr_phy_ocd_edge.v" into library work
INFO: [VRFC 10-311] analyzing module mig_7series_v4_2_ddr_phy_ocd_edge
INFO: [VRFC 10-2263] Analyzing Verilog file "D:/Jetking_sem4/SEM_4/arty-a7-online-lm-g14-preboard-00/vivado/ip/mig_7series_0/mig_7series_0/user_design/rtl/phy/mig_7series_v4_2_ddr_phy_ocd_lim.v" into library work
INFO: [VRFC 10-311] analyzing module mig_7series_v4_2_ddr_phy_ocd_lim
INFO: [VRFC 10-2263] Analyzing Verilog file "D:/Jetking_sem4/SEM_4/arty-a7-online-lm-g14-preboard-00/vivado/ip/mig_7series_0/mig_7series_0/user_design/rtl/phy/mig_7series_v4_2_ddr_phy_ocd_mux.v" into library work
INFO: [VRFC 10-311] analyzing module mig_7series_v4_2_ddr_phy_ocd_mux
INFO: [VRFC 10-2263] Analyzing Verilog file "D:/Jetking_sem4/SEM_4/arty-a7-online-lm-g14-preboard-00/vivado/ip/mig_7series_0/mig_7series_0/user_design/rtl/phy/mig_7series_v4_2_ddr_phy_ocd_po_cntlr.v" into library work
INFO: [VRFC 10-311] analyzing module mig_7series_v4_2_ddr_phy_ocd_po_cntlr
INFO: [VRFC 10-2263] Analyzing Verilog file "D:/Jetking_sem4/SEM_4/arty-a7-online-lm-g14-preboard-00/vivado/ip/mig_7series_0/mig_7series_0/user_design/rtl/phy/mig_7series_v4_2_ddr_phy_ocd_samp.v" into library work
INFO: [VRFC 10-311] analyzing module mig_7series_v4_2_ddr_phy_ocd_samp
INFO: [VRFC 10-2263] Analyzing Verilog file "D:/Jetking_sem4/SEM_4/arty-a7-online-lm-g14-preboard-00/vivado/ip/mig_7series_0/mig_7series_0/user_design/rtl/phy/mig_7series_v4_2_ddr_phy_oclkdelay_cal.v" into library work
INFO: [VRFC 10-311] analyzing module mig_7series_v4_2_ddr_phy_oclkdelay_cal
INFO: [VRFC 10-2263] Analyzing Verilog file "D:/Jetking_sem4/SEM_4/arty-a7-online-lm-g14-preboard-00/vivado/ip/mig_7series_0/mig_7series_0/user_design/rtl/phy/mig_7series_v4_2_ddr_phy_prbs_rdlvl.v" into library work
INFO: [VRFC 10-311] analyzing module mig_7series_v4_2_ddr_phy_prbs_rdlvl
INFO: [VRFC 10-2263] Analyzing Verilog file "D:/Jetking_sem4/SEM_4/arty-a7-online-lm-g14-preboard-00/vivado/ip/mig_7series_0/mig_7series_0/user_design/rtl/phy/mig_7series_v4_2_ddr_phy_rdlvl.v" into library work
INFO: [VRFC 10-311] analyzing module mig_7series_v4_2_ddr_phy_rdlvl
INFO: [VRFC 10-2263] Analyzing Verilog file "D:/Jetking_sem4/SEM_4/arty-a7-online-lm-g14-preboard-00/vivado/ip/mig_7series_0/mig_7series_0/user_design/rtl/phy/mig_7series_v4_2_ddr_phy_tempmon.v" into library work
INFO: [VRFC 10-311] analyzing module mig_7series_v4_2_ddr_phy_tempmon
INFO: [VRFC 10-2263] Analyzing Verilog file "D:/Jetking_sem4/SEM_4/arty-a7-online-lm-g14-preboard-00/vivado/ip/mig_7series_0/mig_7series_0/user_design/rtl/phy/mig_7series_v4_2_ddr_phy_top.v" into library work
INFO: [VRFC 10-311] analyzing module mig_7series_v4_2_ddr_phy_top
INFO: [VRFC 10-2263] Analyzing Verilog file "D:/Jetking_sem4/SEM_4/arty-a7-online-lm-g14-preboard-00/vivado/ip/mig_7series_0/mig_7series_0/user_design/rtl/phy/mig_7series_v4_2_ddr_phy_wrcal.v" into library work
INFO: [VRFC 10-311] analyzing module mig_7series_v4_2_ddr_phy_wrcal
INFO: [VRFC 10-2263] Analyzing Verilog file "D:/Jetking_sem4/SEM_4/arty-a7-online-lm-g14-preboard-00/vivado/ip/mig_7series_0/mig_7series_0/user_design/rtl/phy/mig_7series_v4_2_ddr_phy_wrlvl.v" into library work
INFO: [VRFC 10-311] analyzing module mig_7series_v4_2_ddr_phy_wrlvl
INFO: [VRFC 10-2263] Analyzing Verilog file "D:/Jetking_sem4/SEM_4/arty-a7-online-lm-g14-preboard-00/vivado/ip/mig_7series_0/mig_7series_0/user_design/rtl/phy/mig_7series_v4_2_ddr_phy_wrlvl_off_delay.v" into library work
INFO: [VRFC 10-311] analyzing module mig_7series_v4_2_ddr_phy_wrlvl_off_delay
INFO: [VRFC 10-2263] Analyzing Verilog file "D:/Jetking_sem4/SEM_4/arty-a7-online-lm-g14-preboard-00/vivado/ip/mig_7series_0/mig_7series_0/user_design/rtl/phy/mig_7series_v4_2_ddr_prbs_gen.v" into library work
INFO: [VRFC 10-311] analyzing module mig_7series_v4_2_ddr_prbs_gen
INFO: [VRFC 10-2263] Analyzing Verilog file "D:/Jetking_sem4/SEM_4/arty-a7-online-lm-g14-preboard-00/vivado/ip/mig_7series_0/mig_7series_0/user_design/rtl/phy/mig_7series_v4_2_ddr_skip_calib_tap.v" into library work
INFO: [VRFC 10-311] analyzing module mig_7series_v4_2_ddr_skip_calib_tap
INFO: [VRFC 10-2263] Analyzing Verilog file "D:/Jetking_sem4/SEM_4/arty-a7-online-lm-g14-preboard-00/vivado/ip/mig_7series_0/mig_7series_0/user_design/rtl/phy/mig_7series_v4_2_poc_cc.v" into library work
INFO: [VRFC 10-311] analyzing module mig_7series_v4_2_poc_cc
INFO: [VRFC 10-2263] Analyzing Verilog file "D:/Jetking_sem4/SEM_4/arty-a7-online-lm-g14-preboard-00/vivado/ip/mig_7series_0/mig_7series_0/user_design/rtl/phy/mig_7series_v4_2_poc_edge_store.v" into library work
INFO: [VRFC 10-311] analyzing module mig_7series_v4_2_poc_edge_store
INFO: [VRFC 10-2263] Analyzing Verilog file "D:/Jetking_sem4/SEM_4/arty-a7-online-lm-g14-preboard-00/vivado/ip/mig_7series_0/mig_7series_0/user_design/rtl/phy/mig_7series_v4_2_poc_meta.v" into library work
INFO: [VRFC 10-311] analyzing module mig_7series_v4_2_poc_meta
INFO: [VRFC 10-2263] Analyzing Verilog file "D:/Jetking_sem4/SEM_4/arty-a7-online-lm-g14-preboard-00/vivado/ip/mig_7series_0/mig_7series_0/user_design/rtl/phy/mig_7series_v4_2_poc_pd.v" into library work
INFO: [VRFC 10-311] analyzing module mig_7series_v4_2_poc_pd
INFO: [VRFC 10-2263] Analyzing Verilog file "D:/Jetking_sem4/SEM_4/arty-a7-online-lm-g14-preboard-00/vivado/ip/mig_7series_0/mig_7series_0/user_design/rtl/phy/mig_7series_v4_2_poc_tap_base.v" into library work
INFO: [VRFC 10-311] analyzing module mig_7series_v4_2_poc_tap_base
INFO: [VRFC 10-2263] Analyzing Verilog file "D:/Jetking_sem4/SEM_4/arty-a7-online-lm-g14-preboard-00/vivado/ip/mig_7series_0/mig_7series_0/user_design/rtl/phy/mig_7series_v4_2_poc_top.v" into library work
INFO: [VRFC 10-311] analyzing module mig_7series_v4_2_poc_top
INFO: [VRFC 10-2263] Analyzing Verilog file "D:/Jetking_sem4/SEM_4/arty-a7-online-lm-g14-preboard-00/vivado/ip/mig_7series_0/mig_7series_0/user_design/rtl/ui/mig_7series_v4_2_ui_cmd.v" into library work
INFO: [VRFC 10-311] analyzing module mig_7series_v4_2_ui_cmd
INFO: [VRFC 10-2263] Analyzing Verilog file "D:/Jetking_sem4/SEM_4/arty-a7-online-lm-g14-preboard-00/vivado/ip/mig_7series_0/mig_7series_0/user_design/rtl/ui/mig_7series_v4_2_ui_rd_data.v" into library work
INFO: [VRFC 10-311] analyzing module mig_7series_v4_2_ui_rd_data
INFO: [VRFC 10-2263] Analyzing Verilog file "D:/Jetking_sem4/SEM_4/arty-a7-online-lm-g14-preboard-00/vivado/ip/mig_7series_0/mig_7series_0/user_design/rtl/ui/mig_7series_v4_2_ui_top.v" into library work
INFO: [VRFC 10-311] analyzing module mig_7series_v4_2_ui_top
INFO: [VRFC 10-2263] Analyzing Verilog file "D:/Jetking_sem4/SEM_4/arty-a7-online-lm-g14-preboard-00/vivado/ip/mig_7series_0/mig_7series_0/user_design/rtl/ui/mig_7series_v4_2_ui_wr_data.v" into library work
INFO: [VRFC 10-311] analyzing module mig_7series_v4_2_ui_wr_data
INFO: [VRFC 10-2263] Analyzing Verilog file "D:/Jetking_sem4/SEM_4/arty-a7-online-lm-g14-preboard-00/vivado/ip/mig_7series_0/mig_7series_0/user_design/rtl/mig_7series_0_mig_sim.v" into library work
INFO: [VRFC 10-311] analyzing module mig_7series_0_mig
INFO: [VRFC 10-2263] Analyzing Verilog file "D:/Jetking_sem4/SEM_4/arty-a7-online-lm-g14-preboard-00/vivado/ip/mig_7series_0/mig_7series_0/example_design/sim/wiredly.v" into library work
INFO: [VRFC 10-311] analyzing module WireDelay
INFO: [VRFC 10-2263] Analyzing SystemVerilog file "D:/Jetking_sem4/SEM_4/arty-a7-online-lm-g14-preboard-00/vivado/ip/mig_7series_0/mig_7series_0/example_design/sim/ddr3_model.sv" into library work
WARNING: [VRFC 10-3381] ignoring re-definition of command line macro 'x2Gb' [D:/Jetking_sem4/SEM_4/arty-a7-online-lm-g14-preboard-00/vivado/ip/mig_7series_0/mig_7series_0/example_design/sim/ddr3_model.sv:99]
WARNING: [VRFC 10-3381] ignoring re-definition of command line macro 'sg15E' [D:/Jetking_sem4/SEM_4/arty-a7-online-lm-g14-preboard-00/vivado/ip/mig_7series_0/mig_7series_0/example_design/sim/ddr3_model.sv:100]
WARNING: [VRFC 10-3381] ignoring re-definition of command line macro 'x16' [D:/Jetking_sem4/SEM_4/arty-a7-online-lm-g14-preboard-00/vivado/ip/mig_7series_0/mig_7series_0/example_design/sim/ddr3_model.sv:101]
INFO: [VRFC 10-311] analyzing module ddr3_model
INFO: [VRFC 10-2263] Analyzing Verilog file "C:/2026.1/data/verilog/src/glbl.v" into library work
INFO: [VRFC 10-311] analyzing module glbl
