Vivado Simulator v2026.1
Copyright 1986-2022 Xilinx, Inc. All Rights Reserved.
Copyright 2022-2026 Advanced Micro Devices, Inc. All Rights Reserved.
Running: C:/2026.1/Vivado/bin/unwrapped/win64.o/xelab.exe tb_a7ng_teacher_off_soc_xsim_r1 -s g5r1_s00 -timescale 1ns/1ps 
Multi-threading is on. Using 14 slave threads.
Starting static elaboration
Pass Through NonSizing Optimizer
Completed static elaboration
Starting simulation data flow analysis
Completed simulation data flow analysis
Time Resolution for simulation is 1ps
Compiling package work.a7ng_pkg
Compiling package work.a7lm06_pkg
Compiling package work.$unit_a7ng_pkg_sv_2210969785
Compiling module work.a7ng_scorer_lane
Compiling module work.a7ng_feedback_resolver_default
Compiling module work.a7ng_context_delta
Compiling module work.a7ng_persist_gen_fast
Compiling module work.a7ng_teacher_off_glue
Compiling module work.a7ng_native_ctx_bind
Compiling module work.a7lm06_logits_lutram
Compiling module work.weight_bram803k
Compiling module work.weight_tile803k_default
Compiling module work.act_ram128k16
Compiling module work.snap_ram4k16
Compiling module work.isqrt32
Compiling module work.floordiv_s48
Compiling module work.tiny_gpt803k_core
Compiling module work.a7ng_teacher_off_soc_xsim
Compiling module work.tb_a7ng_teacher_off_soc_xsim_r1
Built simulation snapshot g5r1_s00
