Vivado Simulator v2026.1
Copyright 1986-2022 Xilinx, Inc. All Rights Reserved.
Copyright 2022-2026 Advanced Micro Devices, Inc. All Rights Reserved.
Running: C:/2026.1/Vivado/bin/unwrapped/win64.o/xelab.exe tb_g14_metric_phys16_soa_xsim -s g14p16soa -timescale 1ns/1ps 
Multi-threading is on. Using 14 slave threads.
Starting static elaboration
Pass Through NonSizing Optimizer
Completed static elaboration
Starting simulation data flow analysis
Completed simulation data flow analysis
Time Resolution for simulation is 1ps
Compiling package work.a7ng_pkg
Compiling module work.a7ng_axi_soa_mem_stub
Compiling module work.a7ng_soa_plane_engine(MAX_BEATS=...
Compiling module work.a7ng_cue_soa_wavefront
Compiling module work.a7ng_ddr_soa_axi_bridge_default
Compiling module work.a7ng_termgen_lane_fold6
Compiling module work.a7ng_termgen_array_fold6(PHYS=32...
Compiling module work.a7ng_scorer_lane
Compiling module work.a7ng_scorer_array(PHYS=32'b01000...
Compiling module work.a7ng_topk_stream_minheap
Compiling module work.a7ng_frontier_buckets_default
Compiling module work.a7ng_ng02_core(PHYS=32'b010000)
Compiling module work.a7ng_topk_wavefront_minheap
Compiling module work.a7ng_cue_soa_mig_top(PHYS=32'b01...
Compiling module work.tb_g14_metric_phys16_soa_xsim
Built simulation snapshot g14p16soa
