Copyright 1986-2022 Xilinx, Inc. All Rights Reserved. Copyright 2022-2026 Advanced Micro Devices, Inc. All Rights Reserved.
---------------------------------------------------------------------------------------------------------------------------------------------
| Tool Version : Vivado v.2026.1 (win64) Build 6511674 Tue Jun 16 11:02:23 MDT 2026
| Date         : Sat Aug 22 04:40:30 2026
| Host         : laptop-Quan running 64-bit major release  (build 9200)
| Command      : report_timing_summary -file D:/Jetking_sem4/SEM_4/arty-a7-online-lm/results/A7-NATIVE-GRAPH/TERMGEN/ooc_timing.rpt
| Design       : a7ng_termgen_ooc_top
| Device       : 7a100t-csg324
| Speed File   : -1  PRODUCTION 1.23 2018-06-13
| Design State : Synthesized
---------------------------------------------------------------------------------------------------------------------------------------------

Timing Summary Report

------------------------------------------------------------------------------------------------
| Timer Settings
| --------------
------------------------------------------------------------------------------------------------

  Enable Multi Corner Analysis               :  Yes
  Enable Pessimism Removal                   :  Yes
  Pessimism Removal Resolution               :  Nearest Common Node
  Enable Input Delay Default Clock           :  No
  Enable Preset / Clear Arcs                 :  No
  Disable Flight Delays                      :  No
  Ignore I/O Paths                           :  No
  Timing Early Launch at Borrowing Latches   :  No
  Borrow Time for Max Delay Exceptions       :  Yes
  Merge Timing Exceptions                    :  Yes
  Inter-SLR Compensation                     :  Conservative

  Corner  Analyze    Analyze    
  Name    Max Paths  Min Paths  
  ------  ---------  ---------  
  Slow    Yes        Yes        
  Fast    Yes        Yes        


------------------------------------------------------------------------------------------------
| Report Methodology
| ------------------
------------------------------------------------------------------------------------------------

No report available as report_methodology has not been run prior. Run report_methodology on the current design for the summary of methodology violations.



check_timing report

Table of Contents
-----------------
1. checking no_clock (0)
2. checking constant_clock (0)
3. checking pulse_width_clock (0)
4. checking unconstrained_internal_endpoints (0)
5. checking no_input_delay (441)
6. checking no_output_delay (69)
7. checking multiple_clock (0)
8. checking generated_clocks (0)
9. checking loops (0)
10. checking partial_input_delay (0)
11. checking partial_output_delay (0)
12. checking latch_loops (0)

1. checking no_clock (0)
------------------------
 There are 0 register/latch pins with no clock.


2. checking constant_clock (0)
------------------------------
 There are 0 register/latch pins with constant_clock.


3. checking pulse_width_clock (0)
---------------------------------
 There are 0 register/latch pins which need pulse_width check


4. checking unconstrained_internal_endpoints (0)
------------------------------------------------
 There are 0 pins that are not constrained for maximum delay.

 There are 0 pins that are not constrained for maximum delay due to constant clock.


5. checking no_input_delay (441)
--------------------------------
 There are 441 input ports with no input delay specified. (HIGH)

 There are 0 input ports with no input delay but user has a false path constraint.


6. checking no_output_delay (69)
--------------------------------
 There are 69 ports with no output delay specified. (HIGH)

 There are 0 ports with no output delay but user has a false path constraint

 There are 0 ports with no output delay but with a timing clock defined on it or propagating through it


7. checking multiple_clock (0)
------------------------------
 There are 0 register/latch pins with multiple clocks.


8. checking generated_clocks (0)
--------------------------------
 There are 0 generated clocks that are not connected to a clock source.


9. checking loops (0)
---------------------
 There are 0 combinational loops in the design.


10. checking partial_input_delay (0)
------------------------------------
 There are 0 input ports with partial input delay specified.


11. checking partial_output_delay (0)
-------------------------------------
 There are 0 ports with partial output delay specified.


12. checking latch_loops (0)
----------------------------
 There are 0 combinational latch loops in the design through latch input



------------------------------------------------------------------------------------------------
| Design Timing Summary
| ---------------------
------------------------------------------------------------------------------------------------

    WNS(ns)      TNS(ns)  TNS Failing Endpoints  TNS Total Endpoints      WHS(ns)      THS(ns)  THS Failing Endpoints  THS Total Endpoints     WPWS(ns)     TPWS(ns)  TPWS Failing Endpoints  TPWS Total Endpoints  
    -------      -------  ---------------------  -------------------      -------      -------  ---------------------  -------------------     --------     --------  ----------------------  --------------------  
      2.617        0.000                      0                 2096        0.275        0.000                      0                 2096        4.500        0.000                       0                  8112  


All user specified timing constraints are met.


------------------------------------------------------------------------------------------------
| Clock Summary
| -------------
------------------------------------------------------------------------------------------------

Clock  Waveform(ns)       Period(ns)      Frequency(MHz)
-----  ------------       ----------      --------------
clk    {0.000 5.000}      10.000          100.000         


------------------------------------------------------------------------------------------------
| Intra Clock Table
| -----------------
------------------------------------------------------------------------------------------------

Clock             WNS(ns)      TNS(ns)  TNS Failing Endpoints  TNS Total Endpoints      WHS(ns)      THS(ns)  THS Failing Endpoints  THS Total Endpoints     WPWS(ns)     TPWS(ns)  TPWS Failing Endpoints  TPWS Total Endpoints  
-----             -------      -------  ---------------------  -------------------      -------      -------  ---------------------  -------------------     --------     --------  ----------------------  --------------------  
clk                 2.617        0.000                      0                 2096        0.275        0.000                      0                 2096        4.500        0.000                       0                  8112  


------------------------------------------------------------------------------------------------
| Inter Clock Table
| -----------------
------------------------------------------------------------------------------------------------

From Clock    To Clock          WNS(ns)      TNS(ns)  TNS Failing Endpoints  TNS Total Endpoints      WHS(ns)      THS(ns)  THS Failing Endpoints  THS Total Endpoints  
----------    --------          -------      -------  ---------------------  -------------------      -------      -------  ---------------------  -------------------  


------------------------------------------------------------------------------------------------
| Other Path Groups Table
| -----------------------
------------------------------------------------------------------------------------------------

Path Group    From Clock    To Clock          WNS(ns)      TNS(ns)  TNS Failing Endpoints  TNS Total Endpoints      WHS(ns)      THS(ns)  THS Failing Endpoints  THS Total Endpoints  
----------    ----------    --------          -------      -------  ---------------------  -------------------      -------      -------  ---------------------  -------------------  


------------------------------------------------------------------------------------------------
| Timing Details
| --------------
------------------------------------------------------------------------------------------------


---------------------------------------------------------------------------------------------------
From Clock:  clk
  To Clock:  clk

Setup :            0  Failing Endpoints,  Worst Slack        2.617ns,  Total Violation        0.000ns
Hold  :            0  Failing Endpoints,  Worst Slack        0.275ns,  Total Violation        0.000ns
PW    :            0  Failing Endpoints,  Worst Slack        4.500ns,  Total Violation        0.000ns
---------------------------------------------------------------------------------------------------


Max Delay Paths
--------------------------------------------------------------------------------------
Slack (MET) :             2.617ns  (required time - arrival time)
  Source:                 u_tg/g_tg[0].u_tg/xor_context_d1_reg[15]/C
                            (rising edge-triggered cell FDCE clocked by clk  {rise@0.000ns fall@5.000ns period=10.000ns})
  Destination:            u_tg/g_tg[0].u_tg/terms_o_reg[context_match][6]/D
                            (rising edge-triggered cell FDCE clocked by clk  {rise@0.000ns fall@5.000ns period=10.000ns})
  Path Group:             clk
  Path Type:              Setup (Max at Slow Process Corner)
  Requirement:            10.000ns  (clk rise@10.000ns - clk rise@0.000ns)
  Data Path Delay:        7.343ns  (logic 2.105ns (28.667%)  route 5.238ns (71.333%))
  Logic Levels:           9  (CARRY4=1 LUT3=1 LUT4=2 LUT5=3 LUT6=2)
  Clock Path Skew:        -0.049ns (DCD - SCD + CPR)
    Destination Clock Delay (DCD):    0.924ns = ( 10.924 - 10.000 ) 
    Source Clock Delay      (SCD):    0.973ns
    Clock Pessimism Removal (CPR):    0.000ns
  Clock Uncertainty:      0.035ns  ((TSJ^2 + TIJ^2)^1/2 + DJ) / 2 + PE
    Total System Jitter     (TSJ):    0.071ns
    Total Input Jitter      (TIJ):    0.000ns
    Discrete Jitter          (DJ):    0.000ns
    Phase Error              (PE):    0.000ns

    Location             Delay type                Incr(ns)  Path(ns)    Netlist Resource(s)
  -------------------------------------------------------------------    -------------------
                         (clock clk rise edge)        0.000     0.000 r  <hidden>
                                                      0.000     0.000 r  clk
                         net (fo=8111, unset)         0.973     0.973    u_tg/g_tg[0].u_tg/clk
                         FDCE                                         r  u_tg/g_tg[0].u_tg/xor_context_d1_reg[15]/C
  -------------------------------------------------------------------    -------------------
                         FDCE (Prop_fdce_C_Q)         0.478     1.451 r  u_tg/g_tg[0].u_tg/xor_context_d1_reg[15]/Q
                         net (fo=2, unplaced)         0.817     2.268    u_tg/g_tg[0].u_tg/p_0_in202_in
                         LUT5 (Prop_lut5_I0_O)        0.295     2.563 r  u_tg/g_tg[0].u_tg/terms_o[context_match][0]_i_52/O
                         net (fo=4, unplaced)         0.756     3.319    u_tg/g_tg[0].u_tg/terms_o[context_match][0]_i_52_n_0
                         LUT6 (Prop_lut6_I3_O)        0.124     3.443 r  u_tg/g_tg[0].u_tg/terms_o[context_match][0]_i_37/O
                         net (fo=3, unplaced)         0.750     4.193    u_tg/g_tg[0].u_tg/terms_o[context_match][0]_i_37_n_0
                         LUT4 (Prop_lut4_I1_O)        0.124     4.317 f  u_tg/g_tg[0].u_tg/terms_o[context_match][0]_i_20/O
                         net (fo=2, unplaced)         0.460     4.777    u_tg/g_tg[0].u_tg/terms_o[context_match][0]_i_20_n_0
                         LUT5 (Prop_lut5_I0_O)        0.124     4.901 r  u_tg/g_tg[0].u_tg/terms_o[context_match][0]_i_13/O
                         net (fo=2, unplaced)         0.743     5.644    u_tg/g_tg[0].u_tg/terms_o[context_match][0]_i_13_n_0
                         LUT6 (Prop_lut6_I3_O)        0.124     5.768 r  u_tg/g_tg[0].u_tg/terms_o[context_match][0]_i_2/O
                         net (fo=2, unplaced)         0.430     6.198    u_tg/g_tg[0].u_tg/p_1_in27_out[3]
                         LUT4 (Prop_lut4_I0_O)        0.124     6.322 r  u_tg/g_tg[0].u_tg/terms_o[context_match][0]_i_6/O
                         net (fo=1, unplaced)         0.000     6.322    u_tg/g_tg[0].u_tg/terms_o[context_match][0]_i_6_n_0
                         CARRY4 (Prop_carry4_S[3]_O[3])
                                                      0.255     6.577 f  u_tg/g_tg[0].u_tg/terms_o_reg[context_match][0]_i_1/O[3]
                         net (fo=4, unplaced)         0.833     7.410    u_tg/g_tg[0].u_tg/p_0_in5_out__0[3]
                         LUT5 (Prop_lut5_I0_O)        0.333     7.743 r  u_tg/g_tg[0].u_tg/terms_o[context_match][6]_i_3/O
                         net (fo=1, unplaced)         0.449     8.192    u_tg/g_tg[0].u_tg/terms_o[context_match][6]_i_3_n_0
                         LUT3 (Prop_lut3_I2_O)        0.124     8.316 r  u_tg/g_tg[0].u_tg/terms_o[context_match][6]_i_1/O
                         net (fo=1, unplaced)         0.000     8.316    u_tg/g_tg[0].u_tg/p_2_in[6]
                         FDCE                                         r  u_tg/g_tg[0].u_tg/terms_o_reg[context_match][6]/D
  -------------------------------------------------------------------    -------------------

                         (clock clk rise edge)       10.000    10.000 r  <hidden>
                                                      0.000    10.000 r  clk
                         net (fo=8111, unset)         0.924    10.924    u_tg/g_tg[0].u_tg/clk
                         FDCE                                         r  u_tg/g_tg[0].u_tg/terms_o_reg[context_match][6]/C
                         clock pessimism              0.000    10.924    <hidden>
                         clock uncertainty           -0.035    10.889    <hidden>
                         FDCE (Setup_fdce_C_D)        0.044    10.933    u_tg/g_tg[0].u_tg/terms_o_reg[context_match][6]
  -------------------------------------------------------------------
                         required time                         10.933    <hidden>
                         arrival time                          -8.316    <hidden>
  -------------------------------------------------------------------
                         slack                                  2.617    <hidden>





Min Delay Paths
--------------------------------------------------------------------------------------
Slack (MET) :             0.275ns  (arrival time - required time)
  Source:                 u_tg/g_tg[0].u_tg/id_d1_reg[0]/C
                            (rising edge-triggered cell FDCE clocked by clk  {rise@0.000ns fall@5.000ns period=10.000ns})
  Destination:            u_tg/g_tg[0].u_tg/cand_id_o_reg[0]/D
                            (rising edge-triggered cell FDCE clocked by clk  {rise@0.000ns fall@5.000ns period=10.000ns})
  Path Group:             clk
  Path Type:              Hold (Min at Fast Process Corner)
  Requirement:            0.000ns  (clk rise@0.000ns - clk rise@0.000ns)
  Data Path Delay:        0.288ns  (logic 0.147ns (51.079%)  route 0.141ns (48.921%))
  Logic Levels:           0  
  Clock Path Skew:        0.022ns (DCD - SCD - CPR)
    Destination Clock Delay (DCD):    0.432ns
    Source Clock Delay      (SCD):    0.410ns
    Clock Pessimism Removal (CPR):    -0.000ns

    Location             Delay type                Incr(ns)  Path(ns)    Netlist Resource(s)
  -------------------------------------------------------------------    -------------------
                         (clock clk rise edge)        0.000     0.000 r  <hidden>
                                                      0.000     0.000 r  clk
                         net (fo=8111, unset)         0.410     0.410    u_tg/g_tg[0].u_tg/clk
                         FDCE                                         r  u_tg/g_tg[0].u_tg/id_d1_reg[0]/C
  -------------------------------------------------------------------    -------------------
                         FDCE (Prop_fdce_C_Q)         0.147     0.557 r  u_tg/g_tg[0].u_tg/id_d1_reg[0]/Q
                         net (fo=1, unplaced)         0.141     0.698    u_tg/g_tg[0].u_tg/id_d1[0]
                         FDCE                                         r  u_tg/g_tg[0].u_tg/cand_id_o_reg[0]/D
  -------------------------------------------------------------------    -------------------

                         (clock clk rise edge)        0.000     0.000 r  <hidden>
                                                      0.000     0.000 r  clk
                         net (fo=8111, unset)         0.432     0.432    u_tg/g_tg[0].u_tg/clk
                         FDCE                                         r  u_tg/g_tg[0].u_tg/cand_id_o_reg[0]/C
                         clock pessimism              0.000     0.432    <hidden>
                         FDCE (Hold_fdce_C_D)        -0.009     0.423    u_tg/g_tg[0].u_tg/cand_id_o_reg[0]
  -------------------------------------------------------------------
                         required time                         -0.423    <hidden>
                         arrival time                           0.698    <hidden>
  -------------------------------------------------------------------
                         slack                                  0.275    <hidden>





Pulse Width Checks
--------------------------------------------------------------------------------------
Clock Name:         clk
Waveform(ns):       { 0.000 5.000 }
Period(ns):         10.000
Sources:            { clk }

Check Type        Corner  Lib Pin  Reference Pin  Required(ns)  Actual(ns)  Slack(ns)  Location  Pin
Min Period        n/a     FDCE/C   n/a            1.000         10.000      9.000                u_tg/g_tg[0].u_tg/cand_id_o_reg[0]/C
Low Pulse Width   Slow    FDCE/C   n/a            0.500         5.000       4.500                u_tg/g_tg[0].u_tg/cand_id_o_reg[0]/C
High Pulse Width  Slow    FDCE/C   n/a            0.500         5.000       4.500                u_tg/g_tg[0].u_tg/cand_id_o_reg[0]/C



