Copyright 1986-2022 Xilinx, Inc. All Rights Reserved. Copyright 2022-2026 Advanced Micro Devices, Inc. All Rights Reserved.
--------------------------------------------------------------------------------------------------------------------------------------------------------------------------------------------------
| Tool Version : Vivado v.2026.1 (win64) Build 6511674 Tue Jun 16 11:02:23 MDT 2026
| Date         : Sat Sep  5 21:06:33 2026
| Host         : laptop-Quan running 64-bit major release  (build 9200)
| Command      : report_timing_summary -file D:/Jetking_sem4/SEM_4/arty-a7-online-lm-g14-preboard-00/results/A7-NATIVE-GRAPH/GROK-ORCH-00/U6-TYPECLASS-UNIFIED-RETRIEVAL-00/report_timing_ooc.rpt
| Design       : a7ng_u6_typeclass_ooc_top
| Device       : 7a100t-csg324
| Speed File   : -1  PRODUCTION 1.23 2018-06-13
| Design State : Synthesized
--------------------------------------------------------------------------------------------------------------------------------------------------------------------------------------------------

Timing Summary Report

------------------------------------------------------------------------------------------------
| Timer Settings
| --------------
------------------------------------------------------------------------------------------------

  Enable Multi Corner Analysis               :  Yes
  Enable Pessimism Removal                   :  Yes
  Pessimism Removal Resolution               :  Nearest Common Node
  Enable Input Delay Default Clock           :  No
  Enable Preset / Clear Arcs                 :  No
  Disable Flight Delays                      :  No
  Ignore I/O Paths                           :  No
  Timing Early Launch at Borrowing Latches   :  No
  Borrow Time for Max Delay Exceptions       :  Yes
  Merge Timing Exceptions                    :  Yes
  Inter-SLR Compensation                     :  Conservative

  Corner  Analyze    Analyze    
  Name    Max Paths  Min Paths  
  ------  ---------  ---------  
  Slow    Yes        Yes        
  Fast    Yes        Yes        


------------------------------------------------------------------------------------------------
| Report Methodology
| ------------------
------------------------------------------------------------------------------------------------

No report available as report_methodology has not been run prior. Run report_methodology on the current design for the summary of methodology violations.



check_timing report

Table of Contents
-----------------
1. checking no_clock (0)
2. checking constant_clock (0)
3. checking pulse_width_clock (0)
4. checking unconstrained_internal_endpoints (0)
5. checking no_input_delay (50)
6. checking no_output_delay (90)
7. checking multiple_clock (0)
8. checking generated_clocks (0)
9. checking loops (0)
10. checking partial_input_delay (0)
11. checking partial_output_delay (0)
12. checking latch_loops (0)

1. checking no_clock (0)
------------------------
 There are 0 register/latch pins with no clock.


2. checking constant_clock (0)
------------------------------
 There are 0 register/latch pins with constant_clock.


3. checking pulse_width_clock (0)
---------------------------------
 There are 0 register/latch pins which need pulse_width check


4. checking unconstrained_internal_endpoints (0)
------------------------------------------------
 There are 0 pins that are not constrained for maximum delay.

 There are 0 pins that are not constrained for maximum delay due to constant clock.


5. checking no_input_delay (50)
-------------------------------
 There are 50 input ports with no input delay specified. (HIGH)

 There are 0 input ports with no input delay but user has a false path constraint.


6. checking no_output_delay (90)
--------------------------------
 There are 90 ports with no output delay specified. (HIGH)

 There are 0 ports with no output delay but user has a false path constraint

 There are 0 ports with no output delay but with a timing clock defined on it or propagating through it


7. checking multiple_clock (0)
------------------------------
 There are 0 register/latch pins with multiple clocks.


8. checking generated_clocks (0)
--------------------------------
 There are 0 generated clocks that are not connected to a clock source.


9. checking loops (0)
---------------------
 There are 0 combinational loops in the design.


10. checking partial_input_delay (0)
------------------------------------
 There are 0 input ports with partial input delay specified.


11. checking partial_output_delay (0)
-------------------------------------
 There are 0 ports with partial output delay specified.


12. checking latch_loops (0)
----------------------------
 There are 0 combinational latch loops in the design through latch input



------------------------------------------------------------------------------------------------
| Design Timing Summary
| ---------------------
------------------------------------------------------------------------------------------------

    WNS(ns)      TNS(ns)  TNS Failing Endpoints  TNS Total Endpoints      WHS(ns)      THS(ns)  THS Failing Endpoints  THS Total Endpoints     WPWS(ns)     TPWS(ns)  TPWS Failing Endpoints  TPWS Total Endpoints  
    -------      -------  ---------------------  -------------------      -------      -------  ---------------------  -------------------     --------     --------  ----------------------  --------------------  
     -4.103    -3561.980                    948                 2031        0.260        0.000                      0                 2031        4.500        0.000                       0                  1134  


Timing constraints are not met.


------------------------------------------------------------------------------------------------
| Clock Summary
| -------------
------------------------------------------------------------------------------------------------

Clock  Waveform(ns)       Period(ns)      Frequency(MHz)
-----  ------------       ----------      --------------
clk    {0.000 5.000}      10.000          100.000         


------------------------------------------------------------------------------------------------
| Intra Clock Table
| -----------------
------------------------------------------------------------------------------------------------

Clock             WNS(ns)      TNS(ns)  TNS Failing Endpoints  TNS Total Endpoints      WHS(ns)      THS(ns)  THS Failing Endpoints  THS Total Endpoints     WPWS(ns)     TPWS(ns)  TPWS Failing Endpoints  TPWS Total Endpoints  
-----             -------      -------  ---------------------  -------------------      -------      -------  ---------------------  -------------------     --------     --------  ----------------------  --------------------  
clk                -4.103    -3561.980                    948                 2031        0.260        0.000                      0                 2031        4.500        0.000                       0                  1134  


------------------------------------------------------------------------------------------------
| Inter Clock Table
| -----------------
------------------------------------------------------------------------------------------------

From Clock    To Clock          WNS(ns)      TNS(ns)  TNS Failing Endpoints  TNS Total Endpoints      WHS(ns)      THS(ns)  THS Failing Endpoints  THS Total Endpoints  
----------    --------          -------      -------  ---------------------  -------------------      -------      -------  ---------------------  -------------------  


------------------------------------------------------------------------------------------------
| Other Path Groups Table
| -----------------------
------------------------------------------------------------------------------------------------

Path Group    From Clock    To Clock          WNS(ns)      TNS(ns)  TNS Failing Endpoints  TNS Total Endpoints      WHS(ns)      THS(ns)  THS Failing Endpoints  THS Total Endpoints  
----------    ----------    --------          -------      -------  ---------------------  -------------------      -------      -------  ---------------------  -------------------  


------------------------------------------------------------------------------------------------
| Timing Details
| --------------
------------------------------------------------------------------------------------------------


---------------------------------------------------------------------------------------------------
From Clock:  clk
  To Clock:  clk

Setup :          948  Failing Endpoints,  Worst Slack       -4.103ns,  Total Violation    -3561.980ns
Hold  :            0  Failing Endpoints,  Worst Slack        0.260ns,  Total Violation        0.000ns
PW    :            0  Failing Endpoints,  Worst Slack        4.500ns,  Total Violation        0.000ns
---------------------------------------------------------------------------------------------------


Max Delay Paths
--------------------------------------------------------------------------------------
Slack (VIOLATED) :        -4.103ns  (required time - arrival time)
  Source:                 u_u6/u_hp/h_reg[7][s][3]/C
                            (rising edge-triggered cell FDRE clocked by clk  {rise@0.000ns fall@5.000ns period=10.000ns})
  Destination:            u_u6/u_hp/h_reg[0][id][0]/CE
                            (rising edge-triggered cell FDRE clocked by clk  {rise@0.000ns fall@5.000ns period=10.000ns})
  Path Group:             clk
  Path Type:              Setup (Max at Slow Process Corner)
  Requirement:            10.000ns  (clk rise@10.000ns - clk rise@0.000ns)
  Data Path Delay:        13.817ns  (logic 4.943ns (35.775%)  route 8.874ns (64.225%))
  Logic Levels:           19  (CARRY4=4 LUT2=1 LUT3=1 LUT4=3 LUT6=8 MUXF7=2)
  Clock Path Skew:        -0.049ns (DCD - SCD + CPR)
    Destination Clock Delay (DCD):    0.924ns = ( 10.924 - 10.000 ) 
    Source Clock Delay      (SCD):    0.973ns
    Clock Pessimism Removal (CPR):    0.000ns
  Clock Uncertainty:      0.035ns  ((TSJ^2 + TIJ^2)^1/2 + DJ) / 2 + PE
    Total System Jitter     (TSJ):    0.071ns
    Total Input Jitter      (TIJ):    0.000ns
    Discrete Jitter          (DJ):    0.000ns
    Phase Error              (PE):    0.000ns

    Location             Delay type                Incr(ns)  Path(ns)    Netlist Resource(s)
  -------------------------------------------------------------------    -------------------
                         (clock clk rise edge)        0.000     0.000 r  <hidden>
                                                      0.000     0.000 r  clk
                         net (fo=1133, unset)         0.973     0.973    u_u6/u_hp/clk
                         FDRE                                         r  u_u6/u_hp/h_reg[7][s][3]/C
  -------------------------------------------------------------------    -------------------
                         FDRE (Prop_fdre_C_Q)         0.478     1.451 f  u_u6/u_hp/h_reg[7][s][3]/Q
                         net (fo=17, unplaced)        1.021     2.472    u_u6/u_hp/h_reg[7][s][3]
                         LUT6 (Prop_lut6_I0_O)        0.295     2.767 r  u_u6/u_hp/h[3][s][3]_i_9/O
                         net (fo=1, unplaced)         0.000     2.767    u_u6/u_hp/h[3][s][3]_i_9_n_0
                         MUXF7 (Prop_muxf7_I1_O)      0.247     3.014 r  u_u6/u_hp/h_reg[3][s][3]_i_4/O
                         net (fo=22, unplaced)        0.797     3.811    u_u6/u_hp/h_reg[3][s][3]_i_4_n_0
                         LUT6 (Prop_lut6_I1_O)        0.298     4.109 r  u_u6/u_hp/hf_idx[2]_i_363/O
                         net (fo=1, unplaced)         0.000     4.109    u_u6/u_hp/hf_idx[2]_i_363_n_0
                         CARRY4 (Prop_carry4_S[1]_CO[3])
                                                      0.533     4.642 r  u_u6/u_hp/hf_idx_reg[2]_i_237/CO[3]
                         net (fo=1, unplaced)         0.000     4.642    u_u6/u_hp/hf_idx_reg[2]_i_237_n_0
                         CARRY4 (Prop_carry4_CI_CO[1])
                                                      0.179     4.821 r  u_u6/u_hp/hf_idx_reg[2]_i_118/CO[1]
                         net (fo=2, unplaced)         0.622     5.443    u_u6/u_hp/beats1
                         LUT4 (Prop_lut4_I1_O)        0.332     5.775 r  u_u6/u_hp/hf_idx[2]_i_49/O
                         net (fo=1, unplaced)         0.732     6.507    u_u6/u_hp/hf_idx[2]_i_49_n_0
                         LUT6 (Prop_lut6_I4_O)        0.124     6.631 r  u_u6/u_hp/hf_idx[2]_i_20/O
                         net (fo=3, unplaced)         0.467     7.098    u_u6/u_hp/hf_idx[2]_i_20_n_0
                         LUT2 (Prop_lut2_I0_O)        0.124     7.222 r  u_u6/u_hp/hf_idx[0]_i_5/O
                         net (fo=107, unplaced)       0.550     7.772    u_u6/u_hp/hf_idx[0]_i_5_n_0
                         LUT6 (Prop_lut6_I4_O)        0.124     7.896 r  u_u6/u_hp/hf_idx[2]_i_323/O
                         net (fo=1, unplaced)         0.000     7.896    u_u6/u_hp/hf_idx[2]_i_323_n_0
                         MUXF7 (Prop_muxf7_I1_O)      0.247     8.143 r  u_u6/u_hp/hf_idx_reg[2]_i_190/O
                         net (fo=3, unplaced)         0.753     8.896    u_u6/u_hp/hf_idx_reg[2]_i_190_n_0
                         LUT6 (Prop_lut6_I1_O)        0.298     9.194 r  u_u6/u_hp/hf_idx[2]_i_90/O
                         net (fo=1, unplaced)         0.000     9.194    u_u6/u_hp/hf_idx[2]_i_90_n_0
                         CARRY4 (Prop_carry4_S[1]_CO[3])
                                                      0.533     9.727 r  u_u6/u_hp/hf_idx_reg[2]_i_34/CO[3]
                         net (fo=1, unplaced)         0.000     9.727    u_u6/u_hp/hf_idx_reg[2]_i_34_n_0
                         CARRY4 (Prop_carry4_CI_CO[1])
                                                      0.179     9.906 r  u_u6/u_hp/hf_idx_reg[2]_i_18/CO[1]
                         net (fo=3, unplaced)         0.617    10.523    u_u6/u_hp/beats11_in
                         LUT4 (Prop_lut4_I2_O)        0.332    10.855 r  u_u6/u_hp/hf_idx[2]_i_17/O
                         net (fo=2, unplaced)         0.460    11.315    u_u6/u_hp/hf_idx[2]_i_17_n_0
                         LUT6 (Prop_lut6_I5_O)        0.124    11.439 r  u_u6/u_hp/hf_idx[2]_i_7/O
                         net (fo=6, unplaced)         0.481    11.920    u_u6/u_hp/hf_idx[2]_i_7_n_0
                         LUT6 (Prop_lut6_I1_O)        0.124    12.044 f  u_u6/u_hp/hf_idx[1]_i_3/O
                         net (fo=114, unplaced)       0.835    12.879    u_u6/u_hp/hf_idx[1]_i_3_n_0
                         LUT3 (Prop_lut3_I0_O)        0.124    13.003 r  u_u6/u_hp/h[0][id][31]_i_8/O
                         net (fo=54, unplaced)        0.533    13.536    u_u6/u_hp/h[0][id][31]_i_8_n_0
                         LUT6 (Prop_lut6_I4_O)        0.124    13.660 f  u_u6/u_hp/h[0][id][31]_i_4/O
                         net (fo=1, unplaced)         0.449    14.109    u_u6/u_hp/h[0][id][31]_i_4_n_0
                         LUT4 (Prop_lut4_I2_O)        0.124    14.233 r  u_u6/u_hp/h[0][id][31]_i_1/O
                         net (fo=53, unplaced)        0.557    14.790    u_u6/u_hp/h[0][id][31]_i_1_n_0
                         FDRE                                         r  u_u6/u_hp/h_reg[0][id][0]/CE
  -------------------------------------------------------------------    -------------------

                         (clock clk rise edge)       10.000    10.000 r  <hidden>
                                                      0.000    10.000 r  clk
                         net (fo=1133, unset)         0.924    10.924    u_u6/u_hp/clk
                         FDRE                                         r  u_u6/u_hp/h_reg[0][id][0]/C
                         clock pessimism              0.000    10.924    <hidden>
                         clock uncertainty           -0.035    10.889    <hidden>
                         FDRE (Setup_fdre_C_CE)      -0.202    10.687    u_u6/u_hp/h_reg[0][id][0]
  -------------------------------------------------------------------
                         required time                         10.687    <hidden>
                         arrival time                         -14.790    <hidden>
  -------------------------------------------------------------------
                         slack                                 -4.103    <hidden>





Min Delay Paths
--------------------------------------------------------------------------------------
Slack (MET) :             0.260ns  (arrival time - required time)
  Source:                 u_u6/u_qse/entity_id_o_reg[0]/C
                            (rising edge-triggered cell FDCE clocked by clk  {rise@0.000ns fall@5.000ns period=10.000ns})
  Destination:            u_u6/ev_reg/D
                            (rising edge-triggered cell FDCE clocked by clk  {rise@0.000ns fall@5.000ns period=10.000ns})
  Path Group:             clk
  Path Type:              Hold (Min at Fast Process Corner)
  Requirement:            0.000ns  (clk rise@0.000ns - clk rise@0.000ns)
  Data Path Delay:        0.381ns  (logic 0.245ns (64.350%)  route 0.136ns (35.650%))
  Logic Levels:           1  (LUT6=1)
  Clock Path Skew:        0.022ns (DCD - SCD - CPR)
    Destination Clock Delay (DCD):    0.432ns
    Source Clock Delay      (SCD):    0.410ns
    Clock Pessimism Removal (CPR):    -0.000ns

    Location             Delay type                Incr(ns)  Path(ns)    Netlist Resource(s)
  -------------------------------------------------------------------    -------------------
                         (clock clk rise edge)        0.000     0.000 r  <hidden>
                                                      0.000     0.000 r  clk
                         net (fo=1133, unset)         0.410     0.410    u_u6/u_qse/clk
                         FDCE                                         r  u_u6/u_qse/entity_id_o_reg[0]/C
  -------------------------------------------------------------------    -------------------
                         FDCE (Prop_fdce_C_Q)         0.147     0.557 r  u_u6/u_qse/entity_id_o_reg[0]/Q
                         net (fo=2, unplaced)         0.136     0.693    u_u6/u_qse/entity_id_o_reg_n_0_[0]
                         LUT6 (Prop_lut6_I5_O)        0.098     0.791 r  u_u6/u_qse/ev_i_1/O
                         net (fo=1, unplaced)         0.000     0.791    u_u6/u_qse_n_11
                         FDCE                                         r  u_u6/ev_reg/D
  -------------------------------------------------------------------    -------------------

                         (clock clk rise edge)        0.000     0.000 r  <hidden>
                                                      0.000     0.000 r  clk
                         net (fo=1133, unset)         0.432     0.432    u_u6/clk
                         FDCE                                         r  u_u6/ev_reg/C
                         clock pessimism              0.000     0.432    <hidden>
                         FDCE (Hold_fdce_C_D)         0.099     0.531    u_u6/ev_reg
  -------------------------------------------------------------------
                         required time                         -0.531    <hidden>
                         arrival time                           0.791    <hidden>
  -------------------------------------------------------------------
                         slack                                  0.260    <hidden>





Pulse Width Checks
--------------------------------------------------------------------------------------
Clock Name:         clk
Waveform(ns):       { 0.000 5.000 }
Period(ns):         10.000
Sources:            { clk }

Check Type        Corner  Lib Pin  Reference Pin  Required(ns)  Actual(ns)  Slack(ns)  Location  Pin
Min Period        n/a     FDCE/C   n/a            1.000         10.000      9.000                u_u6/FSM_onehot_st_reg[0]/C
Low Pulse Width   Slow    FDCE/C   n/a            0.500         5.000       4.500                u_u6/FSM_onehot_st_reg[0]/C
High Pulse Width  Slow    FDCE/C   n/a            0.500         5.000       4.500                u_u6/FSM_onehot_st_reg[0]/C



