Copyright 1986-2022 Xilinx, Inc. All Rights Reserved. Copyright 2022-2026 Advanced Micro Devices, Inc. All Rights Reserved.
---------------------------------------------------------------------------------------------------------------------------------------------
| Tool Version : Vivado v.2026.1 (win64) Build 6511674 Tue Jun 16 11:02:23 MDT 2026
| Date         : Fri Aug 21 23:33:48 2026
| Host         : laptop-Quan running 64-bit major release  (build 9200)
| Command      : report_timing_summary -file D:/Jetking_sem4/SEM_4/arty-a7-online-lm/results/A7-NATIVE-GRAPH/INTEGRATE/lite_timing.rpt
| Design       : arty_a7_ng_integrate_lite_top
| Device       : 7a100t-csg324
| Speed File   : -1  PRODUCTION 1.23 2018-06-13
| Design State : Routed
---------------------------------------------------------------------------------------------------------------------------------------------

Timing Summary Report

------------------------------------------------------------------------------------------------
| Timer Settings
| --------------
------------------------------------------------------------------------------------------------

  Enable Multi Corner Analysis               :  Yes
  Enable Pessimism Removal                   :  Yes
  Pessimism Removal Resolution               :  Nearest Common Node
  Enable Input Delay Default Clock           :  No
  Enable Preset / Clear Arcs                 :  No
  Disable Flight Delays                      :  No
  Ignore I/O Paths                           :  No
  Timing Early Launch at Borrowing Latches   :  No
  Borrow Time for Max Delay Exceptions       :  Yes
  Merge Timing Exceptions                    :  Yes
  Inter-SLR Compensation                     :  Conservative

  Corner  Analyze    Analyze    
  Name    Max Paths  Min Paths  
  ------  ---------  ---------  
  Slow    Yes        Yes        
  Fast    Yes        Yes        


------------------------------------------------------------------------------------------------
| Report Methodology
| ------------------
------------------------------------------------------------------------------------------------

No report available as report_methodology has not been run prior. Run report_methodology on the current design for the summary of methodology violations.



check_timing report

Table of Contents
-----------------
1. checking no_clock (0)
2. checking constant_clock (0)
3. checking pulse_width_clock (0)
4. checking unconstrained_internal_endpoints (0)
5. checking no_input_delay (5)
6. checking no_output_delay (4)
7. checking multiple_clock (0)
8. checking generated_clocks (0)
9. checking loops (0)
10. checking partial_input_delay (0)
11. checking partial_output_delay (0)
12. checking latch_loops (0)

1. checking no_clock (0)
------------------------
 There are 0 register/latch pins with no clock.


2. checking constant_clock (0)
------------------------------
 There are 0 register/latch pins with constant_clock.


3. checking pulse_width_clock (0)
---------------------------------
 There are 0 register/latch pins which need pulse_width check


4. checking unconstrained_internal_endpoints (0)
------------------------------------------------
 There are 0 pins that are not constrained for maximum delay.

 There are 0 pins that are not constrained for maximum delay due to constant clock.


5. checking no_input_delay (5)
------------------------------
 There are 5 input ports with no input delay specified. (HIGH)

 There are 0 input ports with no input delay but user has a false path constraint.


6. checking no_output_delay (4)
-------------------------------
 There are 4 ports with no output delay specified. (HIGH)

 There are 0 ports with no output delay but user has a false path constraint

 There are 0 ports with no output delay but with a timing clock defined on it or propagating through it


7. checking multiple_clock (0)
------------------------------
 There are 0 register/latch pins with multiple clocks.


8. checking generated_clocks (0)
--------------------------------
 There are 0 generated clocks that are not connected to a clock source.


9. checking loops (0)
---------------------
 There are 0 combinational loops in the design.


10. checking partial_input_delay (0)
------------------------------------
 There are 0 input ports with partial input delay specified.


11. checking partial_output_delay (0)
-------------------------------------
 There are 0 ports with partial output delay specified.


12. checking latch_loops (0)
----------------------------
 There are 0 combinational latch loops in the design through latch input



------------------------------------------------------------------------------------------------
| Design Timing Summary
| ---------------------
------------------------------------------------------------------------------------------------

    WNS(ns)      TNS(ns)  TNS Failing Endpoints  TNS Total Endpoints      WHS(ns)      THS(ns)  THS Failing Endpoints  THS Total Endpoints     WPWS(ns)     TPWS(ns)  TPWS Failing Endpoints  TPWS Total Endpoints  
    -------      -------  ---------------------  -------------------      -------      -------  ---------------------  -------------------     --------     --------  ----------------------  --------------------  
      3.268        0.000                      0                   30        0.272        0.000                      0                   30        4.500        0.000                       0                    24  


All user specified timing constraints are met.


------------------------------------------------------------------------------------------------
| Clock Summary
| -------------
------------------------------------------------------------------------------------------------

Clock        Waveform(ns)       Period(ns)      Frequency(MHz)
-----        ------------       ----------      --------------
sys_clk_pin  {0.000 5.000}      10.000          100.000         


------------------------------------------------------------------------------------------------
| Intra Clock Table
| -----------------
------------------------------------------------------------------------------------------------

Clock             WNS(ns)      TNS(ns)  TNS Failing Endpoints  TNS Total Endpoints      WHS(ns)      THS(ns)  THS Failing Endpoints  THS Total Endpoints     WPWS(ns)     TPWS(ns)  TPWS Failing Endpoints  TPWS Total Endpoints  
-----             -------      -------  ---------------------  -------------------      -------      -------  ---------------------  -------------------     --------     --------  ----------------------  --------------------  
sys_clk_pin         3.268        0.000                      0                   30        0.272        0.000                      0                   30        4.500        0.000                       0                    24  


------------------------------------------------------------------------------------------------
| Inter Clock Table
| -----------------
------------------------------------------------------------------------------------------------

From Clock    To Clock          WNS(ns)      TNS(ns)  TNS Failing Endpoints  TNS Total Endpoints      WHS(ns)      THS(ns)  THS Failing Endpoints  THS Total Endpoints  
----------    --------          -------      -------  ---------------------  -------------------      -------      -------  ---------------------  -------------------  


------------------------------------------------------------------------------------------------
| Other Path Groups Table
| -----------------------
------------------------------------------------------------------------------------------------

Path Group    From Clock    To Clock          WNS(ns)      TNS(ns)  TNS Failing Endpoints  TNS Total Endpoints      WHS(ns)      THS(ns)  THS Failing Endpoints  THS Total Endpoints  
----------    ----------    --------          -------      -------  ---------------------  -------------------      -------      -------  ---------------------  -------------------  


------------------------------------------------------------------------------------------------
| Timing Details
| --------------
------------------------------------------------------------------------------------------------


---------------------------------------------------------------------------------------------------
From Clock:  sys_clk_pin
  To Clock:  sys_clk_pin

Setup :            0  Failing Endpoints,  Worst Slack        3.268ns,  Total Violation        0.000ns
Hold  :            0  Failing Endpoints,  Worst Slack        0.272ns,  Total Violation        0.000ns
PW    :            0  Failing Endpoints,  Worst Slack        4.500ns,  Total Violation        0.000ns
---------------------------------------------------------------------------------------------------


Max Delay Paths
--------------------------------------------------------------------------------------
Slack (MET) :             3.268ns  (required time - arrival time)
  Source:                 u_sc/g_lane[0].u_lane/partial_d1_reg[0]/C
                            (rising edge-triggered cell FDCE clocked by sys_clk_pin  {rise@0.000ns fall@5.000ns period=10.000ns})
  Destination:            u_sc/g_lane[0].u_lane/score_o_reg[0]/D
                            (rising edge-triggered cell FDCE clocked by sys_clk_pin  {rise@0.000ns fall@5.000ns period=10.000ns})
  Path Group:             sys_clk_pin
  Path Type:              Setup (Max at Slow Process Corner)
  Requirement:            10.000ns  (sys_clk_pin rise@10.000ns - sys_clk_pin rise@0.000ns)
  Data Path Delay:        6.683ns  (logic 3.818ns (57.126%)  route 2.865ns (42.874%))
  Logic Levels:           10  (CARRY4=7 LUT1=1 LUT2=1 LUT3=1)
  Clock Path Skew:        -0.042ns (DCD - SCD + CPR)
    Destination Clock Delay (DCD):    5.186ns = ( 15.186 - 10.000 ) 
    Source Clock Delay      (SCD):    5.497ns
    Clock Pessimism Removal (CPR):    0.268ns
  Clock Uncertainty:      0.035ns  ((TSJ^2 + TIJ^2)^1/2 + DJ) / 2 + PE
    Total System Jitter     (TSJ):    0.071ns
    Total Input Jitter      (TIJ):    0.000ns
    Discrete Jitter          (DJ):    0.000ns
    Phase Error              (PE):    0.000ns

    Location             Delay type                Incr(ns)  Path(ns)    Netlist Resource(s)
  -------------------------------------------------------------------    -------------------
                         (clock sys_clk_pin rise edge)
                                                      0.000     0.000 r  <hidden>
    E3                                                0.000     0.000 r  CLK100MHZ
                         net (fo=0)                   0.000     0.000    CLK100MHZ
    E3                   IBUF (Prop_ibuf_I_O)         1.482     1.482 r  CLK100MHZ_IBUF_inst/O
                         net (fo=1, routed)           2.025     3.506    CLK100MHZ_IBUF
    BUFGCTRL_X0Y16       BUFG (Prop_bufg_I_O)         0.096     3.602 r  CLK100MHZ_IBUF_BUFG_inst/O
                         net (fo=23, routed)          1.894     5.497    u_sc/g_lane[0].u_lane/clk
    SLICE_X0Y151         FDCE                                         r  u_sc/g_lane[0].u_lane/partial_d1_reg[0]/C
  -------------------------------------------------------------------    -------------------
    SLICE_X0Y151         FDCE (Prop_fdce_C_Q)         0.456     5.953 r  u_sc/g_lane[0].u_lane/partial_d1_reg[0]/Q
                         net (fo=2, routed)           0.559     6.511    u_sc/g_lane[0].u_lane/a[0]
    SLICE_X3Y151         LUT2 (Prop_lut2_I0_O)        0.124     6.635 r  u_sc/g_lane[0].u_lane/score_o[3]_i_11/O
                         net (fo=1, routed)           0.000     6.635    u_sc/g_lane[0].u_lane/score_o[3]_i_11_n_0
    SLICE_X3Y151         CARRY4 (Prop_carry4_S[0]_CO[3])
                                                      0.532     7.167 r  u_sc/g_lane[0].u_lane/score_o_reg[3]_i_3/CO[3]
                         net (fo=1, routed)           0.000     7.167    u_sc/g_lane[0].u_lane/score_o_reg[3]_i_3_n_0
    SLICE_X3Y152         CARRY4 (Prop_carry4_CI_CO[3])
                                                      0.114     7.281 r  u_sc/g_lane[0].u_lane/score_o_reg[7]_i_3/CO[3]
                         net (fo=1, routed)           0.000     7.281    u_sc/g_lane[0].u_lane/score_o_reg[7]_i_3_n_0
    SLICE_X3Y153         CARRY4 (Prop_carry4_CI_O[0])
                                                      0.222     7.503 r  u_sc/g_lane[0].u_lane/score_o_reg[15]_i_5/O[0]
                         net (fo=2, routed)           0.759     8.262    u_sc/g_lane[0].u_lane/score_o_reg[15]_i_5_n_7
    SLICE_X2Y153         CARRY4 (Prop_carry4_S[0]_CO[3])
                                                      0.812     9.074 r  u_sc/g_lane[0].u_lane/score_o_reg[11]_i_2/CO[3]
                         net (fo=1, routed)           0.000     9.074    u_sc/g_lane[0].u_lane/score_o_reg[11]_i_2_n_0
    SLICE_X2Y154         CARRY4 (Prop_carry4_CI_CO[3])
                                                      0.117     9.191 r  u_sc/g_lane[0].u_lane/score_o_reg[15]_i_2/CO[3]
                         net (fo=1, routed)           0.000     9.191    u_sc/g_lane[0].u_lane/score_o_reg[15]_i_2_n_0
    SLICE_X2Y155         CARRY4 (Prop_carry4_CI_CO[0])
                                                      0.254     9.445 f  u_sc/g_lane[0].u_lane/score_o_reg[15]_i_16/CO[0]
                         net (fo=2, routed)           0.734    10.179    u_sc/g_lane[0].u_lane/score_o_reg[15]_i_16_n_3
    SLICE_X5Y153         LUT1 (Prop_lut1_I0_O)        0.367    10.546 r  u_sc/g_lane[0].u_lane/score_o[15]_i_14/O
                         net (fo=1, routed)           0.000    10.546    u_sc/g_lane[0].u_lane/p_1_in[16]
    SLICE_X5Y153         CARRY4 (Prop_carry4_S[1]_CO[1])
                                                      0.491    11.037 f  u_sc/g_lane[0].u_lane/score_o_reg[15]_i_3/CO[1]
                         net (fo=4, routed)           0.814    11.851    u_sc/g_lane[0].u_lane/score_o_reg[15]_i_3_n_2
    SLICE_X4Y151         LUT3 (Prop_lut3_I1_O)        0.329    12.180 r  u_sc/g_lane[0].u_lane/score_o[0]_i_1/O
                         net (fo=1, routed)           0.000    12.180    u_sc/g_lane[0].u_lane/sat_add16[0]
    SLICE_X4Y151         FDCE                                         r  u_sc/g_lane[0].u_lane/score_o_reg[0]/D
  -------------------------------------------------------------------    -------------------

                         (clock sys_clk_pin rise edge)
                                                     10.000    10.000 r  <hidden>
    E3                                                0.000    10.000 r  CLK100MHZ
                         net (fo=0)                   0.000    10.000    CLK100MHZ
    E3                   IBUF (Prop_ibuf_I_O)         1.411    11.411 r  CLK100MHZ_IBUF_inst/O
                         net (fo=1, routed)           1.920    13.331    CLK100MHZ_IBUF
    BUFGCTRL_X0Y16       BUFG (Prop_bufg_I_O)         0.091    13.422 r  CLK100MHZ_IBUF_BUFG_inst/O
                         net (fo=23, routed)          1.764    15.186    u_sc/g_lane[0].u_lane/clk
    SLICE_X4Y151         FDCE                                         r  u_sc/g_lane[0].u_lane/score_o_reg[0]/C
                         clock pessimism              0.268    15.455    <hidden>
                         clock uncertainty           -0.035    15.419    <hidden>
    SLICE_X4Y151         FDCE (Setup_fdce_C_D)        0.029    15.448    u_sc/g_lane[0].u_lane/score_o_reg[0]
  -------------------------------------------------------------------
                         required time                         15.448    <hidden>
                         arrival time                         -12.180    <hidden>
  -------------------------------------------------------------------
                         slack                                  3.268    <hidden>





Min Delay Paths
--------------------------------------------------------------------------------------
Slack (MET) :             0.272ns  (arrival time - required time)
  Source:                 tick_reg[0]/C
                            (rising edge-triggered cell FDCE clocked by sys_clk_pin  {rise@0.000ns fall@5.000ns period=10.000ns})
  Destination:            tick_reg[1]/D
                            (rising edge-triggered cell FDCE clocked by sys_clk_pin  {rise@0.000ns fall@5.000ns period=10.000ns})
  Path Group:             sys_clk_pin
  Path Type:              Hold (Min at Fast Process Corner)
  Requirement:            0.000ns  (sys_clk_pin rise@0.000ns - sys_clk_pin rise@0.000ns)
  Data Path Delay:        0.379ns  (logic 0.186ns (49.112%)  route 0.193ns (50.888%))
  Logic Levels:           1  (LUT2=1)
  Clock Path Skew:        0.016ns (DCD - SCD - CPR)
    Destination Clock Delay (DCD):    2.122ns
    Source Clock Delay      (SCD):    1.600ns
    Clock Pessimism Removal (CPR):    0.506ns

    Location             Delay type                Incr(ns)  Path(ns)    Netlist Resource(s)
  -------------------------------------------------------------------    -------------------
                         (clock sys_clk_pin rise edge)
                                                      0.000     0.000 r  <hidden>
    E3                                                0.000     0.000 r  CLK100MHZ
                         net (fo=0)                   0.000     0.000    CLK100MHZ
    E3                   IBUF (Prop_ibuf_I_O)         0.250     0.250 r  CLK100MHZ_IBUF_inst/O
                         net (fo=1, routed)           0.644     0.894    CLK100MHZ_IBUF
    BUFGCTRL_X0Y16       BUFG (Prop_bufg_I_O)         0.026     0.920 r  CLK100MHZ_IBUF_BUFG_inst/O
                         net (fo=23, routed)          0.680     1.600    CLK100MHZ_IBUF_BUFG
    SLICE_X0Y154         FDCE                                         r  tick_reg[0]/C
  -------------------------------------------------------------------    -------------------
    SLICE_X0Y154         FDCE (Prop_fdce_C_Q)         0.141     1.741 r  tick_reg[0]/Q
                         net (fo=5, routed)           0.193     1.934    tick_reg[0]
    SLICE_X0Y153         LUT2 (Prop_lut2_I0_O)        0.045     1.979 r  tick[1]_i_1/O
                         net (fo=1, routed)           0.000     1.979    p_0_in[1]
    SLICE_X0Y153         FDCE                                         r  tick_reg[1]/D
  -------------------------------------------------------------------    -------------------

                         (clock sys_clk_pin rise edge)
                                                      0.000     0.000 r  <hidden>
    E3                                                0.000     0.000 r  CLK100MHZ
                         net (fo=0)                   0.000     0.000    CLK100MHZ
    E3                   IBUF (Prop_ibuf_I_O)         0.438     0.438 r  CLK100MHZ_IBUF_inst/O
                         net (fo=1, routed)           0.699     1.136    CLK100MHZ_IBUF
    BUFGCTRL_X0Y16       BUFG (Prop_bufg_I_O)         0.029     1.165 r  CLK100MHZ_IBUF_BUFG_inst/O
                         net (fo=23, routed)          0.957     2.122    CLK100MHZ_IBUF_BUFG
    SLICE_X0Y153         FDCE                                         r  tick_reg[1]/C
                         clock pessimism             -0.506     1.616    <hidden>
    SLICE_X0Y153         FDCE (Hold_fdce_C_D)         0.091     1.707    tick_reg[1]
  -------------------------------------------------------------------
                         required time                         -1.707    <hidden>
                         arrival time                           1.979    <hidden>
  -------------------------------------------------------------------
                         slack                                  0.272    <hidden>





Pulse Width Checks
--------------------------------------------------------------------------------------
Clock Name:         sys_clk_pin
Waveform(ns):       { 0.000 5.000 }
Period(ns):         10.000
Sources:            { CLK100MHZ }

Check Type        Corner  Lib Pin  Reference Pin  Required(ns)  Actual(ns)  Slack(ns)  Location        Pin
Min Period        n/a     BUFG/I   n/a            2.155         10.000      7.845      BUFGCTRL_X0Y16  CLK100MHZ_IBUF_BUFG_inst/I
Low Pulse Width   Slow    FDCE/C   n/a            0.500         5.000       4.500      SLICE_X2Y151    g[0].terms_reg[0][entity_match][3]/C
High Pulse Width  Slow    FDCE/C   n/a            0.500         5.000       4.500      SLICE_X2Y151    g[0].terms_reg[0][entity_match][3]/C



