Copyright 1986-2022 Xilinx, Inc. All Rights Reserved. Copyright 2022-2026 Advanced Micro Devices, Inc. All Rights Reserved.
--------------------------------------------------------------------------------------------------------------------------------------------------------------------------------------------
| Tool Version : Vivado v.2026.1 (win64) Build 6511674 Tue Jun 16 11:02:23 MDT 2026
| Date         : Tue Sep  1 22:08:44 2026
| Host         : laptop-Quan running 64-bit major release  (build 9200)
| Command      : report_timing_summary -file D:/Jetking_sem4/SEM_4/arty-a7-online-lm-grok-orch-00/results/A7-NATIVE-GRAPH/GROK-ORCH-00/P2-TEACHER-OFF-SOC-XSIM-00/ooc_glue_timing_route.rpt
| Design       : a7ng_teacher_off_glue
| Device       : 7a100t-csg324
| Speed File   : -1  PRODUCTION 1.23 2018-06-13
| Design State : Routed
--------------------------------------------------------------------------------------------------------------------------------------------------------------------------------------------

Timing Summary Report

------------------------------------------------------------------------------------------------
| Timer Settings
| --------------
------------------------------------------------------------------------------------------------

  Enable Multi Corner Analysis               :  Yes
  Enable Pessimism Removal                   :  Yes
  Pessimism Removal Resolution               :  Nearest Common Node
  Enable Input Delay Default Clock           :  No
  Enable Preset / Clear Arcs                 :  No
  Disable Flight Delays                      :  No
  Ignore I/O Paths                           :  No
  Timing Early Launch at Borrowing Latches   :  No
  Borrow Time for Max Delay Exceptions       :  Yes
  Merge Timing Exceptions                    :  Yes
  Inter-SLR Compensation                     :  Conservative

  Corner  Analyze    Analyze    
  Name    Max Paths  Min Paths  
  ------  ---------  ---------  
  Slow    Yes        Yes        
  Fast    Yes        Yes        


------------------------------------------------------------------------------------------------
| Report Methodology
| ------------------
------------------------------------------------------------------------------------------------

No report available as report_methodology has not been run prior. Run report_methodology on the current design for the summary of methodology violations.



check_timing report

Table of Contents
-----------------
1. checking no_clock (0)
2. checking constant_clock (0)
3. checking pulse_width_clock (0)
4. checking unconstrained_internal_endpoints (0)
5. checking no_input_delay (196)
6. checking no_output_delay (213)
7. checking multiple_clock (0)
8. checking generated_clocks (0)
9. checking loops (0)
10. checking partial_input_delay (0)
11. checking partial_output_delay (0)
12. checking latch_loops (0)

1. checking no_clock (0)
------------------------
 There are 0 register/latch pins with no clock.


2. checking constant_clock (0)
------------------------------
 There are 0 register/latch pins with constant_clock.


3. checking pulse_width_clock (0)
---------------------------------
 There are 0 register/latch pins which need pulse_width check


4. checking unconstrained_internal_endpoints (0)
------------------------------------------------
 There are 0 pins that are not constrained for maximum delay.

 There are 0 pins that are not constrained for maximum delay due to constant clock.


5. checking no_input_delay (196)
--------------------------------
 There are 196 input ports with no input delay specified. (HIGH)

 There are 0 input ports with no input delay but user has a false path constraint.


6. checking no_output_delay (213)
---------------------------------
 There are 213 ports with no output delay specified. (HIGH)

 There are 0 ports with no output delay but user has a false path constraint

 There are 0 ports with no output delay but with a timing clock defined on it or propagating through it


7. checking multiple_clock (0)
------------------------------
 There are 0 register/latch pins with multiple clocks.


8. checking generated_clocks (0)
--------------------------------
 There are 0 generated clocks that are not connected to a clock source.


9. checking loops (0)
---------------------
 There are 0 combinational loops in the design.


10. checking partial_input_delay (0)
------------------------------------
 There are 0 input ports with partial input delay specified.


11. checking partial_output_delay (0)
-------------------------------------
 There are 0 ports with partial output delay specified.


12. checking latch_loops (0)
----------------------------
 There are 0 combinational latch loops in the design through latch input



------------------------------------------------------------------------------------------------
| Design Timing Summary
| ---------------------
------------------------------------------------------------------------------------------------

    WNS(ns)      TNS(ns)  TNS Failing Endpoints  TNS Total Endpoints      WHS(ns)      THS(ns)  THS Failing Endpoints  THS Total Endpoints     WPWS(ns)     TPWS(ns)  TPWS Failing Endpoints  TPWS Total Endpoints  
    -------      -------  ---------------------  -------------------      -------      -------  ---------------------  -------------------     --------     --------  ----------------------  --------------------  
     74.167        0.000                      0                  309        0.124        0.000                      0                  309       39.500        0.000                       0                   231  


All user specified timing constraints are met.


------------------------------------------------------------------------------------------------
| Clock Summary
| -------------
------------------------------------------------------------------------------------------------

Clock  Waveform(ns)       Period(ns)      Frequency(MHz)
-----  ------------       ----------      --------------
clk    {0.000 40.000}     80.000          12.500          


------------------------------------------------------------------------------------------------
| Intra Clock Table
| -----------------
------------------------------------------------------------------------------------------------

Clock             WNS(ns)      TNS(ns)  TNS Failing Endpoints  TNS Total Endpoints      WHS(ns)      THS(ns)  THS Failing Endpoints  THS Total Endpoints     WPWS(ns)     TPWS(ns)  TPWS Failing Endpoints  TPWS Total Endpoints  
-----             -------      -------  ---------------------  -------------------      -------      -------  ---------------------  -------------------     --------     --------  ----------------------  --------------------  
clk                74.167        0.000                      0                  309        0.124        0.000                      0                  309       39.500        0.000                       0                   231  


------------------------------------------------------------------------------------------------
| Inter Clock Table
| -----------------
------------------------------------------------------------------------------------------------

From Clock    To Clock          WNS(ns)      TNS(ns)  TNS Failing Endpoints  TNS Total Endpoints      WHS(ns)      THS(ns)  THS Failing Endpoints  THS Total Endpoints  
----------    --------          -------      -------  ---------------------  -------------------      -------      -------  ---------------------  -------------------  


------------------------------------------------------------------------------------------------
| Other Path Groups Table
| -----------------------
------------------------------------------------------------------------------------------------

Path Group    From Clock    To Clock          WNS(ns)      TNS(ns)  TNS Failing Endpoints  TNS Total Endpoints      WHS(ns)      THS(ns)  THS Failing Endpoints  THS Total Endpoints  
----------    ----------    --------          -------      -------  ---------------------  -------------------      -------      -------  ---------------------  -------------------  


------------------------------------------------------------------------------------------------
| Timing Details
| --------------
------------------------------------------------------------------------------------------------


---------------------------------------------------------------------------------------------------
From Clock:  clk
  To Clock:  clk

Setup :            0  Failing Endpoints,  Worst Slack       74.167ns,  Total Violation        0.000ns
Hold  :            0  Failing Endpoints,  Worst Slack        0.124ns,  Total Violation        0.000ns
PW    :            0  Failing Endpoints,  Worst Slack       39.500ns,  Total Violation        0.000ns
---------------------------------------------------------------------------------------------------


Max Delay Paths
--------------------------------------------------------------------------------------
Slack (MET) :             74.167ns  (required time - arrival time)
  Source:                 FSM_sequential_st_reg[1]/C
                            (rising edge-triggered cell FDCE clocked by clk  {rise@0.000ns fall@40.000ns period=80.000ns})
  Destination:            anch_reg[10]/CE
                            (rising edge-triggered cell FDCE clocked by clk  {rise@0.000ns fall@40.000ns period=80.000ns})
  Path Group:             clk
  Path Type:              Setup (Max at Slow Process Corner)
  Requirement:            80.000ns  (clk rise@80.000ns - clk rise@0.000ns)
  Data Path Delay:        5.341ns  (logic 1.090ns (20.408%)  route 4.251ns (79.592%))
  Logic Levels:           3  (LUT3=2 LUT5=1)
  Clock Path Skew:        -0.049ns (DCD - SCD + CPR)
    Destination Clock Delay (DCD):    0.924ns = ( 80.924 - 80.000 ) 
    Source Clock Delay      (SCD):    0.973ns
    Clock Pessimism Removal (CPR):    0.000ns
  Clock Uncertainty:      0.035ns  ((TSJ^2 + TIJ^2)^1/2 + DJ) / 2 + PE
    Total System Jitter     (TSJ):    0.071ns
    Total Input Jitter      (TIJ):    0.000ns
    Discrete Jitter          (DJ):    0.000ns
    Phase Error              (PE):    0.000ns

    Location             Delay type                Incr(ns)  Path(ns)    Netlist Resource(s)
  -------------------------------------------------------------------    -------------------
                         (clock clk rise edge)        0.000     0.000 r  <hidden>
                                                      0.000     0.000 r  clk
                         net (fo=230, unset)          0.973     0.973    clk
    SLICE_X3Y118         FDCE                                         r  FSM_sequential_st_reg[1]/C
  -------------------------------------------------------------------    -------------------
    SLICE_X3Y118         FDCE (Prop_fdce_C_Q)         0.456     1.429 f  FSM_sequential_st_reg[1]/Q
                         net (fo=27, routed)          1.429     2.858    st[1]
    SLICE_X3Y117         LUT3 (Prop_lut3_I2_O)        0.153     3.011 r  FSM_sequential_st[2]_i_2/O
                         net (fo=3, routed)           0.464     3.475    FSM_sequential_st[2]_i_2_n_0
    SLICE_X4Y118         LUT5 (Prop_lut5_I3_O)        0.327     3.802 r  p_rew_o[3]_i_2/O
                         net (fo=4, routed)           0.826     4.627    p_rew_o[3]_i_2_n_0
    SLICE_X5Y117         LUT3 (Prop_lut3_I2_O)        0.154     4.781 r  anch[63]_i_1/O
                         net (fo=64, routed)          1.533     6.314    anch[0]
    SLICE_X13Y121        FDCE                                         r  anch_reg[10]/CE
  -------------------------------------------------------------------    -------------------

                         (clock clk rise edge)       80.000    80.000 r  <hidden>
                                                      0.000    80.000 r  clk
                         net (fo=230, unset)          0.924    80.924    clk
    SLICE_X13Y121        FDCE                                         r  anch_reg[10]/C
                         clock pessimism              0.000    80.924    <hidden>
                         clock uncertainty           -0.035    80.889    <hidden>
    SLICE_X13Y121        FDCE (Setup_fdce_C_CE)      -0.408    80.481    anch_reg[10]
  -------------------------------------------------------------------
                         required time                         80.481    <hidden>
                         arrival time                          -6.314    <hidden>
  -------------------------------------------------------------------
                         slack                                 74.167    <hidden>





Min Delay Paths
--------------------------------------------------------------------------------------
Slack (MET) :             0.124ns  (arrival time - required time)
  Source:                 anch_reg[10]/C
                            (rising edge-triggered cell FDCE clocked by clk  {rise@0.000ns fall@40.000ns period=80.000ns})
  Destination:            anch_reg[2]/D
                            (rising edge-triggered cell FDCE clocked by clk  {rise@0.000ns fall@40.000ns period=80.000ns})
  Path Group:             clk
  Path Type:              Hold (Min at Fast Process Corner)
  Requirement:            0.000ns  (clk rise@0.000ns - clk rise@0.000ns)
  Data Path Delay:        0.276ns  (logic 0.189ns (68.452%)  route 0.087ns (31.548%))
  Logic Levels:           1  (LUT4=1)
  Clock Path Skew:        0.022ns (DCD - SCD - CPR)
    Destination Clock Delay (DCD):    0.432ns
    Source Clock Delay      (SCD):    0.410ns
    Clock Pessimism Removal (CPR):    -0.000ns

    Location             Delay type                Incr(ns)  Path(ns)    Netlist Resource(s)
  -------------------------------------------------------------------    -------------------
                         (clock clk rise edge)        0.000     0.000 r  <hidden>
                                                      0.000     0.000 r  clk
                         net (fo=230, unset)          0.410     0.410    clk
    SLICE_X13Y121        FDCE                                         r  anch_reg[10]/C
  -------------------------------------------------------------------    -------------------
    SLICE_X13Y121        FDCE (Prop_fdce_C_Q)         0.141     0.551 r  anch_reg[10]/Q
                         net (fo=2, routed)           0.087     0.638    c2_anch_o[10]
    SLICE_X12Y121        LUT4 (Prop_lut4_I2_O)        0.048     0.686 r  anch[2]_i_1/O
                         net (fo=1, routed)           0.000     0.686    p_0_in[2]
    SLICE_X12Y121        FDCE                                         r  anch_reg[2]/D
  -------------------------------------------------------------------    -------------------

                         (clock clk rise edge)        0.000     0.000 r  <hidden>
                                                      0.000     0.000 r  clk
                         net (fo=230, unset)          0.432     0.432    clk
    SLICE_X12Y121        FDCE                                         r  anch_reg[2]/C
                         clock pessimism              0.000     0.432    <hidden>
    SLICE_X12Y121        FDCE (Hold_fdce_C_D)         0.131     0.563    anch_reg[2]
  -------------------------------------------------------------------
                         required time                         -0.563    <hidden>
                         arrival time                           0.686    <hidden>
  -------------------------------------------------------------------
                         slack                                  0.124    <hidden>





Pulse Width Checks
--------------------------------------------------------------------------------------
Clock Name:         clk
Waveform(ns):       { 0.000 40.000 }
Period(ns):         80.000
Sources:            { clk }

Check Type        Corner  Lib Pin  Reference Pin  Required(ns)  Actual(ns)  Slack(ns)  Location      Pin
Min Period        n/a     FDCE/C   n/a            1.000         80.000      79.000     SLICE_X4Y117  FSM_sequential_st_reg[0]/C
Low Pulse Width   Slow    FDCE/C   n/a            0.500         40.000      39.500     SLICE_X4Y117  FSM_sequential_st_reg[0]/C
High Pulse Width  Slow    FDCE/C   n/a            0.500         40.000      39.500     SLICE_X4Y117  FSM_sequential_st_reg[0]/C



