INFO: [VRFC 10-2263] Analyzing SystemVerilog file "D:/Jetking_sem4/SEM_4/arty-a7-online-lm-grok-orch-00/rtl/lm/a7lm06_pkg.sv" into library work
INFO: [VRFC 10-2263] Analyzing SystemVerilog file "D:/Jetking_sem4/SEM_4/arty-a7-online-lm-grok-orch-00/rtl/lm/isqrt32.sv" into library work
INFO: [VRFC 10-311] analyzing module isqrt32
INFO: [VRFC 10-2263] Analyzing SystemVerilog file "D:/Jetking_sem4/SEM_4/arty-a7-online-lm-grok-orch-00/rtl/lm/floordiv_s48.sv" into library work
INFO: [VRFC 10-311] analyzing module floordiv_s48
INFO: [VRFC 10-2263] Analyzing SystemVerilog file "D:/Jetking_sem4/SEM_4/arty-a7-online-lm-grok-orch-00/rtl/lm/weight_bram803k.sv" into library work
INFO: [VRFC 10-311] analyzing module weight_bram803k
INFO: [VRFC 10-2263] Analyzing SystemVerilog file "D:/Jetking_sem4/SEM_4/arty-a7-online-lm-grok-orch-00/rtl/lm/weight_bram_tdp8.sv" into library work
INFO: [VRFC 10-311] analyzing module weight_bram_tdp8
INFO: [VRFC 10-2263] Analyzing SystemVerilog file "D:/Jetking_sem4/SEM_4/arty-a7-online-lm-grok-orch-00/rtl/lm/weight_tile803k.sv" into library work
INFO: [VRFC 10-311] analyzing module weight_tile803k
INFO: [VRFC 10-2263] Analyzing SystemVerilog file "D:/Jetking_sem4/SEM_4/arty-a7-online-lm-grok-orch-00/rtl/lm/act_ram128k16.sv" into library work
INFO: [VRFC 10-311] analyzing module act_ram128k16
INFO: [VRFC 10-2263] Analyzing SystemVerilog file "D:/Jetking_sem4/SEM_4/arty-a7-online-lm-grok-orch-00/rtl/lm/snap_ram4k16.sv" into library work
INFO: [VRFC 10-311] analyzing module snap_ram4k16
INFO: [VRFC 10-2263] Analyzing SystemVerilog file "D:/Jetking_sem4/SEM_4/arty-a7-online-lm-grok-orch-00/rtl/lm/tiny_gpt803k_core.sv" into library work
INFO: [VRFC 10-311] analyzing module a7lm06_logits_lutram
INFO: [VRFC 10-311] analyzing module tiny_gpt803k_core
INFO: [VRFC 10-2263] Analyzing SystemVerilog file "D:/Jetking_sem4/SEM_4/arty-a7-online-lm-grok-orch-00/tests/xsim/tb_a7lm06_ntok8_diff.sv" into library work
ERROR: [VRFC 10-2934] 'D' is already declared [../../results/A7-NATIVE-GRAPH/GROK-ORCH-00/LM06-NTOK8-KNOWNNESS-DIFF-00/ntok8_oracle.svh:7]
INFO: [VRFC 10-311] analyzing module tb_a7lm06_ntok8_diff
ERROR: [VRFC 10-8530] module 'tb_a7lm06_ntok8_diff' is ignored due to previous errors [D:/Jetking_sem4/SEM_4/arty-a7-online-lm-grok-orch-00/tests/xsim/tb_a7lm06_ntok8_diff.sv:6]
