Copyright 1986-2022 Xilinx, Inc. All Rights Reserved. Copyright 2022-2026 Advanced Micro Devices, Inc. All Rights Reserved.
-------------------------------------------------------------------------------------------------------------------------------------------------------------------------------------------------------
| Tool Version : Vivado v.2026.1 (win64) Build 6511674 Tue Jun 16 11:02:23 MDT 2026
| Date         : Tue Sep  1 21:30:04 2026
| Host         : laptop-Quan running 64-bit major release  (build 9200)
| Command      : report_control_sets -verbose -file D:/Jetking_sem4/SEM_4/arty-a7-online-lm-grok-orch-00/results/A7-NATIVE-GRAPH/GROK-ORCH-00/P2-PERSIST-GEN-FAST-SERIAL-STATE-01/ooc_control_sets.rpt
| Design       : a7ng_persist_gen_fast
| Device       : xc7a100t
-------------------------------------------------------------------------------------------------------------------------------------------------------------------------------------------------------

Control Set Information

Table of Contents
-----------------
1. Summary
2. Histogram
3. Flip-Flop Distribution
4. Detailed Control Set Information

1. Summary
----------

+----------------------------------------------------------+-------+
|                          Status                          | Count |
+----------------------------------------------------------+-------+
| Total control sets                                       |    32 |
|    Minimum number of control sets                        |    32 |
|    Addition due to synthesis replication                 |     0 |
|    Addition due to physical synthesis replication        |     0 |
| Unused register locations in slices containing registers |    60 |
+----------------------------------------------------------+-------+
* Control sets can be merged at opt_design using control_set_merge or merge_equivalent_drivers
** Run report_qor_suggestions for automated merging and remapping suggestions


2. Histogram
------------

+--------------------+-------+
|       Fanout       | Count |
+--------------------+-------+
| Total control sets |    32 |
| >= 0 to < 4        |     0 |
| >= 4 to < 6        |     5 |
| >= 6 to < 8        |     3 |
| >= 8 to < 10       |     3 |
| >= 10 to < 12      |     1 |
| >= 12 to < 14      |     1 |
| >= 14 to < 16      |     0 |
| >= 16              |    19 |
+--------------------+-------+
* Control sets can be remapped at either synth_design or opt_design


3. Flip-Flop Distribution
-------------------------

+--------------+-----------------------+------------------------+-----------------+--------------+
| Clock Enable | Synchronous Set/Reset | Asynchronous Set/Reset | Total Registers | Total Slices |
+--------------+-----------------------+------------------------+-----------------+--------------+
| No           | No                    | No                     |               0 |            0 |
| No           | No                    | Yes                    |              50 |           27 |
| No           | Yes                   | No                     |               0 |            0 |
| Yes          | No                    | No                     |               0 |            0 |
| Yes          | No                    | Yes                    |             698 |          263 |
| Yes          | Yes                   | No                     |               0 |            0 |
+--------------+-----------------------+------------------------+-----------------+--------------+


4. Detailed Control Set Information
-----------------------------------

+--------------+----------------------------+--------------------------+------------------+----------------+--------------+
| Clock Signal |        Enable Signal       |     Set/Reset Signal     | Slice Load Count | Bel Load Count | Bels / Slice |
+--------------+----------------------------+--------------------------+------------------+----------------+--------------+
|  clk         | feed_i[3]_i_1_n_0          | u_g1/rst_n_0             |                1 |              4 |         4.00 |
|  clk         | fill_n[3]_i_1_n_0          | u_g1/rst_n_0             |                1 |              4 |         4.00 |
|  clk         | ins_j[3]_i_1_n_0           | u_g1/rst_n_0             |                2 |              4 |         2.00 |
|  clk         | sh_k[3]_i_1_n_0            | u_g1/rst_n_0             |                3 |              4 |         1.33 |
|  clk         | u_g2/E[0]                  | u_g1/rst_n_0             |                2 |              5 |         2.50 |
|  clk         | u_g1/consume_valid_o_reg_0 | u_g1/rst_n_0             |                2 |              6 |         3.00 |
|  clk         | u_g1/E[0]                  | u_g1/rst_n_0             |                2 |              7 |         3.50 |
|  clk         | u_g2/bram_kill_i_0[0]      | u_g1/rst_n_0             |                3 |              7 |         2.33 |
|  clk         | sc_v_i                     | u_scorer/valid_o_i_1_n_0 |                2 |              8 |         4.00 |
|  clk         | u_g1/gen[7]_i_1_n_0        | u_g1/rst_n_0             |                2 |              8 |         4.00 |
|  clk         | u_g2/pst_reg[2]_1[0]       | u_g1/rst_n_0             |                2 |              8 |         4.00 |
|  clk         | qid[7]_i_1_n_0             | u_g1/rst_n_0             |                4 |             10 |         2.50 |
|  clk         | ev_obj_o[3]_i_1_n_0        | u_g1/rst_n_0             |                3 |             13 |         4.33 |
|  clk         | u_g1/last_txn[15]_i_1_n_0  | u_g1/rst_n_0             |                3 |             16 |         5.33 |
|  clk         | u_scorer/valid_d1          | u_scorer/valid_o_i_1_n_0 |                3 |             16 |         5.33 |
|  clk         |                            | u_g1/rst_n_0             |               16 |             20 |         1.25 |
|  clk         | new_s[15]_i_1_n_0          | u_g1/rst_n_0             |                8 |             22 |         2.75 |
|  clk         | u_g2/reward_i[1][0]        | u_g1/rst_n_0             |                5 |             22 |         4.40 |
|  clk         | u_g1/pending               | u_g1/rst_n_0             |                6 |             26 |         4.33 |
|  clk         | sdig[0]                    | u_g1/rst_n_0             |               10 |             27 |         2.70 |
|  clk         | u_g2/pst_reg[1]_1[0]       | u_g1/rst_n_0             |               14 |             27 |         1.93 |
|  clk         |                            | u_scorer/valid_o_i_1_n_0 |               11 |             30 |         2.73 |
|  clk         | live_gen[31]_i_1_n_0       | u_g1/rst_n_0             |                8 |             32 |         4.00 |
|  clk         | ddr_wdata_o[44]_i_1_n_0    | u_g1/rst_n_0             |               12 |             38 |         3.17 |
|  clk         | topk_id_o[2][31]_i_1_n_0   | u_g1/rst_n_0             |               21 |             48 |         2.29 |
|  clk         | topk_id_o[0][31]_i_1_n_0   | u_g1/rst_n_0             |               24 |             48 |         2.00 |
|  clk         | topk_id_o[3][31]_i_1_n_0   | u_g1/rst_n_0             |               20 |             48 |         2.40 |
|  clk         | topk_id_o[4][31]_i_1_n_0   | u_g1/rst_n_0             |               18 |             48 |         2.67 |
|  clk         | topk_id_o[5][31]_i_1_n_0   | u_g1/rst_n_0             |               21 |             48 |         2.29 |
|  clk         | topk_id_o[6][31]_i_1_n_0   | u_g1/rst_n_0             |               19 |             48 |         2.53 |
|  clk         | topk_id_o[1][31]_i_1_n_0   | u_g1/rst_n_0             |               24 |             48 |         2.00 |
|  clk         | topk_id_o[7][31]_i_1_n_0   | u_g1/rst_n_0             |               18 |             48 |         2.67 |
+--------------+----------------------------+--------------------------+------------------+----------------+--------------+


