Copyright 1986-2022 Xilinx, Inc. All Rights Reserved. Copyright 2022-2026 Advanced Micro Devices, Inc. All Rights Reserved.
------------------------------------------------------------------------------------------------------------------------------------------------------------------------------------------------
| Tool Version : Vivado v.2026.1 (win64) Build 6511674 Tue Jun 16 11:02:23 MDT 2026
| Date         : Tue Sep  1 21:30:04 2026
| Host         : laptop-Quan running 64-bit major release  (build 9200)
| Command      : report_timing_summary -file D:/Jetking_sem4/SEM_4/arty-a7-online-lm-grok-orch-00/results/A7-NATIVE-GRAPH/GROK-ORCH-00/P2-PERSIST-GEN-FAST-SERIAL-STATE-01/ooc_timing_route.rpt
| Design       : a7ng_persist_gen_fast
| Device       : 7a100t-csg324
| Speed File   : -1  PRODUCTION 1.23 2018-06-13
| Design State : Routed
------------------------------------------------------------------------------------------------------------------------------------------------------------------------------------------------

Timing Summary Report

------------------------------------------------------------------------------------------------
| Timer Settings
| --------------
------------------------------------------------------------------------------------------------

  Enable Multi Corner Analysis               :  Yes
  Enable Pessimism Removal                   :  Yes
  Pessimism Removal Resolution               :  Nearest Common Node
  Enable Input Delay Default Clock           :  No
  Enable Preset / Clear Arcs                 :  No
  Disable Flight Delays                      :  No
  Ignore I/O Paths                           :  No
  Timing Early Launch at Borrowing Latches   :  No
  Borrow Time for Max Delay Exceptions       :  Yes
  Merge Timing Exceptions                    :  Yes
  Inter-SLR Compensation                     :  Conservative

  Corner  Analyze    Analyze    
  Name    Max Paths  Min Paths  
  ------  ---------  ---------  
  Slow    Yes        Yes        
  Fast    Yes        Yes        


------------------------------------------------------------------------------------------------
| Report Methodology
| ------------------
------------------------------------------------------------------------------------------------

No report available as report_methodology has not been run prior. Run report_methodology on the current design for the summary of methodology violations.



check_timing report

Table of Contents
-----------------
1. checking no_clock (0)
2. checking constant_clock (0)
3. checking pulse_width_clock (0)
4. checking unconstrained_internal_endpoints (0)
5. checking no_input_delay (74)
6. checking no_output_delay (547)
7. checking multiple_clock (0)
8. checking generated_clocks (0)
9. checking loops (0)
10. checking partial_input_delay (0)
11. checking partial_output_delay (0)
12. checking latch_loops (0)

1. checking no_clock (0)
------------------------
 There are 0 register/latch pins with no clock.


2. checking constant_clock (0)
------------------------------
 There are 0 register/latch pins with constant_clock.


3. checking pulse_width_clock (0)
---------------------------------
 There are 0 register/latch pins which need pulse_width check


4. checking unconstrained_internal_endpoints (0)
------------------------------------------------
 There are 0 pins that are not constrained for maximum delay.

 There are 0 pins that are not constrained for maximum delay due to constant clock.


5. checking no_input_delay (74)
-------------------------------
 There are 74 input ports with no input delay specified. (HIGH)

 There are 0 input ports with no input delay but user has a false path constraint.


6. checking no_output_delay (547)
---------------------------------
 There are 547 ports with no output delay specified. (HIGH)

 There are 0 ports with no output delay but user has a false path constraint

 There are 0 ports with no output delay but with a timing clock defined on it or propagating through it


7. checking multiple_clock (0)
------------------------------
 There are 0 register/latch pins with multiple clocks.


8. checking generated_clocks (0)
--------------------------------
 There are 0 generated clocks that are not connected to a clock source.


9. checking loops (0)
---------------------
 There are 0 combinational loops in the design.


10. checking partial_input_delay (0)
------------------------------------
 There are 0 input ports with partial input delay specified.


11. checking partial_output_delay (0)
-------------------------------------
 There are 0 ports with partial output delay specified.


12. checking latch_loops (0)
----------------------------
 There are 0 combinational latch loops in the design through latch input



------------------------------------------------------------------------------------------------
| Design Timing Summary
| ---------------------
------------------------------------------------------------------------------------------------

    WNS(ns)      TNS(ns)  TNS Failing Endpoints  TNS Total Endpoints      WHS(ns)      THS(ns)  THS Failing Endpoints  THS Total Endpoints     WPWS(ns)     TPWS(ns)  TPWS Failing Endpoints  TPWS Total Endpoints  
    -------      -------  ---------------------  -------------------      -------      -------  ---------------------  -------------------     --------     --------  ----------------------  --------------------  
     69.404        0.000                      0                 1466        0.132        0.000                      0                 1466       39.500        0.000                       0                   750  


All user specified timing constraints are met.


------------------------------------------------------------------------------------------------
| Clock Summary
| -------------
------------------------------------------------------------------------------------------------

Clock  Waveform(ns)       Period(ns)      Frequency(MHz)
-----  ------------       ----------      --------------
clk    {0.000 40.000}     80.000          12.500          


------------------------------------------------------------------------------------------------
| Intra Clock Table
| -----------------
------------------------------------------------------------------------------------------------

Clock             WNS(ns)      TNS(ns)  TNS Failing Endpoints  TNS Total Endpoints      WHS(ns)      THS(ns)  THS Failing Endpoints  THS Total Endpoints     WPWS(ns)     TPWS(ns)  TPWS Failing Endpoints  TPWS Total Endpoints  
-----             -------      -------  ---------------------  -------------------      -------      -------  ---------------------  -------------------     --------     --------  ----------------------  --------------------  
clk                69.404        0.000                      0                 1466        0.132        0.000                      0                 1466       39.500        0.000                       0                   750  


------------------------------------------------------------------------------------------------
| Inter Clock Table
| -----------------
------------------------------------------------------------------------------------------------

From Clock    To Clock          WNS(ns)      TNS(ns)  TNS Failing Endpoints  TNS Total Endpoints      WHS(ns)      THS(ns)  THS Failing Endpoints  THS Total Endpoints  
----------    --------          -------      -------  ---------------------  -------------------      -------      -------  ---------------------  -------------------  


------------------------------------------------------------------------------------------------
| Other Path Groups Table
| -----------------------
------------------------------------------------------------------------------------------------

Path Group    From Clock    To Clock          WNS(ns)      TNS(ns)  TNS Failing Endpoints  TNS Total Endpoints      WHS(ns)      THS(ns)  THS Failing Endpoints  THS Total Endpoints  
----------    ----------    --------          -------      -------  ---------------------  -------------------      -------      -------  ---------------------  -------------------  


------------------------------------------------------------------------------------------------
| Timing Details
| --------------
------------------------------------------------------------------------------------------------


---------------------------------------------------------------------------------------------------
From Clock:  clk
  To Clock:  clk

Setup :            0  Failing Endpoints,  Worst Slack       69.404ns,  Total Violation        0.000ns
Hold  :            0  Failing Endpoints,  Worst Slack        0.132ns,  Total Violation        0.000ns
PW    :            0  Failing Endpoints,  Worst Slack       39.500ns,  Total Violation        0.000ns
---------------------------------------------------------------------------------------------------


Max Delay Paths
--------------------------------------------------------------------------------------
Slack (MET) :             69.404ns  (required time - arrival time)
  Source:                 ins_j_reg[1]/C
                            (rising edge-triggered cell FDCE clocked by clk  {rise@0.000ns fall@40.000ns period=80.000ns})
  Destination:            sh_k_reg[1]/CE
                            (rising edge-triggered cell FDCE clocked by clk  {rise@0.000ns fall@40.000ns period=80.000ns})
  Path Group:             clk
  Path Type:              Setup (Max at Slow Process Corner)
  Requirement:            80.000ns  (clk rise@80.000ns - clk rise@0.000ns)
  Data Path Delay:        10.343ns  (logic 2.358ns (22.799%)  route 7.985ns (77.201%))
  Logic Levels:           8  (CARRY4=2 LUT2=1 LUT3=1 LUT6=3 MUXF7=1)
  Clock Path Skew:        -0.049ns (DCD - SCD + CPR)
    Destination Clock Delay (DCD):    0.924ns = ( 80.924 - 80.000 ) 
    Source Clock Delay      (SCD):    0.973ns
    Clock Pessimism Removal (CPR):    0.000ns
  Clock Uncertainty:      0.035ns  ((TSJ^2 + TIJ^2)^1/2 + DJ) / 2 + PE
    Total System Jitter     (TSJ):    0.071ns
    Total Input Jitter      (TIJ):    0.000ns
    Discrete Jitter          (DJ):    0.000ns
    Phase Error              (PE):    0.000ns

    Location             Delay type                Incr(ns)  Path(ns)    Netlist Resource(s)
  -------------------------------------------------------------------    -------------------
                         (clock clk rise edge)        0.000     0.000 r  <hidden>
                                                      0.000     0.000 r  clk
                         net (fo=749, unset)          0.973     0.973    clk
    SLICE_X11Y110        FDCE                                         r  ins_j_reg[1]/C
  -------------------------------------------------------------------    -------------------
    SLICE_X11Y110        FDCE (Prop_fdce_C_Q)         0.456     1.429 r  ins_j_reg[1]/Q
                         net (fo=109, routed)         3.255     4.684    sel0[1]
    SLICE_X10Y118        LUT6 (Prop_lut6_I2_O)        0.124     4.808 f  ins_shift_i_148/O
                         net (fo=1, routed)           0.000     4.808    ins_shift_i_148_n_0
    SLICE_X10Y118        MUXF7 (Prop_muxf7_I0_O)      0.209     5.017 f  ins_shift_reg_i_80/O
                         net (fo=1, routed)           1.201     6.218    ins_shift_reg_i_80_n_0
    SLICE_X7Y117         LUT2 (Prop_lut2_I0_O)        0.297     6.515 r  ins_shift_i_37/O
                         net (fo=1, routed)           0.000     6.515    ins_shift_i_37_n_0
    SLICE_X7Y117         CARRY4 (Prop_carry4_S[1]_CO[3])
                                                      0.550     7.065 r  ins_shift_reg_i_8/CO[3]
                         net (fo=1, routed)           0.000     7.065    ins_shift_reg_i_8_n_0
    SLICE_X7Y118         CARRY4 (Prop_carry4_CI_CO[3])
                                                      0.114     7.179 f  ins_shift_reg_i_3/CO[3]
                         net (fo=1, routed)           1.099     8.279    ins_shift_reg_i_3_n_0
    SLICE_X10Y109        LUT6 (Prop_lut6_I1_O)        0.124     8.403 r  ins_shift_i_2/O
                         net (fo=2, routed)           0.831     9.233    ins_shift_i_2_n_0
    SLICE_X13Y109        LUT3 (Prop_lut3_I2_O)        0.152     9.385 f  ins_j[3]_i_3/O
                         net (fo=2, routed)           0.644    10.030    ins_j[3]_i_3_n_0
    SLICE_X13Y105        LUT6 (Prop_lut6_I5_O)        0.332    10.362 r  sh_k[3]_i_1/O
                         net (fo=4, routed)           0.954    11.316    sh_k[3]_i_1_n_0
    SLICE_X12Y111        FDCE                                         r  sh_k_reg[1]/CE
  -------------------------------------------------------------------    -------------------

                         (clock clk rise edge)       80.000    80.000 r  <hidden>
                                                      0.000    80.000 r  clk
                         net (fo=749, unset)          0.924    80.924    clk
    SLICE_X12Y111        FDCE                                         r  sh_k_reg[1]/C
                         clock pessimism              0.000    80.924    <hidden>
                         clock uncertainty           -0.035    80.889    <hidden>
    SLICE_X12Y111        FDCE (Setup_fdce_C_CE)      -0.169    80.720    sh_k_reg[1]
  -------------------------------------------------------------------
                         required time                         80.720    <hidden>
                         arrival time                         -11.316    <hidden>
  -------------------------------------------------------------------
                         slack                                 69.404    <hidden>





Min Delay Paths
--------------------------------------------------------------------------------------
Slack (MET) :             0.132ns  (arrival time - required time)
  Source:                 u_g1/consume_txn_o_reg[12]/C
                            (rising edge-triggered cell FDCE clocked by clk  {rise@0.000ns fall@40.000ns period=80.000ns})
  Destination:            u_g1/last_txn_reg[12]/D
                            (rising edge-triggered cell FDCE clocked by clk  {rise@0.000ns fall@40.000ns period=80.000ns})
  Path Group:             clk
  Path Type:              Hold (Min at Fast Process Corner)
  Requirement:            0.000ns  (clk rise@0.000ns - clk rise@0.000ns)
  Data Path Delay:        0.273ns  (logic 0.186ns (68.106%)  route 0.087ns (31.894%))
  Logic Levels:           1  (LUT3=1)
  Clock Path Skew:        0.022ns (DCD - SCD - CPR)
    Destination Clock Delay (DCD):    0.432ns
    Source Clock Delay      (SCD):    0.410ns
    Clock Pessimism Removal (CPR):    -0.000ns

    Location             Delay type                Incr(ns)  Path(ns)    Netlist Resource(s)
  -------------------------------------------------------------------    -------------------
                         (clock clk rise edge)        0.000     0.000 r  <hidden>
                                                      0.000     0.000 r  clk
                         net (fo=749, unset)          0.410     0.410    u_g1/clk
    SLICE_X11Y96         FDCE                                         r  u_g1/consume_txn_o_reg[12]/C
  -------------------------------------------------------------------    -------------------
    SLICE_X11Y96         FDCE (Prop_fdce_C_Q)         0.141     0.551 r  u_g1/consume_txn_o_reg[12]/Q
                         net (fo=1, routed)           0.087     0.638    u_g1/cons_txn[12]
    SLICE_X10Y96         LUT3 (Prop_lut3_I2_O)        0.045     0.683 r  u_g1/last_txn[12]_i_1/O
                         net (fo=1, routed)           0.000     0.683    u_g1/last_txn[12]_i_1_n_0
    SLICE_X10Y96         FDCE                                         r  u_g1/last_txn_reg[12]/D
  -------------------------------------------------------------------    -------------------

                         (clock clk rise edge)        0.000     0.000 r  <hidden>
                                                      0.000     0.000 r  clk
                         net (fo=749, unset)          0.432     0.432    u_g1/clk
    SLICE_X10Y96         FDCE                                         r  u_g1/last_txn_reg[12]/C
                         clock pessimism              0.000     0.432    <hidden>
    SLICE_X10Y96         FDCE (Hold_fdce_C_D)         0.120     0.552    u_g1/last_txn_reg[12]
  -------------------------------------------------------------------
                         required time                         -0.552    <hidden>
                         arrival time                           0.683    <hidden>
  -------------------------------------------------------------------
                         slack                                  0.132    <hidden>





Pulse Width Checks
--------------------------------------------------------------------------------------
Clock Name:         clk
Waveform(ns):       { 0.000 40.000 }
Period(ns):         80.000
Sources:            { clk }

Check Type        Corner  Lib Pin             Reference Pin  Required(ns)  Actual(ns)  Slack(ns)  Location       Pin
Min Period        n/a     RAMB18E1/CLKARDCLK  n/a            2.944         80.000      77.056     RAMB18_X0Y38   ws_mem_reg/CLKARDCLK
Low Pulse Width   Slow    FDPE/C              n/a            0.500         40.000      39.500     SLICE_X12Y104  FSM_onehot_st_reg[0]/C
High Pulse Width  Slow    FDPE/C              n/a            0.500         40.000      39.500     SLICE_X12Y104  FSM_onehot_st_reg[0]/C



