Copyright 1986-2022 Xilinx, Inc. All Rights Reserved. Copyright 2022-2026 Advanced Micro Devices, Inc. All Rights Reserved.
-------------------------------------------------------------------------------------------------------------------------------------------------------------
| Tool Version : Vivado v.2026.1 (win64) Build 6511674 Tue Jun 16 11:02:23 MDT 2026
| Date         : Tue Aug 25 10:01:56 2026
| Host         : laptop-Quan running 64-bit major release  (build 9200)
| Command      : report_cdc -details -file D:/Jetking_sem4/SEM_4/arty-a7-online-lm-board/results/A7-NATIVE-GRAPH/E2R-CLOCK-CDC-00/report_cdc_details_r2c.rpt
| Design       : arty_a7_ng_native_v1_ab_soc_top
| Device       : 7a100t-csg324
| Speed File   : -1  PRODUCTION 1.23 2018-06-13
| Design State : Physopt postRoute
-------------------------------------------------------------------------------------------------------------------------------------------------------------

CDC Report

ID      Severity  Count  Description
------  --------  -----  ---------------------------------------------------------------
CDC-2   Warning       2  1-bit synchronized with missing ASYNC_REG property
CDC-3   Info         16  1-bit synchronized with ASYNC_REG property
CDC-6   Warning      20  Multi-bit synchronized with ASYNC_REG property
CDC-8   Warning       1  Asynchronous reset synchronized with missing ASYNC_REG property
CDC-10  Critical      5  Combinational logic detected before a synchronizer

Source Clock: c166_raw
Destination Clock: c200_raw
CDC Type: User Ignored

Row  ID     Severity  Description                                                      Depth  Exception   Source (From)    Destination (To)
---  -----  --------  ---------------------------------------------------------------  -----  ----------  ---------------  ---------------------------------------------------------------------------
  1  CDC-8  Warning   Asynchronous reset synchronized with missing ASYNC_REG property     15  False Path  mig_rst_n_reg/C  u_mig/u_mig/u_mig_7series_0_mig/u_iodelay_ctrl/rst_ref_sync_r_reg[0][0]/PRE

Source Clock: clk_pll_i
Destination Clock: c200_raw
CDC Type: Safely Timed

Row  ID     Severity  Description                                 Depth  Exception                Source (From)                                                                    Destination (To)
---  -----  --------  ------------------------------------------  -----  -----------------------  -------------------------------------------------------------------------------  -------------------------------------------------------------------------------------------------
  1  CDC-3  Info      1-bit synchronized with ASYNC_REG property      2  Max Delay Datapath Only  u_mig/u_mig/u_mig_7series_0_mig/u_ddr3_infrastructure/rstdiv0_sync_r1_reg_rep/C  u_mig/u_mig/u_mig_7series_0_mig/temp_mon_enabled.u_tempmon/xadc_supplied_temperature.rst_r1_reg/D

Source Clock: c166_raw
Destination Clock: clk_div2_bufg_in
CDC Type: User Ignored

Row  ID      Severity  Description                                         Depth  Exception   Source (From)    Destination (To)
---  ------  --------  --------------------------------------------------  -----  ----------  ---------------  -------------------------------------------------------------------------------
  1  CDC-10  Critical  Combinational logic detected before a synchronizer     13  False Path  mig_rst_n_reg/C  u_mig/u_mig/u_mig_7series_0_mig/u_ddr3_infrastructure/rstdiv2_sync_r_reg[0]/PRE

Source Clock: c166_raw
Destination Clock: clk_pll_i
CDC Type: User Ignored

Row  ID      Severity  Description                                         Depth  Exception   Source (From)    Destination (To)
---  ------  --------  --------------------------------------------------  -----  ----------  ---------------  -------------------------------------------------------------------------------
  1  CDC-10  Critical  Combinational logic detected before a synchronizer     12  False Path  mig_rst_n_reg/C  u_mig/u_mig/u_mig_7series_0_mig/u_ddr3_infrastructure/rstdiv0_sync_r_reg[0]/PRE

Source Clock: core_clk
Destination Clock: clk_pll_i
CDC Type: User Ignored

Row  ID     Severity  Description                                     Depth  Exception            Source (From)                                                                                                       Destination (To)
---  -----  --------  ----------------------------------------------  -----  -------------------  ------------------------------------------------------------------------------------------------------------------  ---------------------------------------------------------------------------------------------------------------------------
  1  CDC-6  Warning   Multi-bit synchronized with ASYNC_REG property      3  Asynch Clock Groups  u_axi_cdc/u_ar_fifo/gnuram_async_fifo.xpm_fifo_base_inst/gen_cdc_pntr.wr_pntr_cdc_dc_inst/src_gray_ff_reg[5:0]/C    u_axi_cdc/u_ar_fifo/gnuram_async_fifo.xpm_fifo_base_inst/gen_cdc_pntr.wr_pntr_cdc_dc_inst/dest_graysync_ff_reg[0][5:0]/D
  2  CDC-6  Warning   Multi-bit synchronized with ASYNC_REG property      3  Asynch Clock Groups  u_axi_cdc/u_ar_fifo/gnuram_async_fifo.xpm_fifo_base_inst/gen_cdc_pntr.wr_pntr_cdc_inst/src_gray_ff_reg[4:0]/C       u_axi_cdc/u_ar_fifo/gnuram_async_fifo.xpm_fifo_base_inst/gen_cdc_pntr.wr_pntr_cdc_inst/dest_graysync_ff_reg[0][4:0]/D
  3  CDC-3  Info      1-bit synchronized with ASYNC_REG property          3  Asynch Clock Groups  u_axi_cdc/u_ar_fifo/gnuram_async_fifo.xpm_fifo_base_inst/xpm_fifo_rst_inst/gen_rst_ic.fifo_wr_rst_ic_reg/C          u_axi_cdc/u_ar_fifo/gnuram_async_fifo.xpm_fifo_base_inst/xpm_fifo_rst_inst/gen_rst_ic.wrst_rd_inst/syncstages_ff_reg[0]/D
  4  CDC-6  Warning   Multi-bit synchronized with ASYNC_REG property      3  Asynch Clock Groups  u_axi_cdc/u_r_fifo/gnuram_async_fifo.xpm_fifo_base_inst/gen_cdc_pntr.rd_pntr_cdc_dc_inst/src_gray_ff_reg[6:0]/C     u_axi_cdc/u_r_fifo/gnuram_async_fifo.xpm_fifo_base_inst/gen_cdc_pntr.rd_pntr_cdc_dc_inst/dest_graysync_ff_reg[0][6:0]/D
  5  CDC-6  Warning   Multi-bit synchronized with ASYNC_REG property      3  Asynch Clock Groups  u_axi_cdc/u_r_fifo/gnuram_async_fifo.xpm_fifo_base_inst/gen_cdc_pntr.rd_pntr_cdc_inst/src_gray_ff_reg[5:0]/C        u_axi_cdc/u_r_fifo/gnuram_async_fifo.xpm_fifo_base_inst/gen_cdc_pntr.rd_pntr_cdc_inst/dest_graysync_ff_reg[0][5:0]/D
  6  CDC-3  Info      1-bit synchronized with ASYNC_REG property          3  Asynch Clock Groups  u_axi_cdc/u_r_fifo/gnuram_async_fifo.xpm_fifo_base_inst/xpm_fifo_rst_inst/gen_rst_ic.fifo_rd_rst_ic_reg/C           u_axi_cdc/u_r_fifo/gnuram_async_fifo.xpm_fifo_base_inst/xpm_fifo_rst_inst/gen_rst_ic.rrst_wr_inst/syncstages_ff_reg[0]/D
  7  CDC-6  Warning   Multi-bit synchronized with ASYNC_REG property      3  Asynch Clock Groups  u_wdma_cdc/u_cmd_fifo/gnuram_async_fifo.xpm_fifo_base_inst/gen_cdc_pntr.wr_pntr_cdc_dc_inst/src_gray_ff_reg[4:0]/C  u_wdma_cdc/u_cmd_fifo/gnuram_async_fifo.xpm_fifo_base_inst/gen_cdc_pntr.wr_pntr_cdc_dc_inst/dest_graysync_ff_reg[0][4:0]/D
  8  CDC-6  Warning   Multi-bit synchronized with ASYNC_REG property      3  Asynch Clock Groups  u_wdma_cdc/u_cmd_fifo/gnuram_async_fifo.xpm_fifo_base_inst/gen_cdc_pntr.wr_pntr_cdc_inst/src_gray_ff_reg[3:0]/C     u_wdma_cdc/u_cmd_fifo/gnuram_async_fifo.xpm_fifo_base_inst/gen_cdc_pntr.wr_pntr_cdc_inst/dest_graysync_ff_reg[0][3:0]/D
  9  CDC-3  Info      1-bit synchronized with ASYNC_REG property          3  Asynch Clock Groups  u_wdma_cdc/u_cmd_fifo/gnuram_async_fifo.xpm_fifo_base_inst/xpm_fifo_rst_inst/gen_rst_ic.fifo_wr_rst_ic_reg/C        u_wdma_cdc/u_cmd_fifo/gnuram_async_fifo.xpm_fifo_base_inst/xpm_fifo_rst_inst/gen_rst_ic.wrst_rd_inst/syncstages_ff_reg[0]/D
 10  CDC-3  Info      1-bit synchronized with ASYNC_REG property          3  Asynch Clock Groups  u_wdma_cdc/u_owner_cdc/src_ff_reg/C                                                                                 u_wdma_cdc/u_owner_cdc/syncstages_ff_reg[0]/D
 11  CDC-6  Warning   Multi-bit synchronized with ASYNC_REG property      3  Asynch Clock Groups  u_wdma_cdc/u_r_fifo/gnuram_async_fifo.xpm_fifo_base_inst/gen_cdc_pntr.rd_pntr_cdc_dc_inst/src_gray_ff_reg[5:0]/C    u_wdma_cdc/u_r_fifo/gnuram_async_fifo.xpm_fifo_base_inst/gen_cdc_pntr.rd_pntr_cdc_dc_inst/dest_graysync_ff_reg[0][5:0]/D
 12  CDC-6  Warning   Multi-bit synchronized with ASYNC_REG property      3  Asynch Clock Groups  u_wdma_cdc/u_r_fifo/gnuram_async_fifo.xpm_fifo_base_inst/gen_cdc_pntr.rd_pntr_cdc_inst/src_gray_ff_reg[4:0]/C       u_wdma_cdc/u_r_fifo/gnuram_async_fifo.xpm_fifo_base_inst/gen_cdc_pntr.rd_pntr_cdc_inst/dest_graysync_ff_reg[0][4:0]/D
 13  CDC-3  Info      1-bit synchronized with ASYNC_REG property          3  Asynch Clock Groups  u_wdma_cdc/u_r_fifo/gnuram_async_fifo.xpm_fifo_base_inst/xpm_fifo_rst_inst/gen_rst_ic.fifo_rd_rst_ic_reg/C          u_wdma_cdc/u_r_fifo/gnuram_async_fifo.xpm_fifo_base_inst/xpm_fifo_rst_inst/gen_rst_ic.rrst_wr_inst/syncstages_ff_reg[0]/D
 14  CDC-6  Warning   Multi-bit synchronized with ASYNC_REG property      3  Asynch Clock Groups  u_wdma_cdc/u_w_fifo/gnuram_async_fifo.xpm_fifo_base_inst/gen_cdc_pntr.wr_pntr_cdc_dc_inst/src_gray_ff_reg[4:0]/C    u_wdma_cdc/u_w_fifo/gnuram_async_fifo.xpm_fifo_base_inst/gen_cdc_pntr.wr_pntr_cdc_dc_inst/dest_graysync_ff_reg[0][4:0]/D
 15  CDC-6  Warning   Multi-bit synchronized with ASYNC_REG property      3  Asynch Clock Groups  u_wdma_cdc/u_w_fifo/gnuram_async_fifo.xpm_fifo_base_inst/gen_cdc_pntr.wr_pntr_cdc_inst/src_gray_ff_reg[3:0]/C       u_wdma_cdc/u_w_fifo/gnuram_async_fifo.xpm_fifo_base_inst/gen_cdc_pntr.wr_pntr_cdc_inst/dest_graysync_ff_reg[0][3:0]/D
 16  CDC-3  Info      1-bit synchronized with ASYNC_REG property          3  Asynch Clock Groups  u_wdma_cdc/u_w_fifo/gnuram_async_fifo.xpm_fifo_base_inst/xpm_fifo_rst_inst/gen_rst_ic.fifo_wr_rst_ic_reg/C          u_wdma_cdc/u_w_fifo/gnuram_async_fifo.xpm_fifo_base_inst/xpm_fifo_rst_inst/gen_rst_ic.wrst_rd_inst/syncstages_ff_reg[0]/D

Source Clock: mem_refclk
Destination Clock: clk_pll_i
CDC Type: User Ignored

Row  ID     Severity  Description                                 Depth  Exception   Source (From)                                                                                                                                                                                                    Destination (To)
---  -----  --------  ------------------------------------------  -----  ----------  ---------------------------------------------------------------------------------------------------------------------------------------------------------------------------------------------------------------  ----------------------------------------------------------------------------------------------------------------------------------------------------------------------
  1  CDC-3  Info      1-bit synchronized with ASYNC_REG property      3  False Path  u_mig/u_mig/u_mig_7series_0_mig/u_memc_ui_top_axi/mem_intfc0/ddr_phy_top0/u_ddr_mc_phy_wrapper/u_ddr_mc_phy/ddr_phy_4lanes_0.u_ddr_phy_4lanes/ddr_byte_lane_C.ddr_byte_lane_C/phaser_in_gen.phaser_in/MEMREFCLK  u_mig/u_mig/u_mig_7series_0_mig/u_memc_ui_top_axi/mem_intfc0/ddr_phy_top0/u_ddr_calib_top/dqsfind_calib_left.u_ddr_phy_dqs_found_cal_hr/pi_dqs_found_lanes_r1_reg[2]/D
  2  CDC-3  Info      1-bit synchronized with ASYNC_REG property      3  False Path  u_mig/u_mig/u_mig_7series_0_mig/u_memc_ui_top_axi/mem_intfc0/ddr_phy_top0/u_ddr_mc_phy_wrapper/u_ddr_mc_phy/ddr_phy_4lanes_0.u_ddr_phy_4lanes/ddr_byte_lane_D.ddr_byte_lane_D/phaser_in_gen.phaser_in/MEMREFCLK  u_mig/u_mig/u_mig_7series_0_mig/u_memc_ui_top_axi/mem_intfc0/ddr_phy_top0/u_ddr_calib_top/dqsfind_calib_left.u_ddr_phy_dqs_found_cal_hr/pi_dqs_found_lanes_r1_reg[3]/D

Source Clock: clk_pll_i
Destination Clock: core_clk
CDC Type: User Ignored

Row  ID      Severity  Description                                         Depth  Exception            Source (From)                                                                                                        Destination (To)
---  ------  --------  --------------------------------------------------  -----  -------------------  -------------------------------------------------------------------------------------------------------------------  ---------------------------------------------------------------------------------------------------------------------------
  1  CDC-6   Warning   Multi-bit synchronized with ASYNC_REG property          3  Asynch Clock Groups  u_axi_cdc/u_ar_fifo/gnuram_async_fifo.xpm_fifo_base_inst/gen_cdc_pntr.rd_pntr_cdc_dc_inst/src_gray_ff_reg[5:0]/C     u_axi_cdc/u_ar_fifo/gnuram_async_fifo.xpm_fifo_base_inst/gen_cdc_pntr.rd_pntr_cdc_dc_inst/dest_graysync_ff_reg[0][5:0]/D
  2  CDC-6   Warning   Multi-bit synchronized with ASYNC_REG property          3  Asynch Clock Groups  u_axi_cdc/u_ar_fifo/gnuram_async_fifo.xpm_fifo_base_inst/gen_cdc_pntr.rd_pntr_cdc_inst/src_gray_ff_reg[4:0]/C        u_axi_cdc/u_ar_fifo/gnuram_async_fifo.xpm_fifo_base_inst/gen_cdc_pntr.rd_pntr_cdc_inst/dest_graysync_ff_reg[0][4:0]/D
  3  CDC-3   Info      1-bit synchronized with ASYNC_REG property              3  Asynch Clock Groups  u_axi_cdc/u_ar_fifo/gnuram_async_fifo.xpm_fifo_base_inst/xpm_fifo_rst_inst/gen_rst_ic.fifo_rd_rst_ic_reg/C           u_axi_cdc/u_ar_fifo/gnuram_async_fifo.xpm_fifo_base_inst/xpm_fifo_rst_inst/gen_rst_ic.rrst_wr_inst/syncstages_ff_reg[0]/D
  4  CDC-6   Warning   Multi-bit synchronized with ASYNC_REG property          3  Asynch Clock Groups  u_axi_cdc/u_r_fifo/gnuram_async_fifo.xpm_fifo_base_inst/gen_cdc_pntr.wr_pntr_cdc_dc_inst/src_gray_ff_reg[6:0]/C      u_axi_cdc/u_r_fifo/gnuram_async_fifo.xpm_fifo_base_inst/gen_cdc_pntr.wr_pntr_cdc_dc_inst/dest_graysync_ff_reg[0][6:0]/D
  5  CDC-6   Warning   Multi-bit synchronized with ASYNC_REG property          3  Asynch Clock Groups  u_axi_cdc/u_r_fifo/gnuram_async_fifo.xpm_fifo_base_inst/gen_cdc_pntr.wr_pntr_cdc_inst/src_gray_ff_reg[5:0]/C         u_axi_cdc/u_r_fifo/gnuram_async_fifo.xpm_fifo_base_inst/gen_cdc_pntr.wr_pntr_cdc_inst/dest_graysync_ff_reg[0][5:0]/D
  6  CDC-3   Info      1-bit synchronized with ASYNC_REG property              3  Asynch Clock Groups  u_axi_cdc/u_r_fifo/gnuram_async_fifo.xpm_fifo_base_inst/xpm_fifo_rst_inst/gen_rst_ic.fifo_wr_rst_ic_reg/C            u_axi_cdc/u_r_fifo/gnuram_async_fifo.xpm_fifo_base_inst/xpm_fifo_rst_inst/gen_rst_ic.wrst_rd_inst/syncstages_ff_reg[0]/D
  7  CDC-2   Warning   1-bit synchronized with missing ASYNC_REG property      2  Asynch Clock Groups  u_mig/u_mig/u_mig_7series_0_mig/u_memc_ui_top_axi/mem_intfc0/ddr_phy_top0/u_ddr_calib_top/init_calib_complete_reg/C  u_boot_core_sync/meta_reg[0]/D
  8  CDC-10  Critical  Combinational logic detected before a synchronizer      2  Asynch Clock Groups  u_boot/FSM_sequential_st_reg[1]/C                                                                                    u_boot_core_sync/meta_reg[1]/D
  9  CDC-3   Info      1-bit synchronized with ASYNC_REG property              3  Asynch Clock Groups  u_wdma_cdc/u_busy_cdc/src_ff_reg/C                                                                                   u_wdma_cdc/u_busy_cdc/syncstages_ff_reg[0]/D
 10  CDC-6   Warning   Multi-bit synchronized with ASYNC_REG property          3  Asynch Clock Groups  u_wdma_cdc/u_cmd_fifo/gnuram_async_fifo.xpm_fifo_base_inst/gen_cdc_pntr.rd_pntr_cdc_dc_inst/src_gray_ff_reg[4:0]/C   u_wdma_cdc/u_cmd_fifo/gnuram_async_fifo.xpm_fifo_base_inst/gen_cdc_pntr.rd_pntr_cdc_dc_inst/dest_graysync_ff_reg[0][4:0]/D
 11  CDC-6   Warning   Multi-bit synchronized with ASYNC_REG property          3  Asynch Clock Groups  u_wdma_cdc/u_cmd_fifo/gnuram_async_fifo.xpm_fifo_base_inst/gen_cdc_pntr.rd_pntr_cdc_inst/src_gray_ff_reg[3:0]/C      u_wdma_cdc/u_cmd_fifo/gnuram_async_fifo.xpm_fifo_base_inst/gen_cdc_pntr.rd_pntr_cdc_inst/dest_graysync_ff_reg[0][3:0]/D
 12  CDC-3   Info      1-bit synchronized with ASYNC_REG property              3  Asynch Clock Groups  u_wdma_cdc/u_cmd_fifo/gnuram_async_fifo.xpm_fifo_base_inst/xpm_fifo_rst_inst/gen_rst_ic.fifo_rd_rst_ic_reg/C         u_wdma_cdc/u_cmd_fifo/gnuram_async_fifo.xpm_fifo_base_inst/xpm_fifo_rst_inst/gen_rst_ic.rrst_wr_inst/syncstages_ff_reg[0]/D
 13  CDC-3   Info      1-bit synchronized with ASYNC_REG property              4  Asynch Clock Groups  u_wdma_cdc/u_done_cdc/src_level_ff_reg/C                                                                             u_wdma_cdc/u_done_cdc/xpm_cdc_single_inst/syncstages_ff_reg[0]/D
 14  CDC-6   Warning   Multi-bit synchronized with ASYNC_REG property          3  Asynch Clock Groups  u_wdma_cdc/u_r_fifo/gnuram_async_fifo.xpm_fifo_base_inst/gen_cdc_pntr.wr_pntr_cdc_dc_inst/src_gray_ff_reg[5:0]/C     u_wdma_cdc/u_r_fifo/gnuram_async_fifo.xpm_fifo_base_inst/gen_cdc_pntr.wr_pntr_cdc_dc_inst/dest_graysync_ff_reg[0][5:0]/D
 15  CDC-6   Warning   Multi-bit synchronized with ASYNC_REG property          3  Asynch Clock Groups  u_wdma_cdc/u_r_fifo/gnuram_async_fifo.xpm_fifo_base_inst/gen_cdc_pntr.wr_pntr_cdc_inst/src_gray_ff_reg[4:0]/C        u_wdma_cdc/u_r_fifo/gnuram_async_fifo.xpm_fifo_base_inst/gen_cdc_pntr.wr_pntr_cdc_inst/dest_graysync_ff_reg[0][4:0]/D
 16  CDC-3   Info      1-bit synchronized with ASYNC_REG property              3  Asynch Clock Groups  u_wdma_cdc/u_r_fifo/gnuram_async_fifo.xpm_fifo_base_inst/xpm_fifo_rst_inst/gen_rst_ic.fifo_wr_rst_ic_reg/C           u_wdma_cdc/u_r_fifo/gnuram_async_fifo.xpm_fifo_base_inst/xpm_fifo_rst_inst/gen_rst_ic.wrst_rd_inst/syncstages_ff_reg[0]/D
 17  CDC-6   Warning   Multi-bit synchronized with ASYNC_REG property          3  Asynch Clock Groups  u_wdma_cdc/u_w_fifo/gnuram_async_fifo.xpm_fifo_base_inst/gen_cdc_pntr.rd_pntr_cdc_dc_inst/src_gray_ff_reg[4:0]/C     u_wdma_cdc/u_w_fifo/gnuram_async_fifo.xpm_fifo_base_inst/gen_cdc_pntr.rd_pntr_cdc_dc_inst/dest_graysync_ff_reg[0][4:0]/D
 18  CDC-6   Warning   Multi-bit synchronized with ASYNC_REG property          3  Asynch Clock Groups  u_wdma_cdc/u_w_fifo/gnuram_async_fifo.xpm_fifo_base_inst/gen_cdc_pntr.rd_pntr_cdc_inst/src_gray_ff_reg[3:0]/C        u_wdma_cdc/u_w_fifo/gnuram_async_fifo.xpm_fifo_base_inst/gen_cdc_pntr.rd_pntr_cdc_inst/dest_graysync_ff_reg[0][3:0]/D
 19  CDC-3   Info      1-bit synchronized with ASYNC_REG property              3  Asynch Clock Groups  u_wdma_cdc/u_w_fifo/gnuram_async_fifo.xpm_fifo_base_inst/xpm_fifo_rst_inst/gen_rst_ic.fifo_rd_rst_ic_reg/C           u_wdma_cdc/u_w_fifo/gnuram_async_fifo.xpm_fifo_base_inst/xpm_fifo_rst_inst/gen_rst_ic.rrst_wr_inst/syncstages_ff_reg[0]/D

Source Clock: c166_raw
Destination Clock: mmcm_ps_clk_bufg_in
CDC Type: User Ignored

Row  ID      Severity  Description                                         Depth  Exception   Source (From)    Destination (To)
---  ------  --------  --------------------------------------------------  -----  ----------  ---------------  ---------------------------------------------------------------------------
  1  CDC-10  Critical  Combinational logic detected before a synchronizer     13  False Path  mig_rst_n_reg/C  u_mig/u_mig/u_mig_7series_0_mig/u_ddr3_infrastructure/rst_sync_r_reg[0]/PRE

Source Clock: clk_pll_i
Destination Clock: sys_clk_pin
CDC Type: User Ignored

Row  ID      Severity  Description                                         Depth  Exception            Source (From)                                                                                                        Destination (To)
---  ------  --------  --------------------------------------------------  -----  -------------------  -------------------------------------------------------------------------------------------------------------------  ------------------------
  1  CDC-2   Warning   1-bit synchronized with missing ASYNC_REG property      2  Asynch Clock Groups  u_mig/u_mig/u_mig_7series_0_mig/u_memc_ui_top_axi/mem_intfc0/ddr_phy_top0/u_ddr_calib_top/init_calib_complete_reg/C  u_led_sync/meta_reg[1]/D
  2  CDC-10  Critical  Combinational logic detected before a synchronizer      2  Asynch Clock Groups  u_boot/FSM_sequential_st_reg[1]/C                                                                                    u_led_sync/meta_reg[2]/D

