#-----------------------------------------------------------
# xsim v2026.1 (64-bit)
# SW Build 6511674 on Tue Jun 16 11:02:23 MDT 2026
# IP Build 6504888 on Tue Jun 09 09:05:25 MDT 2026
# SharedData Build 6501428 on Mon Jun 08 17:34:18 MDT 2026
# Start of session at: Sat Sep  5 22:56:18 2026
# Process ID         : 47820
# Current directory  : D:/Jetking_sem4/SEM_4/arty-a7-online-lm-g14-preboard-00/results/A7-NATIVE-GRAPH/GROK-ORCH-00/U7A-R2-ROOT-B-CLOSURE-00/xsim_work
# Command line       : xsim.exe -log D:/Jetking_sem4/SEM_4/arty-a7-online-lm-g14-preboard-00/results/A7-NATIVE-GRAPH/GROK-ORCH-00/U7A-R2-ROOT-B-CLOSURE-00/xsim.log -mode tcl -source {xsim.dir/u7ar2/xsim_script.tcl}
# Log file           : D:/Jetking_sem4/SEM_4/arty-a7-online-lm-g14-preboard-00/results/A7-NATIVE-GRAPH/GROK-ORCH-00/U7A-R2-ROOT-B-CLOSURE-00/xsim.log
# Journal file       : D:/Jetking_sem4/SEM_4/arty-a7-online-lm-g14-preboard-00/results/A7-NATIVE-GRAPH/GROK-ORCH-00/U7A-R2-ROOT-B-CLOSURE-00/xsim_work\xsim.jou
# Running On         : laptop-Quan
# Platform           : Windows 11
# Operating System   : 22621
# Processor Detail   : AMD Ryzen 7 5800HS with Radeon Graphics         
# CPU Frequency      : 3194 MHz
# CPU Physical cores : 8
# CPU Logical cores  : 16
# Host memory        : 16541 MB
# Swap memory        : 33756 MB
# Total Virtual      : 50298 MB
# Available Virtual  : 23063 MB
#-----------------------------------------------------------
source xsim.dir/u7ar2/xsim_script.tcl
# xsim {u7ar2} -autoloadwcfg -runall
Time resolution is 1 ps
run -all
ORPHAN ack=2 n_orph=1
WRONG_TXN ack=4 n_late=1
FULL33 done=0 nak=1 seq=32 ack=32
C7_OBSERVE 03034ff0 NOT proof
U7A_R2_ROOTB_CLOSURE_PASS n_done=36 n_nak=1 n_cons=0 n_orph=1 n_dup=0 n_late=0
PERSIST_GEN_FAST=DISCONNECTED_FROM_GRAPH_BASELINE
TYPECLASS_TO_LEARN=NOT_REACHABLE U7A=FAIL_IMMUTABLE BIT=NO PROGRAM=NO
U6_TYPECLASS_MINHEAP_TIMING OPEN
DDR_ERROR=NOT_MODELED
$finish called at time : 58910 ns : File "D:/Jetking_sem4/SEM_4/arty-a7-online-lm-g14-preboard-00/results/A7-NATIVE-GRAPH/GROK-ORCH-00/U7A-R2-ROOT-B-CLOSURE-00/tb_u7a_r2.sv" Line 274
exit
INFO: [Common 17-206] Exiting xsim at Sat Sep  5 22:56:20 2026...
