Copyright 1986-2022 Xilinx, Inc. All Rights Reserved. Copyright 2022-2026 Advanced Micro Devices, Inc. All Rights Reserved.
---------------------------------------------------------------------------------------------------------------------------------------------------------------------------------------------
| Tool Version : Vivado v.2026.1 (win64) Build 6511674 Tue Jun 16 11:02:23 MDT 2026
| Date         : Tue Sep  1 09:43:18 2026
| Host         : laptop-Quan running 64-bit major release  (build 9200)
| Command      : report_timing_summary -file D:/Jetking_sem4/SEM_4/arty-a7-online-lm-grok-orch-00/results/A7-NATIVE-GRAPH/GROK-ORCH-00/GRAPH-PAYLOAD-NORESET-00/ooc_termgen_timing_route.rpt
| Design       : a7ng_termgen_lane_fold6
| Device       : 7a100t-csg324
| Speed File   : -1  PRODUCTION 1.23 2018-06-13
| Design State : Routed
---------------------------------------------------------------------------------------------------------------------------------------------------------------------------------------------

Timing Summary Report

------------------------------------------------------------------------------------------------
| Timer Settings
| --------------
------------------------------------------------------------------------------------------------

  Enable Multi Corner Analysis               :  Yes
  Enable Pessimism Removal                   :  Yes
  Pessimism Removal Resolution               :  Nearest Common Node
  Enable Input Delay Default Clock           :  No
  Enable Preset / Clear Arcs                 :  No
  Disable Flight Delays                      :  No
  Ignore I/O Paths                           :  No
  Timing Early Launch at Borrowing Latches   :  No
  Borrow Time for Max Delay Exceptions       :  Yes
  Merge Timing Exceptions                    :  Yes
  Inter-SLR Compensation                     :  Conservative

  Corner  Analyze    Analyze    
  Name    Max Paths  Min Paths  
  ------  ---------  ---------  
  Slow    Yes        Yes        
  Fast    Yes        Yes        


------------------------------------------------------------------------------------------------
| Report Methodology
| ------------------
------------------------------------------------------------------------------------------------

No report available as report_methodology has not been run prior. Run report_methodology on the current design for the summary of methodology violations.



check_timing report

Table of Contents
-----------------
1. checking no_clock (0)
2. checking constant_clock (0)
3. checking pulse_width_clock (0)
4. checking unconstrained_internal_endpoints (0)
5. checking no_input_delay (427)
6. checking no_output_delay (83)
7. checking multiple_clock (0)
8. checking generated_clocks (0)
9. checking loops (0)
10. checking partial_input_delay (0)
11. checking partial_output_delay (0)
12. checking latch_loops (0)

1. checking no_clock (0)
------------------------
 There are 0 register/latch pins with no clock.


2. checking constant_clock (0)
------------------------------
 There are 0 register/latch pins with constant_clock.


3. checking pulse_width_clock (0)
---------------------------------
 There are 0 register/latch pins which need pulse_width check


4. checking unconstrained_internal_endpoints (0)
------------------------------------------------
 There are 0 pins that are not constrained for maximum delay.

 There are 0 pins that are not constrained for maximum delay due to constant clock.


5. checking no_input_delay (427)
--------------------------------
 There are 427 input ports with no input delay specified. (HIGH)

 There are 0 input ports with no input delay but user has a false path constraint.


6. checking no_output_delay (83)
--------------------------------
 There are 83 ports with no output delay specified. (HIGH)

 There are 0 ports with no output delay but user has a false path constraint

 There are 0 ports with no output delay but with a timing clock defined on it or propagating through it


7. checking multiple_clock (0)
------------------------------
 There are 0 register/latch pins with multiple clocks.


8. checking generated_clocks (0)
--------------------------------
 There are 0 generated clocks that are not connected to a clock source.


9. checking loops (0)
---------------------
 There are 0 combinational loops in the design.


10. checking partial_input_delay (0)
------------------------------------
 There are 0 input ports with partial input delay specified.


11. checking partial_output_delay (0)
-------------------------------------
 There are 0 ports with partial output delay specified.


12. checking latch_loops (0)
----------------------------
 There are 0 combinational latch loops in the design through latch input



------------------------------------------------------------------------------------------------
| Design Timing Summary
| ---------------------
------------------------------------------------------------------------------------------------

    WNS(ns)      TNS(ns)  TNS Failing Endpoints  TNS Total Endpoints      WHS(ns)      THS(ns)  THS Failing Endpoints  THS Total Endpoints     WPWS(ns)     TPWS(ns)  TPWS Failing Endpoints  TPWS Total Endpoints  
    -------      -------  ---------------------  -------------------      -------      -------  ---------------------  -------------------     --------     --------  ----------------------  --------------------  
     65.879        0.000                      0                  662        0.156        0.000                      0                  662       39.500        0.000                       0                   546  


All user specified timing constraints are met.


------------------------------------------------------------------------------------------------
| Clock Summary
| -------------
------------------------------------------------------------------------------------------------

Clock  Waveform(ns)       Period(ns)      Frequency(MHz)
-----  ------------       ----------      --------------
clk    {0.000 40.000}     80.000          12.500          


------------------------------------------------------------------------------------------------
| Intra Clock Table
| -----------------
------------------------------------------------------------------------------------------------

Clock             WNS(ns)      TNS(ns)  TNS Failing Endpoints  TNS Total Endpoints      WHS(ns)      THS(ns)  THS Failing Endpoints  THS Total Endpoints     WPWS(ns)     TPWS(ns)  TPWS Failing Endpoints  TPWS Total Endpoints  
-----             -------      -------  ---------------------  -------------------      -------      -------  ---------------------  -------------------     --------     --------  ----------------------  --------------------  
clk                65.879        0.000                      0                  662        0.156        0.000                      0                  662       39.500        0.000                       0                   546  


------------------------------------------------------------------------------------------------
| Inter Clock Table
| -----------------
------------------------------------------------------------------------------------------------

From Clock    To Clock          WNS(ns)      TNS(ns)  TNS Failing Endpoints  TNS Total Endpoints      WHS(ns)      THS(ns)  THS Failing Endpoints  THS Total Endpoints  
----------    --------          -------      -------  ---------------------  -------------------      -------      -------  ---------------------  -------------------  


------------------------------------------------------------------------------------------------
| Other Path Groups Table
| -----------------------
------------------------------------------------------------------------------------------------

Path Group    From Clock    To Clock          WNS(ns)      TNS(ns)  TNS Failing Endpoints  TNS Total Endpoints      WHS(ns)      THS(ns)  THS Failing Endpoints  THS Total Endpoints  
----------    ----------    --------          -------      -------  ---------------------  -------------------      -------      -------  ---------------------  -------------------  


------------------------------------------------------------------------------------------------
| Timing Details
| --------------
------------------------------------------------------------------------------------------------


---------------------------------------------------------------------------------------------------
From Clock:  clk
  To Clock:  clk

Setup :            0  Failing Endpoints,  Worst Slack       65.879ns,  Total Violation        0.000ns
Hold  :            0  Failing Endpoints,  Worst Slack        0.156ns,  Total Violation        0.000ns
PW    :            0  Failing Endpoints,  Worst Slack       39.500ns,  Total Violation        0.000ns
---------------------------------------------------------------------------------------------------


Max Delay Paths
--------------------------------------------------------------------------------------
Slack (MET) :             65.879ns  (required time - arrival time)
  Source:                 FSM_sequential_st_reg[0]_rep/C
                            (rising edge-triggered cell FDCE clocked by clk  {rise@0.000ns fall@40.000ns period=80.000ns})
  Destination:            terms_q_reg[path_confidence][4]/D
                            (rising edge-triggered cell FDRE clocked by clk  {rise@0.000ns fall@40.000ns period=80.000ns})
  Path Group:             clk
  Path Type:              Setup (Max at Slow Process Corner)
  Requirement:            80.000ns  (clk rise@80.000ns - clk rise@0.000ns)
  Data Path Delay:        13.766ns  (logic 2.946ns (21.400%)  route 10.820ns (78.600%))
  Logic Levels:           11  (CARRY4=1 LUT3=1 LUT4=2 LUT5=2 LUT6=3 MUXF7=1 MUXF8=1)
  Clock Path Skew:        -0.049ns (DCD - SCD + CPR)
    Destination Clock Delay (DCD):    0.924ns = ( 80.924 - 80.000 ) 
    Source Clock Delay      (SCD):    0.973ns
    Clock Pessimism Removal (CPR):    0.000ns
  Clock Uncertainty:      0.035ns  ((TSJ^2 + TIJ^2)^1/2 + DJ) / 2 + PE
    Total System Jitter     (TSJ):    0.071ns
    Total Input Jitter      (TIJ):    0.000ns
    Discrete Jitter          (DJ):    0.000ns
    Phase Error              (PE):    0.000ns

    Location             Delay type                Incr(ns)  Path(ns)    Netlist Resource(s)
  -------------------------------------------------------------------    -------------------
                         (clock clk rise edge)        0.000     0.000 r  <hidden>
                                                      0.000     0.000 r  clk
                         net (fo=545, unset)          0.973     0.973    clk
    SLICE_X8Y88          FDCE                                         r  FSM_sequential_st_reg[0]_rep/C
  -------------------------------------------------------------------    -------------------
    SLICE_X8Y88          FDCE (Prop_fdce_C_Q)         0.518     1.491 f  FSM_sequential_st_reg[0]_rep/Q
                         net (fo=127, routed)         3.180     4.671    FSM_sequential_st_reg[0]_rep_n_0
    SLICE_X7Y78          LUT4 (Prop_lut4_I3_O)        0.124     4.795 r  terms_o[contradiction_penalty][2]_i_283/O
                         net (fo=1, routed)           0.000     4.795    terms_o[contradiction_penalty][2]_i_283_n_0
    SLICE_X7Y78          MUXF7 (Prop_muxf7_I1_O)      0.217     5.012 r  terms_o_reg[contradiction_penalty][2]_i_187/O
                         net (fo=1, routed)           0.000     5.012    terms_o_reg[contradiction_penalty][2]_i_187_n_0
    SLICE_X7Y78          MUXF8 (Prop_muxf8_I1_O)      0.094     5.106 r  terms_o_reg[contradiction_penalty][2]_i_108/O
                         net (fo=3, routed)           1.051     6.156    p_0_in52_in
    SLICE_X8Y82          LUT3 (Prop_lut3_I0_O)        0.342     6.498 r  terms_o[contradiction_penalty][5]_i_37/O
                         net (fo=2, routed)           0.920     7.418    terms_o[contradiction_penalty][5]_i_37_n_0
    SLICE_X6Y82          LUT6 (Prop_lut6_I4_O)        0.348     7.766 r  terms_o[contradiction_penalty][2]_i_47/O
                         net (fo=3, routed)           0.807     8.574    p_0_in60_out[2]
    SLICE_X5Y81          LUT4 (Prop_lut4_I1_O)        0.124     8.698 r  terms_o[contradiction_penalty][5]_i_25/O
                         net (fo=1, routed)           1.127     9.825    terms_o[contradiction_penalty][5]_i_25_n_0
    SLICE_X7Y81          LUT6 (Prop_lut6_I2_O)        0.124     9.949 r  terms_o[contradiction_penalty][5]_i_8/O
                         net (fo=3, routed)           0.773    10.722    terms_o[contradiction_penalty][5]_i_8_n_0
    SLICE_X7Y82          LUT5 (Prop_lut5_I2_O)        0.150    10.872 r  terms_o[contradiction_penalty][5]_i_3/O
                         net (fo=2, routed)           1.143    12.016    p_1_in7_out[4]
    SLICE_X6Y84          LUT6 (Prop_lut6_I3_O)        0.332    12.348 r  terms_o[contradiction_penalty][5]_i_5/O
                         net (fo=1, routed)           0.000    12.348    terms_o[contradiction_penalty][5]_i_5_n_0
    SLICE_X6Y84          CARRY4 (Prop_carry4_S[0]_O[0])
                                                      0.252    12.600 r  terms_o_reg[contradiction_penalty][5]_i_1/O[0]
                         net (fo=4, routed)           0.605    13.205    terms_o_reg[contradiction_penalty][5]_i_1_n_7
    SLICE_X6Y86          LUT5 (Prop_lut5_I4_O)        0.321    13.526 r  terms_q[entity_match][4]_i_1/O
                         net (fo=5, routed)           1.214    14.739    terms_q[entity_match][4]_i_1_n_0
    SLICE_X4Y89          FDRE                                         r  terms_q_reg[path_confidence][4]/D
  -------------------------------------------------------------------    -------------------

                         (clock clk rise edge)       80.000    80.000 r  <hidden>
                                                      0.000    80.000 r  clk
                         net (fo=545, unset)          0.924    80.924    clk
    SLICE_X4Y89          FDRE                                         r  terms_q_reg[path_confidence][4]/C
                         clock pessimism              0.000    80.924    <hidden>
                         clock uncertainty           -0.035    80.889    <hidden>
    SLICE_X4Y89          FDRE (Setup_fdre_C_D)       -0.271    80.618    terms_q_reg[path_confidence][4]
  -------------------------------------------------------------------
                         required time                         80.618    <hidden>
                         arrival time                         -14.739    <hidden>
  -------------------------------------------------------------------
                         slack                                 65.879    <hidden>





Min Delay Paths
--------------------------------------------------------------------------------------
Slack (MET) :             0.156ns  (arrival time - required time)
  Source:                 terms_q_reg[context_match][6]/C
                            (rising edge-triggered cell FDRE clocked by clk  {rise@0.000ns fall@40.000ns period=80.000ns})
  Destination:            terms_o_reg[context_match][6]/D
                            (rising edge-triggered cell FDRE clocked by clk  {rise@0.000ns fall@40.000ns period=80.000ns})
  Path Group:             clk
  Path Type:              Hold (Min at Fast Process Corner)
  Requirement:            0.000ns  (clk rise@0.000ns - clk rise@0.000ns)
  Data Path Delay:        0.187ns  (logic 0.128ns (68.352%)  route 0.059ns (31.648%))
  Logic Levels:           0  
  Clock Path Skew:        0.022ns (DCD - SCD - CPR)
    Destination Clock Delay (DCD):    0.432ns
    Source Clock Delay      (SCD):    0.410ns
    Clock Pessimism Removal (CPR):    -0.000ns

    Location             Delay type                Incr(ns)  Path(ns)    Netlist Resource(s)
  -------------------------------------------------------------------    -------------------
                         (clock clk rise edge)        0.000     0.000 r  <hidden>
                                                      0.000     0.000 r  clk
                         net (fo=545, unset)          0.410     0.410    clk
    SLICE_X7Y88          FDRE                                         r  terms_q_reg[context_match][6]/C
  -------------------------------------------------------------------    -------------------
    SLICE_X7Y88          FDRE (Prop_fdre_C_Q)         0.128     0.538 r  terms_q_reg[context_match][6]/Q
                         net (fo=1, routed)           0.059     0.597    terms_q_reg[context_match][6]
    SLICE_X6Y88          FDRE                                         r  terms_o_reg[context_match][6]/D
  -------------------------------------------------------------------    -------------------

                         (clock clk rise edge)        0.000     0.000 r  <hidden>
                                                      0.000     0.000 r  clk
                         net (fo=545, unset)          0.432     0.432    clk
    SLICE_X6Y88          FDRE                                         r  terms_o_reg[context_match][6]/C
                         clock pessimism              0.000     0.432    <hidden>
    SLICE_X6Y88          FDRE (Hold_fdre_C_D)         0.010     0.442    terms_o_reg[context_match][6]
  -------------------------------------------------------------------
                         required time                         -0.442    <hidden>
                         arrival time                           0.597    <hidden>
  -------------------------------------------------------------------
                         slack                                  0.156    <hidden>





Pulse Width Checks
--------------------------------------------------------------------------------------
Clock Name:         clk
Waveform(ns):       { 0.000 40.000 }
Period(ns):         80.000
Sources:            { clk }

Check Type        Corner  Lib Pin  Reference Pin  Required(ns)  Actual(ns)  Slack(ns)  Location     Pin
Min Period        n/a     FDCE/C   n/a            1.000         80.000      79.000     SLICE_X8Y89  FSM_sequential_st_reg[0]/C
Low Pulse Width   Slow    FDCE/C   n/a            0.500         40.000      39.500     SLICE_X8Y89  FSM_sequential_st_reg[0]/C
High Pulse Width  Slow    FDCE/C   n/a            0.500         40.000      39.500     SLICE_X8Y89  FSM_sequential_st_reg[0]/C



