Copyright 1986-2022 Xilinx, Inc. All Rights Reserved. Copyright 2022-2026 Advanced Micro Devices, Inc. All Rights Reserved.
------------------------------------------------------------------------------------------------------------------------------------------------------------------------------------------
| Tool Version : Vivado v.2026.1 (win64) Build 6511674 Tue Jun 16 11:02:23 MDT 2026
| Date         : Tue Sep  1 09:44:51 2026
| Host         : laptop-Quan running 64-bit major release  (build 9200)
| Command      : report_timing_summary -file D:/Jetking_sem4/SEM_4/arty-a7-online-lm-grok-orch-00/results/A7-NATIVE-GRAPH/GROK-ORCH-00/GRAPH-PAYLOAD-NORESET-00/ooc_heap_timing_route.rpt
| Design       : a7ng_topk_stream_minheap
| Device       : 7a100t-csg324
| Speed File   : -1  PRODUCTION 1.23 2018-06-13
| Design State : Routed
------------------------------------------------------------------------------------------------------------------------------------------------------------------------------------------

Timing Summary Report

------------------------------------------------------------------------------------------------
| Timer Settings
| --------------
------------------------------------------------------------------------------------------------

  Enable Multi Corner Analysis               :  Yes
  Enable Pessimism Removal                   :  Yes
  Pessimism Removal Resolution               :  Nearest Common Node
  Enable Input Delay Default Clock           :  No
  Enable Preset / Clear Arcs                 :  No
  Disable Flight Delays                      :  No
  Ignore I/O Paths                           :  No
  Timing Early Launch at Borrowing Latches   :  No
  Borrow Time for Max Delay Exceptions       :  Yes
  Merge Timing Exceptions                    :  Yes
  Inter-SLR Compensation                     :  Conservative

  Corner  Analyze    Analyze    
  Name    Max Paths  Min Paths  
  ------  ---------  ---------  
  Slow    Yes        Yes        
  Fast    Yes        Yes        


------------------------------------------------------------------------------------------------
| Report Methodology
| ------------------
------------------------------------------------------------------------------------------------

No report available as report_methodology has not been run prior. Run report_methodology on the current design for the summary of methodology violations.



check_timing report

Table of Contents
-----------------
1. checking no_clock (0)
2. checking constant_clock (0)
3. checking pulse_width_clock (0)
4. checking unconstrained_internal_endpoints (0)
5. checking no_input_delay (58)
6. checking no_output_delay (119)
7. checking multiple_clock (0)
8. checking generated_clocks (0)
9. checking loops (0)
10. checking partial_input_delay (0)
11. checking partial_output_delay (0)
12. checking latch_loops (0)

1. checking no_clock (0)
------------------------
 There are 0 register/latch pins with no clock.


2. checking constant_clock (0)
------------------------------
 There are 0 register/latch pins with constant_clock.


3. checking pulse_width_clock (0)
---------------------------------
 There are 0 register/latch pins which need pulse_width check


4. checking unconstrained_internal_endpoints (0)
------------------------------------------------
 There are 0 pins that are not constrained for maximum delay.

 There are 0 pins that are not constrained for maximum delay due to constant clock.


5. checking no_input_delay (58)
-------------------------------
 There are 58 input ports with no input delay specified. (HIGH)

 There are 0 input ports with no input delay but user has a false path constraint.


6. checking no_output_delay (119)
---------------------------------
 There are 119 ports with no output delay specified. (HIGH)

 There are 0 ports with no output delay but user has a false path constraint

 There are 0 ports with no output delay but with a timing clock defined on it or propagating through it


7. checking multiple_clock (0)
------------------------------
 There are 0 register/latch pins with multiple clocks.


8. checking generated_clocks (0)
--------------------------------
 There are 0 generated clocks that are not connected to a clock source.


9. checking loops (0)
---------------------
 There are 0 combinational loops in the design.


10. checking partial_input_delay (0)
------------------------------------
 There are 0 input ports with partial input delay specified.


11. checking partial_output_delay (0)
-------------------------------------
 There are 0 ports with partial output delay specified.


12. checking latch_loops (0)
----------------------------
 There are 0 combinational latch loops in the design through latch input



------------------------------------------------------------------------------------------------
| Design Timing Summary
| ---------------------
------------------------------------------------------------------------------------------------

    WNS(ns)      TNS(ns)  TNS Failing Endpoints  TNS Total Endpoints      WHS(ns)      THS(ns)  THS Failing Endpoints  THS Total Endpoints     WPWS(ns)     TPWS(ns)  TPWS Failing Endpoints  TPWS Total Endpoints  
    -------      -------  ---------------------  -------------------      -------      -------  ---------------------  -------------------     --------     --------  ----------------------  --------------------  
     49.941        0.000                      0                 1142        0.185        0.000                      0                 1142       39.500        0.000                       0                   602  


All user specified timing constraints are met.


------------------------------------------------------------------------------------------------
| Clock Summary
| -------------
------------------------------------------------------------------------------------------------

Clock  Waveform(ns)       Period(ns)      Frequency(MHz)
-----  ------------       ----------      --------------
clk    {0.000 40.000}     80.000          12.500          


------------------------------------------------------------------------------------------------
| Intra Clock Table
| -----------------
------------------------------------------------------------------------------------------------

Clock             WNS(ns)      TNS(ns)  TNS Failing Endpoints  TNS Total Endpoints      WHS(ns)      THS(ns)  THS Failing Endpoints  THS Total Endpoints     WPWS(ns)     TPWS(ns)  TPWS Failing Endpoints  TPWS Total Endpoints  
-----             -------      -------  ---------------------  -------------------      -------      -------  ---------------------  -------------------     --------     --------  ----------------------  --------------------  
clk                49.941        0.000                      0                 1142        0.185        0.000                      0                 1142       39.500        0.000                       0                   602  


------------------------------------------------------------------------------------------------
| Inter Clock Table
| -----------------
------------------------------------------------------------------------------------------------

From Clock    To Clock          WNS(ns)      TNS(ns)  TNS Failing Endpoints  TNS Total Endpoints      WHS(ns)      THS(ns)  THS Failing Endpoints  THS Total Endpoints  
----------    --------          -------      -------  ---------------------  -------------------      -------      -------  ---------------------  -------------------  


------------------------------------------------------------------------------------------------
| Other Path Groups Table
| -----------------------
------------------------------------------------------------------------------------------------

Path Group    From Clock    To Clock          WNS(ns)      TNS(ns)  TNS Failing Endpoints  TNS Total Endpoints      WHS(ns)      THS(ns)  THS Failing Endpoints  THS Total Endpoints  
----------    ----------    --------          -------      -------  ---------------------  -------------------      -------      -------  ---------------------  -------------------  


------------------------------------------------------------------------------------------------
| Timing Details
| --------------
------------------------------------------------------------------------------------------------


---------------------------------------------------------------------------------------------------
From Clock:  clk
  To Clock:  clk

Setup :            0  Failing Endpoints,  Worst Slack       49.941ns,  Total Violation        0.000ns
Hold  :            0  Failing Endpoints,  Worst Slack        0.185ns,  Total Violation        0.000ns
PW    :            0  Failing Endpoints,  Worst Slack       39.500ns,  Total Violation        0.000ns
---------------------------------------------------------------------------------------------------


Max Delay Paths
--------------------------------------------------------------------------------------
Slack (MET) :             49.941ns  (required time - arrival time)
  Source:                 hf_idx_reg[1]_rep__1/C
                            (rising edge-triggered cell FDCE clocked by clk  {rise@0.000ns fall@40.000ns period=80.000ns})
  Destination:            h_reg[5][id][22]/CE
                            (rising edge-triggered cell FDRE clocked by clk  {rise@0.000ns fall@40.000ns period=80.000ns})
  Path Group:             clk
  Path Type:              Setup (Max at Slow Process Corner)
  Requirement:            80.000ns  (clk rise@80.000ns - clk rise@0.000ns)
  Data Path Delay:        29.770ns  (logic 4.424ns (14.861%)  route 25.346ns (85.139%))
  Logic Levels:           18  (CARRY4=4 LUT3=2 LUT4=3 LUT6=7 MUXF7=2)
  Clock Path Skew:        -0.049ns (DCD - SCD + CPR)
    Destination Clock Delay (DCD):    0.924ns = ( 80.924 - 80.000 ) 
    Source Clock Delay      (SCD):    0.973ns
    Clock Pessimism Removal (CPR):    0.000ns
  Clock Uncertainty:      0.035ns  ((TSJ^2 + TIJ^2)^1/2 + DJ) / 2 + PE
    Total System Jitter     (TSJ):    0.071ns
    Total Input Jitter      (TIJ):    0.000ns
    Discrete Jitter          (DJ):    0.000ns
    Phase Error              (PE):    0.000ns

    Location             Delay type                Incr(ns)  Path(ns)    Netlist Resource(s)
  -------------------------------------------------------------------    -------------------
                         (clock clk rise edge)        0.000     0.000 r  <hidden>
                                                      0.000     0.000 r  clk
                         net (fo=601, unset)          0.973     0.973    clk
    SLICE_X35Y41         FDCE                                         r  hf_idx_reg[1]_rep__1/C
  -------------------------------------------------------------------    -------------------
    SLICE_X35Y41         FDCE (Prop_fdce_C_Q)         0.456     1.429 r  hf_idx_reg[1]_rep__1/Q
                         net (fo=113, routed)         3.624     5.053    hf_idx_reg[1]_rep__1_n_0
    SLICE_X15Y42         LUT6 (Prop_lut6_I2_O)        0.124     5.177 r  h[3][s][9]_i_8/O
                         net (fo=1, routed)           0.000     5.177    h[3][s][9]_i_8_n_0
    SLICE_X15Y42         MUXF7 (Prop_muxf7_I0_O)      0.212     5.389 r  h_reg[3][s][9]_i_4/O
                         net (fo=22, routed)          1.511     6.901    h_reg[3][s][9]_i_4_n_0
    SLICE_X23Y41         LUT6 (Prop_lut6_I1_O)        0.299     7.200 r  hf_idx[2]_i_346/O
                         net (fo=1, routed)           0.000     7.200    hf_idx[2]_i_346_n_0
    SLICE_X23Y41         CARRY4 (Prop_carry4_S[3]_CO[3])
                                                      0.401     7.601 r  hf_idx_reg[2]_i_237/CO[3]
                         net (fo=1, routed)           0.000     7.601    hf_idx_reg[2]_i_237_n_0
    SLICE_X23Y42         CARRY4 (Prop_carry4_CI_CO[1])
                                                      0.157     7.758 r  hf_idx_reg[2]_i_120/CO[1]
                         net (fo=2, routed)           1.370     9.127    beats1
    SLICE_X38Y45         LUT4 (Prop_lut4_I1_O)        0.329     9.456 r  hf_idx[2]_i_49/O
                         net (fo=1, routed)           0.670    10.127    hf_idx[2]_i_49_n_0
    SLICE_X38Y45         LUT6 (Prop_lut6_I4_O)        0.124    10.251 r  hf_idx[2]_i_20/O
                         net (fo=4, routed)           0.590    10.841    hf_idx[2]_i_20_n_0
    SLICE_X41Y44         LUT3 (Prop_lut3_I1_O)        0.149    10.990 r  hf_idx[2]_i_11/O
                         net (fo=70, routed)          3.517    14.507    hf_idx[2]_i_11_n_0
    SLICE_X27Y32         MUXF7 (Prop_muxf7_S_O)       0.484    14.991 r  hf_idx_reg[2]_i_146/O
                         net (fo=3, routed)           1.349    16.340    hf_idx_reg[2]_i_146_n_0
    SLICE_X37Y32         LUT4 (Prop_lut4_I2_O)        0.299    16.639 r  hf_idx[2]_i_183/O
                         net (fo=1, routed)           0.000    16.639    hf_idx[2]_i_183_n_0
    SLICE_X37Y32         CARRY4 (Prop_carry4_S[0]_CO[3])
                                                      0.532    17.171 r  hf_idx_reg[2]_i_80/CO[3]
                         net (fo=1, routed)           0.000    17.171    hf_idx_reg[2]_i_80_n_0
    SLICE_X37Y33         CARRY4 (Prop_carry4_CI_CO[3])
                                                      0.114    17.285 f  hf_idx_reg[2]_i_33/CO[3]
                         net (fo=1, routed)           1.563    18.848    beats011_in
    SLICE_X37Y45         LUT4 (Prop_lut4_I0_O)        0.124    18.972 f  hf_idx[2]_i_17/O
                         net (fo=2, routed)           0.983    19.955    hf_idx[2]_i_17_n_0
    SLICE_X38Y47         LUT6 (Prop_lut6_I5_O)        0.124    20.079 f  hf_idx[2]_i_8/O
                         net (fo=6, routed)           0.837    20.916    hf_idx[2]_i_8_n_0
    SLICE_X37Y45         LUT6 (Prop_lut6_I5_O)        0.124    21.040 r  hf_idx[0]_i_4/O
                         net (fo=117, routed)         3.420    24.460    hf_idx[0]_i_4_n_0
    SLICE_X16Y33         LUT3 (Prop_lut3_I0_O)        0.124    24.584 r  h[5][id][31]_i_7/O
                         net (fo=54, routed)          2.722    27.306    h[5][id][31]_i_7_n_0
    SLICE_X35Y42         LUT6 (Prop_lut6_I4_O)        0.124    27.430 f  h[5][id][31]_i_3/O
                         net (fo=1, routed)           0.437    27.867    h[5][id][31]_i_3_n_0
    SLICE_X35Y43         LUT6 (Prop_lut6_I5_O)        0.124    27.991 r  h[5][id][31]_i_1/O
                         net (fo=53, routed)          2.752    30.743    h[5][id][31]_i_1_n_0
    SLICE_X35Y28         FDRE                                         r  h_reg[5][id][22]/CE
  -------------------------------------------------------------------    -------------------

                         (clock clk rise edge)       80.000    80.000 r  <hidden>
                                                      0.000    80.000 r  clk
                         net (fo=601, unset)          0.924    80.924    clk
    SLICE_X35Y28         FDRE                                         r  h_reg[5][id][22]/C
                         clock pessimism              0.000    80.924    <hidden>
                         clock uncertainty           -0.035    80.889    <hidden>
    SLICE_X35Y28         FDRE (Setup_fdre_C_CE)      -0.205    80.684    h_reg[5][id][22]
  -------------------------------------------------------------------
                         required time                         80.684    <hidden>
                         arrival time                         -30.743    <hidden>
  -------------------------------------------------------------------
                         slack                                 49.941    <hidden>





Min Delay Paths
--------------------------------------------------------------------------------------
Slack (MET) :             0.185ns  (arrival time - required time)
  Source:                 sort_j_reg[0]/C
                            (rising edge-triggered cell FDCE clocked by clk  {rise@0.000ns fall@40.000ns period=80.000ns})
  Destination:            sort_j_reg[1]/D
                            (rising edge-triggered cell FDCE clocked by clk  {rise@0.000ns fall@40.000ns period=80.000ns})
  Path Group:             clk
  Path Type:              Hold (Min at Fast Process Corner)
  Requirement:            0.000ns  (clk rise@0.000ns - clk rise@0.000ns)
  Data Path Delay:        0.298ns  (logic 0.186ns (62.500%)  route 0.112ns (37.500%))
  Logic Levels:           1  (LUT6=1)
  Clock Path Skew:        0.022ns (DCD - SCD - CPR)
    Destination Clock Delay (DCD):    0.432ns
    Source Clock Delay      (SCD):    0.410ns
    Clock Pessimism Removal (CPR):    -0.000ns

    Location             Delay type                Incr(ns)  Path(ns)    Netlist Resource(s)
  -------------------------------------------------------------------    -------------------
                         (clock clk rise edge)        0.000     0.000 r  <hidden>
                                                      0.000     0.000 r  clk
                         net (fo=601, unset)          0.410     0.410    clk
    SLICE_X32Y51         FDCE                                         r  sort_j_reg[0]/C
  -------------------------------------------------------------------    -------------------
    SLICE_X32Y51         FDCE (Prop_fdce_C_Q)         0.141     0.551 r  sort_j_reg[0]/Q
                         net (fo=47, routed)          0.112     0.663    sort_j_reg_n_0_[0]
    SLICE_X33Y51         LUT6 (Prop_lut6_I0_O)        0.045     0.708 r  sort_j[1]_i_1/O
                         net (fo=1, routed)           0.000     0.708    sort_j[1]_i_1_n_0
    SLICE_X33Y51         FDCE                                         r  sort_j_reg[1]/D
  -------------------------------------------------------------------    -------------------

                         (clock clk rise edge)        0.000     0.000 r  <hidden>
                                                      0.000     0.000 r  clk
                         net (fo=601, unset)          0.432     0.432    clk
    SLICE_X33Y51         FDCE                                         r  sort_j_reg[1]/C
                         clock pessimism              0.000     0.432    <hidden>
    SLICE_X33Y51         FDCE (Hold_fdce_C_D)         0.091     0.523    sort_j_reg[1]
  -------------------------------------------------------------------
                         required time                         -0.523    <hidden>
                         arrival time                           0.708    <hidden>
  -------------------------------------------------------------------
                         slack                                  0.185    <hidden>





Pulse Width Checks
--------------------------------------------------------------------------------------
Clock Name:         clk
Waveform(ns):       { 0.000 40.000 }
Period(ns):         80.000
Sources:            { clk }

Check Type        Corner  Lib Pin  Reference Pin  Required(ns)  Actual(ns)  Slack(ns)  Location      Pin
Min Period        n/a     FDCE/C   n/a            1.000         80.000      79.000     SLICE_X35Y45  FSM_sequential_st_reg[0]/C
Low Pulse Width   Slow    FDCE/C   n/a            0.500         40.000      39.500     SLICE_X35Y45  FSM_sequential_st_reg[0]/C
High Pulse Width  Slow    FDCE/C   n/a            0.500         40.000      39.500     SLICE_X35Y45  FSM_sequential_st_reg[0]/C



