Copyright 1986-2022 Xilinx, Inc. All Rights Reserved. Copyright 2022-2026 Advanced Micro Devices, Inc. All Rights Reserved.
------------------------------------------------------------------------------------------------------------------------------------------------------------------------------------------
| Tool Version : Vivado v.2026.1 (win64) Build 6511674 Tue Jun 16 11:02:23 MDT 2026
| Date         : Tue Sep  1 09:48:09 2026
| Host         : laptop-Quan running 64-bit major release  (build 9200)
| Command      : report_timing_summary -file D:/Jetking_sem4/SEM_4/arty-a7-online-lm-grok-orch-00/results/A7-NATIVE-GRAPH/GROK-ORCH-00/GRAPH-PAYLOAD-NORESET-00/ooc_ng02_timing_route.rpt
| Design       : a7ng_ng02_core
| Device       : 7a100t-csg324
| Speed File   : -1  PRODUCTION 1.23 2018-06-13
| Design State : Routed
------------------------------------------------------------------------------------------------------------------------------------------------------------------------------------------

Timing Summary Report

------------------------------------------------------------------------------------------------
| Timer Settings
| --------------
------------------------------------------------------------------------------------------------

  Enable Multi Corner Analysis               :  Yes
  Enable Pessimism Removal                   :  Yes
  Pessimism Removal Resolution               :  Nearest Common Node
  Enable Input Delay Default Clock           :  No
  Enable Preset / Clear Arcs                 :  No
  Disable Flight Delays                      :  No
  Ignore I/O Paths                           :  No
  Timing Early Launch at Borrowing Latches   :  No
  Borrow Time for Max Delay Exceptions       :  Yes
  Merge Timing Exceptions                    :  Yes
  Inter-SLR Compensation                     :  Conservative

  Corner  Analyze    Analyze    
  Name    Max Paths  Min Paths  
  ------  ---------  ---------  
  Slow    Yes        Yes        
  Fast    Yes        Yes        


------------------------------------------------------------------------------------------------
| Report Methodology
| ------------------
------------------------------------------------------------------------------------------------

No report available as report_methodology has not been run prior. Run report_methodology on the current design for the summary of methodology violations.



check_timing report

Table of Contents
-----------------
1. checking no_clock (0)
2. checking constant_clock (0)
3. checking pulse_width_clock (0)
4. checking unconstrained_internal_endpoints (0)
5. checking no_input_delay (1426)
6. checking no_output_delay (502)
7. checking multiple_clock (0)
8. checking generated_clocks (0)
9. checking loops (0)
10. checking partial_input_delay (0)
11. checking partial_output_delay (0)
12. checking latch_loops (0)

1. checking no_clock (0)
------------------------
 There are 0 register/latch pins with no clock.


2. checking constant_clock (0)
------------------------------
 There are 0 register/latch pins with constant_clock.


3. checking pulse_width_clock (0)
---------------------------------
 There are 0 register/latch pins which need pulse_width check


4. checking unconstrained_internal_endpoints (0)
------------------------------------------------
 There are 0 pins that are not constrained for maximum delay.

 There are 0 pins that are not constrained for maximum delay due to constant clock.


5. checking no_input_delay (1426)
---------------------------------
 There are 1426 input ports with no input delay specified. (HIGH)

 There are 0 input ports with no input delay but user has a false path constraint.


6. checking no_output_delay (502)
---------------------------------
 There are 502 ports with no output delay specified. (HIGH)

 There are 0 ports with no output delay but user has a false path constraint

 There are 0 ports with no output delay but with a timing clock defined on it or propagating through it


7. checking multiple_clock (0)
------------------------------
 There are 0 register/latch pins with multiple clocks.


8. checking generated_clocks (0)
--------------------------------
 There are 0 generated clocks that are not connected to a clock source.


9. checking loops (0)
---------------------
 There are 0 combinational loops in the design.


10. checking partial_input_delay (0)
------------------------------------
 There are 0 input ports with partial input delay specified.


11. checking partial_output_delay (0)
-------------------------------------
 There are 0 ports with partial output delay specified.


12. checking latch_loops (0)
----------------------------
 There are 0 combinational latch loops in the design through latch input



------------------------------------------------------------------------------------------------
| Design Timing Summary
| ---------------------
------------------------------------------------------------------------------------------------

    WNS(ns)      TNS(ns)  TNS Failing Endpoints  TNS Total Endpoints      WHS(ns)      THS(ns)  THS Failing Endpoints  THS Total Endpoints     WPWS(ns)     TPWS(ns)  TPWS Failing Endpoints  TPWS Total Endpoints  
    -------      -------  ---------------------  -------------------      -------      -------  ---------------------  -------------------     --------     --------  ----------------------  --------------------  
     53.186        0.000                      0                16880        0.096        0.000                      0                16880       39.500        0.000                       0                  9413  


All user specified timing constraints are met.


------------------------------------------------------------------------------------------------
| Clock Summary
| -------------
------------------------------------------------------------------------------------------------

Clock  Waveform(ns)       Period(ns)      Frequency(MHz)
-----  ------------       ----------      --------------
clk    {0.000 40.000}     80.000          12.500          


------------------------------------------------------------------------------------------------
| Intra Clock Table
| -----------------
------------------------------------------------------------------------------------------------

Clock             WNS(ns)      TNS(ns)  TNS Failing Endpoints  TNS Total Endpoints      WHS(ns)      THS(ns)  THS Failing Endpoints  THS Total Endpoints     WPWS(ns)     TPWS(ns)  TPWS Failing Endpoints  TPWS Total Endpoints  
-----             -------      -------  ---------------------  -------------------      -------      -------  ---------------------  -------------------     --------     --------  ----------------------  --------------------  
clk                53.186        0.000                      0                16880        0.096        0.000                      0                16880       39.500        0.000                       0                  9413  


------------------------------------------------------------------------------------------------
| Inter Clock Table
| -----------------
------------------------------------------------------------------------------------------------

From Clock    To Clock          WNS(ns)      TNS(ns)  TNS Failing Endpoints  TNS Total Endpoints      WHS(ns)      THS(ns)  THS Failing Endpoints  THS Total Endpoints  
----------    --------          -------      -------  ---------------------  -------------------      -------      -------  ---------------------  -------------------  


------------------------------------------------------------------------------------------------
| Other Path Groups Table
| -----------------------
------------------------------------------------------------------------------------------------

Path Group    From Clock    To Clock          WNS(ns)      TNS(ns)  TNS Failing Endpoints  TNS Total Endpoints      WHS(ns)      THS(ns)  THS Failing Endpoints  THS Total Endpoints  
----------    ----------    --------          -------      -------  ---------------------  -------------------      -------      -------  ---------------------  -------------------  


------------------------------------------------------------------------------------------------
| Timing Details
| --------------
------------------------------------------------------------------------------------------------


---------------------------------------------------------------------------------------------------
From Clock:  clk
  To Clock:  clk

Setup :            0  Failing Endpoints,  Worst Slack       53.186ns,  Total Violation        0.000ns
Hold  :            0  Failing Endpoints,  Worst Slack        0.096ns,  Total Violation        0.000ns
PW    :            0  Failing Endpoints,  Worst Slack       39.500ns,  Total Violation        0.000ns
---------------------------------------------------------------------------------------------------


Max Delay Paths
--------------------------------------------------------------------------------------
Slack (MET) :             53.186ns  (required time - arrival time)
  Source:                 u_topk/hf_idx_reg[1]_rep__1/C
                            (rising edge-triggered cell FDCE clocked by clk  {rise@0.000ns fall@40.000ns period=80.000ns})
  Destination:            u_topk/h_reg[1][id][10]/CE
                            (rising edge-triggered cell FDRE clocked by clk  {rise@0.000ns fall@40.000ns period=80.000ns})
  Path Group:             clk
  Path Type:              Setup (Max at Slow Process Corner)
  Requirement:            80.000ns  (clk rise@80.000ns - clk rise@0.000ns)
  Data Path Delay:        26.525ns  (logic 5.072ns (19.122%)  route 21.453ns (80.878%))
  Logic Levels:           18  (CARRY4=3 LUT2=1 LUT3=3 LUT4=1 LUT6=9 MUXF7=1)
  Clock Path Skew:        -0.049ns (DCD - SCD + CPR)
    Destination Clock Delay (DCD):    0.924ns = ( 80.924 - 80.000 ) 
    Source Clock Delay      (SCD):    0.973ns
    Clock Pessimism Removal (CPR):    0.000ns
  Clock Uncertainty:      0.035ns  ((TSJ^2 + TIJ^2)^1/2 + DJ) / 2 + PE
    Total System Jitter     (TSJ):    0.071ns
    Total Input Jitter      (TIJ):    0.000ns
    Discrete Jitter          (DJ):    0.000ns
    Phase Error              (PE):    0.000ns

    Location             Delay type                Incr(ns)  Path(ns)    Netlist Resource(s)
  -------------------------------------------------------------------    -------------------
                         (clock clk rise edge)        0.000     0.000 r  <hidden>
                                                      0.000     0.000 r  clk
                         net (fo=9412, unset)         0.973     0.973    u_topk/clk
    SLICE_X71Y62         FDCE                                         r  u_topk/hf_idx_reg[1]_rep__1/C
  -------------------------------------------------------------------    -------------------
    SLICE_X71Y62         FDCE (Prop_fdce_C_Q)         0.456     1.429 r  u_topk/hf_idx_reg[1]_rep__1/Q
                         net (fo=112, routed)         4.395     5.824    u_topk/hf_idx_reg[1]_rep__1_n_0
    SLICE_X35Y58         LUT6 (Prop_lut6_I2_O)        0.124     5.948 r  u_topk/h[3][id][20]_i_8/O
                         net (fo=1, routed)           0.000     5.948    u_topk/h[3][id][20]_i_8_n_0
    SLICE_X35Y58         MUXF7 (Prop_muxf7_I0_O)      0.212     6.160 r  u_topk/h_reg[3][id][20]_i_4/O
                         net (fo=22, routed)          1.359     7.519    u_topk/h_reg[3][id][20]_i_4_n_0
    SLICE_X47Y56         LUT6 (Prop_lut6_I4_O)        0.299     7.818 r  u_topk/hf_idx[2]_i_343/O
                         net (fo=1, routed)           0.000     7.818    u_topk/hf_idx[2]_i_343_n_0
    SLICE_X47Y56         CARRY4 (Prop_carry4_S[2]_CO[3])
                                                      0.398     8.216 r  u_topk/hf_idx_reg[2]_i_226/CO[3]
                         net (fo=1, routed)           0.000     8.216    u_topk/hf_idx_reg[2]_i_226_n_0
    SLICE_X47Y57         CARRY4 (Prop_carry4_CI_CO[2])
                                                      0.228     8.444 r  u_topk/hf_idx_reg[2]_i_118/CO[2]
                         net (fo=2, routed)           1.061     9.505    u_topk/beats15_out
    SLICE_X64Y56         LUT3 (Prop_lut3_I0_O)        0.313     9.818 r  u_topk/hf_idx[2]_i_48/O
                         net (fo=1, routed)           0.492    10.310    u_topk/hf_idx[2]_i_48_n_0
    SLICE_X65Y56         LUT6 (Prop_lut6_I3_O)        0.124    10.434 r  u_topk/hf_idx[2]_i_20/O
                         net (fo=4, routed)           0.870    11.304    u_topk/hf_idx[2]_i_20_n_0
    SLICE_X65Y51         LUT2 (Prop_lut2_I0_O)        0.117    11.421 r  u_topk/hf_idx[0]_i_5/O
                         net (fo=107, routed)         1.745    13.166    u_topk/hf_idx[0]_i_5_n_0
    SLICE_X50Y61         LUT6 (Prop_lut6_I4_O)        0.332    13.498 f  u_topk/hf_idx[2]_i_154/O
                         net (fo=1, routed)           1.352    14.850    u_topk/hf_idx[2]_i_154_n_0
    SLICE_X60Y55         LUT3 (Prop_lut3_I0_O)        0.153    15.003 r  u_topk/hf_idx[2]_i_62/O
                         net (fo=3, routed)           1.054    16.057    u_topk/hf_idx[2]_i_62_n_0
    SLICE_X51Y58         LUT6 (Prop_lut6_I1_O)        0.331    16.388 r  u_topk/hf_idx[2]_i_23/O
                         net (fo=1, routed)           0.000    16.388    u_topk/hf_idx[2]_i_23_n_0
    SLICE_X51Y58         CARRY4 (Prop_carry4_S[1]_CO[2])
                                                      0.570    16.958 r  u_topk/hf_idx_reg[2]_i_12/CO[2]
                         net (fo=3, routed)           1.619    18.577    u_topk/hf_idx_reg[2]_i_12_n_1
    SLICE_X66Y57         LUT4 (Prop_lut4_I1_O)        0.341    18.918 r  u_topk/hf_idx[2]_i_17/O
                         net (fo=2, routed)           0.316    19.235    u_topk/hf_idx[2]_i_17_n_0
    SLICE_X66Y58         LUT6 (Prop_lut6_I5_O)        0.348    19.583 r  u_topk/hf_idx[2]_i_8/O
                         net (fo=6, routed)           0.666    20.248    u_topk/hf_idx[2]_i_8_n_0
    SLICE_X67Y58         LUT6 (Prop_lut6_I1_O)        0.124    20.372 f  u_topk/hf_idx[1]_i_3/O
                         net (fo=115, routed)         1.363    21.735    u_topk/hf_idx[1]_i_3_n_0
    SLICE_X59Y60         LUT3 (Prop_lut3_I2_O)        0.152    21.887 r  u_topk/h[1][id][31]_i_8/O
                         net (fo=54, routed)          1.059    22.946    u_topk/h[1][id][31]_i_8_n_0
    SLICE_X69Y63         LUT6 (Prop_lut6_I1_O)        0.326    23.272 f  u_topk/h[1][id][31]_i_4/O
                         net (fo=1, routed)           0.559    23.831    u_topk/h[1][id][31]_i_4_n_0
    SLICE_X70Y61         LUT6 (Prop_lut6_I4_O)        0.124    23.955 r  u_topk/h[1][id][31]_i_1/O
                         net (fo=53, routed)          3.542    27.498    u_topk/h[1][id][31]_i_1_n_0
    SLICE_X36Y51         FDRE                                         r  u_topk/h_reg[1][id][10]/CE
  -------------------------------------------------------------------    -------------------

                         (clock clk rise edge)       80.000    80.000 r  <hidden>
                                                      0.000    80.000 r  clk
                         net (fo=9412, unset)         0.924    80.924    u_topk/clk
    SLICE_X36Y51         FDRE                                         r  u_topk/h_reg[1][id][10]/C
                         clock pessimism              0.000    80.924    <hidden>
                         clock uncertainty           -0.035    80.889    <hidden>
    SLICE_X36Y51         FDRE (Setup_fdre_C_CE)      -0.205    80.684    u_topk/h_reg[1][id][10]
  -------------------------------------------------------------------
                         required time                         80.684    <hidden>
                         arrival time                         -27.498    <hidden>
  -------------------------------------------------------------------
                         slack                                 53.186    <hidden>





Min Delay Paths
--------------------------------------------------------------------------------------
Slack (MET) :             0.096ns  (arrival time - required time)
  Source:                 hold_id16_reg[15][13]/C
                            (rising edge-triggered cell FDRE clocked by clk  {rise@0.000ns fall@40.000ns period=80.000ns})
  Destination:            u_scorer/g_lane[3].u_lane/id_d1_reg[13]/D
                            (rising edge-triggered cell FDCE clocked by clk  {rise@0.000ns fall@40.000ns period=80.000ns})
  Path Group:             clk
  Path Type:              Hold (Min at Fast Process Corner)
  Requirement:            0.000ns  (clk rise@0.000ns - clk rise@0.000ns)
  Data Path Delay:        0.238ns  (logic 0.186ns (78.117%)  route 0.052ns (21.883%))
  Logic Levels:           1  (LUT6=1)
  Clock Path Skew:        0.022ns (DCD - SCD - CPR)
    Destination Clock Delay (DCD):    0.432ns
    Source Clock Delay      (SCD):    0.410ns
    Clock Pessimism Removal (CPR):    -0.000ns

    Location             Delay type                Incr(ns)  Path(ns)    Netlist Resource(s)
  -------------------------------------------------------------------    -------------------
                         (clock clk rise edge)        0.000     0.000 r  <hidden>
                                                      0.000     0.000 r  clk
                         net (fo=9412, unset)         0.410     0.410    clk
    SLICE_X77Y68         FDRE                                         r  hold_id16_reg[15][13]/C
  -------------------------------------------------------------------    -------------------
    SLICE_X77Y68         FDRE (Prop_fdre_C_Q)         0.141     0.551 r  hold_id16_reg[15][13]/Q
                         net (fo=1, routed)           0.052     0.603    u_scorer/id_d1_reg[31]_11[13]
    SLICE_X76Y68         LUT6 (Prop_lut6_I0_O)        0.045     0.648 r  u_scorer/g_lane[3].u_lane_i_19/O
                         net (fo=1, routed)           0.000     0.648    u_scorer/g_lane[3].u_lane/cand_id_i[13]
    SLICE_X76Y68         FDCE                                         r  u_scorer/g_lane[3].u_lane/id_d1_reg[13]/D
  -------------------------------------------------------------------    -------------------

                         (clock clk rise edge)        0.000     0.000 r  <hidden>
                                                      0.000     0.000 r  clk
                         net (fo=9412, unset)         0.432     0.432    u_scorer/g_lane[3].u_lane/clk
    SLICE_X76Y68         FDCE                                         r  u_scorer/g_lane[3].u_lane/id_d1_reg[13]/C
                         clock pessimism              0.000     0.432    <hidden>
    SLICE_X76Y68         FDCE (Hold_fdce_C_D)         0.121     0.553    u_scorer/g_lane[3].u_lane/id_d1_reg[13]
  -------------------------------------------------------------------
                         required time                         -0.553    <hidden>
                         arrival time                           0.648    <hidden>
  -------------------------------------------------------------------
                         slack                                  0.096    <hidden>





Pulse Width Checks
--------------------------------------------------------------------------------------
Clock Name:         clk
Waveform(ns):       { 0.000 40.000 }
Period(ns):         80.000
Sources:            { clk }

Check Type        Corner  Lib Pin  Reference Pin  Required(ns)  Actual(ns)  Slack(ns)  Location      Pin
Min Period        n/a     FDPE/C   n/a            1.000         80.000      79.000     SLICE_X68Y34  FSM_onehot_state_reg[0]/C
Low Pulse Width   Slow    FDPE/C   n/a            0.500         40.000      39.500     SLICE_X68Y34  FSM_onehot_state_reg[0]/C
High Pulse Width  Slow    FDPE/C   n/a            0.500         40.000      39.500     SLICE_X68Y34  FSM_onehot_state_reg[0]/C



