Copyright 1986-2022 Xilinx, Inc. All Rights Reserved. Copyright 2022-2026 Advanced Micro Devices, Inc. All Rights Reserved.
--------------------------------------------------------------------------------------------------------------------------------------------------------------------------------------------
| Tool Version : Vivado v.2026.1 (win64) Build 6511674 Tue Jun 16 11:02:23 MDT 2026
| Date         : Tue Sep  1 10:30:08 2026
| Host         : laptop-Quan running 64-bit major release  (build 9200)
| Command      : report_control_sets -verbose -file D:/Jetking_sem4/SEM_4/arty-a7-online-lm-grok-orch-00/results/A7-NATIVE-GRAPH/GROK-ORCH-00/PHASE2-G1-RESOLVER-V2-00/ooc_control_sets.rpt
| Design       : a7ng_feedback_resolver
| Device       : xc7a100t
--------------------------------------------------------------------------------------------------------------------------------------------------------------------------------------------

Control Set Information

Table of Contents
-----------------
1. Summary
2. Histogram
3. Flip-Flop Distribution
4. Detailed Control Set Information

1. Summary
----------

+----------------------------------------------------------+-------+
|                          Status                          | Count |
+----------------------------------------------------------+-------+
| Total control sets                                       |    12 |
|    Minimum number of control sets                        |    12 |
|    Addition due to synthesis replication                 |     0 |
|    Addition due to physical synthesis replication        |     0 |
| Unused register locations in slices containing registers |    11 |
+----------------------------------------------------------+-------+
* Control sets can be merged at opt_design using control_set_merge or merge_equivalent_drivers
** Run report_qor_suggestions for automated merging and remapping suggestions


2. Histogram
------------

+--------------------+-------+
|       Fanout       | Count |
+--------------------+-------+
| Total control sets |    12 |
| >= 0 to < 4        |     0 |
| >= 4 to < 6        |     0 |
| >= 6 to < 8        |     1 |
| >= 8 to < 10       |     1 |
| >= 10 to < 12      |     0 |
| >= 12 to < 14      |     0 |
| >= 14 to < 16      |     0 |
| >= 16              |    10 |
+--------------------+-------+
* Control sets can be remapped at either synth_design or opt_design


3. Flip-Flop Distribution
-------------------------

+--------------+-----------------------+------------------------+-----------------+--------------+
| Clock Enable | Synchronous Set/Reset | Asynchronous Set/Reset | Total Registers | Total Slices |
+--------------+-----------------------+------------------------+-----------------+--------------+
| No           | No                    | No                     |               0 |            0 |
| No           | No                    | Yes                    |               7 |            6 |
| No           | Yes                   | No                     |               0 |            0 |
| Yes          | No                    | No                     |               0 |            0 |
| Yes          | No                    | Yes                    |             406 |          113 |
| Yes          | Yes                   | No                     |               0 |            0 |
+--------------+-----------------------+------------------------+-----------------+--------------+


4. Detailed Control Set Information
-----------------------------------

+--------------+-----------------------------+------------------+------------------+----------------+--------------+
| Clock Signal |        Enable Signal        | Set/Reset Signal | Slice Load Count | Bel Load Count | Bels / Slice |
+--------------+-----------------------------+------------------+------------------+----------------+--------------+
|  clk         |                             | pending_i_2_n_0  |                6 |              7 |         1.17 |
|  clk         | gen[7]_i_1_n_0              | pending_i_2_n_0  |                2 |              8 |         4.00 |
|  clk         | n_orphan_o[15]_i_1_n_0      | pending_i_2_n_0  |                4 |             16 |         4.00 |
|  clk         | n_consume_o[15]_i_1_n_0     | pending_i_2_n_0  |                4 |             16 |         4.00 |
|  clk         | n_range_o[15]_i_1_n_0       | pending_i_2_n_0  |                4 |             16 |         4.00 |
|  clk         | n_late_o[15]_i_1_n_0        | pending_i_2_n_0  |                4 |             16 |         4.00 |
|  clk         | n_drop_o[15]_i_1_n_0        | pending_i_2_n_0  |                4 |             16 |         4.00 |
|  clk         | n_dup_o[15]_i_1_n_0         | pending_i_2_n_0  |                4 |             16 |         4.00 |
|  clk         | n_mode_o[15]_i_1_n_0        | pending_i_2_n_0  |                4 |             16 |         4.00 |
|  clk         | last_txn[15]_i_1_n_0        | pending_i_2_n_0  |                3 |             16 |         5.33 |
|  clk         | consume_reward_o[3]_i_1_n_0 | pending_i_2_n_0  |               41 |            133 |         3.24 |
|  clk         | txn[15]_i_1_n_0             | pending_i_2_n_0  |               39 |            137 |         3.51 |
+--------------+-----------------------------+------------------+------------------+----------------+--------------+


