Copyright 1986-2022 Xilinx, Inc. All Rights Reserved. Copyright 2022-2026 Advanced Micro Devices, Inc. All Rights Reserved.
------------------------------------------------------------------------------------------------------------------------------------------------
| Tool Version : Vivado v.2026.1 (win64) Build 6511674 Tue Jun 16 11:02:23 MDT 2026
| Date         : Sat Aug 22 08:12:58 2026
| Host         : laptop-Quan running 64-bit major release  (build 9200)
| Command      : report_timing_summary -file D:/Jetking_sem4/SEM_4/arty-a7-online-lm/results/A7-NATIVE-GRAPH/BRAM-WM-00/timing/timing_route.rpt
| Design       : a7ng_wm00_top
| Device       : 7a100t-csg324
| Speed File   : -1  PRODUCTION 1.23 2018-06-13
| Design State : Routed
------------------------------------------------------------------------------------------------------------------------------------------------

Timing Summary Report

------------------------------------------------------------------------------------------------
| Timer Settings
| --------------
------------------------------------------------------------------------------------------------

  Enable Multi Corner Analysis               :  Yes
  Enable Pessimism Removal                   :  Yes
  Pessimism Removal Resolution               :  Nearest Common Node
  Enable Input Delay Default Clock           :  No
  Enable Preset / Clear Arcs                 :  No
  Disable Flight Delays                      :  No
  Ignore I/O Paths                           :  No
  Timing Early Launch at Borrowing Latches   :  No
  Borrow Time for Max Delay Exceptions       :  Yes
  Merge Timing Exceptions                    :  Yes
  Inter-SLR Compensation                     :  Conservative

  Corner  Analyze    Analyze    
  Name    Max Paths  Min Paths  
  ------  ---------  ---------  
  Slow    Yes        Yes        
  Fast    Yes        Yes        


------------------------------------------------------------------------------------------------
| Report Methodology
| ------------------
------------------------------------------------------------------------------------------------

No report available as report_methodology has not been run prior. Run report_methodology on the current design for the summary of methodology violations.



check_timing report

Table of Contents
-----------------
1. checking no_clock (0)
2. checking constant_clock (0)
3. checking pulse_width_clock (0)
4. checking unconstrained_internal_endpoints (0)
5. checking no_input_delay (181)
6. checking no_output_delay (1368)
7. checking multiple_clock (0)
8. checking generated_clocks (0)
9. checking loops (0)
10. checking partial_input_delay (0)
11. checking partial_output_delay (0)
12. checking latch_loops (0)

1. checking no_clock (0)
------------------------
 There are 0 register/latch pins with no clock.


2. checking constant_clock (0)
------------------------------
 There are 0 register/latch pins with constant_clock.


3. checking pulse_width_clock (0)
---------------------------------
 There are 0 register/latch pins which need pulse_width check


4. checking unconstrained_internal_endpoints (0)
------------------------------------------------
 There are 0 pins that are not constrained for maximum delay.

 There are 0 pins that are not constrained for maximum delay due to constant clock.


5. checking no_input_delay (181)
--------------------------------
 There are 181 input ports with no input delay specified. (HIGH)

 There are 0 input ports with no input delay but user has a false path constraint.


6. checking no_output_delay (1368)
----------------------------------
 There are 1368 ports with no output delay specified. (HIGH)

 There are 0 ports with no output delay but user has a false path constraint

 There are 0 ports with no output delay but with a timing clock defined on it or propagating through it


7. checking multiple_clock (0)
------------------------------
 There are 0 register/latch pins with multiple clocks.


8. checking generated_clocks (0)
--------------------------------
 There are 0 generated clocks that are not connected to a clock source.


9. checking loops (0)
---------------------
 There are 0 combinational loops in the design.


10. checking partial_input_delay (0)
------------------------------------
 There are 0 input ports with partial input delay specified.


11. checking partial_output_delay (0)
-------------------------------------
 There are 0 ports with partial output delay specified.


12. checking latch_loops (0)
----------------------------
 There are 0 combinational latch loops in the design through latch input



------------------------------------------------------------------------------------------------
| Design Timing Summary
| ---------------------
------------------------------------------------------------------------------------------------

    WNS(ns)      TNS(ns)  TNS Failing Endpoints  TNS Total Endpoints      WHS(ns)      THS(ns)  THS Failing Endpoints  THS Total Endpoints     WPWS(ns)     TPWS(ns)  TPWS Failing Endpoints  TPWS Total Endpoints  
    -------      -------  ---------------------  -------------------      -------      -------  ---------------------  -------------------     --------     --------  ----------------------  --------------------  
      0.069        0.000                      0                 9037        0.186        0.000                      0                 9037        4.500        0.000                       0                  7493  


All user specified timing constraints are met.


------------------------------------------------------------------------------------------------
| Clock Summary
| -------------
------------------------------------------------------------------------------------------------

Clock  Waveform(ns)       Period(ns)      Frequency(MHz)
-----  ------------       ----------      --------------
clk    {0.000 5.000}      10.000          100.000         


------------------------------------------------------------------------------------------------
| Intra Clock Table
| -----------------
------------------------------------------------------------------------------------------------

Clock             WNS(ns)      TNS(ns)  TNS Failing Endpoints  TNS Total Endpoints      WHS(ns)      THS(ns)  THS Failing Endpoints  THS Total Endpoints     WPWS(ns)     TPWS(ns)  TPWS Failing Endpoints  TPWS Total Endpoints  
-----             -------      -------  ---------------------  -------------------      -------      -------  ---------------------  -------------------     --------     --------  ----------------------  --------------------  
clk                 0.069        0.000                      0                 9037        0.186        0.000                      0                 9037        4.500        0.000                       0                  7493  


------------------------------------------------------------------------------------------------
| Inter Clock Table
| -----------------
------------------------------------------------------------------------------------------------

From Clock    To Clock          WNS(ns)      TNS(ns)  TNS Failing Endpoints  TNS Total Endpoints      WHS(ns)      THS(ns)  THS Failing Endpoints  THS Total Endpoints  
----------    --------          -------      -------  ---------------------  -------------------      -------      -------  ---------------------  -------------------  


------------------------------------------------------------------------------------------------
| Other Path Groups Table
| -----------------------
------------------------------------------------------------------------------------------------

Path Group    From Clock    To Clock          WNS(ns)      TNS(ns)  TNS Failing Endpoints  TNS Total Endpoints      WHS(ns)      THS(ns)  THS Failing Endpoints  THS Total Endpoints  
----------    ----------    --------          -------      -------  ---------------------  -------------------      -------      -------  ---------------------  -------------------  


------------------------------------------------------------------------------------------------
| Timing Details
| --------------
------------------------------------------------------------------------------------------------


---------------------------------------------------------------------------------------------------
From Clock:  clk
  To Clock:  clk

Setup :            0  Failing Endpoints,  Worst Slack        0.069ns,  Total Violation        0.000ns
Hold  :            0  Failing Endpoints,  Worst Slack        0.186ns,  Total Violation        0.000ns
PW    :            0  Failing Endpoints,  Worst Slack        4.500ns,  Total Violation        0.000ns
---------------------------------------------------------------------------------------------------


Max Delay Paths
--------------------------------------------------------------------------------------
Slack (MET) :             0.069ns  (required time - arrival time)
  Source:                 u_cand/rd_ptr_reg[1]_rep__6/C
                            (rising edge-triggered cell FDCE clocked by clk  {rise@0.000ns fall@5.000ns period=10.000ns})
  Destination:            u_cand/auth_reg_reg[13]/D
                            (rising edge-triggered cell FDCE clocked by clk  {rise@0.000ns fall@5.000ns period=10.000ns})
  Path Group:             clk
  Path Type:              Setup (Max at Slow Process Corner)
  Requirement:            10.000ns  (clk rise@10.000ns - clk rise@0.000ns)
  Data Path Delay:        9.909ns  (logic 4.121ns (41.588%)  route 5.788ns (58.412%))
  Logic Levels:           15  (CARRY4=6 LUT4=1 LUT5=2 LUT6=3 MUXF7=2 MUXF8=1)
  Clock Path Skew:        -0.049ns (DCD - SCD + CPR)
    Destination Clock Delay (DCD):    0.924ns = ( 10.924 - 10.000 ) 
    Source Clock Delay      (SCD):    0.973ns
    Clock Pessimism Removal (CPR):    0.000ns
  Clock Uncertainty:      0.035ns  ((TSJ^2 + TIJ^2)^1/2 + DJ) / 2 + PE
    Total System Jitter     (TSJ):    0.071ns
    Total Input Jitter      (TIJ):    0.000ns
    Discrete Jitter          (DJ):    0.000ns
    Phase Error              (PE):    0.000ns

    Location             Delay type                Incr(ns)  Path(ns)    Netlist Resource(s)
  -------------------------------------------------------------------    -------------------
                         (clock clk rise edge)        0.000     0.000 r  <hidden>
                                                      0.000     0.000 r  clk
                         net (fo=7492, unset)         0.973     0.973    u_cand/clk
    SLICE_X24Y181        FDCE                                         r  u_cand/rd_ptr_reg[1]_rep__6/C
  -------------------------------------------------------------------    -------------------
    SLICE_X24Y181        FDCE (Prop_fdce_C_Q)         0.419     1.392 r  u_cand/rd_ptr_reg[1]_rep__6/Q
                         net (fo=118, routed)         2.077     3.469    u_cand/rd_ptr_reg[1]_rep__6_n_0
    SLICE_X32Y160        LUT6 (Prop_lut6_I2_O)        0.299     3.768 r  u_cand/auth_reg[15]_i_1906/O
                         net (fo=1, routed)           0.000     3.768    u_cand/auth_reg[15]_i_1906_n_0
    SLICE_X32Y160        MUXF7 (Prop_muxf7_I0_O)      0.238     4.006 r  u_cand/auth_reg_reg[15]_i_1140/O
                         net (fo=1, routed)           0.000     4.006    u_cand/auth_reg_reg[15]_i_1140_n_0
    SLICE_X32Y160        MUXF8 (Prop_muxf8_I0_O)      0.104     4.110 r  u_cand/auth_reg_reg[15]_i_597/O
                         net (fo=1, routed)           0.901     5.011    u_cand/auth_reg_reg[15]_i_597_n_0
    SLICE_X29Y171        LUT6 (Prop_lut6_I5_O)        0.316     5.327 r  u_cand/auth_reg[15]_i_237/O
                         net (fo=1, routed)           0.000     5.327    u_cand/auth_reg[15]_i_237_n_0
    SLICE_X29Y171        MUXF7 (Prop_muxf7_I1_O)      0.217     5.544 r  u_cand/auth_reg_reg[15]_i_101/O
                         net (fo=1, routed)           0.620     6.164    u_cand/auth_reg_reg[15]_i_101_n_0
    SLICE_X31Y170        LUT6 (Prop_lut6_I0_O)        0.299     6.463 r  u_cand/auth_reg[15]_i_44/O
                         net (fo=1, routed)           0.800     7.264    u_cand/auth_reg[15]_i_44_n_0
    SLICE_X32Y171        LUT5 (Prop_lut5_I0_O)        0.124     7.388 r  u_cand/auth_reg[15]_i_23/O
                         net (fo=1, routed)           0.000     7.388    u_cand/auth_reg[15]_i_23_n_0
    SLICE_X32Y171        CARRY4 (Prop_carry4_S[0]_CO[3])
                                                      0.532     7.920 r  u_cand/auth_reg_reg[15]_i_13/CO[3]
                         net (fo=1, routed)           0.000     7.920    u_cand/auth_reg_reg[15]_i_13_n_0
    SLICE_X32Y172        CARRY4 (Prop_carry4_CI_CO[1])
                                                      0.157     8.077 r  u_cand/auth_reg_reg[15]_i_9/CO[1]
                         net (fo=3, routed)           0.661     8.738    u_cand/auth_reg3
    SLICE_X35Y172        LUT4 (Prop_lut4_I1_O)        0.329     9.067 r  u_cand/auth_reg[15]_i_12/O
                         net (fo=15, routed)          0.728     9.795    u_cand/auth_reg[15]_i_12_n_0
    SLICE_X32Y167        LUT5 (Prop_lut5_I2_O)        0.124     9.919 r  u_cand/auth_reg[3]_i_3/O
                         net (fo=1, routed)           0.000     9.919    u_cand/auth_reg[3]_i_3_n_0
    SLICE_X32Y167        CARRY4 (Prop_carry4_S[3]_CO[3])
                                                      0.401    10.320 r  u_cand/auth_reg_reg[3]_i_1/CO[3]
                         net (fo=1, routed)           0.000    10.320    u_cand/auth_reg_reg[3]_i_1_n_0
    SLICE_X32Y168        CARRY4 (Prop_carry4_CI_CO[3])
                                                      0.114    10.434 r  u_cand/auth_reg_reg[7]_i_1/CO[3]
                         net (fo=1, routed)           0.000    10.434    u_cand/auth_reg_reg[7]_i_1_n_0
    SLICE_X32Y169        CARRY4 (Prop_carry4_CI_CO[3])
                                                      0.114    10.548 r  u_cand/auth_reg_reg[11]_i_1/CO[3]
                         net (fo=1, routed)           0.000    10.548    u_cand/auth_reg_reg[11]_i_1_n_0
    SLICE_X32Y170        CARRY4 (Prop_carry4_CI_O[1])
                                                      0.334    10.882 r  u_cand/auth_reg_reg[15]_i_2/O[1]
                         net (fo=1, routed)           0.000    10.882    u_cand/auth_reg_reg[15]_i_2_n_6
    SLICE_X32Y170        FDCE                                         r  u_cand/auth_reg_reg[13]/D
  -------------------------------------------------------------------    -------------------

                         (clock clk rise edge)       10.000    10.000 r  <hidden>
                                                      0.000    10.000 r  clk
                         net (fo=7492, unset)         0.924    10.924    u_cand/clk
    SLICE_X32Y170        FDCE                                         r  u_cand/auth_reg_reg[13]/C
                         clock pessimism              0.000    10.924    <hidden>
                         clock uncertainty           -0.035    10.889    <hidden>
    SLICE_X32Y170        FDCE (Setup_fdce_C_D)        0.062    10.951    u_cand/auth_reg_reg[13]
  -------------------------------------------------------------------
                         required time                         10.951    <hidden>
                         arrival time                         -10.882    <hidden>
  -------------------------------------------------------------------
                         slack                                  0.069    <hidden>





Min Delay Paths
--------------------------------------------------------------------------------------
Slack (MET) :             0.186ns  (arrival time - required time)
  Source:                 u_ddr/node_beat_o_reg[112]/C
                            (rising edge-triggered cell FDCE clocked by clk  {rise@0.000ns fall@5.000ns period=10.000ns})
  Destination:            latched_id_reg[0]/D
                            (rising edge-triggered cell FDCE clocked by clk  {rise@0.000ns fall@5.000ns period=10.000ns})
  Path Group:             clk
  Path Type:              Hold (Min at Fast Process Corner)
  Requirement:            0.000ns  (clk rise@0.000ns - clk rise@0.000ns)
  Data Path Delay:        0.260ns  (logic 0.141ns (54.263%)  route 0.119ns (45.737%))
  Logic Levels:           0  
  Clock Path Skew:        0.022ns (DCD - SCD - CPR)
    Destination Clock Delay (DCD):    0.432ns
    Source Clock Delay      (SCD):    0.410ns
    Clock Pessimism Removal (CPR):    -0.000ns

    Location             Delay type                Incr(ns)  Path(ns)    Netlist Resource(s)
  -------------------------------------------------------------------    -------------------
                         (clock clk rise edge)        0.000     0.000 r  <hidden>
                                                      0.000     0.000 r  clk
                         net (fo=7492, unset)         0.410     0.410    u_ddr/clk
    SLICE_X73Y123        FDCE                                         r  u_ddr/node_beat_o_reg[112]/C
  -------------------------------------------------------------------    -------------------
    SLICE_X73Y123        FDCE (Prop_fdce_C_Q)         0.141     0.551 r  u_ddr/node_beat_o_reg[112]/Q
                         net (fo=1, routed)           0.119     0.670    node_beat_o[112]
    SLICE_X74Y123        FDCE                                         r  latched_id_reg[0]/D
  -------------------------------------------------------------------    -------------------

                         (clock clk rise edge)        0.000     0.000 r  <hidden>
                                                      0.000     0.000 r  clk
                         net (fo=7492, unset)         0.432     0.432    clk
    SLICE_X74Y123        FDCE                                         r  latched_id_reg[0]/C
                         clock pessimism              0.000     0.432    <hidden>
    SLICE_X74Y123        FDCE (Hold_fdce_C_D)         0.052     0.484    latched_id_reg[0]
  -------------------------------------------------------------------
                         required time                         -0.484    <hidden>
                         arrival time                           0.670    <hidden>
  -------------------------------------------------------------------
                         slack                                  0.186    <hidden>





Pulse Width Checks
--------------------------------------------------------------------------------------
Clock Name:         clk
Waveform(ns):       { 0.000 5.000 }
Period(ns):         10.000
Sources:            { clk }

Check Type        Corner  Lib Pin  Reference Pin  Required(ns)  Actual(ns)  Slack(ns)  Location       Pin
Min Period        n/a     FDCE/C   n/a            1.000         10.000      9.000      SLICE_X74Y123  latched_cue_reg[31]/C
Low Pulse Width   Slow    FDCE/C   n/a            0.500         5.000       4.500      SLICE_X74Y123  latched_cue_reg[31]/C
High Pulse Width  Slow    FDCE/C   n/a            0.500         5.000       4.500      SLICE_X74Y123  latched_cue_reg[31]/C



