Copyright 1986-2022 Xilinx, Inc. All Rights Reserved. Copyright 2022-2026 Advanced Micro Devices, Inc. All Rights Reserved.
-------------------------------------------------------------------------------------------------------------------------------------------------------------------------------------------------
| Tool Version : Vivado v.2026.1 (win64) Build 6511674 Tue Jun 16 11:02:23 MDT 2026
| Date         : Thu Sep  3 01:27:40 2026
| Host         : laptop-Quan running 64-bit major release  (build 9200)
| Command      : report_cdc -details -file D:/Jetking_sem4/SEM_4/arty-a7-online-lm-grok-orch-00/results/A7-NATIVE-GRAPH/GROK-ORCH-00/P2-GATE14-C1-UART-RX-COMMAND-01/report_cdc_details_post.rpt
| Design       : arty_a7_ng_native_v1_ab_soc_top
| Device       : 7a100t-csg324
| Speed File   : -1  PRODUCTION 1.23 2018-06-13
| Design State : Physopt postRoute
-------------------------------------------------------------------------------------------------------------------------------------------------------------------------------------------------

CDC Report

ID      Severity  Count  Description
------  --------  -----  ---------------------------------------------------------------
CDC-2   Warning       8  1-bit synchronized with missing ASYNC_REG property
CDC-3   Info         20  1-bit synchronized with ASYNC_REG property
CDC-6   Warning       8  Multi-bit synchronized with ASYNC_REG property
CDC-8   Warning       1  Asynchronous reset synchronized with missing ASYNC_REG property
CDC-10  Critical      1  Combinational logic detected before a synchronizer
CDC-15  Warning     115  Clock enable controlled CDC structure detected

Source Clock: c166_raw
Destination Clock: c200_raw
CDC Type: User Ignored

Row  ID     Severity  Description                                                      Depth  Exception   Source (From)    Destination (To)
---  -----  --------  ---------------------------------------------------------------  -----  ----------  ---------------  ---------------------------------------------------------------------------
  1  CDC-8  Warning   Asynchronous reset synchronized with missing ASYNC_REG property     15  False Path  mig_rst_n_reg/C  u_mig/u_mig/u_mig_7series_0_mig/u_iodelay_ctrl/rst_ref_sync_r_reg[0][0]/PRE

Source Clock: clk_pll_i
Destination Clock: c200_raw
CDC Type: Safely Timed

Row  ID     Severity  Description                                 Depth  Exception                Source (From)                                                                    Destination (To)
---  -----  --------  ------------------------------------------  -----  -----------------------  -------------------------------------------------------------------------------  -------------------------------------------------------------------------------------------------
  1  CDC-3  Info      1-bit synchronized with ASYNC_REG property      2  Max Delay Datapath Only  u_mig/u_mig/u_mig_7series_0_mig/u_ddr3_infrastructure/rstdiv0_sync_r1_reg_rep/C  u_mig/u_mig/u_mig_7series_0_mig/temp_mon_enabled.u_tempmon/xadc_supplied_temperature.rst_r1_reg/D

Source Clock: c166_raw
Destination Clock: clk_pll_i
CDC Type: User Ignored

Row  ID      Severity  Description                                         Depth  Exception   Source (From)    Destination (To)
---  ------  --------  --------------------------------------------------  -----  ----------  ---------------  -------------------------------------------------------------------------------
  1  CDC-10  Critical  Combinational logic detected before a synchronizer     12  False Path  mig_rst_n_reg/C  u_mig/u_mig/u_mig_7series_0_mig/u_ddr3_infrastructure/rstdiv0_sync_r_reg[0]/PRE

Source Clock: core_clk
Destination Clock: clk_pll_i
CDC Type: User Ignored

Row  ID      Severity  Description                                         Depth  Exception            Source (From)                                                                                                    Destination (To)
---  ------  --------  --------------------------------------------------  -----  -------------------  ---------------------------------------------------------------------------------------------------------------  ---------------------------------------------------------------------------------------------------------------------------
  1  CDC-15  Warning   Clock enable controlled CDC structure detected          0  Asynch Clock Groups  u_axi_cdc/u_ar_hs/src_hsdata_ff_reg[4]/C                                                                         u_axi_cdc/u_ar_hs/dest_hsdata_ff_reg[4]/D
  2  CDC-15  Warning   Clock enable controlled CDC structure detected          0  Asynch Clock Groups  u_axi_cdc/u_ar_hs/src_hsdata_ff_reg[5]/C                                                                         u_axi_cdc/u_ar_hs/dest_hsdata_ff_reg[5]/D
  3  CDC-15  Warning   Clock enable controlled CDC structure detected          0  Asynch Clock Groups  u_axi_cdc/u_ar_hs/src_hsdata_ff_reg[6]/C                                                                         u_axi_cdc/u_ar_hs/dest_hsdata_ff_reg[6]/D
  4  CDC-15  Warning   Clock enable controlled CDC structure detected          0  Asynch Clock Groups  u_axi_cdc/u_ar_hs/src_hsdata_ff_reg[7]/C                                                                         u_axi_cdc/u_ar_hs/dest_hsdata_ff_reg[7]/D
  5  CDC-15  Warning   Clock enable controlled CDC structure detected          0  Asynch Clock Groups  u_axi_cdc/u_ar_hs/src_hsdata_ff_reg[8]/C                                                                         u_axi_cdc/u_ar_hs/dest_hsdata_ff_reg[8]/D
  6  CDC-15  Warning   Clock enable controlled CDC structure detected          0  Asynch Clock Groups  u_axi_cdc/u_ar_hs/src_hsdata_ff_reg[9]/C                                                                         u_axi_cdc/u_ar_hs/dest_hsdata_ff_reg[9]/D
  7  CDC-15  Warning   Clock enable controlled CDC structure detected          0  Asynch Clock Groups  u_axi_cdc/u_ar_hs/src_hsdata_ff_reg[10]/C                                                                        u_axi_cdc/u_ar_hs/dest_hsdata_ff_reg[10]/D
  8  CDC-15  Warning   Clock enable controlled CDC structure detected          0  Asynch Clock Groups  u_axi_cdc/u_ar_hs/src_hsdata_ff_reg[11]/C                                                                        u_axi_cdc/u_ar_hs/dest_hsdata_ff_reg[11]/D
  9  CDC-15  Warning   Clock enable controlled CDC structure detected          0  Asynch Clock Groups  u_axi_cdc/u_ar_hs/src_hsdata_ff_reg[12]/C                                                                        u_axi_cdc/u_ar_hs/dest_hsdata_ff_reg[12]/D
 10  CDC-15  Warning   Clock enable controlled CDC structure detected          0  Asynch Clock Groups  u_axi_cdc/u_ar_hs/src_hsdata_ff_reg[13]/C                                                                        u_axi_cdc/u_ar_hs/dest_hsdata_ff_reg[13]/D
 11  CDC-15  Warning   Clock enable controlled CDC structure detected          0  Asynch Clock Groups  u_axi_cdc/u_ar_hs/src_hsdata_ff_reg[14]/C                                                                        u_axi_cdc/u_ar_hs/dest_hsdata_ff_reg[14]/D
 12  CDC-15  Warning   Clock enable controlled CDC structure detected          0  Asynch Clock Groups  u_axi_cdc/u_ar_hs/src_hsdata_ff_reg[15]/C                                                                        u_axi_cdc/u_ar_hs/dest_hsdata_ff_reg[15]/D
 13  CDC-15  Warning   Clock enable controlled CDC structure detected          0  Asynch Clock Groups  u_axi_cdc/u_ar_hs/src_hsdata_ff_reg[16]/C                                                                        u_axi_cdc/u_ar_hs/dest_hsdata_ff_reg[16]/D
 14  CDC-15  Warning   Clock enable controlled CDC structure detected          0  Asynch Clock Groups  u_axi_cdc/u_ar_hs/src_hsdata_ff_reg[17]/C                                                                        u_axi_cdc/u_ar_hs/dest_hsdata_ff_reg[17]/D
 15  CDC-15  Warning   Clock enable controlled CDC structure detected          0  Asynch Clock Groups  u_axi_cdc/u_ar_hs/src_hsdata_ff_reg[18]/C                                                                        u_axi_cdc/u_ar_hs/dest_hsdata_ff_reg[18]/D
 16  CDC-15  Warning   Clock enable controlled CDC structure detected          0  Asynch Clock Groups  u_axi_cdc/u_ar_hs/src_hsdata_ff_reg[19]/C                                                                        u_axi_cdc/u_ar_hs/dest_hsdata_ff_reg[19]/D
 17  CDC-15  Warning   Clock enable controlled CDC structure detected          0  Asynch Clock Groups  u_axi_cdc/u_ar_hs/src_hsdata_ff_reg[20]/C                                                                        u_axi_cdc/u_ar_hs/dest_hsdata_ff_reg[20]/D
 18  CDC-15  Warning   Clock enable controlled CDC structure detected          0  Asynch Clock Groups  u_axi_cdc/u_ar_hs/src_hsdata_ff_reg[21]/C                                                                        u_axi_cdc/u_ar_hs/dest_hsdata_ff_reg[21]/D
 19  CDC-15  Warning   Clock enable controlled CDC structure detected          0  Asynch Clock Groups  u_axi_cdc/u_ar_hs/src_hsdata_ff_reg[22]/C                                                                        u_axi_cdc/u_ar_hs/dest_hsdata_ff_reg[22]/D
 20  CDC-15  Warning   Clock enable controlled CDC structure detected          0  Asynch Clock Groups  u_axi_cdc/u_ar_hs/src_hsdata_ff_reg[23]/C                                                                        u_axi_cdc/u_ar_hs/dest_hsdata_ff_reg[23]/D
 21  CDC-15  Warning   Clock enable controlled CDC structure detected          0  Asynch Clock Groups  u_axi_cdc/u_ar_hs/src_hsdata_ff_reg[24]/C                                                                        u_axi_cdc/u_ar_hs/dest_hsdata_ff_reg[24]/D
 22  CDC-15  Warning   Clock enable controlled CDC structure detected          0  Asynch Clock Groups  u_axi_cdc/u_ar_hs/src_hsdata_ff_reg[25]/C                                                                        u_axi_cdc/u_ar_hs/dest_hsdata_ff_reg[25]/D
 23  CDC-15  Warning   Clock enable controlled CDC structure detected          0  Asynch Clock Groups  u_axi_cdc/u_ar_hs/src_hsdata_ff_reg[26]/C                                                                        u_axi_cdc/u_ar_hs/dest_hsdata_ff_reg[26]/D
 24  CDC-15  Warning   Clock enable controlled CDC structure detected          0  Asynch Clock Groups  u_axi_cdc/u_ar_hs/src_hsdata_ff_reg[27]/C                                                                        u_axi_cdc/u_ar_hs/dest_hsdata_ff_reg[27]/D
 25  CDC-15  Warning   Clock enable controlled CDC structure detected          0  Asynch Clock Groups  u_axi_cdc/u_ar_hs/src_hsdata_ff_reg[28]/C                                                                        u_axi_cdc/u_ar_hs/dest_hsdata_ff_reg[28]/D
 26  CDC-15  Warning   Clock enable controlled CDC structure detected          0  Asynch Clock Groups  u_axi_cdc/u_ar_hs/src_hsdata_ff_reg[29]/C                                                                        u_axi_cdc/u_ar_hs/dest_hsdata_ff_reg[29]/D
 27  CDC-15  Warning   Clock enable controlled CDC structure detected          0  Asynch Clock Groups  u_axi_cdc/u_ar_hs/src_hsdata_ff_reg[30]/C                                                                        u_axi_cdc/u_ar_hs/dest_hsdata_ff_reg[30]/D
 28  CDC-15  Warning   Clock enable controlled CDC structure detected          0  Asynch Clock Groups  u_axi_cdc/u_ar_hs/src_hsdata_ff_reg[31]/C                                                                        u_axi_cdc/u_ar_hs/dest_hsdata_ff_reg[31]/D
 29  CDC-15  Warning   Clock enable controlled CDC structure detected          0  Asynch Clock Groups  u_axi_cdc/u_ar_hs/src_hsdata_ff_reg[32]/C                                                                        u_axi_cdc/u_ar_hs/dest_hsdata_ff_reg[32]/D
 30  CDC-15  Warning   Clock enable controlled CDC structure detected          0  Asynch Clock Groups  u_axi_cdc/u_ar_hs/src_hsdata_ff_reg[36]/C                                                                        u_axi_cdc/u_ar_hs/dest_hsdata_ff_reg[36]/D
 31  CDC-15  Warning   Clock enable controlled CDC structure detected          0  Asynch Clock Groups  u_axi_cdc/u_ar_hs/src_hsdata_ff_reg[37]/C                                                                        u_axi_cdc/u_ar_hs/dest_hsdata_ff_reg[37]/D
 32  CDC-15  Warning   Clock enable controlled CDC structure detected          0  Asynch Clock Groups  u_axi_cdc/u_ar_hs/src_hsdata_ff_reg[38]/C                                                                        u_axi_cdc/u_ar_hs/dest_hsdata_ff_reg[38]/D
 33  CDC-15  Warning   Clock enable controlled CDC structure detected          0  Asynch Clock Groups  u_axi_cdc/u_ar_hs/src_hsdata_ff_reg[39]/C                                                                        u_axi_cdc/u_ar_hs/dest_hsdata_ff_reg[39]/D
 34  CDC-3   Info      1-bit synchronized with ASYNC_REG property              3  Asynch Clock Groups  u_axi_cdc/u_ar_hs/src_sendd_ff_reg/C                                                                             u_axi_cdc/u_ar_hs/xpm_cdc_single_src2dest_inst/syncstages_ff_reg[0]/D
 35  CDC-6   Warning   Multi-bit synchronized with ASYNC_REG property          3  Asynch Clock Groups  u_axi_cdc/u_r_fifo/gnuram_async_fifo.xpm_fifo_base_inst/gen_cdc_pntr.rd_pntr_cdc_inst/src_gray_ff_reg[5:0]/C     u_axi_cdc/u_r_fifo/gnuram_async_fifo.xpm_fifo_base_inst/gen_cdc_pntr.rd_pntr_cdc_inst/dest_graysync_ff_reg[0][5:0]/D
 36  CDC-3   Info      1-bit synchronized with ASYNC_REG property              3  Asynch Clock Groups  u_axi_cdc/u_r_fifo/gnuram_async_fifo.xpm_fifo_base_inst/xpm_fifo_rst_inst/gen_rst_ic.fifo_rd_rst_ic_reg/C        u_axi_cdc/u_r_fifo/gnuram_async_fifo.xpm_fifo_base_inst/xpm_fifo_rst_inst/gen_rst_ic.rrst_wr_inst/syncstages_ff_reg[0]/D
 37  CDC-3   Info      1-bit synchronized with ASYNC_REG property              3  Asynch Clock Groups  u_persist_axi/req_tog_reg/C                                                                                      u_persist_axi/req_s0_reg/D
 38  CDC-15  Warning   Clock enable controlled CDC structure detected          0  Asynch Clock Groups  u_persist_axi/c_slot_reg[0]/C                                                                                    u_persist_axi/u_addr_reg[4]/D
 39  CDC-15  Warning   Clock enable controlled CDC structure detected          0  Asynch Clock Groups  u_persist_axi/c_slot_reg[1]/C                                                                                    u_persist_axi/u_addr_reg[5]/D
 40  CDC-15  Warning   Clock enable controlled CDC structure detected          0  Asynch Clock Groups  u_persist_axi/c_slot_reg[2]/C                                                                                    u_persist_axi/u_addr_reg[6]/D
 41  CDC-15  Warning   Clock enable controlled CDC structure detected          0  Asynch Clock Groups  u_persist_axi/c_slot_reg[3]/C                                                                                    u_persist_axi/u_addr_reg[7]/D
 42  CDC-15  Warning   Clock enable controlled CDC structure detected          0  Asynch Clock Groups  u_persist_axi/c_slot_reg[4]/C                                                                                    u_persist_axi/u_addr_reg[8]/D
 43  CDC-15  Warning   Clock enable controlled CDC structure detected          0  Asynch Clock Groups  u_persist_axi/c_kind_reg[0]/C                                                                                    u_persist_axi/u_kind_reg[0]/D
 44  CDC-15  Warning   Clock enable controlled CDC structure detected          0  Asynch Clock Groups  u_persist_axi/c_kind_reg[1]/C                                                                                    u_persist_axi/u_kind_reg[1]/D
 45  CDC-15  Warning   Clock enable controlled CDC structure detected          0  Asynch Clock Groups  u_persist_axi/c_wdata_reg[0]/C                                                                                   u_persist_axi/u_wdata_reg[0]/D
 46  CDC-15  Warning   Clock enable controlled CDC structure detected          0  Asynch Clock Groups  u_persist_axi/c_wdata_reg[1]/C                                                                                   u_persist_axi/u_wdata_reg[1]/D
 47  CDC-15  Warning   Clock enable controlled CDC structure detected          0  Asynch Clock Groups  u_persist_axi/c_wdata_reg[2]/C                                                                                   u_persist_axi/u_wdata_reg[2]/D
 48  CDC-15  Warning   Clock enable controlled CDC structure detected          0  Asynch Clock Groups  u_persist_axi/c_wdata_reg[3]/C                                                                                   u_persist_axi/u_wdata_reg[3]/D
 49  CDC-15  Warning   Clock enable controlled CDC structure detected          0  Asynch Clock Groups  u_persist_axi/c_wdata_reg[4]/C                                                                                   u_persist_axi/u_wdata_reg[4]/D
 50  CDC-15  Warning   Clock enable controlled CDC structure detected          0  Asynch Clock Groups  u_persist_axi/c_wdata_reg[5]/C                                                                                   u_persist_axi/u_wdata_reg[5]/D
 51  CDC-15  Warning   Clock enable controlled CDC structure detected          0  Asynch Clock Groups  u_persist_axi/c_wdata_reg[6]/C                                                                                   u_persist_axi/u_wdata_reg[6]/D
 52  CDC-15  Warning   Clock enable controlled CDC structure detected          0  Asynch Clock Groups  u_persist_axi/c_wdata_reg[7]/C                                                                                   u_persist_axi/u_wdata_reg[7]/D
 53  CDC-15  Warning   Clock enable controlled CDC structure detected          0  Asynch Clock Groups  u_persist_axi/c_wdata_reg[8]/C                                                                                   u_persist_axi/u_wdata_reg[8]/D
 54  CDC-15  Warning   Clock enable controlled CDC structure detected          0  Asynch Clock Groups  u_persist_axi/c_wdata_reg[9]/C                                                                                   u_persist_axi/u_wdata_reg[9]/D
 55  CDC-15  Warning   Clock enable controlled CDC structure detected          0  Asynch Clock Groups  u_persist_axi/c_wdata_reg[10]/C                                                                                  u_persist_axi/u_wdata_reg[10]/D
 56  CDC-15  Warning   Clock enable controlled CDC structure detected          0  Asynch Clock Groups  u_persist_axi/c_wdata_reg[11]/C                                                                                  u_persist_axi/u_wdata_reg[11]/D
 57  CDC-15  Warning   Clock enable controlled CDC structure detected          0  Asynch Clock Groups  u_persist_axi/c_wdata_reg[12]/C                                                                                  u_persist_axi/u_wdata_reg[12]/D
 58  CDC-15  Warning   Clock enable controlled CDC structure detected          0  Asynch Clock Groups  u_persist_axi/c_wdata_reg[13]/C                                                                                  u_persist_axi/u_wdata_reg[13]/D
 59  CDC-15  Warning   Clock enable controlled CDC structure detected          0  Asynch Clock Groups  u_persist_axi/c_wdata_reg[14]/C                                                                                  u_persist_axi/u_wdata_reg[14]/D
 60  CDC-15  Warning   Clock enable controlled CDC structure detected          0  Asynch Clock Groups  u_persist_axi/c_wdata_reg[15]/C                                                                                  u_persist_axi/u_wdata_reg[15]/D
 61  CDC-15  Warning   Clock enable controlled CDC structure detected          0  Asynch Clock Groups  u_persist_axi/c_wdata_reg[16]/C                                                                                  u_persist_axi/u_wdata_reg[16]/D
 62  CDC-15  Warning   Clock enable controlled CDC structure detected          0  Asynch Clock Groups  u_persist_axi/c_wdata_reg[17]/C                                                                                  u_persist_axi/u_wdata_reg[17]/D
 63  CDC-15  Warning   Clock enable controlled CDC structure detected          0  Asynch Clock Groups  u_persist_axi/c_wdata_reg[18]/C                                                                                  u_persist_axi/u_wdata_reg[18]/D
 64  CDC-15  Warning   Clock enable controlled CDC structure detected          0  Asynch Clock Groups  u_persist_axi/c_wdata_reg[19]/C                                                                                  u_persist_axi/u_wdata_reg[19]/D
 65  CDC-15  Warning   Clock enable controlled CDC structure detected          0  Asynch Clock Groups  u_persist_axi/c_wdata_reg[20]/C                                                                                  u_persist_axi/u_wdata_reg[20]/D
 66  CDC-15  Warning   Clock enable controlled CDC structure detected          0  Asynch Clock Groups  u_persist_axi/c_wdata_reg[21]/C                                                                                  u_persist_axi/u_wdata_reg[21]/D
 67  CDC-15  Warning   Clock enable controlled CDC structure detected          0  Asynch Clock Groups  u_persist_axi/c_wdata_reg[22]/C                                                                                  u_persist_axi/u_wdata_reg[22]/D
 68  CDC-15  Warning   Clock enable controlled CDC structure detected          0  Asynch Clock Groups  u_persist_axi/c_wdata_reg[23]/C                                                                                  u_persist_axi/u_wdata_reg[23]/D
 69  CDC-15  Warning   Clock enable controlled CDC structure detected          0  Asynch Clock Groups  u_persist_axi/c_wdata_reg[24]/C                                                                                  u_persist_axi/u_wdata_reg[24]/D
 70  CDC-15  Warning   Clock enable controlled CDC structure detected          0  Asynch Clock Groups  u_persist_axi/c_wdata_reg[25]/C                                                                                  u_persist_axi/u_wdata_reg[25]/D
 71  CDC-15  Warning   Clock enable controlled CDC structure detected          0  Asynch Clock Groups  u_persist_axi/c_wdata_reg[26]/C                                                                                  u_persist_axi/u_wdata_reg[26]/D
 72  CDC-15  Warning   Clock enable controlled CDC structure detected          0  Asynch Clock Groups  u_persist_axi/c_wdata_reg[27]/C                                                                                  u_persist_axi/u_wdata_reg[27]/D
 73  CDC-15  Warning   Clock enable controlled CDC structure detected          0  Asynch Clock Groups  u_persist_axi/c_wdata_reg[28]/C                                                                                  u_persist_axi/u_wdata_reg[28]/D
 74  CDC-15  Warning   Clock enable controlled CDC structure detected          0  Asynch Clock Groups  u_persist_axi/c_wdata_reg[29]/C                                                                                  u_persist_axi/u_wdata_reg[29]/D
 75  CDC-15  Warning   Clock enable controlled CDC structure detected          0  Asynch Clock Groups  u_persist_axi/c_wdata_reg[30]/C                                                                                  u_persist_axi/u_wdata_reg[30]/D
 76  CDC-15  Warning   Clock enable controlled CDC structure detected          0  Asynch Clock Groups  u_persist_axi/c_wdata_reg[31]/C                                                                                  u_persist_axi/u_wdata_reg[31]/D
 77  CDC-15  Warning   Clock enable controlled CDC structure detected          0  Asynch Clock Groups  u_persist_axi/c_wdata_reg[32]/C                                                                                  u_persist_axi/u_wdata_reg[32]/D
 78  CDC-15  Warning   Clock enable controlled CDC structure detected          0  Asynch Clock Groups  u_persist_axi/c_wdata_reg[33]/C                                                                                  u_persist_axi/u_wdata_reg[33]/D
 79  CDC-15  Warning   Clock enable controlled CDC structure detected          0  Asynch Clock Groups  u_persist_axi/c_wdata_reg[34]/C                                                                                  u_persist_axi/u_wdata_reg[34]/D
 80  CDC-15  Warning   Clock enable controlled CDC structure detected          0  Asynch Clock Groups  u_persist_axi/c_wdata_reg[35]/C                                                                                  u_persist_axi/u_wdata_reg[35]/D
 81  CDC-15  Warning   Clock enable controlled CDC structure detected          0  Asynch Clock Groups  u_persist_axi/c_wdata_reg[36]/C                                                                                  u_persist_axi/u_wdata_reg[36]/D
 82  CDC-15  Warning   Clock enable controlled CDC structure detected          0  Asynch Clock Groups  u_persist_axi/c_wdata_reg[40]/C                                                                                  u_persist_axi/u_wdata_reg[40]/D
 83  CDC-15  Warning   Clock enable controlled CDC structure detected          0  Asynch Clock Groups  u_persist_axi/c_wdata_reg[43]/C                                                                                  u_persist_axi/u_wdata_reg[43]/D
 84  CDC-15  Warning   Clock enable controlled CDC structure detected          0  Asynch Clock Groups  u_persist_axi/c_wdata_reg[44]/C                                                                                  u_persist_axi/u_wdata_reg[44]/D
 85  CDC-15  Warning   Clock enable controlled CDC structure detected          0  Asynch Clock Groups  u_persist_axi/c_wdata_reg[57]/C                                                                                  u_persist_axi/u_wdata_reg[57]/D
 86  CDC-2   Warning   1-bit synchronized with missing ASYNC_REG property      2  Asynch Clock Groups  soa_running_q_reg/C                                                                                              u_persist_grant_sync/meta_reg[0]/D
 87  CDC-2   Warning   1-bit synchronized with missing ASYNC_REG property      2  Asynch Clock Groups  r_path_idle_q_reg/C                                                                                              u_persist_grant_sync/meta_reg[1]/D
 88  CDC-6   Warning   Multi-bit synchronized with ASYNC_REG property          3  Asynch Clock Groups  u_wdma_cdc/u_cmd_fifo/gnuram_async_fifo.xpm_fifo_base_inst/gen_cdc_pntr.wr_pntr_cdc_inst/src_gray_ff_reg[3:0]/C  u_wdma_cdc/u_cmd_fifo/gnuram_async_fifo.xpm_fifo_base_inst/gen_cdc_pntr.wr_pntr_cdc_inst/dest_graysync_ff_reg[0][3:0]/D
 89  CDC-3   Info      1-bit synchronized with ASYNC_REG property              3  Asynch Clock Groups  u_wdma_cdc/u_cmd_fifo/gnuram_async_fifo.xpm_fifo_base_inst/xpm_fifo_rst_inst/gen_rst_ic.fifo_wr_rst_ic_reg/C     u_wdma_cdc/u_cmd_fifo/gnuram_async_fifo.xpm_fifo_base_inst/xpm_fifo_rst_inst/gen_rst_ic.wrst_rd_inst/syncstages_ff_reg[0]/D
 90  CDC-3   Info      1-bit synchronized with ASYNC_REG property              3  Asynch Clock Groups  u_wdma_cdc/u_dest_allow_cdc/src_ff_reg/C                                                                         u_wdma_cdc/u_dest_allow_cdc/syncstages_ff_reg[0]/D
 91  CDC-3   Info      1-bit synchronized with ASYNC_REG property              3  Asynch Clock Groups  u_wdma_cdc/u_owner_cdc/src_ff_reg/C                                                                              u_wdma_cdc/u_owner_cdc/syncstages_ff_reg[0]/D
 92  CDC-6   Warning   Multi-bit synchronized with ASYNC_REG property          3  Asynch Clock Groups  u_wdma_cdc/u_r_fifo/gnuram_async_fifo.xpm_fifo_base_inst/gen_cdc_pntr.rd_pntr_cdc_inst/src_gray_ff_reg[4:0]/C    u_wdma_cdc/u_r_fifo/gnuram_async_fifo.xpm_fifo_base_inst/gen_cdc_pntr.rd_pntr_cdc_inst/dest_graysync_ff_reg[0][4:0]/D
 93  CDC-3   Info      1-bit synchronized with ASYNC_REG property              3  Asynch Clock Groups  u_wdma_cdc/u_r_fifo/gnuram_async_fifo.xpm_fifo_base_inst/xpm_fifo_rst_inst/gen_rst_ic.fifo_rd_rst_ic_reg/C       u_wdma_cdc/u_r_fifo/gnuram_async_fifo.xpm_fifo_base_inst/xpm_fifo_rst_inst/gen_rst_ic.rrst_wr_inst/syncstages_ff_reg[0]/D
 94  CDC-6   Warning   Multi-bit synchronized with ASYNC_REG property          3  Asynch Clock Groups  u_wdma_cdc/u_w_fifo/gnuram_async_fifo.xpm_fifo_base_inst/gen_cdc_pntr.wr_pntr_cdc_inst/src_gray_ff_reg[3:0]/C    u_wdma_cdc/u_w_fifo/gnuram_async_fifo.xpm_fifo_base_inst/gen_cdc_pntr.wr_pntr_cdc_inst/dest_graysync_ff_reg[0][3:0]/D
 95  CDC-3   Info      1-bit synchronized with ASYNC_REG property              3  Asynch Clock Groups  u_wdma_cdc/u_w_fifo/gnuram_async_fifo.xpm_fifo_base_inst/xpm_fifo_rst_inst/gen_rst_ic.fifo_wr_rst_ic_reg/C       u_wdma_cdc/u_w_fifo/gnuram_async_fifo.xpm_fifo_base_inst/xpm_fifo_rst_inst/gen_rst_ic.wrst_rd_inst/syncstages_ff_reg[0]/D

Source Clock: mem_refclk
Destination Clock: clk_pll_i
CDC Type: User Ignored

Row  ID     Severity  Description                                 Depth  Exception   Source (From)                                                                                                                                                                                                    Destination (To)
---  -----  --------  ------------------------------------------  -----  ----------  ---------------------------------------------------------------------------------------------------------------------------------------------------------------------------------------------------------------  ----------------------------------------------------------------------------------------------------------------------------------------------------------------------
  1  CDC-3  Info      1-bit synchronized with ASYNC_REG property      3  False Path  u_mig/u_mig/u_mig_7series_0_mig/u_memc_ui_top_axi/mem_intfc0/ddr_phy_top0/u_ddr_mc_phy_wrapper/u_ddr_mc_phy/ddr_phy_4lanes_0.u_ddr_phy_4lanes/ddr_byte_lane_C.ddr_byte_lane_C/phaser_in_gen.phaser_in/MEMREFCLK  u_mig/u_mig/u_mig_7series_0_mig/u_memc_ui_top_axi/mem_intfc0/ddr_phy_top0/u_ddr_calib_top/dqsfind_calib_left.u_ddr_phy_dqs_found_cal_hr/pi_dqs_found_lanes_r1_reg[2]/D
  2  CDC-3  Info      1-bit synchronized with ASYNC_REG property      3  False Path  u_mig/u_mig/u_mig_7series_0_mig/u_memc_ui_top_axi/mem_intfc0/ddr_phy_top0/u_ddr_mc_phy_wrapper/u_ddr_mc_phy/ddr_phy_4lanes_0.u_ddr_phy_4lanes/ddr_byte_lane_D.ddr_byte_lane_D/phaser_in_gen.phaser_in/MEMREFCLK  u_mig/u_mig/u_mig_7series_0_mig/u_memc_ui_top_axi/mem_intfc0/ddr_phy_top0/u_ddr_calib_top/dqsfind_calib_left.u_ddr_phy_dqs_found_cal_hr/pi_dqs_found_lanes_r1_reg[3]/D

Source Clock: clk_pll_i
Destination Clock: core_clk
CDC Type: User Ignored

Row  ID      Severity  Description                                         Depth  Exception            Source (From)                                                                                                        Destination (To)
---  ------  --------  --------------------------------------------------  -----  -------------------  -------------------------------------------------------------------------------------------------------------------  ---------------------------------------------------------------------------------------------------------------------------
  1  CDC-3   Info      1-bit synchronized with ASYNC_REG property              3  Asynch Clock Groups  u_axi_cdc/ar_dest_ack_reg/C                                                                                          u_axi_cdc/u_ar_hs/xpm_cdc_single_dest2src_inst/syncstages_ff_reg[0]/D
  2  CDC-6   Warning   Multi-bit synchronized with ASYNC_REG property          3  Asynch Clock Groups  u_axi_cdc/u_r_fifo/gnuram_async_fifo.xpm_fifo_base_inst/gen_cdc_pntr.wr_pntr_cdc_inst/src_gray_ff_reg[5:0]/C         u_axi_cdc/u_r_fifo/gnuram_async_fifo.xpm_fifo_base_inst/gen_cdc_pntr.wr_pntr_cdc_inst/dest_graysync_ff_reg[0][5:0]/D
  3  CDC-3   Info      1-bit synchronized with ASYNC_REG property              3  Asynch Clock Groups  u_axi_cdc/u_r_fifo/gnuram_async_fifo.xpm_fifo_base_inst/xpm_fifo_rst_inst/gen_rst_ic.fifo_wr_rst_ic_reg/C            u_axi_cdc/u_r_fifo/gnuram_async_fifo.xpm_fifo_base_inst/xpm_fifo_rst_inst/gen_rst_ic.wrst_rd_inst/syncstages_ff_reg[0]/D
  4  CDC-2   Warning   1-bit synchronized with missing ASYNC_REG property      2  Asynch Clock Groups  u_mig/u_mig/u_mig_7series_0_mig/u_memc_ui_top_axi/mem_intfc0/ddr_phy_top0/u_ddr_calib_top/init_calib_complete_reg/C  u_boot_core_sync/meta_reg[0]/D
  5  CDC-2   Warning   1-bit synchronized with missing ASYNC_REG property      2  Asynch Clock Groups  u_boot/done_o_reg/C                                                                                                  u_boot_core_sync/meta_reg[1]/D
  6  CDC-2   Warning   1-bit synchronized with missing ASYNC_REG property      2  Asynch Clock Groups  u_wmem_boot/done_o_reg/C                                                                                             u_boot_core_sync/meta_reg[2]/D
  7  CDC-15  Warning   Clock enable controlled CDC structure detected          0  Asynch Clock Groups  u_persist_axi/rsp_rdata_reg[0]/C                                                                                     u_persist_axi/ddr_rdata_o_reg[0]/D
  8  CDC-15  Warning   Clock enable controlled CDC structure detected          0  Asynch Clock Groups  u_persist_axi/rsp_rdata_reg[1]/C                                                                                     u_persist_axi/ddr_rdata_o_reg[1]/D
  9  CDC-15  Warning   Clock enable controlled CDC structure detected          0  Asynch Clock Groups  u_persist_axi/rsp_rdata_reg[2]/C                                                                                     u_persist_axi/ddr_rdata_o_reg[2]/D
 10  CDC-15  Warning   Clock enable controlled CDC structure detected          0  Asynch Clock Groups  u_persist_axi/rsp_rdata_reg[3]/C                                                                                     u_persist_axi/ddr_rdata_o_reg[3]/D
 11  CDC-15  Warning   Clock enable controlled CDC structure detected          0  Asynch Clock Groups  u_persist_axi/rsp_rdata_reg[4]/C                                                                                     u_persist_axi/ddr_rdata_o_reg[4]/D
 12  CDC-15  Warning   Clock enable controlled CDC structure detected          0  Asynch Clock Groups  u_persist_axi/rsp_rdata_reg[5]/C                                                                                     u_persist_axi/ddr_rdata_o_reg[5]/D
 13  CDC-15  Warning   Clock enable controlled CDC structure detected          0  Asynch Clock Groups  u_persist_axi/rsp_rdata_reg[6]/C                                                                                     u_persist_axi/ddr_rdata_o_reg[6]/D
 14  CDC-15  Warning   Clock enable controlled CDC structure detected          0  Asynch Clock Groups  u_persist_axi/rsp_rdata_reg[7]/C                                                                                     u_persist_axi/ddr_rdata_o_reg[7]/D
 15  CDC-15  Warning   Clock enable controlled CDC structure detected          0  Asynch Clock Groups  u_persist_axi/rsp_rdata_reg[8]/C                                                                                     u_persist_axi/ddr_rdata_o_reg[8]/D
 16  CDC-15  Warning   Clock enable controlled CDC structure detected          0  Asynch Clock Groups  u_persist_axi/rsp_rdata_reg[9]/C                                                                                     u_persist_axi/ddr_rdata_o_reg[9]/D
 17  CDC-15  Warning   Clock enable controlled CDC structure detected          0  Asynch Clock Groups  u_persist_axi/rsp_rdata_reg[10]/C                                                                                    u_persist_axi/ddr_rdata_o_reg[10]/D
 18  CDC-15  Warning   Clock enable controlled CDC structure detected          0  Asynch Clock Groups  u_persist_axi/rsp_rdata_reg[11]/C                                                                                    u_persist_axi/ddr_rdata_o_reg[11]/D
 19  CDC-15  Warning   Clock enable controlled CDC structure detected          0  Asynch Clock Groups  u_persist_axi/rsp_rdata_reg[12]/C                                                                                    u_persist_axi/ddr_rdata_o_reg[12]/D
 20  CDC-15  Warning   Clock enable controlled CDC structure detected          0  Asynch Clock Groups  u_persist_axi/rsp_rdata_reg[13]/C                                                                                    u_persist_axi/ddr_rdata_o_reg[13]/D
 21  CDC-15  Warning   Clock enable controlled CDC structure detected          0  Asynch Clock Groups  u_persist_axi/rsp_rdata_reg[14]/C                                                                                    u_persist_axi/ddr_rdata_o_reg[14]/D
 22  CDC-15  Warning   Clock enable controlled CDC structure detected          0  Asynch Clock Groups  u_persist_axi/rsp_rdata_reg[15]/C                                                                                    u_persist_axi/ddr_rdata_o_reg[15]/D
 23  CDC-15  Warning   Clock enable controlled CDC structure detected          0  Asynch Clock Groups  u_persist_axi/rsp_rdata_reg[16]/C                                                                                    u_persist_axi/ddr_rdata_o_reg[16]/D
 24  CDC-15  Warning   Clock enable controlled CDC structure detected          0  Asynch Clock Groups  u_persist_axi/rsp_rdata_reg[17]/C                                                                                    u_persist_axi/ddr_rdata_o_reg[17]/D
 25  CDC-15  Warning   Clock enable controlled CDC structure detected          0  Asynch Clock Groups  u_persist_axi/rsp_rdata_reg[18]/C                                                                                    u_persist_axi/ddr_rdata_o_reg[18]/D
 26  CDC-15  Warning   Clock enable controlled CDC structure detected          0  Asynch Clock Groups  u_persist_axi/rsp_rdata_reg[19]/C                                                                                    u_persist_axi/ddr_rdata_o_reg[19]/D
 27  CDC-15  Warning   Clock enable controlled CDC structure detected          0  Asynch Clock Groups  u_persist_axi/rsp_rdata_reg[20]/C                                                                                    u_persist_axi/ddr_rdata_o_reg[20]/D
 28  CDC-15  Warning   Clock enable controlled CDC structure detected          0  Asynch Clock Groups  u_persist_axi/rsp_rdata_reg[21]/C                                                                                    u_persist_axi/ddr_rdata_o_reg[21]/D
 29  CDC-15  Warning   Clock enable controlled CDC structure detected          0  Asynch Clock Groups  u_persist_axi/rsp_rdata_reg[22]/C                                                                                    u_persist_axi/ddr_rdata_o_reg[22]/D
 30  CDC-15  Warning   Clock enable controlled CDC structure detected          0  Asynch Clock Groups  u_persist_axi/rsp_rdata_reg[23]/C                                                                                    u_persist_axi/ddr_rdata_o_reg[23]/D
 31  CDC-15  Warning   Clock enable controlled CDC structure detected          0  Asynch Clock Groups  u_persist_axi/rsp_rdata_reg[24]/C                                                                                    u_persist_axi/ddr_rdata_o_reg[24]/D
 32  CDC-15  Warning   Clock enable controlled CDC structure detected          0  Asynch Clock Groups  u_persist_axi/rsp_rdata_reg[25]/C                                                                                    u_persist_axi/ddr_rdata_o_reg[25]/D
 33  CDC-15  Warning   Clock enable controlled CDC structure detected          0  Asynch Clock Groups  u_persist_axi/rsp_rdata_reg[26]/C                                                                                    u_persist_axi/ddr_rdata_o_reg[26]/D
 34  CDC-15  Warning   Clock enable controlled CDC structure detected          0  Asynch Clock Groups  u_persist_axi/rsp_rdata_reg[27]/C                                                                                    u_persist_axi/ddr_rdata_o_reg[27]/D
 35  CDC-15  Warning   Clock enable controlled CDC structure detected          0  Asynch Clock Groups  u_persist_axi/rsp_rdata_reg[28]/C                                                                                    u_persist_axi/ddr_rdata_o_reg[28]/D
 36  CDC-15  Warning   Clock enable controlled CDC structure detected          0  Asynch Clock Groups  u_persist_axi/rsp_rdata_reg[29]/C                                                                                    u_persist_axi/ddr_rdata_o_reg[29]/D
 37  CDC-15  Warning   Clock enable controlled CDC structure detected          0  Asynch Clock Groups  u_persist_axi/rsp_rdata_reg[30]/C                                                                                    u_persist_axi/ddr_rdata_o_reg[30]/D
 38  CDC-15  Warning   Clock enable controlled CDC structure detected          0  Asynch Clock Groups  u_persist_axi/rsp_rdata_reg[31]/C                                                                                    u_persist_axi/ddr_rdata_o_reg[31]/D
 39  CDC-15  Warning   Clock enable controlled CDC structure detected          0  Asynch Clock Groups  u_persist_axi/rsp_rdata_reg[32]/C                                                                                    u_persist_axi/ddr_rdata_o_reg[32]/D
 40  CDC-15  Warning   Clock enable controlled CDC structure detected          0  Asynch Clock Groups  u_persist_axi/rsp_ok_reg/C                                                                                           u_persist_axi/ok_c_reg/D
 41  CDC-3   Info      1-bit synchronized with ASYNC_REG property              3  Asynch Clock Groups  u_persist_axi/rsp_tog_reg/C                                                                                          u_persist_axi/rsp_s0_reg/D
 42  CDC-3   Info      1-bit synchronized with ASYNC_REG property              3  Asynch Clock Groups  u_wdma_cdc/u_busy_cdc/src_ff_reg/C                                                                                   u_wdma_cdc/u_busy_cdc/syncstages_ff_reg[0]/D
 43  CDC-6   Warning   Multi-bit synchronized with ASYNC_REG property          3  Asynch Clock Groups  u_wdma_cdc/u_cmd_fifo/gnuram_async_fifo.xpm_fifo_base_inst/gen_cdc_pntr.rd_pntr_cdc_inst/src_gray_ff_reg[3:0]/C      u_wdma_cdc/u_cmd_fifo/gnuram_async_fifo.xpm_fifo_base_inst/gen_cdc_pntr.rd_pntr_cdc_inst/dest_graysync_ff_reg[0][3:0]/D
 44  CDC-3   Info      1-bit synchronized with ASYNC_REG property              3  Asynch Clock Groups  u_wdma_cdc/u_cmd_fifo/gnuram_async_fifo.xpm_fifo_base_inst/xpm_fifo_rst_inst/gen_rst_ic.fifo_rd_rst_ic_reg/C         u_wdma_cdc/u_cmd_fifo/gnuram_async_fifo.xpm_fifo_base_inst/xpm_fifo_rst_inst/gen_rst_ic.rrst_wr_inst/syncstages_ff_reg[0]/D
 45  CDC-3   Info      1-bit synchronized with ASYNC_REG property              4  Asynch Clock Groups  u_wdma_cdc/u_done_cdc/src_level_ff_reg/C                                                                             u_wdma_cdc/u_done_cdc/xpm_cdc_single_inst/syncstages_ff_reg[0]/D
 46  CDC-6   Warning   Multi-bit synchronized with ASYNC_REG property          3  Asynch Clock Groups  u_wdma_cdc/u_r_fifo/gnuram_async_fifo.xpm_fifo_base_inst/gen_cdc_pntr.wr_pntr_cdc_inst/src_gray_ff_reg[4:0]/C        u_wdma_cdc/u_r_fifo/gnuram_async_fifo.xpm_fifo_base_inst/gen_cdc_pntr.wr_pntr_cdc_inst/dest_graysync_ff_reg[0][4:0]/D
 47  CDC-3   Info      1-bit synchronized with ASYNC_REG property              3  Asynch Clock Groups  u_wdma_cdc/u_r_fifo/gnuram_async_fifo.xpm_fifo_base_inst/xpm_fifo_rst_inst/gen_rst_ic.fifo_wr_rst_ic_reg/C           u_wdma_cdc/u_r_fifo/gnuram_async_fifo.xpm_fifo_base_inst/xpm_fifo_rst_inst/gen_rst_ic.wrst_rd_inst/syncstages_ff_reg[0]/D
 48  CDC-6   Warning   Multi-bit synchronized with ASYNC_REG property          3  Asynch Clock Groups  u_wdma_cdc/u_w_fifo/gnuram_async_fifo.xpm_fifo_base_inst/gen_cdc_pntr.rd_pntr_cdc_inst/src_gray_ff_reg[3:0]/C        u_wdma_cdc/u_w_fifo/gnuram_async_fifo.xpm_fifo_base_inst/gen_cdc_pntr.rd_pntr_cdc_inst/dest_graysync_ff_reg[0][3:0]/D
 49  CDC-3   Info      1-bit synchronized with ASYNC_REG property              3  Asynch Clock Groups  u_wdma_cdc/u_w_fifo/gnuram_async_fifo.xpm_fifo_base_inst/xpm_fifo_rst_inst/gen_rst_ic.fifo_rd_rst_ic_reg/C           u_wdma_cdc/u_w_fifo/gnuram_async_fifo.xpm_fifo_base_inst/xpm_fifo_rst_inst/gen_rst_ic.rrst_wr_inst/syncstages_ff_reg[0]/D
 50  CDC-3   Info      1-bit synchronized with ASYNC_REG property              3  Asynch Clock Groups  u_wdma_rel_sync/and_q_reg/C                                                                                          u_wdma_rel_sync/and_s0_reg/D

Source Clock: clk_pll_i
Destination Clock: sys_clk_pin
CDC Type: User Ignored

Row  ID     Severity  Description                                         Depth  Exception            Source (From)                                                                                                        Destination (To)
---  -----  --------  --------------------------------------------------  -----  -------------------  -------------------------------------------------------------------------------------------------------------------  -------------------------
  1  CDC-2  Warning   1-bit synchronized with missing ASYNC_REG property      2  Asynch Clock Groups  u_mig/u_mig/u_mig_7series_0_mig/u_memc_ui_top_axi/mem_intfc0/ddr_phy_top0/u_ddr_calib_top/init_calib_complete_reg/C  u_led_sync/meta_reg[1]/D
  2  CDC-2  Warning   1-bit synchronized with missing ASYNC_REG property      2  Asynch Clock Groups  u_boot/done_o_reg/C                                                                                                  u_led_sync/meta_reg[2]/D
  3  CDC-2  Warning   1-bit synchronized with missing ASYNC_REG property      2  Asynch Clock Groups  u_wmem_boot/done_o_reg/C                                                                                             u_wmem_sync/meta_reg[0]/D

