
****** xsim v2026.1 (64-bit)
  **** SW Build 6511674 on Tue Jun 16 11:02:23 MDT 2026
  **** IP Build 6504888 on Tue Jun 09 09:05:25 MDT 2026
  **** SharedData Build 6501428 on Mon Jun 08 17:34:18 MDT 2026
  **** Start of session at: Tue Sep  1 23:19:55 2026
    ** Copyright 1986-2022 Xilinx, Inc. All Rights Reserved.
    ** Copyright 2022-2026 Advanced Micro Devices, Inc. All Rights Reserved.

source xsim.dir/lnmu_s00/xsim_script.tcl
# xsim {lnmu_s00} -autoloadwcfg -runall
Time resolution is 1 ps
run -all
WMEM_INIT rb0=-6
EMB_POS t=8028405000 dim=0 wrd=-3 awd=-3
EMB_POS t=8028435000 dim=1 wrd=3 awd=3
EMB_TOK t=8032245000 dim=0 wrd=-6 ard=-3 awd=-9
EMB_TOK t=8032275000 dim=1 wrd=3 ard=3 awd=6
LNV t=8045555000 acc=2859 var=44 mu=-1
LNO t=8046825000 ly=0 ten=0 ard=-9 mu=-1 sc=4 q=-32
MV0 t=8116715000 ly=0 ten_o=2 acc=0 dest=32768
MV0 t=8773355000 ly=0 ten_o=3 acc=0 dest=49152
MV0 t=9429995000 ly=0 ten_o=4 acc=0 dest=65536
ATTQK t=10086625000 ard=148 ardb=-912 qa=32768 ka=49152
ATTO t=10089755000 h=0 q=404 z=16 acc=6464 dest=81920
ATTQK t=10107455000 ard=88 ardb=-132 qa=32800 ka=49184
ATTO t=10110585000 h=1 q=-892 z=16 acc=-14272 dest=81952
ATTQK t=10128285000 ard=-420 ardb=28 qa=32832 ka=49216
ATTO t=10131415000 h=2 q=-88 z=16 acc=-1408 dest=81984
ATTQK t=10149115000 ard=256 ardb=-528 qa=32864 ka=49248
ATTO t=10152245000 h=3 q=908 z=16 acc=14528 dest=82016
MV0 t=10169955000 ly=0 ten_o=5 acc=0 dest=81920
ADD t=10826585000 ly=0 ten=0 ard=-9 ardb=-23724
LNV t=10839895000 acc=82101621937 var=1282837842 mu=3747
LNO t=10841165000 ly=0 ten=6 ard=-23733 mu=3747 sc=25326 q=-18
MV0 t=10911055000 ly=0 ten_o=0 acc=0 dest=0
MV0 t=12224335000 ly=0 ten_o=6 acc=0 dest=98304
ADD t=13536325000 ly=0 ten=1 ard=-23733 ardb=23844
LNV t=13549635000 acc=76648865095 var=1197638517 mu=3078
LNO t=13550905000 ly=1 ten=0 ard=111 mu=3078 sc=24470 q=-2
MV0 t=13620795000 ly=1 ten_o=2 acc=0 dest=32768
MV0 t=14277435000 ly=1 ten_o=3 acc=0 dest=49152
MV0 t=14934075000 ly=1 ten_o=4 acc=0 dest=65536
ATTQK t=15590705000 ard=-122 ardb=281 qa=32768 ka=49152
ATTO t=15593835000 h=0 q=3 z=16 acc=48 dest=81920
ATTQK t=15611535000 ard=744 ardb=40 qa=32800 ka=49184
ATTO t=15614665000 h=1 q=-863 z=16 acc=-13808 dest=81952
ATTQK t=15632365000 ard=265 ardb=-310 qa=32832 ka=49216
ATTO t=15635495000 h=2 q=-731 z=16 acc=-11696 dest=81984
ATTQK t=15653195000 ard=-223 ardb=404 qa=32864 ka=49248
ATTO t=15656325000 h=3 q=285 z=16 acc=4560 dest=82016
MV0 t=15674035000 ly=1 ten_o=5 acc=0 dest=81920
ADD t=16330665000 ly=1 ten=0 ard=111 ardb=8581
LNV t=16343975000 acc=82491613214 var=1288931456 mu=1528
LNO t=16345245000 ly=1 ten=6 ard=8692 mu=1528 sc=25386 q=4
MV0 t=16415135000 ly=1 ten_o=0 acc=0 dest=0
MV0 t=17728415000 ly=1 ten_o=6 acc=0 dest=98304
ADD t=19040405000 ly=1 ten=1 ard=8692 ardb=-13255
LNV t=19053715000 acc=80564506575 var=1258820415 mu=3013
LNO t=19054985000 ly=2 ten=0 ard=-4563 mu=3013 sc=25088 q=-5
MV0 t=19124875000 ly=2 ten_o=2 acc=0 dest=32768
MV0 t=19781515000 ly=2 ten_o=3 acc=0 dest=49152
MV0 t=20438155000 ly=2 ten_o=4 acc=0 dest=65536
ATTQK t=21094785000 ard=-1272 ardb=1713 qa=32768 ka=49152
ATTO t=21097915000 h=0 q=-145 z=16 acc=-2320 dest=81920
ATTQK t=21115615000 ard=116 ardb=620 qa=32800 ka=49184
ATTO t=21118745000 h=1 q=-649 z=16 acc=-10384 dest=81952
ATTQK t=21136445000 ard=504 ardb=445 qa=32832 ka=49216
ATTO t=21139575000 h=2 q=28 z=16 acc=448 dest=81984
ATTQK t=21157275000 ard=-36 ardb=-247 qa=32864 ka=49248
ATTO t=21160405000 h=3 q=-795 z=16 acc=-12720 dest=82016
MV0 t=21178115000 ly=2 ten_o=5 acc=0 dest=81920
ADD t=21834745000 ly=2 ten=0 ard=-4563 ardb=32767
LNV t=21848055000 acc=73499486734 var=1148429480 mu=1695
LNO t=21849325000 ly=2 ten=6 ard=28204 mu=1695 sc=23962 q=17
MV0 t=21919215000 ly=2 ten_o=0 acc=0 dest=0
MV0 t=23232495000 ly=2 ten_o=6 acc=0 dest=98304
ADD t=24544485000 ly=2 ten=1 ard=28204 ardb=-27443
LNV t=24557795000 acc=74142501677 var=1158476588 mu=2935
LNO t=24559065000 ly=3 ten=0 ard=761 mu=2935 sc=24067 q=-2
MV0 t=24628955000 ly=3 ten_o=2 acc=0 dest=32768
MV0 t=25285595000 ly=3 ten_o=3 acc=0 dest=49152
MV0 t=25942235000 ly=3 ten_o=4 acc=0 dest=65536
ATTQK t=26598865000 ard=-1241 ardb=-218 qa=32768 ka=49152
ATTO t=26601995000 h=0 q=893 z=16 acc=14288 dest=81920
ATTQK t=26619695000 ard=423 ardb=637 qa=32800 ka=49184
ATTO t=26622825000 h=1 q=640 z=16 acc=10240 dest=81952
ATTQK t=26640525000 ard=-250 ardb=-1418 qa=32832 ka=49216
ATTO t=26643655000 h=2 q=570 z=16 acc=9120 dest=81984
ATTQK t=26661355000 ard=-16 ardb=-24 qa=32864 ka=49248
ATTO t=26664485000 h=3 q=-25 z=16 acc=-400 dest=82016
MV0 t=26682195000 ly=3 ten_o=5 acc=0 dest=81920
ADD t=27338825000 ly=3 ten=0 ard=761 ardb=32767
LNV t=27352135000 acc=74580660774 var=1165322824 mu=2482
LNO t=27353405000 ly=3 ten=6 ard=32767 mu=2482 sc=24138 q=20
MV0 t=27423295000 ly=3 ten_o=0 acc=0 dest=0
MV0 t=28736575000 ly=3 ten_o=6 acc=0 dest=98304
ADD t=30048565000 ly=3 ten=1 ard=32767 ardb=1434
HEAD t=30052405000 col=0 wrd=6 ard=32767 waddr=671744 aaddr=0 acc=0
MV0 t=30052415000 ly=3 ten_o=7 acc=0 dest=114688
HEAD t=30052445000 col=1 wrd=6 ard=-22540 waddr=671745 aaddr=1 acc=196602
SMX t=35305505000 logit0=-1090663
CONTROL pred=744
CONTROL_PASS pred=744
EMB_POS t=35336405000 dim=0 wrd=-3 awd=-3
EMB_POS t=35336435000 dim=1 wrd=3 awd=3
EMB_TOK t=35367125000 dim=0 wrd=6 ard=-3 awd=3
EMB_TOK t=35367155000 dim=1 wrd=3 ard=3 awd=6
LN_S_SAMP tok=0 dim=0 aaddr=0 ard=3 acc_pre=0
PLANE EMB mismatches=0 first=-1
LN_S_SAMP tok=0 dim=1 aaddr=1 ard=6 acc_pre=3
LN_S_SAMP tok=0 dim=2 aaddr=2 ard=5 acc_pre=9
LN_S_SAMP tok=0 dim=3 aaddr=3 ard=1 acc_pre=14
LN_S_SAMP tok=0 dim=4 aaddr=4 ard=1 acc_pre=15
LN_S_SAMP tok=0 dim=5 aaddr=5 ard=5 acc_pre=16
LN_S_SAMP tok=0 dim=6 aaddr=6 ard=3 acc_pre=21
LN_S_SAMP tok=0 dim=7 aaddr=7 ard=-4 acc_pre=24
LN_S_SAMP tok=0 dim=8 aaddr=8 ard=-1 acc_pre=20
LN_S_SAMP tok=0 dim=9 aaddr=9 ard=9 acc_pre=19
LN_S_SAMP tok=0 dim=10 aaddr=10 ard=-4 acc_pre=28
LN_S_SAMP tok=0 dim=11 aaddr=11 ard=-1 acc_pre=24
LN_S_SAMP tok=0 dim=12 aaddr=12 ard=-8 acc_pre=23
LN_S_SAMP tok=0 dim=13 aaddr=13 ard=0 acc_pre=15
LN_S_SAMP tok=0 dim=14 aaddr=14 ard=-2 acc_pre=15
LN_S_SAMP tok=0 dim=15 aaddr=15 ard=-7 acc_pre=13
LN_S_SAMP tok=0 dim=16 aaddr=16 ard=-4 acc_pre=6
LN_S_SAMP tok=0 dim=17 aaddr=17 ard=1 acc_pre=2
LN_S_SAMP tok=0 dim=18 aaddr=18 ard=2 acc_pre=3
LN_S_SAMP tok=0 dim=19 aaddr=19 ard=-6 acc_pre=5
LN_S_SAMP tok=0 dim=20 aaddr=20 ard=-2 acc_pre=-1
LN_S_SAMP tok=0 dim=21 aaddr=21 ard=-8 acc_pre=-3
LN_S_SAMP tok=0 dim=22 aaddr=22 ard=-3 acc_pre=-11
LN_S_SAMP tok=0 dim=23 aaddr=23 ard=-8 acc_pre=-14
LN_S_SAMP tok=0 dim=24 aaddr=24 ard=-7 acc_pre=-22
LN_S_SAMP tok=0 dim=25 aaddr=25 ard=8 acc_pre=-29
LN_S_SAMP tok=0 dim=26 aaddr=26 ard=-4 acc_pre=-21
LN_S_SAMP tok=0 dim=27 aaddr=27 ard=-8 acc_pre=-25
LN_S_SAMP tok=0 dim=28 aaddr=28 ard=-5 acc_pre=-33
LN_S_SAMP tok=0 dim=29 aaddr=29 ard=-8 acc_pre=-38
LN_S_SAMP tok=0 dim=30 aaddr=30 ard=3 acc_pre=-46
LN_S_SAMP tok=0 dim=31 aaddr=31 ard=5 acc_pre=-43
LN_S_SAMP tok=0 dim=32 aaddr=32 ard=3 acc_pre=-38
LN_S_SAMP tok=0 dim=33 aaddr=33 ard=2 acc_pre=-35
LN_S_SAMP tok=0 dim=34 aaddr=34 ard=-2 acc_pre=-33
LN_S_SAMP tok=0 dim=35 aaddr=35 ard=4 acc_pre=-35
LN_S_SAMP tok=0 dim=36 aaddr=36 ard=1 acc_pre=-31
LN_S_SAMP tok=0 dim=37 aaddr=37 ard=-2 acc_pre=-30
LN_S_SAMP tok=0 dim=38 aaddr=38 ard=-3 acc_pre=-32
LN_S_SAMP tok=0 dim=39 aaddr=39 ard=3 acc_pre=-35
LN_S_SAMP tok=0 dim=40 aaddr=40 ard=9 acc_pre=-32
LN_S_SAMP tok=0 dim=41 aaddr=41 ard=-4 acc_pre=-23
LN_S_SAMP tok=0 dim=42 aaddr=42 ard=8 acc_pre=-27
LN_S_SAMP tok=0 dim=43 aaddr=43 ard=4 acc_pre=-19
LN_S_SAMP tok=0 dim=44 aaddr=44 ard=-3 acc_pre=-15
LN_S_SAMP tok=0 dim=45 aaddr=45 ard=-2 acc_pre=-18
LN_S_SAMP tok=0 dim=46 aaddr=46 ard=3 acc_pre=-20
LN_S_SAMP tok=0 dim=47 aaddr=47 ard=-3 acc_pre=-17
LN_S_SAMP tok=0 dim=48 aaddr=48 ard=1 acc_pre=-20
LN_S_SAMP tok=0 dim=49 aaddr=49 ard=1 acc_pre=-19
LN_S_SAMP tok=0 dim=50 aaddr=50 ard=-7 acc_pre=-18
LN_S_SAMP tok=0 dim=51 aaddr=51 ard=2 acc_pre=-25
LN_S_SAMP tok=0 dim=52 aaddr=52 ard=2 acc_pre=-23
LN_S_SAMP tok=0 dim=53 aaddr=53 ard=0 acc_pre=-21
LN_S_SAMP tok=0 dim=54 aaddr=54 ard=-4 acc_pre=-21
LN_S_SAMP tok=0 dim=55 aaddr=55 ard=-8 acc_pre=-25
LN_S_SAMP tok=0 dim=56 aaddr=56 ard=3 acc_pre=-33
LN_S_SAMP tok=0 dim=57 aaddr=57 ard=4 acc_pre=-30
LN_S_SAMP tok=0 dim=58 aaddr=58 ard=2 acc_pre=-26
LN_S_SAMP tok=0 dim=59 aaddr=59 ard=2 acc_pre=-24
LN_S_SAMP tok=0 dim=60 aaddr=60 ard=-5 acc_pre=-22
LN_S_SAMP tok=0 dim=61 aaddr=61 ard=3 acc_pre=-27
LN_S_SAMP tok=0 dim=62 aaddr=62 ard=-8 acc_pre=-24
LN_S_SAMP tok=0 dim=63 aaddr=63 ard=1 acc_pre=-32
LN_S_SAMP tok=0 dim=64 aaddr=64 ard=2 acc_pre=-31
LN_S_SAMP tok=0 dim=65 aaddr=65 ard=-1 acc_pre=-29
LN_S_SAMP tok=0 dim=66 aaddr=66 ard=7 acc_pre=-30
LN_S_SAMP tok=0 dim=67 aaddr=67 ard=2 acc_pre=-23
LN_S_SAMP tok=0 dim=68 aaddr=68 ard=-4 acc_pre=-21
LN_S_SAMP tok=0 dim=69 aaddr=69 ard=-3 acc_pre=-25
LN_S_SAMP tok=0 dim=70 aaddr=70 ard=4 acc_pre=-28
LN_S_SAMP tok=0 dim=71 aaddr=71 ard=2 acc_pre=-24
LN_S_SAMP tok=0 dim=72 aaddr=72 ard=-8 acc_pre=-22
LN_S_SAMP tok=0 dim=73 aaddr=73 ard=-5 acc_pre=-30
LN_S_SAMP tok=0 dim=74 aaddr=74 ard=-1 acc_pre=-35
LN_S_SAMP tok=0 dim=75 aaddr=75 ard=-2 acc_pre=-36
LN_S_SAMP tok=0 dim=76 aaddr=76 ard=7 acc_pre=-38
LN_S_SAMP tok=0 dim=77 aaddr=77 ard=1 acc_pre=-31
LN_S_SAMP tok=0 dim=78 aaddr=78 ard=-6 acc_pre=-30
LN_S_SAMP tok=0 dim=79 aaddr=79 ard=8 acc_pre=-36
LN_S_SAMP tok=0 dim=80 aaddr=80 ard=-1 acc_pre=-28
LN_S_SAMP tok=0 dim=81 aaddr=81 ard=-7 acc_pre=-29
LN_S_SAMP tok=0 dim=82 aaddr=82 ard=-3 acc_pre=-36
LN_S_SAMP tok=0 dim=83 aaddr=83 ard=6 acc_pre=-39
LN_S_SAMP tok=0 dim=84 aaddr=84 ard=3 acc_pre=-33
LN_S_SAMP tok=0 dim=85 aaddr=85 ard=2 acc_pre=-30
LN_S_SAMP tok=0 dim=86 aaddr=86 ard=0 acc_pre=-28
LN_S_SAMP tok=0 dim=87 aaddr=87 ard=3 acc_pre=-28
LN_S_SAMP tok=0 dim=88 aaddr=88 ard=0 acc_pre=-25
LN_S_SAMP tok=0 dim=89 aaddr=89 ard=-5 acc_pre=-25
LN_S_SAMP tok=0 dim=90 aaddr=90 ard=-3 acc_pre=-30
LN_S_SAMP tok=0 dim=91 aaddr=91 ard=-5 acc_pre=-33
LN_S_SAMP tok=0 dim=92 aaddr=92 ard=-4 acc_pre=-38
LN_S_SAMP tok=0 dim=93 aaddr=93 ard=-1 acc_pre=-42
LN_S_SAMP tok=0 dim=94 aaddr=94 ard=-1 acc_pre=-43
LN_S_SAMP tok=0 dim=95 aaddr=95 ard=6 acc_pre=-44
LN_S_SAMP tok=0 dim=96 aaddr=96 ard=-2 acc_pre=-38
LN_S_SAMP tok=0 dim=97 aaddr=97 ard=-3 acc_pre=-40
LN_S_SAMP tok=0 dim=98 aaddr=98 ard=7 acc_pre=-43
LN_S_SAMP tok=0 dim=99 aaddr=99 ard=4 acc_pre=-36
LN_S_SAMP tok=0 dim=100 aaddr=100 ard=-6 acc_pre=-32
LN_S_SAMP tok=0 dim=101 aaddr=101 ard=-4 acc_pre=-38
LN_S_SAMP tok=0 dim=102 aaddr=102 ard=5 acc_pre=-42
LN_S_SAMP tok=0 dim=103 aaddr=103 ard=1 acc_pre=-37
LN_S_SAMP tok=0 dim=104 aaddr=104 ard=-2 acc_pre=-36
LN_S_SAMP tok=0 dim=105 aaddr=105 ard=6 acc_pre=-38
LN_S_SAMP tok=0 dim=106 aaddr=106 ard=3 acc_pre=-32
LN_S_SAMP tok=0 dim=107 aaddr=107 ard=-6 acc_pre=-29
LN_S_SAMP tok=0 dim=108 aaddr=108 ard=8 acc_pre=-35
LN_S_SAMP tok=0 dim=109 aaddr=109 ard=-4 acc_pre=-27
LN_S_SAMP tok=0 dim=110 aaddr=110 ard=1 acc_pre=-31
LN_S_SAMP tok=0 dim=111 aaddr=111 ard=-3 acc_pre=-30
LN_S_SAMP tok=0 dim=112 aaddr=112 ard=-3 acc_pre=-33
LN_S_SAMP tok=0 dim=113 aaddr=113 ard=-3 acc_pre=-36
LN_S_SAMP tok=0 dim=114 aaddr=114 ard=-3 acc_pre=-39
LN_S_SAMP tok=0 dim=115 aaddr=115 ard=-7 acc_pre=-42
LN_S_SAMP tok=0 dim=116 aaddr=116 ard=0 acc_pre=-49
LN_S_SAMP tok=0 dim=117 aaddr=117 ard=-3 acc_pre=-49
LN_S_SAMP tok=0 dim=118 aaddr=118 ard=7 acc_pre=-52
LN_S_SAMP tok=0 dim=119 aaddr=119 ard=2 acc_pre=-45
LN_S_SAMP tok=0 dim=120 aaddr=120 ard=-1 acc_pre=-43
LN_S_SAMP tok=0 dim=121 aaddr=121 ard=4 acc_pre=-44
LN_S_SAMP tok=0 dim=122 aaddr=122 ard=-2 acc_pre=-40
LN_S_SAMP tok=0 dim=123 aaddr=123 ard=-3 acc_pre=-42
LN_S_SAMP tok=0 dim=124 aaddr=124 ard=3 acc_pre=-45
LN_S_SAMP tok=0 dim=125 aaddr=125 ard=1 acc_pre=-42
LN_S_SAMP tok=0 dim=126 aaddr=126 ard=0 acc_pre=-41
LN_S_SAMP tok=0 dim=127 aaddr=127 ard=5 acc_pre=-41
LN_S_SUM tok=0 acc=-36 fd_n=-342752 oracle_sum=-36
LN_S_DIV tok=0 fd_q=-1 oracle_mu=-1
LNV t=35407315000 acc=2554 var=39 mu=-1
LNO t=35408585000 ly=0 ten=0 ard=3 mu=-1 sc=4 q=16
LNO t=35478985000 ly=0 ten=0 ard=-5 mu=-1 sc=4 q=-16
LNO t=35549385000 ly=0 ten=0 ard=-8 mu=-1 sc=4 q=-28
LNO t=35619785000 ly=0 ten=0 ard=-7 mu=-1 sc=4 q=-24
LNO t=35690185000 ly=0 ten=0 ard=3 mu=-1 sc=4 q=16
LNO t=35760585000 ly=0 ten=0 ard=5 mu=-1 sc=4 q=24
LNO t=35830985000 ly=0 ten=0 ard=-2 mu=-1 sc=4 q=-4
LNO t=35901385000 ly=0 ten=0 ard=-3 mu=-1 sc=4 q=-8
MV0 t=35971275000 ly=0 ten_o=2 acc=0 dest=32768
FIRST_MISMATCH N1_L0 tk=1 d=0 rtl=-16 exp=-20
PLANE N1_L0 mismatches=512 first=128
MV0 t=36627915000 ly=0 ten_o=2 acc=0 dest=32896
MV0 t=37284555000 ly=0 ten_o=2 acc=0 dest=33024
MV0 t=37941195000 ly=0 ten_o=2 acc=0 dest=33152
MV0 t=38597835000 ly=0 ten_o=2 acc=0 dest=33280
MV0 t=39254475000 ly=0 ten_o=2 acc=0 dest=33408
MV0 t=39911115000 ly=0 ten_o=2 acc=0 dest=33536
MV0 t=40567755000 ly=0 ten_o=2 acc=0 dest=33664
MV0 t=41224395000 ly=0 ten_o=3 acc=0 dest=49152
MV0 t=41881035000 ly=0 ten_o=3 acc=0 dest=49280
MV0 t=42537675000 ly=0 ten_o=3 acc=0 dest=49408
MV0 t=43194315000 ly=0 ten_o=3 acc=0 dest=49536
MV0 t=43850955000 ly=0 ten_o=3 acc=0 dest=49664
MV0 t=44507595000 ly=0 ten_o=3 acc=0 dest=49792
MV0 t=45164235000 ly=0 ten_o=3 acc=0 dest=49920
MV0 t=45820875000 ly=0 ten_o=3 acc=0 dest=50048
MV0 t=46477515000 ly=0 ten_o=4 acc=0 dest=65536
MV0 t=47134155000 ly=0 ten_o=4 acc=0 dest=65664
MV0 t=47790795000 ly=0 ten_o=4 acc=0 dest=65792
MV0 t=48447435000 ly=0 ten_o=4 acc=0 dest=65920
MV0 t=49104075000 ly=0 ten_o=4 acc=0 dest=66048
MV0 t=49760715000 ly=0 ten_o=4 acc=0 dest=66176
MV0 t=50417355000 ly=0 ten_o=4 acc=0 dest=66304
MV0 t=51073995000 ly=0 ten_o=4 acc=0 dest=66432
ATTQK t=51730625000 ard=140 ardb=96 qa=32768 ka=49152
ATTO t=51733755000 h=0 q=-1256 z=16 acc=-20096 dest=81920
ATTQK t=51751455000 ard=764 ardb=-1408 qa=32800 ka=49184
ATTO t=51754585000 h=1 q=-12 z=16 acc=-192 dest=81952
ATTQK t=51772285000 ard=-244 ardb=4 qa=32832 ka=49216
ATTO t=51775415000 h=2 q=168 z=16 acc=2688 dest=81984
ATTQK t=51793115000 ard=108 ardb=396 qa=32864 ka=49248
ATTO t=51796245000 h=3 q=684 z=16 acc=10944 dest=82016
ATTQK t=51813945000 ard=-368 ardb=96 qa=32896 ka=49152
ATTO t=51818425000 h=0 q=-188 z=16 acc=-3008 dest=82048
ATTQK t=51837365000 ard=136 ardb=-1408 qa=32928 ka=49184
ATTO t=51841845000 h=1 q=640 z=16 acc=10240 dest=82080
ATTQK t=51860785000 ard=-212 ardb=4 qa=32960 ka=49216
ATTO t=51865265000 h=2 q=32 z=16 acc=512 dest=82112
ATTQK t=51884205000 ard=-232 ardb=396 qa=32992 ka=49248
ATTO t=51888685000 h=3 q=684 z=16 acc=10944 dest=82144
ATTQK t=51907625000 ard=1480 ardb=96 qa=33024 ka=49152
ATTO t=51913455000 h=0 q=840 z=16 acc=13440 dest=82176
ATTQK t=51933635000 ard=220 ardb=-1408 qa=33056 ka=49184
ATTO t=51939465000 h=1 q=-1416 z=16 acc=-22656 dest=82208
ATTQK t=51959645000 ard=-652 ardb=4 qa=33088 ka=49216
ATTO t=51965475000 h=2 q=452 z=16 acc=7232 dest=82240
ATTQK t=51985655000 ard=280 ardb=396 qa=33120 ka=49248
ATTO t=51991485000 h=3 q=316 z=16 acc=5056 dest=82272
ATTQK t=52011665000 ard=-232 ardb=96 qa=33152 ka=49152
ATTO t=52018845000 h=0 q=-1256 z=16 acc=-20096 dest=82304
ATTQK t=52040265000 ard=456 ardb=-1408 qa=33184 ka=49184
ATTO t=52047445000 h=1 q=-1416 z=16 acc=-22656 dest=82336
ATTQK t=52068865000 ard=-548 ardb=4 qa=33216 ka=49216
ATTO t=52076045000 h=2 q=32 z=16 acc=512 dest=82368
ATTQK t=52097465000 ard=-456 ardb=396 qa=33248 ka=49248
ATTO t=52104645000 h=3 q=-556 z=16 acc=-8896 dest=82400
ATTQK t=52126065000 ard=-708 ardb=96 qa=33280 ka=49152
ATTO t=52134595000 h=0 q=840 z=16 acc=13440 dest=82432
ATTQK t=52157255000 ard=-584 ardb=-1408 qa=33312 ka=49184
ATTO t=52165785000 h=1 q=252 z=16 acc=4032 dest=82464
ATTQK t=52188445000 ard=24 ardb=4 qa=33344 ka=49216
ATTO t=52196975000 h=2 q=96 z=16 acc=1536 dest=82496
ATTQK t=52219635000 ard=292 ardb=396 qa=33376 ka=49248
ATTO t=52228165000 h=3 q=-12 z=16 acc=-192 dest=82528
ATTQK t=52250825000 ard=476 ardb=96 qa=33408 ka=49152
ATTO t=52260705000 h=0 q=-420 z=16 acc=-6720 dest=82560
ATTQK t=52284605000 ard=-124 ardb=-1408 qa=33440 ka=49184
ATTO t=52294485000 h=1 q=-1416 z=16 acc=-22656 dest=82592
ATTQK t=52318385000 ard=-144 ardb=4 qa=33472 ka=49216
ATTO t=52328265000 h=2 q=168 z=16 acc=2688 dest=82624
ATTQK t=52352165000 ard=-868 ardb=396 qa=33504 ka=49248
ATTO t=52362045000 h=3 q=-12 z=16 acc=-192 dest=82656
ATTQK t=52385945000 ard=600 ardb=96 qa=33536 ka=49152
ATTO t=52397175000 h=0 q=84 z=16 acc=1344 dest=82688
ATTQK t=52422315000 ard=88 ardb=-1408 qa=33568 ka=49184
ATTO t=52433545000 h=1 q=252 z=16 acc=4032 dest=82720
ATTQK t=52458685000 ard=12 ardb=4 qa=33600 ka=49216
ATTO t=52469915000 h=2 q=96 z=16 acc=1536 dest=82752
ATTQK t=52495055000 ard=-668 ardb=396 qa=33632 ka=49248
ATTO t=52506285000 h=3 q=-8 z=16 acc=-128 dest=82784
ATTQK t=52531425000 ard=-324 ardb=96 qa=33664 ka=49152
ATTO t=52544005000 h=0 q=-1256 z=16 acc=-20096 dest=82816
ATTQK t=52570385000 ard=144 ardb=-1408 qa=33696 ka=49184
ATTO t=52582965000 h=1 q=768 z=16 acc=12288 dest=82848
ATTQK t=52609345000 ard=1296 ardb=4 qa=33728 ka=49216
ATTO t=52621925000 h=2 q=696 z=16 acc=11136 dest=82880
ATTQK t=52648305000 ard=932 ardb=396 qa=33760 ka=49248
ATTO t=52660885000 h=3 q=172 z=16 acc=2752 dest=82912
MV0 t=52687275000 ly=0 ten_o=5 acc=0 dest=81920
MV0 t=53343915000 ly=0 ten_o=5 acc=0 dest=82048
MV0 t=54000555000 ly=0 ten_o=5 acc=0 dest=82176
MV0 t=54657195000 ly=0 ten_o=5 acc=0 dest=82304
MV0 t=55313835000 ly=0 ten_o=5 acc=0 dest=82432
MV0 t=55970475000 ly=0 ten_o=5 acc=0 dest=82560
MV0 t=56627115000 ly=0 ten_o=5 acc=0 dest=82688
MV0 t=57283755000 ly=0 ten_o=5 acc=0 dest=82816
ADD t=57940385000 ly=0 ten=0 ard=3 ardb=20096
ADD t=57944225000 ly=0 ten=0 ard=-5 ardb=15528
ADD t=57948065000 ly=0 ten=0 ard=-8 ardb=-10724
ADD t=57951905000 ly=0 ten=0 ard=-7 ardb=-13488
ADD t=57955745000 ly=0 ten=0 ard=3 ardb=6812
ADD t=57959585000 ly=0 ten=0 ard=5 ardb=23616
ADD t=57963425000 ly=0 ten=0 ard=-2 ardb=17108
ADD t=57967265000 ly=0 ten=0 ard=-3 ardb=-32768
LNV t=57980575000 acc=73821434242 var=1153459910 mu=1723
LNO t=57981845000 ly=0 ten=6 ard=20099 mu=1723 sc=24015 q=12
LNO t=58052245000 ly=0 ten=6 ard=15523 mu=1723 sc=24015 q=9
LNO t=58122645000 ly=0 ten=6 ard=-10732 mu=1723 sc=24015 q=-9
LNO t=58193045000 ly=0 ten=6 ard=-13495 mu=1723 sc=24015 q=-11
LNO t=58263445000 ly=0 ten=6 ard=6815 mu=1723 sc=24015 q=3
LNO t=58333845000 ly=0 ten=6 ard=23621 mu=1723 sc=24015 q=14
LNO t=58404245000 ly=0 ten=6 ard=17106 mu=1723 sc=24015 q=10
LNO t=58474645000 ly=0 ten=6 ard=-32768 mu=1723 sc=24015 q=-23
MV0 t=58544535000 ly=0 ten_o=0 acc=0 dest=0
MV0 t=59857815000 ly=0 ten_o=0 acc=0 dest=128
MV0 t=61171095000 ly=0 ten_o=0 acc=0 dest=256
MV0 t=62484375000 ly=0 ten_o=0 acc=0 dest=384
MV0 t=63797655000 ly=0 ten_o=0 acc=0 dest=512
MV0 t=65110935000 ly=0 ten_o=0 acc=0 dest=640
MV0 t=66424215000 ly=0 ten_o=0 acc=0 dest=768
MV0 t=67737495000 ly=0 ten_o=0 acc=0 dest=896
MV0 t=69050775000 ly=0 ten_o=6 acc=0 dest=98304
MV0 t=70362775000 ly=0 ten_o=6 acc=0 dest=98432
MV0 t=71674775000 ly=0 ten_o=6 acc=0 dest=98560
MV0 t=72986775000 ly=0 ten_o=6 acc=0 dest=98688
MV0 t=74298775000 ly=0 ten_o=6 acc=0 dest=98816
MV0 t=75610775000 ly=0 ten_o=6 acc=0 dest=98944
MV0 t=76922775000 ly=0 ten_o=6 acc=0 dest=99072
MV0 t=78234775000 ly=0 ten_o=6 acc=0 dest=99200
ADD t=79546765000 ly=0 ten=1 ard=20099 ardb=-5145
ADD t=79550605000 ly=0 ten=1 ard=15523 ardb=28640
ADD t=79554445000 ly=0 ten=1 ard=-10732 ardb=5945
ADD t=79558285000 ly=0 ten=1 ard=-13495 ardb=22851
ADD t=79562125000 ly=0 ten=1 ard=6815 ardb=32767
ADD t=79565965000 ly=0 ten=1 ard=23621 ardb=-11557
ADD t=79569805000 ly=0 ten=1 ard=17106 ardb=16562
ADD t=79573645000 ly=0 ten=1 ard=-32768 ardb=20248
LNV t=79586955000 acc=75939756812 var=1186558700 mu=1355
LNO t=79588225000 ly=1 ten=0 ard=14954 mu=1355 sc=24357 q=8
LNO t=79658625000 ly=1 ten=0 ard=32767 mu=1355 sc=24357 q=20
LNO t=79729025000 ly=1 ten=0 ard=-4787 mu=1355 sc=24357 q=-5
LNO t=79799425000 ly=1 ten=0 ard=9356 mu=1355 sc=24357 q=5
LNO t=79869825000 ly=1 ten=0 ard=32767 mu=1355 sc=24357 q=20
LNO t=79940225000 ly=1 ten=0 ard=12064 mu=1355 sc=24357 q=7
LNO t=80010625000 ly=1 ten=0 ard=32767 mu=1355 sc=24357 q=20
LNO t=80081025000 ly=1 ten=0 ard=-12520 mu=1355 sc=24357 q=-10
MV0 t=80150915000 ly=1 ten_o=2 acc=0 dest=32768
MV0 t=80807555000 ly=1 ten_o=2 acc=0 dest=32896
MV0 t=81464195000 ly=1 ten_o=2 acc=0 dest=33024
MV0 t=82120835000 ly=1 ten_o=2 acc=0 dest=33152
MV0 t=82777475000 ly=1 ten_o=2 acc=0 dest=33280
MV0 t=83434115000 ly=1 ten_o=2 acc=0 dest=33408
MV0 t=84090755000 ly=1 ten_o=2 acc=0 dest=33536
MV0 t=84747395000 ly=1 ten_o=2 acc=0 dest=33664
MV0 t=85404035000 ly=1 ten_o=3 acc=0 dest=49152
MV0 t=86060675000 ly=1 ten_o=3 acc=0 dest=49280
MV0 t=86717315000 ly=1 ten_o=3 acc=0 dest=49408
MV0 t=87373955000 ly=1 ten_o=3 acc=0 dest=49536
MV0 t=88030595000 ly=1 ten_o=3 acc=0 dest=49664
MV0 t=88687235000 ly=1 ten_o=3 acc=0 dest=49792
MV0 t=89343875000 ly=1 ten_o=3 acc=0 dest=49920
MV0 t=90000515000 ly=1 ten_o=3 acc=0 dest=50048
MV0 t=90657155000 ly=1 ten_o=4 acc=0 dest=65536
MV0 t=91313795000 ly=1 ten_o=4 acc=0 dest=65664
MV0 t=91970435000 ly=1 ten_o=4 acc=0 dest=65792
MV0 t=92627075000 ly=1 ten_o=4 acc=0 dest=65920
MV0 t=93283715000 ly=1 ten_o=4 acc=0 dest=66048
MV0 t=93940355000 ly=1 ten_o=4 acc=0 dest=66176
MV0 t=94596995000 ly=1 ten_o=4 acc=0 dest=66304
MV0 t=95253635000 ly=1 ten_o=4 acc=0 dest=66432
ATTQK t=95910265000 ard=-269 ardb=-212 qa=32768 ka=49152
ATTO t=95913395000 h=0 q=718 z=16 acc=11488 dest=81920
ATTQK t=95931095000 ard=-773 ardb=277 qa=32800 ka=49184
ATTO t=95934225000 h=1 q=-369 z=16 acc=-5904 dest=81952
ATTQK t=95951925000 ard=-371 ardb=228 qa=32832 ka=49216
ATTO t=95955055000 h=2 q=-707 z=16 acc=-11312 dest=81984
ATTQK t=95972755000 ard=591 ardb=-340 qa=32864 ka=49248
ATTO t=95975885000 h=3 q=548 z=16 acc=8768 dest=82016
ATTQK t=95993585000 ard=-851 ardb=-212 qa=32896 ka=49152
ATTO t=95998065000 h=0 q=718 z=16 acc=11488 dest=82048
ATTQK t=96017005000 ard=303 ardb=277 qa=32928 ka=49184
ATTO t=96021485000 h=1 q=-369 z=16 acc=-5904 dest=82080
ATTQK t=96040425000 ard=382 ardb=228 qa=32960 ka=49216
ATTO t=96044905000 h=2 q=-1145 z=16 acc=-18320 dest=82112
ATTQK t=96063845000 ard=681 ardb=-340 qa=32992 ka=49248
ATTO t=96068325000 h=3 q=871 z=16 acc=13936 dest=82144
ATTQK t=96087265000 ard=-81 ardb=-212 qa=33024 ka=49152
ATTO t=96093095000 h=0 q=415 z=16 acc=6640 dest=82176
ATTQK t=96113275000 ard=193 ardb=277 qa=33056 ka=49184
ATTO t=96119105000 h=1 q=-369 z=16 acc=-5904 dest=82208
ATTQK t=96139285000 ard=481 ardb=228 qa=33088 ka=49216
ATTO t=96145115000 h=2 q=-1145 z=16 acc=-18320 dest=82240
ATTQK t=96165295000 ard=474 ardb=-340 qa=33120 ka=49248
ATTO t=96171125000 h=3 q=871 z=16 acc=13936 dest=82272
ATTQK t=96191305000 ard=-662 ardb=-212 qa=33152 ka=49152
ATTO t=96198485000 h=0 q=718 z=16 acc=11488 dest=82304
ATTQK t=96219905000 ard=718 ardb=277 qa=33184 ka=49184
ATTO t=96227085000 h=1 q=168 z=16 acc=2688 dest=82336
ATTQK t=96248505000 ard=-481 ardb=228 qa=33216 ka=49216
ATTO t=96255685000 h=2 q=-1145 z=16 acc=-18320 dest=82368
ATTQK t=96277105000 ard=-299 ardb=-340 qa=33248 ka=49248
ATTO t=96284285000 h=3 q=871 z=16 acc=13936 dest=82400
ATTQK t=96305705000 ard=706 ardb=-212 qa=33280 ka=49152
ATTO t=96314235000 h=0 q=534 z=16 acc=8544 dest=82432
ATTQK t=96336895000 ard=28 ardb=277 qa=33312 ka=49184
ATTO t=96345425000 h=1 q=-615 z=16 acc=-9840 dest=82464
ATTQK t=96368085000 ard=-41 ardb=228 qa=33344 ka=49216
ATTO t=96376615000 h=2 q=-1145 z=16 acc=-18320 dest=82496
ATTQK t=96399275000 ard=-136 ardb=-340 qa=33376 ka=49248
ATTO t=96407805000 h=3 q=102 z=16 acc=1632 dest=82528
ATTQK t=96430465000 ard=-328 ardb=-212 qa=33408 ka=49152
ATTO t=96440345000 h=0 q=-561 z=16 acc=-8976 dest=82560
ATTQK t=96464245000 ard=-438 ardb=277 qa=33440 ka=49184
ATTO t=96474125000 h=1 q=168 z=16 acc=2688 dest=82592
ATTQK t=96498025000 ard=-396 ardb=228 qa=33472 ka=49216
ATTO t=96507905000 h=2 q=-1145 z=16 acc=-18320 dest=82624
ATTQK t=96531805000 ard=212 ardb=-340 qa=33504 ka=49248
ATTO t=96541685000 h=3 q=102 z=16 acc=1632 dest=82656
ATTQK t=96565585000 ard=-334 ardb=-212 qa=33536 ka=49152
ATTO t=96576815000 h=0 q=-49 z=16 acc=-784 dest=82688
ATTQK t=96601955000 ard=-31 ardb=277 qa=33568 ka=49184
ATTO t=96613185000 h=1 q=-615 z=16 acc=-9840 dest=82720
ATTQK t=96638325000 ard=321 ardb=228 qa=33600 ka=49216
ATTO t=96649555000 h=2 q=-1145 z=16 acc=-18320 dest=82752
ATTQK t=96674695000 ard=-664 ardb=-340 qa=33632 ka=49248
ATTO t=96685925000 h=3 q=-67 z=16 acc=-1072 dest=82784
ATTQK t=96711065000 ard=-185 ardb=-212 qa=33664 ka=49152
ATTO t=96723645000 h=0 q=892 z=16 acc=14272 dest=82816
ATTQK t=96750025000 ard=-458 ardb=277 qa=33696 ka=49184
ATTO t=96762605000 h=1 q=-1691 z=16 acc=-27056 dest=82848
ATTQK t=96788985000 ard=-658 ardb=228 qa=33728 ka=49216
ATTO t=96801565000 h=2 q=-1080 z=16 acc=-17280 dest=82880
ATTQK t=96827945000 ard=2310 ardb=-340 qa=33760 ka=49248
ATTO t=96840525000 h=3 q=-67 z=16 acc=-1072 dest=82912
MV0 t=96866915000 ly=1 ten_o=5 acc=0 dest=81920
MV0 t=97523555000 ly=1 ten_o=5 acc=0 dest=82048
MV0 t=98180195000 ly=1 ten_o=5 acc=0 dest=82176
MV0 t=98836835000 ly=1 ten_o=5 acc=0 dest=82304
MV0 t=99493475000 ly=1 ten_o=5 acc=0 dest=82432
MV0 t=100150115000 ly=1 ten_o=5 acc=0 dest=82560
MV0 t=100806755000 ly=1 ten_o=5 acc=0 dest=82688
MV0 t=101463395000 ly=1 ten_o=5 acc=0 dest=82816
ADD t=102120025000 ly=1 ten=0 ard=14954 ardb=21423
ADD t=102123865000 ly=1 ten=0 ard=32767 ardb=15613
ADD t=102127705000 ly=1 ten=0 ard=-4787 ardb=5032
ADD t=102131545000 ly=1 ten=0 ard=9356 ardb=16542
ADD t=102135385000 ly=1 ten=0 ard=32767 ardb=17801
ADD t=102139225000 ly=1 ten=0 ard=12064 ardb=32767
ADD t=102143065000 ly=1 ten=0 ard=32767 ardb=8597
ADD t=102146905000 ly=1 ten=0 ard=-12520 ardb=4625
LNV t=102160215000 acc=70286214699 var=1098222104 mu=1242
LNO t=102161485000 ly=1 ten=6 ard=32767 mu=1242 sc=23433 q=21
LNO t=102231885000 ly=1 ten=6 ard=32767 mu=1242 sc=23433 q=21
LNO t=102302285000 ly=1 ten=6 ard=245 mu=1242 sc=23433 q=-1
LNO t=102372685000 ly=1 ten=6 ard=25898 mu=1242 sc=23433 q=16
LNO t=102443085000 ly=1 ten=6 ard=32767 mu=1242 sc=23433 q=21
LNO t=102513485000 ly=1 ten=6 ard=32767 mu=1242 sc=23433 q=21
LNO t=102583885000 ly=1 ten=6 ard=32767 mu=1242 sc=23433 q=21
LNO t=102654285000 ly=1 ten=6 ard=-7895 mu=1242 sc=23433 q=-7
MV0 t=102724175000 ly=1 ten_o=0 acc=0 dest=0
MV0 t=104037455000 ly=1 ten_o=0 acc=0 dest=128
MV0 t=105350735000 ly=1 ten_o=0 acc=0 dest=256
MV0 t=106664015000 ly=1 ten_o=0 acc=0 dest=384
MV0 t=107977295000 ly=1 ten_o=0 acc=0 dest=512
MV0 t=109290575000 ly=1 ten_o=0 acc=0 dest=640
MV0 t=110603855000 ly=1 ten_o=0 acc=0 dest=768
MV0 t=111917135000 ly=1 ten_o=0 acc=0 dest=896
MV0 t=113230415000 ly=1 ten_o=6 acc=0 dest=98304
MV0 t=114542415000 ly=1 ten_o=6 acc=0 dest=98432
MV0 t=115854415000 ly=1 ten_o=6 acc=0 dest=98560
MV0 t=117166415000 ly=1 ten_o=6 acc=0 dest=98688
MV0 t=118478415000 ly=1 ten_o=6 acc=0 dest=98816
MV0 t=119790415000 ly=1 ten_o=6 acc=0 dest=98944
MV0 t=121102415000 ly=1 ten_o=6 acc=0 dest=99072
MV0 t=122414415000 ly=1 ten_o=6 acc=0 dest=99200
ADD t=123726405000 ly=1 ten=1 ard=32767 ardb=-797
ADD t=123730245000 ly=1 ten=1 ard=32767 ardb=12370
ADD t=123734085000 ly=1 ten=1 ard=245 ardb=-22176
ADD t=123737925000 ly=1 ten=1 ard=25898 ardb=8912
ADD t=123741765000 ly=1 ten=1 ard=32767 ardb=-32768
ADD t=123745605000 ly=1 ten=1 ard=32767 ardb=-17765
ADD t=123749445000 ly=1 ten=1 ard=32767 ardb=-7357
ADD t=123753285000 ly=1 ten=1 ard=-7895 ardb=6864
LNV t=123766595000 acc=71682023949 var=1120031624 mu=1876
LNO t=123767865000 ly=2 ten=0 ard=31970 mu=1876 sc=23664 q=20
LNO t=123838265000 ly=2 ten=0 ard=32767 mu=1876 sc=23664 q=20
LNO t=123908665000 ly=2 ten=0 ard=-21931 mu=1876 sc=23664 q=-17
LNO t=123979065000 ly=2 ten=0 ard=32767 mu=1876 sc=23664 q=20
LNO t=124049465000 ly=2 ten=0 ard=-1 mu=1876 sc=23664 q=-2
LNO t=124119865000 ly=2 ten=0 ard=15002 mu=1876 sc=23664 q=8
LNO t=124190265000 ly=2 ten=0 ard=25410 mu=1876 sc=23664 q=15
LNO t=124260665000 ly=2 ten=0 ard=-1031 mu=1876 sc=23664 q=-2
MV0 t=124330555000 ly=2 ten_o=2 acc=0 dest=32768
MV0 t=124987195000 ly=2 ten_o=2 acc=0 dest=32896
MV0 t=125643835000 ly=2 ten_o=2 acc=0 dest=33024
MV0 t=126300475000 ly=2 ten_o=2 acc=0 dest=33152
MV0 t=126957115000 ly=2 ten_o=2 acc=0 dest=33280
MV0 t=127613755000 ly=2 ten_o=2 acc=0 dest=33408
MV0 t=128270395000 ly=2 ten_o=2 acc=0 dest=33536
MV0 t=128927035000 ly=2 ten_o=2 acc=0 dest=33664
MV0 t=129583675000 ly=2 ten_o=3 acc=0 dest=49152
MV0 t=130240315000 ly=2 ten_o=3 acc=0 dest=49280
MV0 t=130896955000 ly=2 ten_o=3 acc=0 dest=49408
MV0 t=131553595000 ly=2 ten_o=3 acc=0 dest=49536
MV0 t=132210235000 ly=2 ten_o=3 acc=0 dest=49664
MV0 t=132866875000 ly=2 ten_o=3 acc=0 dest=49792
MV0 t=133523515000 ly=2 ten_o=3 acc=0 dest=49920
MV0 t=134180155000 ly=2 ten_o=3 acc=0 dest=50048
MV0 t=134836795000 ly=2 ten_o=4 acc=0 dest=65536
MV0 t=135493435000 ly=2 ten_o=4 acc=0 dest=65664
MV0 t=136150075000 ly=2 ten_o=4 acc=0 dest=65792
MV0 t=136806715000 ly=2 ten_o=4 acc=0 dest=65920
MV0 t=137463355000 ly=2 ten_o=4 acc=0 dest=66048
MV0 t=138119995000 ly=2 ten_o=4 acc=0 dest=66176
MV0 t=138776635000 ly=2 ten_o=4 acc=0 dest=66304
MV0 t=139433275000 ly=2 ten_o=4 acc=0 dest=66432
ATTQK t=140089905000 ard=-289 ardb=1385 qa=32768 ka=49152
ATTO t=140093035000 h=0 q=-342 z=16 acc=-5472 dest=81920
ATTQK t=140110735000 ard=282 ardb=-632 qa=32800 ka=49184
ATTO t=140113865000 h=1 q=-617 z=16 acc=-9872 dest=81952
ATTQK t=140131565000 ard=399 ardb=465 qa=32832 ka=49216
ATTO t=140134695000 h=2 q=423 z=16 acc=6768 dest=81984
ATTQK t=140152395000 ard=-56 ardb=511 qa=32864 ka=49248
ATTO t=140155525000 h=3 q=-769 z=16 acc=-12304 dest=82016
ATTQK t=140173225000 ard=-1279 ardb=1385 qa=32896 ka=49152
ATTO t=140177705000 h=0 q=-478 z=16 acc=-7648 dest=82048
ATTQK t=140196645000 ard=365 ardb=-632 qa=32928 ka=49184
ATTO t=140201125000 h=1 q=-858 z=16 acc=-13728 dest=82080
ATTQK t=140220065000 ard=-399 ardb=465 qa=32960 ka=49216
ATTO t=140224545000 h=2 q=423 z=16 acc=6768 dest=82112
ATTQK t=140243485000 ard=97 ardb=511 qa=32992 ka=49248
ATTO t=140247965000 h=3 q=-734 z=16 acc=-11744 dest=82144
ATTQK t=140266905000 ard=-304 ardb=1385 qa=33024 ka=49152
ATTO t=140272735000 h=0 q=396 z=16 acc=6336 dest=82176
ATTQK t=140292915000 ard=79 ardb=-632 qa=33056 ka=49184
ATTO t=140298745000 h=1 q=-858 z=16 acc=-13728 dest=82208
ATTQK t=140318925000 ard=1431 ardb=465 qa=33088 ka=49216
ATTO t=140324755000 h=2 q=423 z=16 acc=6768 dest=82240
ATTQK t=140344935000 ard=398 ardb=511 qa=33120 ka=49248
ATTO t=140350765000 h=3 q=-734 z=16 acc=-11744 dest=82272
ATTQK t=140370945000 ard=-557 ardb=1385 qa=33152 ka=49152
ATTO t=140378125000 h=0 q=-478 z=16 acc=-7648 dest=82304
ATTQK t=140399545000 ard=1042 ardb=-632 qa=33184 ka=49184
ATTO t=140406725000 h=1 q=-858 z=16 acc=-13728 dest=82336
ATTQK t=140428145000 ard=-485 ardb=465 qa=33216 ka=49216
ATTO t=140435325000 h=2 q=422 z=16 acc=6752 dest=82368
ATTQK t=140456745000 ard=-521 ardb=511 qa=33248 ka=49248
ATTO t=140463925000 h=3 q=-734 z=16 acc=-11744 dest=82400
ATTQK t=140485345000 ard=-558 ardb=1385 qa=33280 ka=49152
ATTO t=140493875000 h=0 q=396 z=16 acc=6336 dest=82432
ATTQK t=140516535000 ard=-300 ardb=-632 qa=33312 ka=49184
ATTO t=140525065000 h=1 q=-617 z=16 acc=-9872 dest=82464
ATTQK t=140547725000 ard=1127 ardb=465 qa=33344 ka=49216
ATTO t=140556255000 h=2 q=332 z=16 acc=5312 dest=82496
ATTQK t=140578915000 ard=1206 ardb=511 qa=33376 ka=49248
ATTO t=140587445000 h=3 q=416 z=16 acc=6656 dest=82528
ATTQK t=140610105000 ard=-497 ardb=1385 qa=33408 ka=49152
ATTO t=140619985000 h=0 q=-1054 z=16 acc=-16864 dest=82560
ATTQK t=140643885000 ard=-530 ardb=-632 qa=33440 ka=49184
ATTO t=140653765000 h=1 q=-4 z=16 acc=-64 dest=82592
ATTQK t=140677665000 ard=849 ardb=465 qa=33472 ka=49216
ATTO t=140687545000 h=2 q=-486 z=16 acc=-7776 dest=82624
ATTQK t=140711445000 ard=284 ardb=511 qa=33504 ka=49248
ATTO t=140721325000 h=3 q=416 z=16 acc=6656 dest=82656
ATTQK t=140745225000 ard=-154 ardb=1385 qa=33536 ka=49152
ATTO t=140756455000 h=0 q=396 z=16 acc=6336 dest=82688
ATTQK t=140781595000 ard=-204 ardb=-632 qa=33568 ka=49184
ATTO t=140792825000 h=1 q=-1398 z=16 acc=-22368 dest=82720
ATTQK t=140817965000 ard=341 ardb=465 qa=33600 ka=49216
ATTO t=140829195000 h=2 q=-748 z=16 acc=-11968 dest=82752
ATTQK t=140854335000 ard=985 ardb=511 qa=33632 ka=49248
ATTO t=140865565000 h=3 q=-174 z=16 acc=-2784 dest=82784
ATTQK t=140890705000 ard=-1765 ardb=1385 qa=33664 ka=49152
ATTO t=140903285000 h=0 q=618 z=16 acc=9888 dest=82816
ATTQK t=140929665000 ard=593 ardb=-632 qa=33696 ka=49184
ATTO t=140942245000 h=1 q=-631 z=16 acc=-10096 dest=82848
ATTQK t=140968625000 ard=472 ardb=465 qa=33728 ka=49216
ATTO t=140981205000 h=2 q=-486 z=16 acc=-7776 dest=82880
ATTQK t=141007585000 ard=321 ardb=511 qa=33760 ka=49248
ATTO t=141020165000 h=3 q=47 z=16 acc=752 dest=82912
MV0 t=141046555000 ly=2 ten_o=5 acc=0 dest=81920
MV0 t=141703195000 ly=2 ten_o=5 acc=0 dest=82048
MV0 t=142359835000 ly=2 ten_o=5 acc=0 dest=82176
MV0 t=143016475000 ly=2 ten_o=5 acc=0 dest=82304
MV0 t=143673115000 ly=2 ten_o=5 acc=0 dest=82432
MV0 t=144329755000 ly=2 ten_o=5 acc=0 dest=82560
MV0 t=144986395000 ly=2 ten_o=5 acc=0 dest=82688
MV0 t=145643035000 ly=2 ten_o=5 acc=0 dest=82816
ADD t=146299665000 ly=2 ten=0 ard=31970 ardb=32767
ADD t=146303505000 ly=2 ten=0 ard=32767 ardb=6423
ADD t=146307345000 ly=2 ten=0 ard=-21931 ardb=21336
ADD t=146311185000 ly=2 ten=0 ard=32767 ardb=-13001
ADD t=146315025000 ly=2 ten=0 ard=-1 ardb=32767
ADD t=146318865000 ly=2 ten=0 ard=15002 ardb=-13238
ADD t=146322705000 ly=2 ten=0 ard=25410 ardb=-4216
ADD t=146326545000 ly=2 ten=0 ard=-1031 ardb=19082
LNV t=146339855000 acc=75753038852 var=1183641232 mu=2222
LNO t=146341125000 ly=2 ten=6 ard=32767 mu=2222 sc=24327 q=20
LNO t=146411525000 ly=2 ten=6 ard=32767 mu=2222 sc=24327 q=20
LNO t=146481925000 ly=2 ten=6 ard=-595 mu=2222 sc=24327 q=-2
LNO t=146552325000 ly=2 ten=6 ard=19766 mu=2222 sc=24327 q=11
LNO t=146622725000 ly=2 ten=6 ard=32766 mu=2222 sc=24327 q=20
LNO t=146693125000 ly=2 ten=6 ard=1764 mu=2222 sc=24327 q=-1
LNO t=146763525000 ly=2 ten=6 ard=21194 mu=2222 sc=24327 q=12
LNO t=146833925000 ly=2 ten=6 ard=18051 mu=2222 sc=24327 q=10
MV0 t=146903815000 ly=2 ten_o=0 acc=0 dest=0
MV0 t=148217095000 ly=2 ten_o=0 acc=0 dest=128
MV0 t=149530375000 ly=2 ten_o=0 acc=0 dest=256
MV0 t=150843655000 ly=2 ten_o=0 acc=0 dest=384
MV0 t=152156935000 ly=2 ten_o=0 acc=0 dest=512
MV0 t=153470215000 ly=2 ten_o=0 acc=0 dest=640
MV0 t=154783495000 ly=2 ten_o=0 acc=0 dest=768
MV0 t=156096775000 ly=2 ten_o=0 acc=0 dest=896
MV0 t=157410055000 ly=2 ten_o=6 acc=0 dest=98304
MV0 t=158722055000 ly=2 ten_o=6 acc=0 dest=98432
MV0 t=160034055000 ly=2 ten_o=6 acc=0 dest=98560
MV0 t=161346055000 ly=2 ten_o=6 acc=0 dest=98688
MV0 t=162658055000 ly=2 ten_o=6 acc=0 dest=98816
MV0 t=163970055000 ly=2 ten_o=6 acc=0 dest=98944
MV0 t=165282055000 ly=2 ten_o=6 acc=0 dest=99072
MV0 t=166594055000 ly=2 ten_o=6 acc=0 dest=99200
ADD t=167906045000 ly=2 ten=1 ard=32767 ardb=-32768
ADD t=167909885000 ly=2 ten=1 ard=32767 ardb=-32768
ADD t=167913725000 ly=2 ten=1 ard=-595 ardb=-32768
ADD t=167917565000 ly=2 ten=1 ard=19766 ardb=-7765
ADD t=167921405000 ly=2 ten=1 ard=32766 ardb=-32768
ADD t=167925245000 ly=2 ten=1 ard=1764 ardb=4363
ADD t=167929085000 ly=2 ten=1 ard=21194 ardb=-27863
ADD t=167932925000 ly=2 ten=1 ard=18051 ardb=7341
LNV t=167946235000 acc=83668050031 var=1307313281 mu=222
LNO t=167947505000 ly=3 ten=0 ard=-1 mu=222 sc=25566 q=-1
LNO t=168017905000 ly=3 ten=0 ard=-1 mu=222 sc=25566 q=-1
LNO t=168088305000 ly=3 ten=0 ard=-32768 mu=222 sc=25566 q=-21
LNO t=168158705000 ly=3 ten=0 ard=12001 mu=222 sc=25566 q=7
LNO t=168229105000 ly=3 ten=0 ard=-2 mu=222 sc=25566 q=-1
LNO t=168299505000 ly=3 ten=0 ard=6127 mu=222 sc=25566 q=3
LNO t=168369905000 ly=3 ten=0 ard=-6669 mu=222 sc=25566 q=-5
LNO t=168440305000 ly=3 ten=0 ard=25392 mu=222 sc=25566 q=15
MV0 t=168510195000 ly=3 ten_o=2 acc=0 dest=32768
MV0 t=169166835000 ly=3 ten_o=2 acc=0 dest=32896
MV0 t=169823475000 ly=3 ten_o=2 acc=0 dest=33024
MV0 t=170480115000 ly=3 ten_o=2 acc=0 dest=33152
MV0 t=171136755000 ly=3 ten_o=2 acc=0 dest=33280
MV0 t=171793395000 ly=3 ten_o=2 acc=0 dest=33408
MV0 t=172450035000 ly=3 ten_o=2 acc=0 dest=33536
MV0 t=173106675000 ly=3 ten_o=2 acc=0 dest=33664
MV0 t=173763315000 ly=3 ten_o=3 acc=0 dest=49152
MV0 t=174419955000 ly=3 ten_o=3 acc=0 dest=49280
MV0 t=175076595000 ly=3 ten_o=3 acc=0 dest=49408
MV0 t=175733235000 ly=3 ten_o=3 acc=0 dest=49536
MV0 t=176389875000 ly=3 ten_o=3 acc=0 dest=49664
MV0 t=177046515000 ly=3 ten_o=3 acc=0 dest=49792
MV0 t=177703155000 ly=3 ten_o=3 acc=0 dest=49920
MV0 t=178359795000 ly=3 ten_o=3 acc=0 dest=50048
MV0 t=179016435000 ly=3 ten_o=4 acc=0 dest=65536
MV0 t=179673075000 ly=3 ten_o=4 acc=0 dest=65664
MV0 t=180329715000 ly=3 ten_o=4 acc=0 dest=65792
MV0 t=180986355000 ly=3 ten_o=4 acc=0 dest=65920
MV0 t=181642995000 ly=3 ten_o=4 acc=0 dest=66048
MV0 t=182299635000 ly=3 ten_o=4 acc=0 dest=66176
MV0 t=182956275000 ly=3 ten_o=4 acc=0 dest=66304
MV0 t=183612915000 ly=3 ten_o=4 acc=0 dest=66432
ATTQK t=184269545000 ard=-371 ardb=-684 qa=32768 ka=49152
ATTO t=184272675000 h=0 q=1087 z=16 acc=17392 dest=81920
ATTQK t=184290375000 ard=338 ardb=-296 qa=32800 ka=49184
ATTO t=184293505000 h=1 q=556 z=16 acc=8896 dest=81952
ATTQK t=184311205000 ard=-116 ardb=-413 qa=32832 ka=49216
ATTO t=184314335000 h=2 q=1038 z=16 acc=16608 dest=81984
ATTQK t=184332035000 ard=-239 ardb=810 qa=32864 ka=49248
ATTO t=184335165000 h=3 q=532 z=16 acc=8512 dest=82016
ATTQK t=184352865000 ard=276 ardb=-684 qa=32896 ka=49152
ATTO t=184357345000 h=0 q=1087 z=16 acc=17392 dest=82048
ATTQK t=184376285000 ard=558 ardb=-296 qa=32928 ka=49184
ATTO t=184380765000 h=1 q=556 z=16 acc=8896 dest=82080
ATTQK t=184399705000 ard=-60 ardb=-413 qa=32960 ka=49216
ATTO t=184404185000 h=2 q=-307 z=16 acc=-4912 dest=82112
ATTQK t=184423125000 ard=-224 ardb=810 qa=32992 ka=49248
ATTO t=184427605000 h=3 q=-571 z=16 acc=-9136 dest=82144
ATTQK t=184446545000 ard=-379 ardb=-684 qa=33024 ka=49152
ATTO t=184452375000 h=0 q=463 z=16 acc=7408 dest=82176
ATTQK t=184472555000 ard=-19 ardb=-296 qa=33056 ka=49184
ATTO t=184478385000 h=1 q=1260 z=16 acc=20160 dest=82208
ATTQK t=184498565000 ard=-213 ardb=-413 qa=33088 ka=49216
ATTO t=184504395000 h=2 q=-307 z=16 acc=-4912 dest=82240
ATTQK t=184524575000 ard=808 ardb=810 qa=33120 ka=49248
ATTO t=184530405000 h=3 q=-571 z=16 acc=-9136 dest=82272
ATTQK t=184550585000 ard=-569 ardb=-684 qa=33152 ka=49152
ATTO t=184557765000 h=0 q=719 z=16 acc=11504 dest=82304
ATTQK t=184579185000 ard=-426 ardb=-296 qa=33184 ka=49184
ATTO t=184586365000 h=1 q=556 z=16 acc=8896 dest=82336
ATTQK t=184607785000 ard=692 ardb=-413 qa=33216 ka=49216
ATTO t=184614965000 h=2 q=-665 z=16 acc=-10640 dest=82368
ATTQK t=184636385000 ard=647 ardb=810 qa=33248 ka=49248
ATTO t=184643565000 h=3 q=-571 z=16 acc=-9136 dest=82400
ATTQK t=184664985000 ard=-606 ardb=-684 qa=33280 ka=49152
ATTO t=184673515000 h=0 q=-392 z=16 acc=-6272 dest=82432
ATTQK t=184696175000 ard=67 ardb=-296 qa=33312 ka=49184
ATTO t=184704705000 h=1 q=1260 z=16 acc=20160 dest=82464
ATTQK t=184727365000 ard=-20 ardb=-413 qa=33344 ka=49216
ATTO t=184735895000 h=2 q=-665 z=16 acc=-10640 dest=82496
ATTQK t=184758555000 ard=16 ardb=810 qa=33376 ka=49248
ATTO t=184767085000 h=3 q=-571 z=16 acc=-9136 dest=82528
ATTQK t=184789745000 ard=-108 ardb=-684 qa=33408 ka=49152
ATTO t=184799625000 h=0 q=-392 z=16 acc=-6272 dest=82560
ATTQK t=184823525000 ard=-669 ardb=-296 qa=33440 ka=49184
ATTO t=184833405000 h=1 q=1260 z=16 acc=20160 dest=82592
ATTQK t=184857305000 ard=1093 ardb=-413 qa=33472 ka=49216
ATTO t=184867185000 h=2 q=-601 z=16 acc=-9616 dest=82624
ATTQK t=184891085000 ard=950 ardb=810 qa=33504 ka=49248
ATTO t=184900965000 h=3 q=-571 z=16 acc=-9136 dest=82656
ATTQK t=184924865000 ard=1131 ardb=-684 qa=33536 ka=49152
ATTO t=184936095000 h=0 q=-392 z=16 acc=-6272 dest=82688
ATTQK t=184961235000 ard=281 ardb=-296 qa=33568 ka=49184
ATTO t=184972465000 h=1 q=1204 z=16 acc=19264 dest=82720
ATTQK t=184997605000 ard=678 ardb=-413 qa=33600 ka=49216
ATTO t=185008835000 h=2 q=-601 z=16 acc=-9616 dest=82752
ATTQK t=185033975000 ard=305 ardb=810 qa=33632 ka=49248
ATTO t=185045205000 h=3 q=-784 z=16 acc=-12544 dest=82784
ATTQK t=185070345000 ard=172 ardb=-684 qa=33664 ka=49152
ATTO t=185082925000 h=0 q=411 z=16 acc=6576 dest=82816
ATTQK t=185109305000 ard=441 ardb=-296 qa=33696 ka=49184
ATTO t=185121885000 h=1 q=556 z=16 acc=8896 dest=82848
ATTQK t=185148265000 ard=505 ardb=-413 qa=33728 ka=49216
ATTO t=185160845000 h=2 q=-665 z=16 acc=-10640 dest=82880
ATTQK t=185187225000 ard=416 ardb=810 qa=33760 ka=49248
ATTO t=185199805000 h=3 q=-784 z=16 acc=-12544 dest=82912
MV0 t=185226195000 ly=3 ten_o=5 acc=0 dest=81920
MV0 t=185882835000 ly=3 ten_o=5 acc=0 dest=82048
MV0 t=186539475000 ly=3 ten_o=5 acc=0 dest=82176
MV0 t=187196115000 ly=3 ten_o=5 acc=0 dest=82304
MV0 t=187852755000 ly=3 ten_o=5 acc=0 dest=82432
MV0 t=188509395000 ly=3 ten_o=5 acc=0 dest=82560
MV0 t=189166035000 ly=3 ten_o=5 acc=0 dest=82688
MV0 t=189822675000 ly=3 ten_o=5 acc=0 dest=82816
ADD t=190479305000 ly=3 ten=0 ard=-1 ardb=32767
ADD t=190483145000 ly=3 ten=0 ard=-1 ardb=32767
ADD t=190486985000 ly=3 ten=0 ard=-32768 ardb=23259
ADD t=190490825000 ly=3 ten=0 ard=12001 ardb=17958
ADD t=190494665000 ly=3 ten=0 ard=-2 ardb=993
ADD t=190498505000 ly=3 ten=0 ard=6127 ardb=-2406
ADD t=190502345000 ly=3 ten=0 ard=-6669 ardb=4264
ADD t=190506185000 ly=3 ten=0 ard=25392 ardb=32767
LNV t=190519495000 acc=81967265461 var=1280738522 mu=-3275
LNO t=190520765000 ly=3 ten=6 ard=32766 mu=-3275 sc=25305 q=22
LNO t=190591165000 ly=3 ten=6 ard=32766 mu=-3275 sc=25305 q=22
LNO t=190661565000 ly=3 ten=6 ard=-9509 mu=-3275 sc=25305 q=-4
LNO t=190731965000 ly=3 ten=6 ard=29959 mu=-3275 sc=25305 q=21
LNO t=190802365000 ly=3 ten=6 ard=991 mu=-3275 sc=25305 q=2
LNO t=190872765000 ly=3 ten=6 ard=3721 mu=-3275 sc=25305 q=4
LNO t=190943165000 ly=3 ten=6 ard=-2405 mu=-3275 sc=25305 q=0
LNO t=191013565000 ly=3 ten=6 ard=32767 mu=-3275 sc=25305 q=22
MV0 t=191083455000 ly=3 ten_o=0 acc=0 dest=0
MV0 t=192396735000 ly=3 ten_o=0 acc=0 dest=128
MV0 t=193710015000 ly=3 ten_o=0 acc=0 dest=256
MV0 t=195023295000 ly=3 ten_o=0 acc=0 dest=384
MV0 t=196336575000 ly=3 ten_o=0 acc=0 dest=512
MV0 t=197649855000 ly=3 ten_o=0 acc=0 dest=640
MV0 t=198963135000 ly=3 ten_o=0 acc=0 dest=768
MV0 t=200276415000 ly=3 ten_o=0 acc=0 dest=896
MV0 t=201589695000 ly=3 ten_o=6 acc=0 dest=98304
MV0 t=202901695000 ly=3 ten_o=6 acc=0 dest=98432
MV0 t=204213695000 ly=3 ten_o=6 acc=0 dest=98560
MV0 t=205525695000 ly=3 ten_o=6 acc=0 dest=98688
MV0 t=206837695000 ly=3 ten_o=6 acc=0 dest=98816
MV0 t=208149695000 ly=3 ten_o=6 acc=0 dest=98944
MV0 t=209461695000 ly=3 ten_o=6 acc=0 dest=99072
MV0 t=210773695000 ly=3 ten_o=6 acc=0 dest=99200
ADD t=212085685000 ly=3 ten=1 ard=32766 ardb=-8128
ADD t=212089525000 ly=3 ten=1 ard=32766 ardb=8047
ADD t=212093365000 ly=3 ten=1 ard=-9509 ardb=23844
ADD t=212097205000 ly=3 ten=1 ard=29959 ardb=-1691
ADD t=212101045000 ly=3 ten=1 ard=991 ardb=1748
ADD t=212104885000 ly=3 ten=1 ard=3721 ardb=-30903
ADD t=212108725000 ly=3 ten=1 ard=-2405 ardb=17198
ADD t=212112565000 ly=3 ten=1 ard=32767 ardb=-23716
HEAD t=212116405000 col=0 wrd=6 ard=9051 waddr=671744 aaddr=896 acc=0
MV0 t=212116415000 ly=3 ten_o=7 acc=0 dest=115584
HEAD t=212116445000 col=1 wrd=6 ard=-32768 waddr=671745 aaddr=897 acc=54306
SMX t=217369505000 logit0=363484
TOK_TRACE t=0 nsamp=128 dup=0 acc0=1 sum=-36 or_sum=-36 mu=-1 or_mu=-1
TOK_TRACE t=1 nsamp=0 dup=0 acc0=0 sum=0 or_sum=96 mu=2147483647 or_mu=0
H1_MISS_SAMPLES tok=1 nsamp=0 want=128
TOK_TRACE t=2 nsamp=0 dup=0 acc0=0 sum=0 or_sum=-67 mu=2147483647 or_mu=-1
H1_MISS_SAMPLES tok=2 nsamp=0 want=128
TOK_TRACE t=3 nsamp=0 dup=0 acc0=0 sum=0 or_sum=102 mu=2147483647 or_mu=0
H1_MISS_SAMPLES tok=3 nsamp=0 want=128
TOK_TRACE t=4 nsamp=0 dup=0 acc0=0 sum=0 or_sum=71 mu=2147483647 or_mu=0
H1_MISS_SAMPLES tok=4 nsamp=0 want=128
TOK_TRACE t=5 nsamp=0 dup=0 acc0=0 sum=0 or_sum=-43 mu=2147483647 or_mu=-1
H1_MISS_SAMPLES tok=5 nsamp=0 want=128
TOK_TRACE t=6 nsamp=0 dup=0 acc0=0 sum=0 or_sum=-34 mu=2147483647 or_mu=-1
H1_MISS_SAMPLES tok=6 nsamp=0 want=128
TOK_TRACE t=7 nsamp=0 dup=0 acc0=0 sum=0 or_sum=40 mu=2147483647 or_mu=0
H1_MISS_SAMPLES tok=7 nsamp=0 want=128
H1_PROOF tok1 never entered ST_LN_S
UNIT pred=60 oracle=549 logit0=363484 ref=1648634
FAIL UNIT pred
FAIL logit0
FAIL N1
LM06_LN_MU_TOKENBOUNDARY_FAIL fails=10
$finish called at time : 217400245 ns : File "D:/Jetking_sem4/SEM_4/arty-a7-online-lm-grok-orch-00/tests/xsim/tb_a7lm06_ln_mu_tokenboundary.sv" Line 237
run: Time (s): cpu = 00:00:00 ; elapsed = 00:00:44 . Memory (MB): peak = 227.836 ; gain = 0.000
exit
INFO: xsimkernel Simulation Memory Usage: 22744 KB (Peak: 22744 KB), Simulation CPU Usage: 42765 ms
INFO: [Common 17-206] Exiting xsim at Tue Sep  1 23:20:40 2026...
