
****** xsim v2026.1 (64-bit)
  **** SW Build 6511674 on Tue Jun 16 11:02:23 MDT 2026
  **** IP Build 6504888 on Tue Jun 09 09:05:25 MDT 2026
  **** SharedData Build 6501428 on Mon Jun 08 17:34:18 MDT 2026
  **** Start of session at: Wed Sep  2 00:57:45 2026
    ** Copyright 1986-2022 Xilinx, Inc. All Rights Reserved.
    ** Copyright 2022-2026 Advanced Micro Devices, Inc. All Rights Reserved.

source xsim.dir/cofit_g2/xsim_script.tcl
# xsim {cofit_g2} -autoloadwcfg -runall
Time resolution is 1 ps
run -all
ROW1 +3*256 -> 3
ROW2 -3*256 -> -3
ROW3 +1*0 -> 0
ROW4 +1*255 -> 0
ROW5 +3*65535 -> +767
ROW6 -3*65535 -> -768
ROW7 0*256 -> 0
CONTEXT_DELTA_UNIT_XSIM_PASS fails=0 n_in=10 n_out=9
$finish called at time : 11960 ns : File "D:/Jetking_sem4/SEM_4/arty-a7-online-lm-grok-orch-00/tests/xsim/tb_a7ng_context_delta.sv" Line 284
exit
INFO: [Common 17-206] Exiting xsim at Wed Sep  2 00:57:47 2026...
