Copyright 1986-2022 Xilinx, Inc. All Rights Reserved. Copyright 2022-2026 Advanced Micro Devices, Inc. All Rights Reserved.
---------------------------------------------------------------------------------------------------------------------------------------------------------
| Tool Version : Vivado v.2026.1 (win64) Build 6511674 Tue Jun 16 11:02:23 MDT 2026
| Date         : Sat Aug 22 09:38:25 2026
| Host         : laptop-Quan running 64-bit major release  (build 9200)
| Command      : report_utilization -hierarchical -file D:/Jetking_sem4/SEM_4/arty-a7-online-lm/results/A7-NATIVE-GRAPH/BRAM-CONSOL/consol_util_hier.rpt
| Design       : a7ng_bram_consol_top
| Device       : xc7a100tcsg324-1
| Speed File   : -1
| Design State : Routed
---------------------------------------------------------------------------------------------------------------------------------------------------------

Utilization Design Information

Table of Contents
-----------------
1. Utilization by Hierarchy

1. Utilization by Hierarchy
---------------------------

+--------------------------+------------------+------------+------------+---------+------+-----+--------+--------+------------+
|         Instance         |      Module      | Total LUTs | Logic LUTs | LUTRAMs | SRLs | FFs | RAMB36 | RAMB18 | DSP Blocks |
+--------------------------+------------------+------------+------------+---------+------+-----+--------+--------+------------+
| a7ng_bram_consol_top     |            (top) |        141 |        141 |       0 |    0 |  23 |    132 |      0 |          0 |
|   (a7ng_bram_consol_top) |            (top) |          0 |          0 |       0 |    0 |   0 |      0 |      0 |          0 |
|   u_consol               | a7ng_bram_consol |        141 |        141 |       0 |    0 |  23 |    132 |      0 |          0 |
|     (u_consol)           | a7ng_bram_consol |        141 |        141 |       0 |    0 |  23 |      0 |      0 |          0 |
+--------------------------+------------------+------------+------------+---------+------+-----+--------+--------+------------+
* Note: The sum of lower-level cells may be larger than their parent cells total, due to cross-hierarchy LUT combining


